
> teotl-landing@0.0.0 test
> vitest


 DEV  v3.2.4 /Users/Hassan/.gemini/antigravity/scratch/teotl-landing

stdout | src/App.test.jsx > Ohtli Landing Page > renders the App without crashing
Rendering Navbar

stdout | src/App.test.jsx > Ohtli Landing Page > renders the App without crashing
Rendering About
Rendering Services

stdout | src/App.test.jsx > Ohtli Landing Page > renders the App without crashing
Rendering About
Rendering Services

stdout | src/App.test.jsx > Ohtli Landing Page > renders the App without crashing
Rendering About
Rendering Services
Rendering About
Rendering Services

stderr | src/App.test.jsx > Ohtli Landing Page > renders the App without crashing
TypeError: Cannot read properties of undefined (reading 'map')
    at [90m/Users/Hassan/.gemini/antigravity/scratch/teotl-landing/[39msrc/sections/Services.jsx:60:33
    at Array.map (<anonymous>)
    at Services [90m(/Users/Hassan/.gemini/antigravity/scratch/teotl-landing/[39msrc/sections/Services.jsx:40:21[90m)[39m
    at Object.react_stack_bottom_frame [90m(/Users/Hassan/.gemini/antigravity/scratch/teotl-landing/[39mnode_modules/[4mreact-dom[24m/cjs/react-dom-client.development.js:25904:20[90m)[39m
    at renderWithHooks [90m(/Users/Hassan/.gemini/antigravity/scratch/teotl-landing/[39mnode_modules/[4mreact-dom[24m/cjs/react-dom-client.development.js:7662:22[90m)[39m
    at updateFunctionComponent [90m(/Users/Hassan/.gemini/antigravity/scratch/teotl-landing/[39mnode_modules/[4mreact-dom[24m/cjs/react-dom-client.development.js:10166:19[90m)[39m
    at beginWork [90m(/Users/Hassan/.gemini/antigravity/scratch/teotl-landing/[39mnode_modules/[4mreact-dom[24m/cjs/react-dom-client.development.js:11727:35[90m)[39m
    at runWithFiberInDEV [90m(/Users/Hassan/.gemini/antigravity/scratch/teotl-landing/[39mnode_modules/[4mreact-dom[24m/cjs/react-dom-client.development.js:874:13[90m)[39m
    at performUnitOfWork [90m(/Users/Hassan/.gemini/antigravity/scratch/teotl-landing/[39mnode_modules/[4mreact-dom[24m/cjs/react-dom-client.development.js:17641:22[90m)[39m
    at workLoopSync [90m(/Users/Hassan/.gemini/antigravity/scratch/teotl-landing/[39mnode_modules/[4mreact-dom[24m/cjs/react-dom-client.development.js:17469:41[90m)[39m {
  [stack]: [36m[Getter/Setter][39m,
  [message]: [32m"Cannot read properties of undefined (reading 'map')"[39m
}

The above error occurred in the <Services> component.

React will try to recreate this component tree from scratch using the error boundary you provided, ErrorBoundary.

Uncaught error: TypeError: Cannot read properties of undefined (reading 'map')
    at [90m/Users/Hassan/.gemini/antigravity/scratch/teotl-landing/[39msrc/sections/Services.jsx:60:33
    at Array.map (<anonymous>)
    at Services [90m(/Users/Hassan/.gemini/antigravity/scratch/teotl-landing/[39msrc/sections/Services.jsx:40:21[90m)[39m
    at Object.react_stack_bottom_frame [90m(/Users/Hassan/.gemini/antigravity/scratch/teotl-landing/[39mnode_modules/[4mreact-dom[24m/cjs/react-dom-client.development.js:25904:20[90m)[39m
    at renderWithHooks [90m(/Users/Hassan/.gemini/antigravity/scratch/teotl-landing/[39mnode_modules/[4mreact-dom[24m/cjs/react-dom-client.development.js:7662:22[90m)[39m
    at updateFunctionComponent [90m(/Users/Hassan/.gemini/antigravity/scratch/teotl-landing/[39mnode_modules/[4mreact-dom[24m/cjs/react-dom-client.development.js:10166:19[90m)[39m
    at beginWork [90m(/Users/Hassan/.gemini/antigravity/scratch/teotl-landing/[39mnode_modules/[4mreact-dom[24m/cjs/react-dom-client.development.js:11727:35[90m)[39m
    at runWithFiberInDEV [90m(/Users/Hassan/.gemini/antigravity/scratch/teotl-landing/[39mnode_modules/[4mreact-dom[24m/cjs/react-dom-client.development.js:874:13[90m)[39m
    at performUnitOfWork [90m(/Users/Hassan/.gemini/antigravity/scratch/teotl-landing/[39mnode_modules/[4mreact-dom[24m/cjs/react-dom-client.development.js:17641:22[90m)[39m
    at workLoopSync [90m(/Users/Hassan/.gemini/antigravity/scratch/teotl-landing/[39mnode_modules/[4mreact-dom[24m/cjs/react-dom-client.development.js:17469:41[90m)[39m {
  componentStack: [32m'\n'[39m +
    [32m'    at Services (/Users/Hassan/.gemini/antigravity/scratch/teotl-landing/src/sections/Services.jsx:13:53)\n'[39m +
    [32m'    at Suspense (<anonymous>)\n'[39m +
    [32m'    at main (<anonymous>)\n'[39m +
    [32m'    at div (<anonymous>)\n'[39m +
    [32m'    at _HelmetProvider (/Users/Hassan/.gemini/antigravity/scratch/teotl-landing/node_modules/react-helmet-async/lib/index.js:483:5)\n'[39m +
    [32m'    at ThemeProvider (/Users/Hassan/.gemini/antigravity/scratch/teotl-landing/src/context/ThemeContext.jsx:8:26)\n'[39m +
    [32m'    at ErrorBoundary (/Users/Hassan/.gemini/antigravity/scratch/teotl-landing/src/components/ErrorBoundary.jsx:10:5)\n'[39m +
    [32m'    at App (<anonymous>)'[39m
}

stdout | src/App.test.jsx > Ohtli Landing Page > renders the Navbar with correct links
Rendering Navbar

 ❯ src/App.test.jsx (3 tests | 1 failed) 1056ms
   × Ohtli Landing Page > renders the App without crashing 1036ms
     → Unable to find an element with the text: /Ohtli/i. This could be because the text is broken up by multiple elements. In this case, you can provide a function for your text matcher to make your matcher more flexible.

Ignored nodes: comments, script, style
[36m<body>[39m
  [36m<div>[39m
    [36m<div[39m
      [33mclass[39m=[32m"min-h-screen flex flex-col items-center justify-center bg-black text-white p-6 text-center"[39m
    [36m>[39m
      [36m<h1[39m
        [33mclass[39m=[32m"text-4xl font-serif italic mb-4"[39m
      [36m>[39m
        [0mAlgo salió mal.[0m
      [36m</h1>[39m
      [36m<p[39m
        [33mclass[39m=[32m"text-gray-400 mb-8 max-w-md"[39m
      [36m>[39m
        [0mOcurrió un error inesperado. Por favor, recarga la página o intenta de nuevo más tarde.[0m
        [36m<br />[39m
        [36m<span[39m
          [33mclass[39m=[32m"text-red-500 text-xs"[39m
        [36m>[39m
          [0mTypeError: Cannot read properties of undefined (reading 'map')[0m
        [36m</span>[39m
      [36m</p>[39m
      [36m<button[39m
        [33mclass[39m=[32m"px-6 py-3 rounded-full font-medium transition-all duration-300 flex items-center justify-center gap-2 bg-primary hover:bg-blue-600 text-white shadow-lg hover:shadow-blue-500/30 rounded-full"[39m
        [33mtabindex[39m=[32m"0"[39m
      [36m>[39m
        [0mRecargar Página[0m
      [36m</button>[39m
    [36m</div>[39m
  [36m</div>[39m
[36m</body>[39m

Ignored nodes: comments, script, style
[36m<body>[39m
  [36m<div>[39m
    [36m<div[39m
      [33mclass[39m=[32m"min-h-screen flex flex-col items-center justify-center bg-black text-white p-6 text-center"[39m
    [36m>[39m
      [36m<h1[39m
        [33mclass[39m=[32m"text-4xl font-serif italic mb-4"[39m
      [36m>[39m
        [0mAlgo salió mal.[0m
      [36m</h1>[39m
      [36m<p[39m
        [33mclass[39m=[32m"text-gray-400 mb-8 max-w-md"[39m
      [36m>[39m
        [0mOcurrió un error inesperado. Por favor, recarga la página o intenta de nuevo más tarde.[0m
        [36m<br />[39m
        [36m<span[39m
          [33mclass[39m=[32m"text-red-500 text-xs"[39m
        [36m>[39m
          [0mTypeError: Cannot read properties of undefined (reading 'map')[0m
        [36m</span>[39m
      [36m</p>[39m
      [36m<button[39m
        [33mclass[39m=[32m"px-6 py-3 rounded-full font-medium transition-all duration-300 flex items-center justify-center gap-2 bg-primary hover:bg-blue-600 text-white shadow-lg hover:shadow-blue-500/30 rounded-full"[39m
        [33mtabindex[39m=[32m"0"[39m
      [36m>[39m
        [0mRecargar Página[0m
      [36m</button>[39m
    [36m</div>[39m
  [36m</div>[39m
[36m</body>[39m
   ✓ Ohtli Landing Page > renders the Navbar with correct links 11ms
   ✓ Ohtli Landing Page > renders the Hero section with main slogan 8ms

⎯⎯⎯⎯⎯⎯⎯ Failed Tests 1 ⎯⎯⎯⎯⎯⎯⎯

 FAIL  src/App.test.jsx > Ohtli Landing Page > renders the App without crashing
TestingLibraryElementError: Unable to find an element with the text: /Ohtli/i. This could be because the text is broken up by multiple elements. In this case, you can provide a function for your text matcher to make your matcher more flexible.

Ignored nodes: comments, script, style
[36m<body>[39m
  [36m<div>[39m
    [36m<div[39m
      [33mclass[39m=[32m"min-h-screen flex flex-col items-center justify-center bg-black text-white p-6 text-center"[39m
    [36m>[39m
      [36m<h1[39m
        [33mclass[39m=[32m"text-4xl font-serif italic mb-4"[39m
      [36m>[39m
        [0mAlgo salió mal.[0m
      [36m</h1>[39m
      [36m<p[39m
        [33mclass[39m=[32m"text-gray-400 mb-8 max-w-md"[39m
      [36m>[39m
        [0mOcurrió un error inesperado. Por favor, recarga la página o intenta de nuevo más tarde.[0m
        [36m<br />[39m
        [36m<span[39m
          [33mclass[39m=[32m"text-red-500 text-xs"[39m
        [36m>[39m
          [0mTypeError: Cannot read properties of undefined (reading 'map')[0m
        [36m</span>[39m
      [36m</p>[39m
      [36m<button[39m
        [33mclass[39m=[32m"px-6 py-3 rounded-full font-medium transition-all duration-300 flex items-center justify-center gap-2 bg-primary hover:bg-blue-600 text-white shadow-lg hover:shadow-blue-500/30 rounded-full"[39m
        [33mtabindex[39m=[32m"0"[39m
      [36m>[39m
        [0mRecargar Página[0m
      [36m</button>[39m
    [36m</div>[39m
  [36m</div>[39m
[36m</body>[39m

Ignored nodes: comments, script, style
[36m<body>[39m
  [36m<div>[39m
    [36m<div[39m
      [33mclass[39m=[32m"min-h-screen flex flex-col items-center justify-center bg-black text-white p-6 text-center"[39m
    [36m>[39m
      [36m<h1[39m
        [33mclass[39m=[32m"text-4xl font-serif italic mb-4"[39m
      [36m>[39m
        [0mAlgo salió mal.[0m
      [36m</h1>[39m
      [36m<p[39m
        [33mclass[39m=[32m"text-gray-400 mb-8 max-w-md"[39m
      [36m>[39m
        [0mOcurrió un error inesperado. Por favor, recarga la página o intenta de nuevo más tarde.[0m
        [36m<br />[39m
        [36m<span[39m
          [33mclass[39m=[32m"text-red-500 text-xs"[39m
        [36m>[39m
          [0mTypeError: Cannot read properties of undefined (reading 'map')[0m
        [36m</span>[39m
      [36m</p>[39m
      [36m<button[39m
        [33mclass[39m=[32m"px-6 py-3 rounded-full font-medium transition-all duration-300 flex items-center justify-center gap-2 bg-primary hover:bg-blue-600 text-white shadow-lg hover:shadow-blue-500/30 rounded-full"[39m
        [33mtabindex[39m=[32m"0"[39m
      [36m>[39m
        [0mRecargar Página[0m
      [36m</button>[39m
    [36m</div>[39m
  [36m</div>[39m
[36m</body>[39m
 ❯ waitForWrapper node_modules/@testing-library/dom/dist/wait-for.js:163:27
 ❯ node_modules/@testing-library/dom/dist/query-helpers.js:86:33
 ❯ src/App.test.jsx:26:25
     24|     // However, App wraps Navbar in ThemeProvider, so it should be fin…
     25|     // Let's use findByText to await it just in case of any async rend…
     26|     expect(await screen.findByText(/Ohtli/i)).toBeInTheDocument();
       |                         ^
     27|   });
     28| 

⎯⎯⎯⎯⎯⎯⎯⎯⎯⎯⎯⎯⎯⎯⎯⎯⎯⎯⎯⎯⎯⎯⎯⎯[1/1]⎯


 Test Files  1 failed (1)
      Tests  1 failed | 2 passed (3)
   Start at  12:19:43
   Duration  1.78s (transform 126ms, setup 41ms, collect 175ms, tests 1.06s, environment 323ms, prepare 48ms)

 FAIL  Tests failed. Watching for file changes...
       press h to show help, press q to quit
c[3J RERUN  src/sections/Services.jsx x1 

stdout | src/App.test.jsx > Ohtli Landing Page > renders the App without crashing
Rendering Navbar

stdout | src/App.test.jsx > Ohtli Landing Page > renders the App without crashing
Rendering About

stdout | src/App.test.jsx > Ohtli Landing Page > renders the App without crashing
Rendering Projects
Rendering Process
Rendering Technologies

stdout | src/App.test.jsx > Ohtli Landing Page > renders the App without crashing
Rendering Testimonials

stdout | src/App.test.jsx > Ohtli Landing Page > renders the App without crashing
Rendering About

stdout | src/App.test.jsx > Ohtli Landing Page > renders the App without crashing
Rendering Projects

stdout | src/App.test.jsx > Ohtli Landing Page > renders the App without crashing
Rendering Process
Rendering Technologies

stdout | src/App.test.jsx > Ohtli Landing Page > renders the App without crashing
Rendering Testimonials

stdout | src/App.test.jsx > Ohtli Landing Page > renders the Navbar with correct links
Rendering Navbar

 ❯ src/App.test.jsx (3 tests | 1 failed) 1439ms
   × Ohtli Landing Page > renders the App without crashing 1390ms
     → Found multiple elements with the text: /Ohtli/i

Here are the matching elements:

Ignored nodes: comments, script, style
[36m<h1[39m
  [33mclass[39m=[32m"text-[25vw] leading-[0.8] font-serif italic tracking-tighter text-white mix-blend-difference select-none"[39m
  [33mstyle[39m=[32m"opacity: 0.9930143722012872; transform: scale(0.9993014372201288);"[39m
[36m>[39m
  [0mOhtli.[0m
[36m</h1>[39m

Ignored nodes: comments, script, style
[36m<a[39m
  [33mclass[39m=[32m"text-2xl font-serif italic font-bold text-[var(--color-text)] z-50 relative"[39m
  [33mhref[39m=[32m"#"[39m
[36m>[39m
  [0mOhtli.[0m
[36m</a>[39m

Ignored nodes: comments, script, style
[36m<h2[39m
  [33mclass[39m=[32m"text-sm uppercase tracking-[0.3em] text-gray-500 mb-8 md:mb-0"[39m
[36m>[39m
  [0mFilosofía Ohtli.[0m
[36m</h2>[39m

Ignored nodes: comments, script, style
[36m<span[39m
  [33mclass[39m=[32m"text-white font-serif italic"[39m
[36m>[39m
  [0mOhtli[0m
[36m</span>[39m

Ignored nodes: comments, script, style
[36m<p[39m
  [33mclass[39m=[32m"text-xl text-gray-300 mb-8 leading-relaxed font-light italic"[39m
[36m>[39m
  [0m"[0m
  [0mOhtli transformó completamente nuestra presencia digital. Su enfoque artístico combinado con una ejecución técnica impecable es único en el mercado.[0m
  [0m"[0m
[36m</p>[39m

Ignored nodes: comments, script, style
[36m<a[39m
  [33mclass[39m=[32m"text-3xl text-white hover:text-primary transition-colors border-b border-white/20 hover:border-primary pb-2 inline-block"[39m
  [33mhref[39m=[32m"mailto:hola@ohtli.studio"[39m
[36m>[39m
  [0mhola@ohtli.studio[0m
[36m</a>[39m

Ignored nodes: comments, script, style
[36m<p[39m
  [33mclass[39m=[32m"text-gray-600 text-sm"[39m
[36m>[39m
  [0m© [0m
  [0m2025[0m
  [0m Ohtli Studio. [0m
  [36m<br />[39m
  [0mAll rights reserved.[0m
[36m</p>[39m

Ignored nodes: comments, script, style
[36m<h2[39m
  [33mclass[39m=[32m"text-[15vw] leading-[0.8] font-serif italic text-white select-none"[39m
[36m>[39m
  [0mOhtli.[0m
[36m</h2>[39m

Ignored nodes: comments, script, style
[36m<p[39m
  [33mclass[39m=[32m"text-gray-600 text-sm"[39m
[36m>[39m
  [0m© [0m
  [0m2025[0m
  [0m Ohtli Studio. Todos los derechos reservados.[0m
[36m</p>[39m

(If this is intentional, then use the `*AllBy*` variant of the query (like `queryAllByText`, `getAllByText`, or `findAllByText`)).

Ignored nodes: comments, script, style
[36m<body>[39m
  [36m<div>[39m
    [36m<div[39m
      [33mclass[39m=[32m"bg-background min-h-screen text-[var(--color-text)] selection:bg-primary/30 transition-colors duration-500 relative"[39m
    [36m>[39m
      [36m<div[39m
        [33mclass[39m=[32m"noise-bg"[39m
      [36m/>[39m
      [36m<main>[39m
        [36m<section[39m
          [33mclass[39m=[32m"relative min-h-screen flex flex-col justify-center items-center overflow-hidden bg-background pt-20"[39m
          [33mid[39m=[32m"home"[39m
        [36m>[39m
          [36m<div[39m
            [33mclass[39m=[32m"absolute inset-0 overflow-hidden pointer-events-none"[39m
          [36m>[39m
            [36m<div[39m
              [33mclass[39m=[32m"absolute top-1/4 right-10 w-[40vw] h-[40vw] opacity-80 mix-blend-screen"[39m
              [33mstyle[39m=[32m"opacity: 0.5405392260989175; transform: scale(0.9351348065247294) rotate(-3.243259673763532deg);"[39m
            [36m>[39m
              [36m<img[39m
                [33malt[39m=[32m"Abstract 3D Shape"[39m
                [33mclass[39m=[32m"w-full h-full object-contain"[39m
                [33msrc[39m=[32m"/src/assets/hero-obj.png"[39m
              [36m/>[39m
            [36m</div>[39m
            [36m<div[39m
              [33mclass[39m=[32m"absolute -bottom-20 -left-20 w-[600px] h-[600px] bg-primary/20 rounded-full blur-[120px]"[39m
              [33mstyle[39m=[32m"transform: scale(1.02497616209439); opacity: 0.32497616209439;"[39m
            [36m/>[39m
          [36m</div>[39m
          [36m<div[39m
            [33mclass[39m=[32m"container mx-auto px-6 relative z-10 text-center"[39m
          [36m>[39m
            [36m<div[39m
              [33mclass[39m=[32m"flex flex-col items-center"[39m
              [33mstyle[39m=[32m"opacity: 1; transform: none;"[39m
            [36m>[39m
              [36m<h1[39m
                [33mclass[39m=[32m"text-[25vw] leading-[0.8] font-serif italic tracking-tighter text-white mix-blend-difference select-none"[39m
                [33mstyle[39m=[32m"opacity: 0.9930143722012872; transform: scale(0.9993014372201288);"[39m
              [36m>[39m
                [0mOhtli.[0m
              [36m</h1>[39m
              [36m<p[39m
                [33mclass[39m=[32m"text-xl md:text-3xl font-light text-gray-300 mt-8 max-w-2xl tracking-wide"[39m
                [33mstyle[39m=[32m"opacity: 0.6673618522181641; transform: translateY(6.652762955636717px);"[39m
              [36m>[39m
                [0mFusionamos tecnología con experiencias.[0m
              [36m</p>[39m
              [36m<div[39m
                [33mclass[39m=[32m"mt-12"[39m
                [33mstyle[39m=[32m"opacity: 0;"[39m
              [36m>[39m
                [36m<button[39m
                  [33mclass[39m=[32m"px-6 py-3 rounded-full font-medium transition-all duration-300 flex items-center justify-center gap-2 bg-primary hover:bg-blue-600 text-white shadow-lg hover:shadow-blue-500/30 rounded-full px-8 py-4 text-lg group bg-white text-black hover:bg-gray-200 border-none"[39m
                  [33mtabindex[39m=[32m"0"[39m
                [36m>[39m
                  [36m<span[39m
                    [33mclass[39m=[32m"mr-2"[39m
                  [36m>[39m
                    [0mIniciar Proyecto[0m
                  [36m</span>[39m
                  [36m<svg[39m
                    [33maria-hidden[39m=[32m"true"[39m
                    [33mclass[39m=[32m"lucide lucide-arrow-right group-hover:translate-x-1 transition-transform"[39m
                    [33mfill[39m=[32m"none"[39m
                    [33mheight[39m=[32m"20"[39m
                    [33mstroke[39m=[32m"currentColor"[39m
                    [33mstroke-linecap[39m=[32m"round"[39m
                    [33mstroke-linejoin[39m=[32m"round"[39m
                    [33mstroke-width[39m=[32m"2"[39m
                    [33mviewBox[39m=[32m"0 0 24 24"[39m
                    [33mwidth[39m=[32m"20"[39m
                    [33mxmlns[39m=[32m"http://www.w3.org/2000/svg"[39m
                  [36m>[39m
                    [36m<path[39m
                      [33md[39m=[32m"M5 12h14"[39m
                    [36m/>[39m
                    [36m<path[39m
                      [33md[39m=[32m"m12 5 7 7-7 7"[39m
                    [36m/>[39m
                  [36m</svg>[39m
                [36m</button>[39m
              [36m</div>[39m
            [36m</div>[39m
          [36m</div>[39m
          [36m<div[39m
            [33mclass[39m=[32m"absolute bottom-10 left-1/2 -translate-x-1/2 flex flex-col items-center gap-2"[39m
            [33mstyle[39m=[32m"opacity: 0;"[39m
          [36m>[39m
            [36m<div[39m
              [33mclass[39m=[32m"w-[1px] h-16 bg-gradient-to-b from-gray-500 to-transparent"[39m
            [36m/>[39m
          [36m</div>[39m
        [36m</section>[39m
        [36m<nav[39m
          [33mclass[39m=[32m"fixed top-0 left-0 w-full z-50 transition-all duration-500 py-8 bg-transparent"[39m
        [36m>[39m
          [36m<div[39m
            [33mclass[39m=[32m"container mx-auto px-6 flex justify-between items-center"[39m
          [36m>[39m
            [36m<a[39m
              [33mclass[39m=[32m"text-2xl font-serif italic font-bold text-[var(--color-text)] z-50 relative"[39m
              [33mhref[39m=[32m"#"[39m
            [36m>[39m
              [0mOhtli.[0m
            [36m</a>[39m
            [36m<div[39m
              [33mclass[39m=[32m"hidden md:flex items-center gap-12"[39m
            [36m>[39m
              [36m<a[39m
                [33mclass[39m=[32m"text-sm uppercase tracking-widest text-[var(--color-text-muted)] hover:text-[var(--color-text)] transition-colors duration-300"[39m
                [33mhref[39m=[32m"#about"[39m
              [36m>[39m
                [0mNosotros[0m
              [36m</a>[39m
              [36m<a[39m
                [33mclass[39m=[32m"text-sm uppercase tracking-widest text-[var(--color-text-muted)] hover:text-[var(--color-text)] transition-colors duration-300"[39m
                [33mhref[39m=[32m"#services"[39m
              [36m>[39m
                [0mServicios[0m
              [36m</a>[39m
              [36m<a[39m
                [33mclass[39m=[32m"text-sm uppercase tracking-widest text-[var(--color-text-muted)] hover:text-[var(--color-text)] transition-colors duration-300"[39m
                [33mhref[39m=[32m"#projects"[39m
              [36m>[39m
                [0mProyectos[0m
              [36m</a>[39m
              [36m<a[39m
                [33mclass[39m=[32m"text-sm uppercase tracking-widest text-[var(--color-text-muted)] hover:text-[var(--color-text)] transition-colors duration-300"[39m
          ...

Ignored nodes: comments, script, style
[36m<body>[39m
  [36m<div>[39m
    [36m<div[39m
      [33mclass[39m=[32m"bg-background min-h-screen text-[var(--color-text)] selection:bg-primary/30 transition-colors duration-500 relative"[39m
    [36m>[39m
      [36m<div[39m
        [33mclass[39m=[32m"noise-bg"[39m
      [36m/>[39m
      [36m<main>[39m
        [36m<section[39m
          [33mclass[39m=[32m"relative min-h-screen flex flex-col justify-center items-center overflow-hidden bg-background pt-20"[39m
          [33mid[39m=[32m"home"[39m
        [36m>[39m
          [36m<div[39m
            [33mclass[39m=[32m"absolute inset-0 overflow-hidden pointer-events-none"[39m
          [36m>[39m
            [36m<div[39m
              [33mclass[39m=[32m"absolute top-1/4 right-10 w-[40vw] h-[40vw] opacity-80 mix-blend-screen"[39m
              [33mstyle[39m=[32m"opacity: 0.5405392260989175; transform: scale(0.9351348065247294) rotate(-3.243259673763532deg);"[39m
            [36m>[39m
              [36m<img[39m
                [33malt[39m=[32m"Abstract 3D Shape"[39m
                [33mclass[39m=[32m"w-full h-full object-contain"[39m
                [33msrc[39m=[32m"/src/assets/hero-obj.png"[39m
              [36m/>[39m
            [36m</div>[39m
            [36m<div[39m
              [33mclass[39m=[32m"absolute -bottom-20 -left-20 w-[600px] h-[600px] bg-primary/20 rounded-full blur-[120px]"[39m
              [33mstyle[39m=[32m"transform: scale(1.02497616209439); opacity: 0.32497616209439;"[39m
            [36m/>[39m
          [36m</div>[39m
          [36m<div[39m
            [33mclass[39m=[32m"container mx-auto px-6 relative z-10 text-center"[39m
          [36m>[39m
            [36m<div[39m
              [33mclass[39m=[32m"flex flex-col items-center"[39m
              [33mstyle[39m=[32m"opacity: 1; transform: none;"[39m
            [36m>[39m
              [36m<h1[39m
                [33mclass[39m=[32m"text-[25vw] leading-[0.8] font-serif italic tracking-tighter text-white mix-blend-difference select-none"[39m
                [33mstyle[39m=[32m"opacity: 0.9930143722012872; transform: scale(0.9993014372201288);"[39m
              [36m>[39m
                [0mOhtli.[0m
              [36m</h1>[39m
              [36m<p[39m
                [33mclass[39m=[32m"text-xl md:text-3xl font-light text-gray-300 mt-8 max-w-2xl tracking-wide"[39m
                [33mstyle[39m=[32m"opacity: 0.6673618522181641; transform: translateY(6.652762955636717px);"[39m
              [36m>[39m
                [0mFusionamos tecnología con experiencias.[0m
              [36m</p>[39m
              [36m<div[39m
                [33mclass[39m=[32m"mt-12"[39m
                [33mstyle[39m=[32m"opacity: 0;"[39m
              [36m>[39m
                [36m<button[39m
                  [33mclass[39m=[32m"px-6 py-3 rounded-full font-medium transition-all duration-300 flex items-center justify-center gap-2 bg-primary hover:bg-blue-600 text-white shadow-lg hover:shadow-blue-500/30 rounded-full px-8 py-4 text-lg group bg-white text-black hover:bg-gray-200 border-none"[39m
                  [33mtabindex[39m=[32m"0"[39m
                [36m>[39m
                  [36m<span[39m
                    [33mclass[39m=[32m"mr-2"[39m
                  [36m>[39m
                    [0mIniciar Proyecto[0m
                  [36m</span>[39m
                  [36m<svg[39m
                    [33maria-hidden[39m=[32m"true"[39m
                    [33mclass[39m=[32m"lucide lucide-arrow-right group-hover:translate-x-1 transition-transform"[39m
                    [33mfill[39m=[32m"none"[39m
                    [33mheight[39m=[32m"20"[39m
                    [33mstroke[39m=[32m"currentColor"[39m
                    [33mstroke-linecap[39m=[32m"round"[39m
                    [33mstroke-linejoin[39m=[32m"round"[39m
                    [33mstroke-width[39m=[32m"2"[39m
                    [33mviewBox[39m=[32m"0 0 24 24"[39m
                    [33mwidth[39m=[32m"20"[39m
                    [33mxmlns[39m=[32m"http://www.w3.org/2000/svg"[39m
                  [36m>[39m
                    [36m<path[39m
                      [33md[39m=[32m"M5 12h14"[39m
                    [36m/>[39m
                    [36m<path[39m
                      [33md[39m=[32m"m12 5 7 7-7 7"[39m
                    [36m/>[39m
                  [36m</svg>[39m
                [36m</button>[39m
              [36m</div>[39m
            [36m</div>[39m
          [36m</div>[39m
          [36m<div[39m
            [33mclass[39m=[32m"absolute bottom-10 left-1/2 -translate-x-1/2 flex flex-col items-center gap-2"[39m
            [33mstyle[39m=[32m"opacity: 0;"[39m
          [36m>[39m
            [36m<div[39m
              [33mclass[39m=[32m"w-[1px] h-16 bg-gradient-to-b from-gray-500 to-transparent"[39m
            [36m/>[39m
          [36m</div>[39m
        [36m</section>[39m
        [36m<nav[39m
          [33mclass[39m=[32m"fixed top-0 left-0 w-full z-50 transition-all duration-500 py-8 bg-transparent"[39m
        [36m>[39m
          [36m<div[39m
            [33mclass[39m=[32m"container mx-auto px-6 flex justify-between items-center"[39m
          [36m>[39m
            [36m<a[39m
              [33mclass[39m=[32m"text-2xl font-serif italic font-bold text-[var(--color-text)] z-50 relative"[39m
              [33mhref[39m=[32m"#"[39m
            [36m>[39m
              [0mOhtli.[0m
            [36m</a>[39m
            [36m<div[39m
              [33mclass[39m=[32m"hidden md:flex items-center gap-12"[39m
            [36m>[39m
              [36m<a[39m
                [33mclass[39m=[32m"text-sm uppercase tracking-widest text-[var(--color-text-muted)] hover:text-[var(--color-text)] transition-colors duration-300"[39m
                [33mhref[39m=[32m"#about"[39m
              [36m>[39m
                [0mNosotros[0m
              [36m</a>[39m
              [36m<a[39m
                [33mclass[39m=[32m"text-sm uppercase tracking-widest text-[var(--color-text-muted)] hover:text-[var(--color-text)] transition-colors duration-300"[39m
                [33mhref[39m=[32m"#services"[39m
              [36m>[39m
                [0mServicios[0m
              [36m</a>[39m
              [36m<a[39m
                [33mclass[39m=[32m"text-sm uppercase tracking-widest text-[var(--color-text-muted)] hover:text-[var(--color-text)] transition-colors duration-300"[39m
                [33mhref[39m=[32m"#projects"[39m
              [36m>[39m
                [0mProyectos[0m
              [36m</a>[39m
              [36m<a[39m
                [33mclass[39m=[32m"text-sm uppercase tracking-widest text-[var(--color-text-muted)] hover:text-[var(--color-text)] transition-colors duration-300"[39m
          ...
   ✓ Ohtli Landing Page > renders the Navbar with correct links 42ms
   ✓ Ohtli Landing Page > renders the Hero section with main slogan 7ms

⎯⎯⎯⎯⎯⎯⎯ Failed Tests 1 ⎯⎯⎯⎯⎯⎯⎯

 FAIL  src/App.test.jsx > Ohtli Landing Page > renders the App without crashing
TestingLibraryElementError: Found multiple elements with the text: /Ohtli/i

Here are the matching elements:

Ignored nodes: comments, script, style
[36m<h1[39m
  [33mclass[39m=[32m"text-[25vw] leading-[0.8] font-serif italic tracking-tighter text-white mix-blend-difference select-none"[39m
  [33mstyle[39m=[32m"opacity: 0.9930143722012872; transform: scale(0.9993014372201288);"[39m
[36m>[39m
  [0mOhtli.[0m
[36m</h1>[39m

Ignored nodes: comments, script, style
[36m<a[39m
  [33mclass[39m=[32m"text-2xl font-serif italic font-bold text-[var(--color-text)] z-50 relative"[39m
  [33mhref[39m=[32m"#"[39m
[36m>[39m
  [0mOhtli.[0m
[36m</a>[39m

Ignored nodes: comments, script, style
[36m<h2[39m
  [33mclass[39m=[32m"text-sm uppercase tracking-[0.3em] text-gray-500 mb-8 md:mb-0"[39m
[36m>[39m
  [0mFilosofía Ohtli.[0m
[36m</h2>[39m

Ignored nodes: comments, script, style
[36m<span[39m
  [33mclass[39m=[32m"text-white font-serif italic"[39m
[36m>[39m
  [0mOhtli[0m
[36m</span>[39m

Ignored nodes: comments, script, style
[36m<p[39m
  [33mclass[39m=[32m"text-xl text-gray-300 mb-8 leading-relaxed font-light italic"[39m
[36m>[39m
  [0m"[0m
  [0mOhtli transformó completamente nuestra presencia digital. Su enfoque artístico combinado con una ejecución técnica impecable es único en el mercado.[0m
  [0m"[0m
[36m</p>[39m

Ignored nodes: comments, script, style
[36m<a[39m
  [33mclass[39m=[32m"text-3xl text-white hover:text-primary transition-colors border-b border-white/20 hover:border-primary pb-2 inline-block"[39m
  [33mhref[39m=[32m"mailto:hola@ohtli.studio"[39m
[36m>[39m
  [0mhola@ohtli.studio[0m
[36m</a>[39m

Ignored nodes: comments, script, style
[36m<p[39m
  [33mclass[39m=[32m"text-gray-600 text-sm"[39m
[36m>[39m
  [0m© [0m
  [0m2025[0m
  [0m Ohtli Studio. [0m
  [36m<br />[39m
  [0mAll rights reserved.[0m
[36m</p>[39m

Ignored nodes: comments, script, style
[36m<h2[39m
  [33mclass[39m=[32m"text-[15vw] leading-[0.8] font-serif italic text-white select-none"[39m
[36m>[39m
  [0mOhtli.[0m
[36m</h2>[39m

Ignored nodes: comments, script, style
[36m<p[39m
  [33mclass[39m=[32m"text-gray-600 text-sm"[39m
[36m>[39m
  [0m© [0m
  [0m2025[0m
  [0m Ohtli Studio. Todos los derechos reservados.[0m
[36m</p>[39m

(If this is intentional, then use the `*AllBy*` variant of the query (like `queryAllByText`, `getAllByText`, or `findAllByText`)).

Ignored nodes: comments, script, style
[36m<body>[39m
  [36m<div>[39m
    [36m<div[39m
      [33mclass[39m=[32m"bg-background min-h-screen text-[var(--color-text)] selection:bg-primary/30 transition-colors duration-500 relative"[39m
    [36m>[39m
      [36m<div[39m
        [33mclass[39m=[32m"noise-bg"[39m
      [36m/>[39m
      [36m<main>[39m
        [36m<section[39m
          [33mclass[39m=[32m"relative min-h-screen flex flex-col justify-center items-center overflow-hidden bg-background pt-20"[39m
          [33mid[39m=[32m"home"[39m
        [36m>[39m
          [36m<div[39m
            [33mclass[39m=[32m"absolute inset-0 overflow-hidden pointer-events-none"[39m
          [36m>[39m
            [36m<div[39m
              [33mclass[39m=[32m"absolute top-1/4 right-10 w-[40vw] h-[40vw] opacity-80 mix-blend-screen"[39m
              [33mstyle[39m=[32m"opacity: 0.5405392260989175; transform: scale(0.9351348065247294) rotate(-3.243259673763532deg);"[39m
            [36m>[39m
              [36m<img[39m
                [33malt[39m=[32m"Abstract 3D Shape"[39m
                [33mclass[39m=[32m"w-full h-full object-contain"[39m
                [33msrc[39m=[32m"/src/assets/hero-obj.png"[39m
              [36m/>[39m
            [36m</div>[39m
            [36m<div[39m
              [33mclass[39m=[32m"absolute -bottom-20 -left-20 w-[600px] h-[600px] bg-primary/20 rounded-full blur-[120px]"[39m
              [33mstyle[39m=[32m"transform: scale(1.02497616209439); opacity: 0.32497616209439;"[39m
            [36m/>[39m
          [36m</div>[39m
          [36m<div[39m
            [33mclass[39m=[32m"container mx-auto px-6 relative z-10 text-center"[39m
          [36m>[39m
            [36m<div[39m
              [33mclass[39m=[32m"flex flex-col items-center"[39m
              [33mstyle[39m=[32m"opacity: 1; transform: none;"[39m
            [36m>[39m
              [36m<h1[39m
                [33mclass[39m=[32m"text-[25vw] leading-[0.8] font-serif italic tracking-tighter text-white mix-blend-difference select-none"[39m
                [33mstyle[39m=[32m"opacity: 0.9930143722012872; transform: scale(0.9993014372201288);"[39m
              [36m>[39m
                [0mOhtli.[0m
              [36m</h1>[39m
              [36m<p[39m
                [33mclass[39m=[32m"text-xl md:text-3xl font-light text-gray-300 mt-8 max-w-2xl tracking-wide"[39m
                [33mstyle[39m=[32m"opacity: 0.6673618522181641; transform: translateY(6.652762955636717px);"[39m
              [36m>[39m
                [0mFusionamos tecnología con experiencias.[0m
              [36m</p>[39m
              [36m<div[39m
                [33mclass[39m=[32m"mt-12"[39m
                [33mstyle[39m=[32m"opacity: 0;"[39m
              [36m>[39m
                [36m<button[39m
                  [33mclass[39m=[32m"px-6 py-3 rounded-full font-medium transition-all duration-300 flex items-center justify-center gap-2 bg-primary hover:bg-blue-600 text-white shadow-lg hover:shadow-blue-500/30 rounded-full px-8 py-4 text-lg group bg-white text-black hover:bg-gray-200 border-none"[39m
                  [33mtabindex[39m=[32m"0"[39m
                [36m>[39m
                  [36m<span[39m
                    [33mclass[39m=[32m"mr-2"[39m
                  [36m>[39m
                    [0mIniciar Proyecto[0m
                  [36m</span>[39m
                  [36m<svg[39m
                    [33maria-hidden[39m=[32m"true"[39m
                    [33mclass[39m=[32m"lucide lucide-arrow-right group-hover:translate-x-1 transition-transform"[39m
                    [33mfill[39m=[32m"none"[39m
                    [33mheight[39m=[32m"20"[39m
                    [33mstroke[39m=[32m"currentColor"[39m
                    [33mstroke-linecap[39m=[32m"round"[39m
                    [33mstroke-linejoin[39m=[32m"round"[39m
                    [33mstroke-width[39m=[32m"2"[39m
                    [33mviewBox[39m=[32m"0 0 24 24"[39m
                    [33mwidth[39m=[32m"20"[39m
                    [33mxmlns[39m=[32m"http://www.w3.org/2000/svg"[39m
                  [36m>[39m
                    [36m<path[39m
                      [33md[39m=[32m"M5 12h14"[39m
                    [36m/>[39m
                    [36m<path[39m
                      [33md[39m=[32m"m12 5 7 7-7 7"[39m
                    [36m/>[39m
                  [36m</svg>[39m
                [36m</button>[39m
              [36m</div>[39m
            [36m</div>[39m
          [36m</div>[39m
          [36m<div[39m
            [33mclass[39m=[32m"absolute bottom-10 left-1/2 -translate-x-1/2 flex flex-col items-center gap-2"[39m
            [33mstyle[39m=[32m"opacity: 0;"[39m
          [36m>[39m
            [36m<div[39m
              [33mclass[39m=[32m"w-[1px] h-16 bg-gradient-to-b from-gray-500 to-transparent"[39m
            [36m/>[39m
          [36m</div>[39m
        [36m</section>[39m
        [36m<nav[39m
          [33mclass[39m=[32m"fixed top-0 left-0 w-full z-50 transition-all duration-500 py-8 bg-transparent"[39m
        [36m>[39m
          [36m<div[39m
            [33mclass[39m=[32m"container mx-auto px-6 flex justify-between items-center"[39m
          [36m>[39m
            [36m<a[39m
              [33mclass[39m=[32m"text-2xl font-serif italic font-bold text-[var(--color-text)] z-50 relative"[39m
              [33mhref[39m=[32m"#"[39m
            [36m>[39m
              [0mOhtli.[0m
            [36m</a>[39m
            [36m<div[39m
              [33mclass[39m=[32m"hidden md:flex items-center gap-12"[39m
            [36m>[39m
              [36m<a[39m
                [33mclass[39m=[32m"text-sm uppercase tracking-widest text-[var(--color-text-muted)] hover:text-[var(--color-text)] transition-colors duration-300"[39m
                [33mhref[39m=[32m"#about"[39m
              [36m>[39m
                [0mNosotros[0m
              [36m</a>[39m
              [36m<a[39m
                [33mclass[39m=[32m"text-sm uppercase tracking-widest text-[var(--color-text-muted)] hover:text-[var(--color-text)] transition-colors duration-300"[39m
                [33mhref[39m=[32m"#services"[39m
              [36m>[39m
                [0mServicios[0m
              [36m</a>[39m
              [36m<a[39m
                [33mclass[39m=[32m"text-sm uppercase tracking-widest text-[var(--color-text-muted)] hover:text-[var(--color-text)] transition-colors duration-300"[39m
                [33mhref[39m=[32m"#projects"[39m
              [36m>[39m
                [0mProyectos[0m
              [36m</a>[39m
              [36m<a[39m
                [33mclass[39m=[32m"text-sm uppercase tracking-widest text-[var(--color-text-muted)] hover:text-[var(--color-text)] transition-colors duration-300"[39m
          ...

Ignored nodes: comments, script, style
[36m<body>[39m
  [36m<div>[39m
    [36m<div[39m
      [33mclass[39m=[32m"bg-background min-h-screen text-[var(--color-text)] selection:bg-primary/30 transition-colors duration-500 relative"[39m
    [36m>[39m
      [36m<div[39m
        [33mclass[39m=[32m"noise-bg"[39m
      [36m/>[39m
      [36m<main>[39m
        [36m<section[39m
          [33mclass[39m=[32m"relative min-h-screen flex flex-col justify-center items-center overflow-hidden bg-background pt-20"[39m
          [33mid[39m=[32m"home"[39m
        [36m>[39m
          [36m<div[39m
            [33mclass[39m=[32m"absolute inset-0 overflow-hidden pointer-events-none"[39m
          [36m>[39m
            [36m<div[39m
              [33mclass[39m=[32m"absolute top-1/4 right-10 w-[40vw] h-[40vw] opacity-80 mix-blend-screen"[39m
              [33mstyle[39m=[32m"opacity: 0.5405392260989175; transform: scale(0.9351348065247294) rotate(-3.243259673763532deg);"[39m
            [36m>[39m
              [36m<img[39m
                [33malt[39m=[32m"Abstract 3D Shape"[39m
                [33mclass[39m=[32m"w-full h-full object-contain"[39m
                [33msrc[39m=[32m"/src/assets/hero-obj.png"[39m
              [36m/>[39m
            [36m</div>[39m
            [36m<div[39m
              [33mclass[39m=[32m"absolute -bottom-20 -left-20 w-[600px] h-[600px] bg-primary/20 rounded-full blur-[120px]"[39m
              [33mstyle[39m=[32m"transform: scale(1.02497616209439); opacity: 0.32497616209439;"[39m
            [36m/>[39m
          [36m</div>[39m
          [36m<div[39m
            [33mclass[39m=[32m"container mx-auto px-6 relative z-10 text-center"[39m
          [36m>[39m
            [36m<div[39m
              [33mclass[39m=[32m"flex flex-col items-center"[39m
              [33mstyle[39m=[32m"opacity: 1; transform: none;"[39m
            [36m>[39m
              [36m<h1[39m
                [33mclass[39m=[32m"text-[25vw] leading-[0.8] font-serif italic tracking-tighter text-white mix-blend-difference select-none"[39m
                [33mstyle[39m=[32m"opacity: 0.9930143722012872; transform: scale(0.9993014372201288);"[39m
              [36m>[39m
                [0mOhtli.[0m
              [36m</h1>[39m
              [36m<p[39m
                [33mclass[39m=[32m"text-xl md:text-3xl font-light text-gray-300 mt-8 max-w-2xl tracking-wide"[39m
                [33mstyle[39m=[32m"opacity: 0.6673618522181641; transform: translateY(6.652762955636717px);"[39m
              [36m>[39m
                [0mFusionamos tecnología con experiencias.[0m
              [36m</p>[39m
              [36m<div[39m
                [33mclass[39m=[32m"mt-12"[39m
                [33mstyle[39m=[32m"opacity: 0;"[39m
              [36m>[39m
                [36m<button[39m
                  [33mclass[39m=[32m"px-6 py-3 rounded-full font-medium transition-all duration-300 flex items-center justify-center gap-2 bg-primary hover:bg-blue-600 text-white shadow-lg hover:shadow-blue-500/30 rounded-full px-8 py-4 text-lg group bg-white text-black hover:bg-gray-200 border-none"[39m
                  [33mtabindex[39m=[32m"0"[39m
                [36m>[39m
                  [36m<span[39m
                    [33mclass[39m=[32m"mr-2"[39m
                  [36m>[39m
                    [0mIniciar Proyecto[0m
                  [36m</span>[39m
                  [36m<svg[39m
                    [33maria-hidden[39m=[32m"true"[39m
                    [33mclass[39m=[32m"lucide lucide-arrow-right group-hover:translate-x-1 transition-transform"[39m
                    [33mfill[39m=[32m"none"[39m
                    [33mheight[39m=[32m"20"[39m
                    [33mstroke[39m=[32m"currentColor"[39m
                    [33mstroke-linecap[39m=[32m"round"[39m
                    [33mstroke-linejoin[39m=[32m"round"[39m
                    [33mstroke-width[39m=[32m"2"[39m
                    [33mviewBox[39m=[32m"0 0 24 24"[39m
                    [33mwidth[39m=[32m"20"[39m
                    [33mxmlns[39m=[32m"http://www.w3.org/2000/svg"[39m
                  [36m>[39m
                    [36m<path[39m
                      [33md[39m=[32m"M5 12h14"[39m
                    [36m/>[39m
                    [36m<path[39m
                      [33md[39m=[32m"m12 5 7 7-7 7"[39m
                    [36m/>[39m
                  [36m</svg>[39m
                [36m</button>[39m
              [36m</div>[39m
            [36m</div>[39m
          [36m</div>[39m
          [36m<div[39m
            [33mclass[39m=[32m"absolute bottom-10 left-1/2 -translate-x-1/2 flex flex-col items-center gap-2"[39m
            [33mstyle[39m=[32m"opacity: 0;"[39m
          [36m>[39m
            [36m<div[39m
              [33mclass[39m=[32m"w-[1px] h-16 bg-gradient-to-b from-gray-500 to-transparent"[39m
            [36m/>[39m
          [36m</div>[39m
        [36m</section>[39m
        [36m<nav[39m
          [33mclass[39m=[32m"fixed top-0 left-0 w-full z-50 transition-all duration-500 py-8 bg-transparent"[39m
        [36m>[39m
          [36m<div[39m
            [33mclass[39m=[32m"container mx-auto px-6 flex justify-between items-center"[39m
          [36m>[39m
            [36m<a[39m
              [33mclass[39m=[32m"text-2xl font-serif italic font-bold text-[var(--color-text)] z-50 relative"[39m
              [33mhref[39m=[32m"#"[39m
            [36m>[39m
              [0mOhtli.[0m
            [36m</a>[39m
            [36m<div[39m
              [33mclass[39m=[32m"hidden md:flex items-center gap-12"[39m
            [36m>[39m
              [36m<a[39m
                [33mclass[39m=[32m"text-sm uppercase tracking-widest text-[var(--color-text-muted)] hover:text-[var(--color-text)] transition-colors duration-300"[39m
                [33mhref[39m=[32m"#about"[39m
              [36m>[39m
                [0mNosotros[0m
              [36m</a>[39m
              [36m<a[39m
                [33mclass[39m=[32m"text-sm uppercase tracking-widest text-[var(--color-text-muted)] hover:text-[var(--color-text)] transition-colors duration-300"[39m
                [33mhref[39m=[32m"#services"[39m
              [36m>[39m
                [0mServicios[0m
              [36m</a>[39m
              [36m<a[39m
                [33mclass[39m=[32m"text-sm uppercase tracking-widest text-[var(--color-text-muted)] hover:text-[var(--color-text)] transition-colors duration-300"[39m
                [33mhref[39m=[32m"#projects"[39m
              [36m>[39m
                [0mProyectos[0m
              [36m</a>[39m
              [36m<a[39m
                [33mclass[39m=[32m"text-sm uppercase tracking-widest text-[var(--color-text-muted)] hover:text-[var(--color-text)] transition-colors duration-300"[39m
          ...
 ❯ waitForWrapper node_modules/@testing-library/dom/dist/wait-for.js:163:27
 ❯ node_modules/@testing-library/dom/dist/query-helpers.js:86:33
 ❯ src/App.test.jsx:26:25
     24|     // However, App wraps Navbar in ThemeProvider, so it should be fin…
     25|     // Let's use findByText to await it just in case of any async rend…
     26|     expect(await screen.findByText(/Ohtli/i)).toBeInTheDocument();
       |                         ^
     27|   });
     28| 

⎯⎯⎯⎯⎯⎯⎯⎯⎯⎯⎯⎯⎯⎯⎯⎯⎯⎯⎯⎯⎯⎯⎯⎯[1/1]⎯


 Test Files  1 failed (1)
      Tests  1 failed | 2 passed (3)
   Start at  12:20:33
   Duration  2.39s

 FAIL  Tests failed. Watching for file changes...
       press h to show help, press q to quit
c[3J RERUN  src/data/projects.js x2 

stdout | src/App.test.jsx > Ohtli Landing Page > renders the App without crashing
Rendering About

stdout | src/App.test.jsx > Ohtli Landing Page > renders the App without crashing
Rendering Projects
Rendering Process

stdout | src/App.test.jsx > Ohtli Landing Page > renders the App without crashing
Rendering Technologies

stdout | src/App.test.jsx > Ohtli Landing Page > renders the App without crashing
Rendering Testimonials

 ❯ src/App.test.jsx (3 tests | 1 failed) 1426ms
   × Ohtli Landing Page > renders the App without crashing 1190ms
     → Found multiple elements with the text: /Ohtli/i

Here are the matching elements:

Ignored nodes: comments, script, style
[36m<h1[39m
  [33mclass[39m=[32m"text-[25vw] leading-[0.8] font-serif italic tracking-tighter text-white mix-blend-difference select-none"[39m
  [33mstyle[39m=[32m"opacity: 0.9880287657579174; transform: scale(0.9988028765757917);"[39m
[36m>[39m
  [0mOhtli.[0m
[36m</h1>[39m

Ignored nodes: comments, script, style
[36m<a[39m
  [33mclass[39m=[32m"text-2xl font-serif italic font-bold text-[var(--color-text)] z-50 relative"[39m
  [33mhref[39m=[32m"#"[39m
[36m>[39m
  [0mOhtli.[0m
[36m</a>[39m

Ignored nodes: comments, script, style
[36m<h2[39m
  [33mclass[39m=[32m"text-sm uppercase tracking-[0.3em] text-gray-500 mb-8 md:mb-0"[39m
[36m>[39m
  [0mFilosofía Ohtli.[0m
[36m</h2>[39m

Ignored nodes: comments, script, style
[36m<span[39m
  [33mclass[39m=[32m"text-white font-serif italic"[39m
[36m>[39m
  [0mOhtli[0m
[36m</span>[39m

Ignored nodes: comments, script, style
[36m<p[39m
  [33mclass[39m=[32m"text-xl text-gray-300 mb-8 leading-relaxed font-light italic"[39m
[36m>[39m
  [0m"[0m
  [0mOhtli transformó completamente nuestra presencia digital. Su enfoque artístico combinado con una ejecución técnica impecable es único en el mercado.[0m
  [0m"[0m
[36m</p>[39m

Ignored nodes: comments, script, style
[36m<a[39m
  [33mclass[39m=[32m"text-3xl text-white hover:text-primary transition-colors border-b border-white/20 hover:border-primary pb-2 inline-block"[39m
  [33mhref[39m=[32m"mailto:hola@ohtli.studio"[39m
[36m>[39m
  [0mhola@ohtli.studio[0m
[36m</a>[39m

Ignored nodes: comments, script, style
[36m<p[39m
  [33mclass[39m=[32m"text-gray-600 text-sm"[39m
[36m>[39m
  [0m© [0m
  [0m2025[0m
  [0m Ohtli Studio. [0m
  [36m<br />[39m
  [0mAll rights reserved.[0m
[36m</p>[39m

Ignored nodes: comments, script, style
[36m<h2[39m
  [33mclass[39m=[32m"text-[15vw] leading-[0.8] font-serif italic text-white select-none"[39m
[36m>[39m
  [0mOhtli.[0m
[36m</h2>[39m

Ignored nodes: comments, script, style
[36m<p[39m
  [33mclass[39m=[32m"text-gray-600 text-sm"[39m
[36m>[39m
  [0m© [0m
  [0m2025[0m
  [0m Ohtli Studio. Todos los derechos reservados.[0m
[36m</p>[39m

(If this is intentional, then use the `*AllBy*` variant of the query (like `queryAllByText`, `getAllByText`, or `findAllByText`)).

Ignored nodes: comments, script, style
[36m<body>[39m
  [36m<div>[39m
    [36m<div[39m
      [33mclass[39m=[32m"bg-background min-h-screen text-[var(--color-text)] selection:bg-primary/30 transition-colors duration-500 relative"[39m
    [36m>[39m
      [36m<div[39m
        [33mclass[39m=[32m"noise-bg"[39m
      [36m/>[39m
      [36m<main>[39m
        [36m<section[39m
          [33mclass[39m=[32m"relative min-h-screen flex flex-col justify-center items-center overflow-hidden bg-background pt-20"[39m
          [33mid[39m=[32m"home"[39m
        [36m>[39m
          [36m<div[39m
            [33mclass[39m=[32m"absolute inset-0 overflow-hidden pointer-events-none"[39m
          [36m>[39m
            [36m<div[39m
              [33mclass[39m=[32m"absolute top-1/4 right-10 w-[40vw] h-[40vw] opacity-80 mix-blend-screen"[39m
              [33mstyle[39m=[32m"opacity: 0.5040985139319674; transform: scale(0.9260246284829918) rotate(-3.6987685758504085deg);"[39m
            [36m>[39m
              [36m<img[39m
                [33malt[39m=[32m"Abstract 3D Shape"[39m
                [33mclass[39m=[32m"w-full h-full object-contain"[39m
                [33msrc[39m=[32m"/src/assets/hero-obj.png"[39m
              [36m/>[39m
            [36m</div>[39m
            [36m<div[39m
              [33mclass[39m=[32m"absolute -bottom-20 -left-20 w-[600px] h-[600px] bg-primary/20 rounded-full blur-[120px]"[39m
              [33mstyle[39m=[32m"transform: scale(1.020884444488911); opacity: 0.32088444448891096;"[39m
            [36m/>[39m
          [36m</div>[39m
          [36m<div[39m
            [33mclass[39m=[32m"container mx-auto px-6 relative z-10 text-center"[39m
          [36m>[39m
            [36m<div[39m
              [33mclass[39m=[32m"flex flex-col items-center"[39m
              [33mstyle[39m=[32m"opacity: 1; transform: none;"[39m
            [36m>[39m
              [36m<h1[39m
                [33mclass[39m=[32m"text-[25vw] leading-[0.8] font-serif italic tracking-tighter text-white mix-blend-difference select-none"[39m
                [33mstyle[39m=[32m"opacity: 0.9880287657579174; transform: scale(0.9988028765757917);"[39m
              [36m>[39m
                [0mOhtli.[0m
              [36m</h1>[39m
              [36m<p[39m
                [33mclass[39m=[32m"text-xl md:text-3xl font-light text-gray-300 mt-8 max-w-2xl tracking-wide"[39m
                [33mstyle[39m=[32m"opacity: 0.5719210450479295; transform: translateY(8.56157909904141px);"[39m
              [36m>[39m
                [0mFusionamos tecnología con experiencias.[0m
              [36m</p>[39m
              [36m<div[39m
                [33mclass[39m=[32m"mt-12"[39m
                [33mstyle[39m=[32m"opacity: 0;"[39m
              [36m>[39m
                [36m<button[39m
                  [33mclass[39m=[32m"px-6 py-3 rounded-full font-medium transition-all duration-300 flex items-center justify-center gap-2 bg-primary hover:bg-blue-600 text-white shadow-lg hover:shadow-blue-500/30 rounded-full px-8 py-4 text-lg group bg-white text-black hover:bg-gray-200 border-none"[39m
                  [33mtabindex[39m=[32m"0"[39m
                [36m>[39m
                  [36m<span[39m
                    [33mclass[39m=[32m"mr-2"[39m
                  [36m>[39m
                    [0mIniciar Proyecto[0m
                  [36m</span>[39m
                  [36m<svg[39m
                    [33maria-hidden[39m=[32m"true"[39m
                    [33mclass[39m=[32m"lucide lucide-arrow-right group-hover:translate-x-1 transition-transform"[39m
                    [33mfill[39m=[32m"none"[39m
                    [33mheight[39m=[32m"20"[39m
                    [33mstroke[39m=[32m"currentColor"[39m
                    [33mstroke-linecap[39m=[32m"round"[39m
                    [33mstroke-linejoin[39m=[32m"round"[39m
                    [33mstroke-width[39m=[32m"2"[39m
                    [33mviewBox[39m=[32m"0 0 24 24"[39m
                    [33mwidth[39m=[32m"20"[39m
                    [33mxmlns[39m=[32m"http://www.w3.org/2000/svg"[39m
                  [36m>[39m
                    [36m<path[39m
                      [33md[39m=[32m"M5 12h14"[39m
                    [36m/>[39m
                    [36m<path[39m
                      [33md[39m=[32m"m12 5 7 7-7 7"[39m
                    [36m/>[39m
                  [36m</svg>[39m
                [36m</button>[39m
              [36m</div>[39m
            [36m</div>[39m
          [36m</div>[39m
          [36m<div[39m
            [33mclass[39m=[32m"absolute bottom-10 left-1/2 -translate-x-1/2 flex flex-col items-center gap-2"[39m
            [33mstyle[39m=[32m"opacity: 0;"[39m
          [36m>[39m
            [36m<div[39m
              [33mclass[39m=[32m"w-[1px] h-16 bg-gradient-to-b from-gray-500 to-transparent"[39m
            [36m/>[39m
          [36m</div>[39m
        [36m</section>[39m
        [36m<nav[39m
          [33mclass[39m=[32m"fixed top-0 left-0 w-full z-50 transition-all duration-500 py-8 bg-transparent"[39m
        [36m>[39m
          [36m<div[39m
            [33mclass[39m=[32m"container mx-auto px-6 flex justify-between items-center"[39m
          [36m>[39m
            [36m<a[39m
              [33mclass[39m=[32m"text-2xl font-serif italic font-bold text-[var(--color-text)] z-50 relative"[39m
              [33mhref[39m=[32m"#"[39m
            [36m>[39m
              [0mOhtli.[0m
            [36m</a>[39m
            [36m<div[39m
              [33mclass[39m=[32m"hidden md:flex items-center gap-12"[39m
            [36m>[39m
              [36m<a[39m
                [33mclass[39m=[32m"text-sm uppercase tracking-widest text-[var(--color-text-muted)] hover:text-[var(--color-text)] transition-colors duration-300"[39m
                [33mhref[39m=[32m"#about"[39m
              [36m>[39m
                [0mNosotros[0m
              [36m</a>[39m
              [36m<a[39m
                [33mclass[39m=[32m"text-sm uppercase tracking-widest text-[var(--color-text-muted)] hover:text-[var(--color-text)] transition-colors duration-300"[39m
                [33mhref[39m=[32m"#services"[39m
              [36m>[39m
                [0mServicios[0m
              [36m</a>[39m
              [36m<a[39m
                [33mclass[39m=[32m"text-sm uppercase tracking-widest text-[var(--color-text-muted)] hover:text-[var(--color-text)] transition-colors duration-300"[39m
                [33mhref[39m=[32m"#projects"[39m
              [36m>[39m
                [0mProyectos[0m
              [36m</a>[39m
              [36m<a[39m
                [33mclass[39m=[32m"text-sm uppercase tracking-widest text-[var(--color-text-muted)] hover:text-[var(--color-text)] transition-colors duration-300"[39m
      ...

Ignored nodes: comments, script, style
[36m<body>[39m
  [36m<div>[39m
    [36m<div[39m
      [33mclass[39m=[32m"bg-background min-h-screen text-[var(--color-text)] selection:bg-primary/30 transition-colors duration-500 relative"[39m
    [36m>[39m
      [36m<div[39m
        [33mclass[39m=[32m"noise-bg"[39m
      [36m/>[39m
      [36m<main>[39m
        [36m<section[39m
          [33mclass[39m=[32m"relative min-h-screen flex flex-col justify-center items-center overflow-hidden bg-background pt-20"[39m
          [33mid[39m=[32m"home"[39m
        [36m>[39m
          [36m<div[39m
            [33mclass[39m=[32m"absolute inset-0 overflow-hidden pointer-events-none"[39m
          [36m>[39m
            [36m<div[39m
              [33mclass[39m=[32m"absolute top-1/4 right-10 w-[40vw] h-[40vw] opacity-80 mix-blend-screen"[39m
              [33mstyle[39m=[32m"opacity: 0.5040985139319674; transform: scale(0.9260246284829918) rotate(-3.6987685758504085deg);"[39m
            [36m>[39m
              [36m<img[39m
                [33malt[39m=[32m"Abstract 3D Shape"[39m
                [33mclass[39m=[32m"w-full h-full object-contain"[39m
                [33msrc[39m=[32m"/src/assets/hero-obj.png"[39m
              [36m/>[39m
            [36m</div>[39m
            [36m<div[39m
              [33mclass[39m=[32m"absolute -bottom-20 -left-20 w-[600px] h-[600px] bg-primary/20 rounded-full blur-[120px]"[39m
              [33mstyle[39m=[32m"transform: scale(1.020884444488911); opacity: 0.32088444448891096;"[39m
            [36m/>[39m
          [36m</div>[39m
          [36m<div[39m
            [33mclass[39m=[32m"container mx-auto px-6 relative z-10 text-center"[39m
          [36m>[39m
            [36m<div[39m
              [33mclass[39m=[32m"flex flex-col items-center"[39m
              [33mstyle[39m=[32m"opacity: 1; transform: none;"[39m
            [36m>[39m
              [36m<h1[39m
                [33mclass[39m=[32m"text-[25vw] leading-[0.8] font-serif italic tracking-tighter text-white mix-blend-difference select-none"[39m
                [33mstyle[39m=[32m"opacity: 0.9880287657579174; transform: scale(0.9988028765757917);"[39m
              [36m>[39m
                [0mOhtli.[0m
              [36m</h1>[39m
              [36m<p[39m
                [33mclass[39m=[32m"text-xl md:text-3xl font-light text-gray-300 mt-8 max-w-2xl tracking-wide"[39m
                [33mstyle[39m=[32m"opacity: 0.5719210450479295; transform: translateY(8.56157909904141px);"[39m
              [36m>[39m
                [0mFusionamos tecnología con experiencias.[0m
              [36m</p>[39m
              [36m<div[39m
                [33mclass[39m=[32m"mt-12"[39m
                [33mstyle[39m=[32m"opacity: 0;"[39m
              [36m>[39m
                [36m<button[39m
                  [33mclass[39m=[32m"px-6 py-3 rounded-full font-medium transition-all duration-300 flex items-center justify-center gap-2 bg-primary hover:bg-blue-600 text-white shadow-lg hover:shadow-blue-500/30 rounded-full px-8 py-4 text-lg group bg-white text-black hover:bg-gray-200 border-none"[39m
                  [33mtabindex[39m=[32m"0"[39m
                [36m>[39m
                  [36m<span[39m
                    [33mclass[39m=[32m"mr-2"[39m
                  [36m>[39m
                    [0mIniciar Proyecto[0m
                  [36m</span>[39m
                  [36m<svg[39m
                    [33maria-hidden[39m=[32m"true"[39m
                    [33mclass[39m=[32m"lucide lucide-arrow-right group-hover:translate-x-1 transition-transform"[39m
                    [33mfill[39m=[32m"none"[39m
                    [33mheight[39m=[32m"20"[39m
                    [33mstroke[39m=[32m"currentColor"[39m
                    [33mstroke-linecap[39m=[32m"round"[39m
                    [33mstroke-linejoin[39m=[32m"round"[39m
                    [33mstroke-width[39m=[32m"2"[39m
                    [33mviewBox[39m=[32m"0 0 24 24"[39m
                    [33mwidth[39m=[32m"20"[39m
                    [33mxmlns[39m=[32m"http://www.w3.org/2000/svg"[39m
                  [36m>[39m
                    [36m<path[39m
                      [33md[39m=[32m"M5 12h14"[39m
                    [36m/>[39m
                    [36m<path[39m
                      [33md[39m=[32m"m12 5 7 7-7 7"[39m
                    [36m/>[39m
                  [36m</svg>[39m
                [36m</button>[39m
              [36m</div>[39m
            [36m</div>[39m
          [36m</div>[39m
          [36m<div[39m
            [33mclass[39m=[32m"absolute bottom-10 left-1/2 -translate-x-1/2 flex flex-col items-center gap-2"[39m
            [33mstyle[39m=[32m"opacity: 0;"[39m
          [36m>[39m
            [36m<div[39m
              [33mclass[39m=[32m"w-[1px] h-16 bg-gradient-to-b from-gray-500 to-transparent"[39m
            [36m/>[39m
          [36m</div>[39m
        [36m</section>[39m
        [36m<nav[39m
          [33mclass[39m=[32m"fixed top-0 left-0 w-full z-50 transition-all duration-500 py-8 bg-transparent"[39m
        [36m>[39m
          [36m<div[39m
            [33mclass[39m=[32m"container mx-auto px-6 flex justify-between items-center"[39m
          [36m>[39m
            [36m<a[39m
              [33mclass[39m=[32m"text-2xl font-serif italic font-bold text-[var(--color-text)] z-50 relative"[39m
              [33mhref[39m=[32m"#"[39m
            [36m>[39m
              [0mOhtli.[0m
            [36m</a>[39m
            [36m<div[39m
              [33mclass[39m=[32m"hidden md:flex items-center gap-12"[39m
            [36m>[39m
              [36m<a[39m
                [33mclass[39m=[32m"text-sm uppercase tracking-widest text-[var(--color-text-muted)] hover:text-[var(--color-text)] transition-colors duration-300"[39m
                [33mhref[39m=[32m"#about"[39m
              [36m>[39m
                [0mNosotros[0m
              [36m</a>[39m
              [36m<a[39m
                [33mclass[39m=[32m"text-sm uppercase tracking-widest text-[var(--color-text-muted)] hover:text-[var(--color-text)] transition-colors duration-300"[39m
                [33mhref[39m=[32m"#services"[39m
              [36m>[39m
                [0mServicios[0m
              [36m</a>[39m
              [36m<a[39m
                [33mclass[39m=[32m"text-sm uppercase tracking-widest text-[var(--color-text-muted)] hover:text-[var(--color-text)] transition-colors duration-300"[39m
                [33mhref[39m=[32m"#projects"[39m
              [36m>[39m
                [0mProyectos[0m
              [36m</a>[39m
              [36m<a[39m
                [33mclass[39m=[32m"text-sm uppercase tracking-widest text-[var(--color-text-muted)] hover:text-[var(--color-text)] transition-colors duration-300"[39m
      ...
   ✓ Ohtli Landing Page > renders the Navbar with correct links 66ms
   ✓ Ohtli Landing Page > renders the Hero section with main slogan 169ms

⎯⎯⎯⎯⎯⎯⎯ Failed Tests 1 ⎯⎯⎯⎯⎯⎯⎯

 FAIL  src/App.test.jsx > Ohtli Landing Page > renders the App without crashing
TestingLibraryElementError: Found multiple elements with the text: /Ohtli/i

Here are the matching elements:

Ignored nodes: comments, script, style
[36m<h1[39m
  [33mclass[39m=[32m"text-[25vw] leading-[0.8] font-serif italic tracking-tighter text-white mix-blend-difference select-none"[39m
  [33mstyle[39m=[32m"opacity: 0.9880287657579174; transform: scale(0.9988028765757917);"[39m
[36m>[39m
  [0mOhtli.[0m
[36m</h1>[39m

Ignored nodes: comments, script, style
[36m<a[39m
  [33mclass[39m=[32m"text-2xl font-serif italic font-bold text-[var(--color-text)] z-50 relative"[39m
  [33mhref[39m=[32m"#"[39m
[36m>[39m
  [0mOhtli.[0m
[36m</a>[39m

Ignored nodes: comments, script, style
[36m<h2[39m
  [33mclass[39m=[32m"text-sm uppercase tracking-[0.3em] text-gray-500 mb-8 md:mb-0"[39m
[36m>[39m
  [0mFilosofía Ohtli.[0m
[36m</h2>[39m

Ignored nodes: comments, script, style
[36m<span[39m
  [33mclass[39m=[32m"text-white font-serif italic"[39m
[36m>[39m
  [0mOhtli[0m
[36m</span>[39m

Ignored nodes: comments, script, style
[36m<p[39m
  [33mclass[39m=[32m"text-xl text-gray-300 mb-8 leading-relaxed font-light italic"[39m
[36m>[39m
  [0m"[0m
  [0mOhtli transformó completamente nuestra presencia digital. Su enfoque artístico combinado con una ejecución técnica impecable es único en el mercado.[0m
  [0m"[0m
[36m</p>[39m

Ignored nodes: comments, script, style
[36m<a[39m
  [33mclass[39m=[32m"text-3xl text-white hover:text-primary transition-colors border-b border-white/20 hover:border-primary pb-2 inline-block"[39m
  [33mhref[39m=[32m"mailto:hola@ohtli.studio"[39m
[36m>[39m
  [0mhola@ohtli.studio[0m
[36m</a>[39m

Ignored nodes: comments, script, style
[36m<p[39m
  [33mclass[39m=[32m"text-gray-600 text-sm"[39m
[36m>[39m
  [0m© [0m
  [0m2025[0m
  [0m Ohtli Studio. [0m
  [36m<br />[39m
  [0mAll rights reserved.[0m
[36m</p>[39m

Ignored nodes: comments, script, style
[36m<h2[39m
  [33mclass[39m=[32m"text-[15vw] leading-[0.8] font-serif italic text-white select-none"[39m
[36m>[39m
  [0mOhtli.[0m
[36m</h2>[39m

Ignored nodes: comments, script, style
[36m<p[39m
  [33mclass[39m=[32m"text-gray-600 text-sm"[39m
[36m>[39m
  [0m© [0m
  [0m2025[0m
  [0m Ohtli Studio. Todos los derechos reservados.[0m
[36m</p>[39m

(If this is intentional, then use the `*AllBy*` variant of the query (like `queryAllByText`, `getAllByText`, or `findAllByText`)).

Ignored nodes: comments, script, style
[36m<body>[39m
  [36m<div>[39m
    [36m<div[39m
      [33mclass[39m=[32m"bg-background min-h-screen text-[var(--color-text)] selection:bg-primary/30 transition-colors duration-500 relative"[39m
    [36m>[39m
      [36m<div[39m
        [33mclass[39m=[32m"noise-bg"[39m
      [36m/>[39m
      [36m<main>[39m
        [36m<section[39m
          [33mclass[39m=[32m"relative min-h-screen flex flex-col justify-center items-center overflow-hidden bg-background pt-20"[39m
          [33mid[39m=[32m"home"[39m
        [36m>[39m
          [36m<div[39m
            [33mclass[39m=[32m"absolute inset-0 overflow-hidden pointer-events-none"[39m
          [36m>[39m
            [36m<div[39m
              [33mclass[39m=[32m"absolute top-1/4 right-10 w-[40vw] h-[40vw] opacity-80 mix-blend-screen"[39m
              [33mstyle[39m=[32m"opacity: 0.5040985139319674; transform: scale(0.9260246284829918) rotate(-3.6987685758504085deg);"[39m
            [36m>[39m
              [36m<img[39m
                [33malt[39m=[32m"Abstract 3D Shape"[39m
                [33mclass[39m=[32m"w-full h-full object-contain"[39m
                [33msrc[39m=[32m"/src/assets/hero-obj.png"[39m
              [36m/>[39m
            [36m</div>[39m
            [36m<div[39m
              [33mclass[39m=[32m"absolute -bottom-20 -left-20 w-[600px] h-[600px] bg-primary/20 rounded-full blur-[120px]"[39m
              [33mstyle[39m=[32m"transform: scale(1.020884444488911); opacity: 0.32088444448891096;"[39m
            [36m/>[39m
          [36m</div>[39m
          [36m<div[39m
            [33mclass[39m=[32m"container mx-auto px-6 relative z-10 text-center"[39m
          [36m>[39m
            [36m<div[39m
              [33mclass[39m=[32m"flex flex-col items-center"[39m
              [33mstyle[39m=[32m"opacity: 1; transform: none;"[39m
            [36m>[39m
              [36m<h1[39m
                [33mclass[39m=[32m"text-[25vw] leading-[0.8] font-serif italic tracking-tighter text-white mix-blend-difference select-none"[39m
                [33mstyle[39m=[32m"opacity: 0.9880287657579174; transform: scale(0.9988028765757917);"[39m
              [36m>[39m
                [0mOhtli.[0m
              [36m</h1>[39m
              [36m<p[39m
                [33mclass[39m=[32m"text-xl md:text-3xl font-light text-gray-300 mt-8 max-w-2xl tracking-wide"[39m
                [33mstyle[39m=[32m"opacity: 0.5719210450479295; transform: translateY(8.56157909904141px);"[39m
              [36m>[39m
                [0mFusionamos tecnología con experiencias.[0m
              [36m</p>[39m
              [36m<div[39m
                [33mclass[39m=[32m"mt-12"[39m
                [33mstyle[39m=[32m"opacity: 0;"[39m
              [36m>[39m
                [36m<button[39m
                  [33mclass[39m=[32m"px-6 py-3 rounded-full font-medium transition-all duration-300 flex items-center justify-center gap-2 bg-primary hover:bg-blue-600 text-white shadow-lg hover:shadow-blue-500/30 rounded-full px-8 py-4 text-lg group bg-white text-black hover:bg-gray-200 border-none"[39m
                  [33mtabindex[39m=[32m"0"[39m
                [36m>[39m
                  [36m<span[39m
                    [33mclass[39m=[32m"mr-2"[39m
                  [36m>[39m
                    [0mIniciar Proyecto[0m
                  [36m</span>[39m
                  [36m<svg[39m
                    [33maria-hidden[39m=[32m"true"[39m
                    [33mclass[39m=[32m"lucide lucide-arrow-right group-hover:translate-x-1 transition-transform"[39m
                    [33mfill[39m=[32m"none"[39m
                    [33mheight[39m=[32m"20"[39m
                    [33mstroke[39m=[32m"currentColor"[39m
                    [33mstroke-linecap[39m=[32m"round"[39m
                    [33mstroke-linejoin[39m=[32m"round"[39m
                    [33mstroke-width[39m=[32m"2"[39m
                    [33mviewBox[39m=[32m"0 0 24 24"[39m
                    [33mwidth[39m=[32m"20"[39m
                    [33mxmlns[39m=[32m"http://www.w3.org/2000/svg"[39m
                  [36m>[39m
                    [36m<path[39m
                      [33md[39m=[32m"M5 12h14"[39m
                    [36m/>[39m
                    [36m<path[39m
                      [33md[39m=[32m"m12 5 7 7-7 7"[39m
                    [36m/>[39m
                  [36m</svg>[39m
                [36m</button>[39m
              [36m</div>[39m
            [36m</div>[39m
          [36m</div>[39m
          [36m<div[39m
            [33mclass[39m=[32m"absolute bottom-10 left-1/2 -translate-x-1/2 flex flex-col items-center gap-2"[39m
            [33mstyle[39m=[32m"opacity: 0;"[39m
          [36m>[39m
            [36m<div[39m
              [33mclass[39m=[32m"w-[1px] h-16 bg-gradient-to-b from-gray-500 to-transparent"[39m
            [36m/>[39m
          [36m</div>[39m
        [36m</section>[39m
        [36m<nav[39m
          [33mclass[39m=[32m"fixed top-0 left-0 w-full z-50 transition-all duration-500 py-8 bg-transparent"[39m
        [36m>[39m
          [36m<div[39m
            [33mclass[39m=[32m"container mx-auto px-6 flex justify-between items-center"[39m
          [36m>[39m
            [36m<a[39m
              [33mclass[39m=[32m"text-2xl font-serif italic font-bold text-[var(--color-text)] z-50 relative"[39m
              [33mhref[39m=[32m"#"[39m
            [36m>[39m
              [0mOhtli.[0m
            [36m</a>[39m
            [36m<div[39m
              [33mclass[39m=[32m"hidden md:flex items-center gap-12"[39m
            [36m>[39m
              [36m<a[39m
                [33mclass[39m=[32m"text-sm uppercase tracking-widest text-[var(--color-text-muted)] hover:text-[var(--color-text)] transition-colors duration-300"[39m
                [33mhref[39m=[32m"#about"[39m
              [36m>[39m
                [0mNosotros[0m
              [36m</a>[39m
              [36m<a[39m
                [33mclass[39m=[32m"text-sm uppercase tracking-widest text-[var(--color-text-muted)] hover:text-[var(--color-text)] transition-colors duration-300"[39m
                [33mhref[39m=[32m"#services"[39m
              [36m>[39m
                [0mServicios[0m
              [36m</a>[39m
              [36m<a[39m
                [33mclass[39m=[32m"text-sm uppercase tracking-widest text-[var(--color-text-muted)] hover:text-[var(--color-text)] transition-colors duration-300"[39m
                [33mhref[39m=[32m"#projects"[39m
              [36m>[39m
                [0mProyectos[0m
              [36m</a>[39m
              [36m<a[39m
                [33mclass[39m=[32m"text-sm uppercase tracking-widest text-[var(--color-text-muted)] hover:text-[var(--color-text)] transition-colors duration-300"[39m
      ...

Ignored nodes: comments, script, style
[36m<body>[39m
  [36m<div>[39m
    [36m<div[39m
      [33mclass[39m=[32m"bg-background min-h-screen text-[var(--color-text)] selection:bg-primary/30 transition-colors duration-500 relative"[39m
    [36m>[39m
      [36m<div[39m
        [33mclass[39m=[32m"noise-bg"[39m
      [36m/>[39m
      [36m<main>[39m
        [36m<section[39m
          [33mclass[39m=[32m"relative min-h-screen flex flex-col justify-center items-center overflow-hidden bg-background pt-20"[39m
          [33mid[39m=[32m"home"[39m
        [36m>[39m
          [36m<div[39m
            [33mclass[39m=[32m"absolute inset-0 overflow-hidden pointer-events-none"[39m
          [36m>[39m
            [36m<div[39m
              [33mclass[39m=[32m"absolute top-1/4 right-10 w-[40vw] h-[40vw] opacity-80 mix-blend-screen"[39m
              [33mstyle[39m=[32m"opacity: 0.5040985139319674; transform: scale(0.9260246284829918) rotate(-3.6987685758504085deg);"[39m
            [36m>[39m
              [36m<img[39m
                [33malt[39m=[32m"Abstract 3D Shape"[39m
                [33mclass[39m=[32m"w-full h-full object-contain"[39m
                [33msrc[39m=[32m"/src/assets/hero-obj.png"[39m
              [36m/>[39m
            [36m</div>[39m
            [36m<div[39m
              [33mclass[39m=[32m"absolute -bottom-20 -left-20 w-[600px] h-[600px] bg-primary/20 rounded-full blur-[120px]"[39m
              [33mstyle[39m=[32m"transform: scale(1.020884444488911); opacity: 0.32088444448891096;"[39m
            [36m/>[39m
          [36m</div>[39m
          [36m<div[39m
            [33mclass[39m=[32m"container mx-auto px-6 relative z-10 text-center"[39m
          [36m>[39m
            [36m<div[39m
              [33mclass[39m=[32m"flex flex-col items-center"[39m
              [33mstyle[39m=[32m"opacity: 1; transform: none;"[39m
            [36m>[39m
              [36m<h1[39m
                [33mclass[39m=[32m"text-[25vw] leading-[0.8] font-serif italic tracking-tighter text-white mix-blend-difference select-none"[39m
                [33mstyle[39m=[32m"opacity: 0.9880287657579174; transform: scale(0.9988028765757917);"[39m
              [36m>[39m
                [0mOhtli.[0m
              [36m</h1>[39m
              [36m<p[39m
                [33mclass[39m=[32m"text-xl md:text-3xl font-light text-gray-300 mt-8 max-w-2xl tracking-wide"[39m
                [33mstyle[39m=[32m"opacity: 0.5719210450479295; transform: translateY(8.56157909904141px);"[39m
              [36m>[39m
                [0mFusionamos tecnología con experiencias.[0m
              [36m</p>[39m
              [36m<div[39m
                [33mclass[39m=[32m"mt-12"[39m
                [33mstyle[39m=[32m"opacity: 0;"[39m
              [36m>[39m
                [36m<button[39m
                  [33mclass[39m=[32m"px-6 py-3 rounded-full font-medium transition-all duration-300 flex items-center justify-center gap-2 bg-primary hover:bg-blue-600 text-white shadow-lg hover:shadow-blue-500/30 rounded-full px-8 py-4 text-lg group bg-white text-black hover:bg-gray-200 border-none"[39m
                  [33mtabindex[39m=[32m"0"[39m
                [36m>[39m
                  [36m<span[39m
                    [33mclass[39m=[32m"mr-2"[39m
                  [36m>[39m
                    [0mIniciar Proyecto[0m
                  [36m</span>[39m
                  [36m<svg[39m
                    [33maria-hidden[39m=[32m"true"[39m
                    [33mclass[39m=[32m"lucide lucide-arrow-right group-hover:translate-x-1 transition-transform"[39m
                    [33mfill[39m=[32m"none"[39m
                    [33mheight[39m=[32m"20"[39m
                    [33mstroke[39m=[32m"currentColor"[39m
                    [33mstroke-linecap[39m=[32m"round"[39m
                    [33mstroke-linejoin[39m=[32m"round"[39m
                    [33mstroke-width[39m=[32m"2"[39m
                    [33mviewBox[39m=[32m"0 0 24 24"[39m
                    [33mwidth[39m=[32m"20"[39m
                    [33mxmlns[39m=[32m"http://www.w3.org/2000/svg"[39m
                  [36m>[39m
                    [36m<path[39m
                      [33md[39m=[32m"M5 12h14"[39m
                    [36m/>[39m
                    [36m<path[39m
                      [33md[39m=[32m"m12 5 7 7-7 7"[39m
                    [36m/>[39m
                  [36m</svg>[39m
                [36m</button>[39m
              [36m</div>[39m
            [36m</div>[39m
          [36m</div>[39m
          [36m<div[39m
            [33mclass[39m=[32m"absolute bottom-10 left-1/2 -translate-x-1/2 flex flex-col items-center gap-2"[39m
            [33mstyle[39m=[32m"opacity: 0;"[39m
          [36m>[39m
            [36m<div[39m
              [33mclass[39m=[32m"w-[1px] h-16 bg-gradient-to-b from-gray-500 to-transparent"[39m
            [36m/>[39m
          [36m</div>[39m
        [36m</section>[39m
        [36m<nav[39m
          [33mclass[39m=[32m"fixed top-0 left-0 w-full z-50 transition-all duration-500 py-8 bg-transparent"[39m
        [36m>[39m
          [36m<div[39m
            [33mclass[39m=[32m"container mx-auto px-6 flex justify-between items-center"[39m
          [36m>[39m
            [36m<a[39m
              [33mclass[39m=[32m"text-2xl font-serif italic font-bold text-[var(--color-text)] z-50 relative"[39m
              [33mhref[39m=[32m"#"[39m
            [36m>[39m
              [0mOhtli.[0m
            [36m</a>[39m
            [36m<div[39m
              [33mclass[39m=[32m"hidden md:flex items-center gap-12"[39m
            [36m>[39m
              [36m<a[39m
                [33mclass[39m=[32m"text-sm uppercase tracking-widest text-[var(--color-text-muted)] hover:text-[var(--color-text)] transition-colors duration-300"[39m
                [33mhref[39m=[32m"#about"[39m
              [36m>[39m
                [0mNosotros[0m
              [36m</a>[39m
              [36m<a[39m
                [33mclass[39m=[32m"text-sm uppercase tracking-widest text-[var(--color-text-muted)] hover:text-[var(--color-text)] transition-colors duration-300"[39m
                [33mhref[39m=[32m"#services"[39m
              [36m>[39m
                [0mServicios[0m
              [36m</a>[39m
              [36m<a[39m
                [33mclass[39m=[32m"text-sm uppercase tracking-widest text-[var(--color-text-muted)] hover:text-[var(--color-text)] transition-colors duration-300"[39m
                [33mhref[39m=[32m"#projects"[39m
              [36m>[39m
                [0mProyectos[0m
              [36m</a>[39m
              [36m<a[39m
                [33mclass[39m=[32m"text-sm uppercase tracking-widest text-[var(--color-text-muted)] hover:text-[var(--color-text)] transition-colors duration-300"[39m
      ...
 ❯ waitForWrapper node_modules/@testing-library/dom/dist/wait-for.js:163:27
 ❯ node_modules/@testing-library/dom/dist/query-helpers.js:86:33
 ❯ src/App.test.jsx:26:25
     24|     // However, App wraps Navbar in ThemeProvider, so it should be fin…
     25|     // Let's use findByText to await it just in case of any async rend…
     26|     expect(await screen.findByText(/Ohtli/i)).toBeInTheDocument();
       |                         ^
     27|   });
     28| 

⎯⎯⎯⎯⎯⎯⎯⎯⎯⎯⎯⎯⎯⎯⎯⎯⎯⎯⎯⎯⎯⎯⎯⎯[1/1]⎯


 Test Files  1 failed (1)
      Tests  1 failed | 2 passed (3)
   Start at  12:20:37
   Duration  2.17s

 FAIL  Tests failed. Watching for file changes...
       press h to show help, press q to quit
c[3J RERUN  src/components/Navbar.jsx x3 

stdout | src/App.test.jsx > Ohtli Landing Page > renders the App without crashing
Rendering Projects

stdout | src/App.test.jsx > Ohtli Landing Page > renders the App without crashing
Rendering Technologies

stdout | src/App.test.jsx > Ohtli Landing Page > renders the App without crashing
Rendering Testimonials

stdout | src/App.test.jsx > Ohtli Landing Page > renders the App without crashing
Rendering Projects
Rendering Technologies

stdout | src/App.test.jsx > Ohtli Landing Page > renders the App without crashing
Rendering Testimonials

 ❯ src/App.test.jsx (3 tests | 1 failed) 1322ms
   × Ohtli Landing Page > renders the App without crashing 1211ms
     → Found multiple elements with the text: /Ohtli/i

Here are the matching elements:

Ignored nodes: comments, script, style
[36m<h1[39m
  [33mclass[39m=[32m"text-[25vw] leading-[0.8] font-serif italic tracking-tighter text-white mix-blend-difference select-none"[39m
  [33mstyle[39m=[32m"opacity: 0.9925214447866892; transform: scale(0.999252144478669);"[39m
[36m>[39m
  [0mOhtli.[0m
[36m</h1>[39m

Ignored nodes: comments, script, style
[36m<a[39m
  [33mclass[39m=[32m"text-2xl font-serif italic font-bold text-[var(--color-text)] z-50 relative"[39m
  [33mhref[39m=[32m"#"[39m
[36m>[39m
  [0mOhtli.[0m
[36m</a>[39m

Ignored nodes: comments, script, style
[36m<h2[39m
  [33mclass[39m=[32m"text-sm uppercase tracking-[0.3em] text-gray-500 mb-8 md:mb-0"[39m
[36m>[39m
  [0mFilosofía Ohtli.[0m
[36m</h2>[39m

Ignored nodes: comments, script, style
[36m<span[39m
  [33mclass[39m=[32m"text-white font-serif italic"[39m
[36m>[39m
  [0mOhtli[0m
[36m</span>[39m

Ignored nodes: comments, script, style
[36m<p[39m
  [33mclass[39m=[32m"text-xl text-gray-300 mb-8 leading-relaxed font-light italic"[39m
[36m>[39m
  [0m"[0m
  [0mOhtli transformó completamente nuestra presencia digital. Su enfoque artístico combinado con una ejecución técnica impecable es único en el mercado.[0m
  [0m"[0m
[36m</p>[39m

Ignored nodes: comments, script, style
[36m<a[39m
  [33mclass[39m=[32m"text-3xl text-white hover:text-primary transition-colors border-b border-white/20 hover:border-primary pb-2 inline-block"[39m
  [33mhref[39m=[32m"mailto:hola@ohtli.studio"[39m
[36m>[39m
  [0mhola@ohtli.studio[0m
[36m</a>[39m

Ignored nodes: comments, script, style
[36m<p[39m
  [33mclass[39m=[32m"text-gray-600 text-sm"[39m
[36m>[39m
  [0m© [0m
  [0m2025[0m
  [0m Ohtli Studio. [0m
  [36m<br />[39m
  [0mAll rights reserved.[0m
[36m</p>[39m

Ignored nodes: comments, script, style
[36m<h2[39m
  [33mclass[39m=[32m"text-[15vw] leading-[0.8] font-serif italic text-white select-none"[39m
[36m>[39m
  [0mOhtli.[0m
[36m</h2>[39m

Ignored nodes: comments, script, style
[36m<p[39m
  [33mclass[39m=[32m"text-gray-600 text-sm"[39m
[36m>[39m
  [0m© [0m
  [0m2025[0m
  [0m Ohtli Studio. Todos los derechos reservados.[0m
[36m</p>[39m

(If this is intentional, then use the `*AllBy*` variant of the query (like `queryAllByText`, `getAllByText`, or `findAllByText`)).

Ignored nodes: comments, script, style
[36m<body>[39m
  [36m<div>[39m
    [36m<div[39m
      [33mclass[39m=[32m"bg-background min-h-screen text-[var(--color-text)] selection:bg-primary/30 transition-colors duration-500 relative"[39m
    [36m>[39m
      [36m<div[39m
        [33mclass[39m=[32m"noise-bg"[39m
      [36m/>[39m
      [36m<main>[39m
        [36m<section[39m
          [33mclass[39m=[32m"relative min-h-screen flex flex-col justify-center items-center overflow-hidden bg-background pt-20"[39m
          [33mid[39m=[32m"home"[39m
        [36m>[39m
          [36m<div[39m
            [33mclass[39m=[32m"absolute inset-0 overflow-hidden pointer-events-none"[39m
          [36m>[39m
            [36m<div[39m
              [33mclass[39m=[32m"absolute top-1/4 right-10 w-[40vw] h-[40vw] opacity-80 mix-blend-screen"[39m
              [33mstyle[39m=[32m"opacity: 0.5366648665862158; transform: scale(0.934166216646554) rotate(-3.2916891676723026deg);"[39m
            [36m>[39m
              [36m<img[39m
                [33malt[39m=[32m"Abstract 3D Shape"[39m
                [33mclass[39m=[32m"w-full h-full object-contain"[39m
                [33msrc[39m=[32m"/src/assets/hero-obj.png"[39m
              [36m/>[39m
            [36m</div>[39m
            [36m<div[39m
              [33mclass[39m=[32m"absolute -bottom-20 -left-20 w-[600px] h-[600px] bg-primary/20 rounded-full blur-[120px]"[39m
              [33mstyle[39m=[32m"transform: scale(1.024473878002027); opacity: 0.32447387800202704;"[39m
            [36m/>[39m
          [36m</div>[39m
          [36m<div[39m
            [33mclass[39m=[32m"container mx-auto px-6 relative z-10 text-center"[39m
          [36m>[39m
            [36m<div[39m
              [33mclass[39m=[32m"flex flex-col items-center"[39m
              [33mstyle[39m=[32m"opacity: 1; transform: none;"[39m
            [36m>[39m
              [36m<h1[39m
                [33mclass[39m=[32m"text-[25vw] leading-[0.8] font-serif italic tracking-tighter text-white mix-blend-difference select-none"[39m
                [33mstyle[39m=[32m"opacity: 0.9925214447866892; transform: scale(0.999252144478669);"[39m
              [36m>[39m
                [0mOhtli.[0m
              [36m</h1>[39m
              [36m<p[39m
                [33mclass[39m=[32m"text-xl md:text-3xl font-light text-gray-300 mt-8 max-w-2xl tracking-wide"[39m
                [33mstyle[39m=[32m"opacity: 0.6562066073238384; transform: translateY(6.875867853523232px);"[39m
              [36m>[39m
                [0mFusionamos tecnología con experiencias.[0m
              [36m</p>[39m
              [36m<div[39m
                [33mclass[39m=[32m"mt-12"[39m
                [33mstyle[39m=[32m"opacity: 0;"[39m
              [36m>[39m
                [36m<button[39m
                  [33mclass[39m=[32m"px-6 py-3 rounded-full font-medium transition-all duration-300 flex items-center justify-center gap-2 bg-primary hover:bg-blue-600 text-white shadow-lg hover:shadow-blue-500/30 rounded-full px-8 py-4 text-lg group bg-white text-black hover:bg-gray-200 border-none"[39m
                  [33mtabindex[39m=[32m"0"[39m
                [36m>[39m
                  [36m<span[39m
                    [33mclass[39m=[32m"mr-2"[39m
                  [36m>[39m
                    [0mIniciar Proyecto[0m
                  [36m</span>[39m
                  [36m<svg[39m
                    [33maria-hidden[39m=[32m"true"[39m
                    [33mclass[39m=[32m"lucide lucide-arrow-right group-hover:translate-x-1 transition-transform"[39m
                    [33mfill[39m=[32m"none"[39m
                    [33mheight[39m=[32m"20"[39m
                    [33mstroke[39m=[32m"currentColor"[39m
                    [33mstroke-linecap[39m=[32m"round"[39m
                    [33mstroke-linejoin[39m=[32m"round"[39m
                    [33mstroke-width[39m=[32m"2"[39m
                    [33mviewBox[39m=[32m"0 0 24 24"[39m
                    [33mwidth[39m=[32m"20"[39m
                    [33mxmlns[39m=[32m"http://www.w3.org/2000/svg"[39m
                  [36m>[39m
                    [36m<path[39m
                      [33md[39m=[32m"M5 12h14"[39m
                    [36m/>[39m
                    [36m<path[39m
                      [33md[39m=[32m"m12 5 7 7-7 7"[39m
                    [36m/>[39m
                  [36m</svg>[39m
                [36m</button>[39m
              [36m</div>[39m
            [36m</div>[39m
          [36m</div>[39m
          [36m<div[39m
            [33mclass[39m=[32m"absolute bottom-10 left-1/2 -translate-x-1/2 flex flex-col items-center gap-2"[39m
            [33mstyle[39m=[32m"opacity: 0;"[39m
          [36m>[39m
            [36m<div[39m
              [33mclass[39m=[32m"w-[1px] h-16 bg-gradient-to-b from-gray-500 to-transparent"[39m
            [36m/>[39m
          [36m</div>[39m
        [36m</section>[39m
        [36m<nav[39m
          [33mclass[39m=[32m"fixed top-0 left-0 w-full z-50 transition-all duration-500 py-8 bg-transparent"[39m
        [36m>[39m
          [36m<div[39m
            [33mclass[39m=[32m"container mx-auto px-6 flex justify-between items-center"[39m
          [36m>[39m
            [36m<a[39m
              [33mclass[39m=[32m"text-2xl font-serif italic font-bold text-[var(--color-text)] z-50 relative"[39m
              [33mhref[39m=[32m"#"[39m
            [36m>[39m
              [0mOhtli.[0m
            [36m</a>[39m
            [36m<div[39m
              [33mclass[39m=[32m"hidden md:flex items-center gap-12"[39m
            [36m>[39m
              [36m<a[39m
                [33mclass[39m=[32m"text-sm uppercase tracking-widest text-[var(--color-text-muted)] hover:text-[var(--color-text)] transition-colors duration-300"[39m
                [33mhref[39m=[32m"#about"[39m
              [36m>[39m
                [0mNosotros[0m
              [36m</a>[39m
              [36m<a[39m
                [33mclass[39m=[32m"text-sm uppercase tracking-widest text-[var(--color-text-muted)] hover:text-[var(--color-text)] transition-colors duration-300"[39m
                [33mhref[39m=[32m"#services"[39m
              [36m>[39m
                [0mServicios[0m
              [36m</a>[39m
              [36m<a[39m
                [33mclass[39m=[32m"text-sm uppercase tracking-widest text-[var(--color-text-muted)] hover:text-[var(--color-text)] transition-colors duration-300"[39m
                [33mhref[39m=[32m"#projects"[39m
              [36m>[39m
                [0mProyectos[0m
              [36m</a>[39m
              [36m<a[39m
                [33mclass[39m=[32m"text-sm uppercase tracking-widest text-[var(--color-text-muted)] hover:text-[var(--color-text)] transition-colors duration-300"[39m
       ...

Ignored nodes: comments, script, style
[36m<body>[39m
  [36m<div>[39m
    [36m<div[39m
      [33mclass[39m=[32m"bg-background min-h-screen text-[var(--color-text)] selection:bg-primary/30 transition-colors duration-500 relative"[39m
    [36m>[39m
      [36m<div[39m
        [33mclass[39m=[32m"noise-bg"[39m
      [36m/>[39m
      [36m<main>[39m
        [36m<section[39m
          [33mclass[39m=[32m"relative min-h-screen flex flex-col justify-center items-center overflow-hidden bg-background pt-20"[39m
          [33mid[39m=[32m"home"[39m
        [36m>[39m
          [36m<div[39m
            [33mclass[39m=[32m"absolute inset-0 overflow-hidden pointer-events-none"[39m
          [36m>[39m
            [36m<div[39m
              [33mclass[39m=[32m"absolute top-1/4 right-10 w-[40vw] h-[40vw] opacity-80 mix-blend-screen"[39m
              [33mstyle[39m=[32m"opacity: 0.5366648665862158; transform: scale(0.934166216646554) rotate(-3.2916891676723026deg);"[39m
            [36m>[39m
              [36m<img[39m
                [33malt[39m=[32m"Abstract 3D Shape"[39m
                [33mclass[39m=[32m"w-full h-full object-contain"[39m
                [33msrc[39m=[32m"/src/assets/hero-obj.png"[39m
              [36m/>[39m
            [36m</div>[39m
            [36m<div[39m
              [33mclass[39m=[32m"absolute -bottom-20 -left-20 w-[600px] h-[600px] bg-primary/20 rounded-full blur-[120px]"[39m
              [33mstyle[39m=[32m"transform: scale(1.024473878002027); opacity: 0.32447387800202704;"[39m
            [36m/>[39m
          [36m</div>[39m
          [36m<div[39m
            [33mclass[39m=[32m"container mx-auto px-6 relative z-10 text-center"[39m
          [36m>[39m
            [36m<div[39m
              [33mclass[39m=[32m"flex flex-col items-center"[39m
              [33mstyle[39m=[32m"opacity: 1; transform: none;"[39m
            [36m>[39m
              [36m<h1[39m
                [33mclass[39m=[32m"text-[25vw] leading-[0.8] font-serif italic tracking-tighter text-white mix-blend-difference select-none"[39m
                [33mstyle[39m=[32m"opacity: 0.9925214447866892; transform: scale(0.999252144478669);"[39m
              [36m>[39m
                [0mOhtli.[0m
              [36m</h1>[39m
              [36m<p[39m
                [33mclass[39m=[32m"text-xl md:text-3xl font-light text-gray-300 mt-8 max-w-2xl tracking-wide"[39m
                [33mstyle[39m=[32m"opacity: 0.6562066073238384; transform: translateY(6.875867853523232px);"[39m
              [36m>[39m
                [0mFusionamos tecnología con experiencias.[0m
              [36m</p>[39m
              [36m<div[39m
                [33mclass[39m=[32m"mt-12"[39m
                [33mstyle[39m=[32m"opacity: 0;"[39m
              [36m>[39m
                [36m<button[39m
                  [33mclass[39m=[32m"px-6 py-3 rounded-full font-medium transition-all duration-300 flex items-center justify-center gap-2 bg-primary hover:bg-blue-600 text-white shadow-lg hover:shadow-blue-500/30 rounded-full px-8 py-4 text-lg group bg-white text-black hover:bg-gray-200 border-none"[39m
                  [33mtabindex[39m=[32m"0"[39m
                [36m>[39m
                  [36m<span[39m
                    [33mclass[39m=[32m"mr-2"[39m
                  [36m>[39m
                    [0mIniciar Proyecto[0m
                  [36m</span>[39m
                  [36m<svg[39m
                    [33maria-hidden[39m=[32m"true"[39m
                    [33mclass[39m=[32m"lucide lucide-arrow-right group-hover:translate-x-1 transition-transform"[39m
                    [33mfill[39m=[32m"none"[39m
                    [33mheight[39m=[32m"20"[39m
                    [33mstroke[39m=[32m"currentColor"[39m
                    [33mstroke-linecap[39m=[32m"round"[39m
                    [33mstroke-linejoin[39m=[32m"round"[39m
                    [33mstroke-width[39m=[32m"2"[39m
                    [33mviewBox[39m=[32m"0 0 24 24"[39m
                    [33mwidth[39m=[32m"20"[39m
                    [33mxmlns[39m=[32m"http://www.w3.org/2000/svg"[39m
                  [36m>[39m
                    [36m<path[39m
                      [33md[39m=[32m"M5 12h14"[39m
                    [36m/>[39m
                    [36m<path[39m
                      [33md[39m=[32m"m12 5 7 7-7 7"[39m
                    [36m/>[39m
                  [36m</svg>[39m
                [36m</button>[39m
              [36m</div>[39m
            [36m</div>[39m
          [36m</div>[39m
          [36m<div[39m
            [33mclass[39m=[32m"absolute bottom-10 left-1/2 -translate-x-1/2 flex flex-col items-center gap-2"[39m
            [33mstyle[39m=[32m"opacity: 0;"[39m
          [36m>[39m
            [36m<div[39m
              [33mclass[39m=[32m"w-[1px] h-16 bg-gradient-to-b from-gray-500 to-transparent"[39m
            [36m/>[39m
          [36m</div>[39m
        [36m</section>[39m
        [36m<nav[39m
          [33mclass[39m=[32m"fixed top-0 left-0 w-full z-50 transition-all duration-500 py-8 bg-transparent"[39m
        [36m>[39m
          [36m<div[39m
            [33mclass[39m=[32m"container mx-auto px-6 flex justify-between items-center"[39m
          [36m>[39m
            [36m<a[39m
              [33mclass[39m=[32m"text-2xl font-serif italic font-bold text-[var(--color-text)] z-50 relative"[39m
              [33mhref[39m=[32m"#"[39m
            [36m>[39m
              [0mOhtli.[0m
            [36m</a>[39m
            [36m<div[39m
              [33mclass[39m=[32m"hidden md:flex items-center gap-12"[39m
            [36m>[39m
              [36m<a[39m
                [33mclass[39m=[32m"text-sm uppercase tracking-widest text-[var(--color-text-muted)] hover:text-[var(--color-text)] transition-colors duration-300"[39m
                [33mhref[39m=[32m"#about"[39m
              [36m>[39m
                [0mNosotros[0m
              [36m</a>[39m
              [36m<a[39m
                [33mclass[39m=[32m"text-sm uppercase tracking-widest text-[var(--color-text-muted)] hover:text-[var(--color-text)] transition-colors duration-300"[39m
                [33mhref[39m=[32m"#services"[39m
              [36m>[39m
                [0mServicios[0m
              [36m</a>[39m
              [36m<a[39m
                [33mclass[39m=[32m"text-sm uppercase tracking-widest text-[var(--color-text-muted)] hover:text-[var(--color-text)] transition-colors duration-300"[39m
                [33mhref[39m=[32m"#projects"[39m
              [36m>[39m
                [0mProyectos[0m
              [36m</a>[39m
              [36m<a[39m
                [33mclass[39m=[32m"text-sm uppercase tracking-widest text-[var(--color-text-muted)] hover:text-[var(--color-text)] transition-colors duration-300"[39m
       ...
   ✓ Ohtli Landing Page > renders the Navbar with correct links 41ms
   ✓ Ohtli Landing Page > renders the Hero section with main slogan 69ms

⎯⎯⎯⎯⎯⎯⎯ Failed Tests 1 ⎯⎯⎯⎯⎯⎯⎯

 FAIL  src/App.test.jsx > Ohtli Landing Page > renders the App without crashing
TestingLibraryElementError: Found multiple elements with the text: /Ohtli/i

Here are the matching elements:

Ignored nodes: comments, script, style
[36m<h1[39m
  [33mclass[39m=[32m"text-[25vw] leading-[0.8] font-serif italic tracking-tighter text-white mix-blend-difference select-none"[39m
  [33mstyle[39m=[32m"opacity: 0.9925214447866892; transform: scale(0.999252144478669);"[39m
[36m>[39m
  [0mOhtli.[0m
[36m</h1>[39m

Ignored nodes: comments, script, style
[36m<a[39m
  [33mclass[39m=[32m"text-2xl font-serif italic font-bold text-[var(--color-text)] z-50 relative"[39m
  [33mhref[39m=[32m"#"[39m
[36m>[39m
  [0mOhtli.[0m
[36m</a>[39m

Ignored nodes: comments, script, style
[36m<h2[39m
  [33mclass[39m=[32m"text-sm uppercase tracking-[0.3em] text-gray-500 mb-8 md:mb-0"[39m
[36m>[39m
  [0mFilosofía Ohtli.[0m
[36m</h2>[39m

Ignored nodes: comments, script, style
[36m<span[39m
  [33mclass[39m=[32m"text-white font-serif italic"[39m
[36m>[39m
  [0mOhtli[0m
[36m</span>[39m

Ignored nodes: comments, script, style
[36m<p[39m
  [33mclass[39m=[32m"text-xl text-gray-300 mb-8 leading-relaxed font-light italic"[39m
[36m>[39m
  [0m"[0m
  [0mOhtli transformó completamente nuestra presencia digital. Su enfoque artístico combinado con una ejecución técnica impecable es único en el mercado.[0m
  [0m"[0m
[36m</p>[39m

Ignored nodes: comments, script, style
[36m<a[39m
  [33mclass[39m=[32m"text-3xl text-white hover:text-primary transition-colors border-b border-white/20 hover:border-primary pb-2 inline-block"[39m
  [33mhref[39m=[32m"mailto:hola@ohtli.studio"[39m
[36m>[39m
  [0mhola@ohtli.studio[0m
[36m</a>[39m

Ignored nodes: comments, script, style
[36m<p[39m
  [33mclass[39m=[32m"text-gray-600 text-sm"[39m
[36m>[39m
  [0m© [0m
  [0m2025[0m
  [0m Ohtli Studio. [0m
  [36m<br />[39m
  [0mAll rights reserved.[0m
[36m</p>[39m

Ignored nodes: comments, script, style
[36m<h2[39m
  [33mclass[39m=[32m"text-[15vw] leading-[0.8] font-serif italic text-white select-none"[39m
[36m>[39m
  [0mOhtli.[0m
[36m</h2>[39m

Ignored nodes: comments, script, style
[36m<p[39m
  [33mclass[39m=[32m"text-gray-600 text-sm"[39m
[36m>[39m
  [0m© [0m
  [0m2025[0m
  [0m Ohtli Studio. Todos los derechos reservados.[0m
[36m</p>[39m

(If this is intentional, then use the `*AllBy*` variant of the query (like `queryAllByText`, `getAllByText`, or `findAllByText`)).

Ignored nodes: comments, script, style
[36m<body>[39m
  [36m<div>[39m
    [36m<div[39m
      [33mclass[39m=[32m"bg-background min-h-screen text-[var(--color-text)] selection:bg-primary/30 transition-colors duration-500 relative"[39m
    [36m>[39m
      [36m<div[39m
        [33mclass[39m=[32m"noise-bg"[39m
      [36m/>[39m
      [36m<main>[39m
        [36m<section[39m
          [33mclass[39m=[32m"relative min-h-screen flex flex-col justify-center items-center overflow-hidden bg-background pt-20"[39m
          [33mid[39m=[32m"home"[39m
        [36m>[39m
          [36m<div[39m
            [33mclass[39m=[32m"absolute inset-0 overflow-hidden pointer-events-none"[39m
          [36m>[39m
            [36m<div[39m
              [33mclass[39m=[32m"absolute top-1/4 right-10 w-[40vw] h-[40vw] opacity-80 mix-blend-screen"[39m
              [33mstyle[39m=[32m"opacity: 0.5366648665862158; transform: scale(0.934166216646554) rotate(-3.2916891676723026deg);"[39m
            [36m>[39m
              [36m<img[39m
                [33malt[39m=[32m"Abstract 3D Shape"[39m
                [33mclass[39m=[32m"w-full h-full object-contain"[39m
                [33msrc[39m=[32m"/src/assets/hero-obj.png"[39m
              [36m/>[39m
            [36m</div>[39m
            [36m<div[39m
              [33mclass[39m=[32m"absolute -bottom-20 -left-20 w-[600px] h-[600px] bg-primary/20 rounded-full blur-[120px]"[39m
              [33mstyle[39m=[32m"transform: scale(1.024473878002027); opacity: 0.32447387800202704;"[39m
            [36m/>[39m
          [36m</div>[39m
          [36m<div[39m
            [33mclass[39m=[32m"container mx-auto px-6 relative z-10 text-center"[39m
          [36m>[39m
            [36m<div[39m
              [33mclass[39m=[32m"flex flex-col items-center"[39m
              [33mstyle[39m=[32m"opacity: 1; transform: none;"[39m
            [36m>[39m
              [36m<h1[39m
                [33mclass[39m=[32m"text-[25vw] leading-[0.8] font-serif italic tracking-tighter text-white mix-blend-difference select-none"[39m
                [33mstyle[39m=[32m"opacity: 0.9925214447866892; transform: scale(0.999252144478669);"[39m
              [36m>[39m
                [0mOhtli.[0m
              [36m</h1>[39m
              [36m<p[39m
                [33mclass[39m=[32m"text-xl md:text-3xl font-light text-gray-300 mt-8 max-w-2xl tracking-wide"[39m
                [33mstyle[39m=[32m"opacity: 0.6562066073238384; transform: translateY(6.875867853523232px);"[39m
              [36m>[39m
                [0mFusionamos tecnología con experiencias.[0m
              [36m</p>[39m
              [36m<div[39m
                [33mclass[39m=[32m"mt-12"[39m
                [33mstyle[39m=[32m"opacity: 0;"[39m
              [36m>[39m
                [36m<button[39m
                  [33mclass[39m=[32m"px-6 py-3 rounded-full font-medium transition-all duration-300 flex items-center justify-center gap-2 bg-primary hover:bg-blue-600 text-white shadow-lg hover:shadow-blue-500/30 rounded-full px-8 py-4 text-lg group bg-white text-black hover:bg-gray-200 border-none"[39m
                  [33mtabindex[39m=[32m"0"[39m
                [36m>[39m
                  [36m<span[39m
                    [33mclass[39m=[32m"mr-2"[39m
                  [36m>[39m
                    [0mIniciar Proyecto[0m
                  [36m</span>[39m
                  [36m<svg[39m
                    [33maria-hidden[39m=[32m"true"[39m
                    [33mclass[39m=[32m"lucide lucide-arrow-right group-hover:translate-x-1 transition-transform"[39m
                    [33mfill[39m=[32m"none"[39m
                    [33mheight[39m=[32m"20"[39m
                    [33mstroke[39m=[32m"currentColor"[39m
                    [33mstroke-linecap[39m=[32m"round"[39m
                    [33mstroke-linejoin[39m=[32m"round"[39m
                    [33mstroke-width[39m=[32m"2"[39m
                    [33mviewBox[39m=[32m"0 0 24 24"[39m
                    [33mwidth[39m=[32m"20"[39m
                    [33mxmlns[39m=[32m"http://www.w3.org/2000/svg"[39m
                  [36m>[39m
                    [36m<path[39m
                      [33md[39m=[32m"M5 12h14"[39m
                    [36m/>[39m
                    [36m<path[39m
                      [33md[39m=[32m"m12 5 7 7-7 7"[39m
                    [36m/>[39m
                  [36m</svg>[39m
                [36m</button>[39m
              [36m</div>[39m
            [36m</div>[39m
          [36m</div>[39m
          [36m<div[39m
            [33mclass[39m=[32m"absolute bottom-10 left-1/2 -translate-x-1/2 flex flex-col items-center gap-2"[39m
            [33mstyle[39m=[32m"opacity: 0;"[39m
          [36m>[39m
            [36m<div[39m
              [33mclass[39m=[32m"w-[1px] h-16 bg-gradient-to-b from-gray-500 to-transparent"[39m
            [36m/>[39m
          [36m</div>[39m
        [36m</section>[39m
        [36m<nav[39m
          [33mclass[39m=[32m"fixed top-0 left-0 w-full z-50 transition-all duration-500 py-8 bg-transparent"[39m
        [36m>[39m
          [36m<div[39m
            [33mclass[39m=[32m"container mx-auto px-6 flex justify-between items-center"[39m
          [36m>[39m
            [36m<a[39m
              [33mclass[39m=[32m"text-2xl font-serif italic font-bold text-[var(--color-text)] z-50 relative"[39m
              [33mhref[39m=[32m"#"[39m
            [36m>[39m
              [0mOhtli.[0m
            [36m</a>[39m
            [36m<div[39m
              [33mclass[39m=[32m"hidden md:flex items-center gap-12"[39m
            [36m>[39m
              [36m<a[39m
                [33mclass[39m=[32m"text-sm uppercase tracking-widest text-[var(--color-text-muted)] hover:text-[var(--color-text)] transition-colors duration-300"[39m
                [33mhref[39m=[32m"#about"[39m
              [36m>[39m
                [0mNosotros[0m
              [36m</a>[39m
              [36m<a[39m
                [33mclass[39m=[32m"text-sm uppercase tracking-widest text-[var(--color-text-muted)] hover:text-[var(--color-text)] transition-colors duration-300"[39m
                [33mhref[39m=[32m"#services"[39m
              [36m>[39m
                [0mServicios[0m
              [36m</a>[39m
              [36m<a[39m
                [33mclass[39m=[32m"text-sm uppercase tracking-widest text-[var(--color-text-muted)] hover:text-[var(--color-text)] transition-colors duration-300"[39m
                [33mhref[39m=[32m"#projects"[39m
              [36m>[39m
                [0mProyectos[0m
              [36m</a>[39m
              [36m<a[39m
                [33mclass[39m=[32m"text-sm uppercase tracking-widest text-[var(--color-text-muted)] hover:text-[var(--color-text)] transition-colors duration-300"[39m
       ...

Ignored nodes: comments, script, style
[36m<body>[39m
  [36m<div>[39m
    [36m<div[39m
      [33mclass[39m=[32m"bg-background min-h-screen text-[var(--color-text)] selection:bg-primary/30 transition-colors duration-500 relative"[39m
    [36m>[39m
      [36m<div[39m
        [33mclass[39m=[32m"noise-bg"[39m
      [36m/>[39m
      [36m<main>[39m
        [36m<section[39m
          [33mclass[39m=[32m"relative min-h-screen flex flex-col justify-center items-center overflow-hidden bg-background pt-20"[39m
          [33mid[39m=[32m"home"[39m
        [36m>[39m
          [36m<div[39m
            [33mclass[39m=[32m"absolute inset-0 overflow-hidden pointer-events-none"[39m
          [36m>[39m
            [36m<div[39m
              [33mclass[39m=[32m"absolute top-1/4 right-10 w-[40vw] h-[40vw] opacity-80 mix-blend-screen"[39m
              [33mstyle[39m=[32m"opacity: 0.5366648665862158; transform: scale(0.934166216646554) rotate(-3.2916891676723026deg);"[39m
            [36m>[39m
              [36m<img[39m
                [33malt[39m=[32m"Abstract 3D Shape"[39m
                [33mclass[39m=[32m"w-full h-full object-contain"[39m
                [33msrc[39m=[32m"/src/assets/hero-obj.png"[39m
              [36m/>[39m
            [36m</div>[39m
            [36m<div[39m
              [33mclass[39m=[32m"absolute -bottom-20 -left-20 w-[600px] h-[600px] bg-primary/20 rounded-full blur-[120px]"[39m
              [33mstyle[39m=[32m"transform: scale(1.024473878002027); opacity: 0.32447387800202704;"[39m
            [36m/>[39m
          [36m</div>[39m
          [36m<div[39m
            [33mclass[39m=[32m"container mx-auto px-6 relative z-10 text-center"[39m
          [36m>[39m
            [36m<div[39m
              [33mclass[39m=[32m"flex flex-col items-center"[39m
              [33mstyle[39m=[32m"opacity: 1; transform: none;"[39m
            [36m>[39m
              [36m<h1[39m
                [33mclass[39m=[32m"text-[25vw] leading-[0.8] font-serif italic tracking-tighter text-white mix-blend-difference select-none"[39m
                [33mstyle[39m=[32m"opacity: 0.9925214447866892; transform: scale(0.999252144478669);"[39m
              [36m>[39m
                [0mOhtli.[0m
              [36m</h1>[39m
              [36m<p[39m
                [33mclass[39m=[32m"text-xl md:text-3xl font-light text-gray-300 mt-8 max-w-2xl tracking-wide"[39m
                [33mstyle[39m=[32m"opacity: 0.6562066073238384; transform: translateY(6.875867853523232px);"[39m
              [36m>[39m
                [0mFusionamos tecnología con experiencias.[0m
              [36m</p>[39m
              [36m<div[39m
                [33mclass[39m=[32m"mt-12"[39m
                [33mstyle[39m=[32m"opacity: 0;"[39m
              [36m>[39m
                [36m<button[39m
                  [33mclass[39m=[32m"px-6 py-3 rounded-full font-medium transition-all duration-300 flex items-center justify-center gap-2 bg-primary hover:bg-blue-600 text-white shadow-lg hover:shadow-blue-500/30 rounded-full px-8 py-4 text-lg group bg-white text-black hover:bg-gray-200 border-none"[39m
                  [33mtabindex[39m=[32m"0"[39m
                [36m>[39m
                  [36m<span[39m
                    [33mclass[39m=[32m"mr-2"[39m
                  [36m>[39m
                    [0mIniciar Proyecto[0m
                  [36m</span>[39m
                  [36m<svg[39m
                    [33maria-hidden[39m=[32m"true"[39m
                    [33mclass[39m=[32m"lucide lucide-arrow-right group-hover:translate-x-1 transition-transform"[39m
                    [33mfill[39m=[32m"none"[39m
                    [33mheight[39m=[32m"20"[39m
                    [33mstroke[39m=[32m"currentColor"[39m
                    [33mstroke-linecap[39m=[32m"round"[39m
                    [33mstroke-linejoin[39m=[32m"round"[39m
                    [33mstroke-width[39m=[32m"2"[39m
                    [33mviewBox[39m=[32m"0 0 24 24"[39m
                    [33mwidth[39m=[32m"20"[39m
                    [33mxmlns[39m=[32m"http://www.w3.org/2000/svg"[39m
                  [36m>[39m
                    [36m<path[39m
                      [33md[39m=[32m"M5 12h14"[39m
                    [36m/>[39m
                    [36m<path[39m
                      [33md[39m=[32m"m12 5 7 7-7 7"[39m
                    [36m/>[39m
                  [36m</svg>[39m
                [36m</button>[39m
              [36m</div>[39m
            [36m</div>[39m
          [36m</div>[39m
          [36m<div[39m
            [33mclass[39m=[32m"absolute bottom-10 left-1/2 -translate-x-1/2 flex flex-col items-center gap-2"[39m
            [33mstyle[39m=[32m"opacity: 0;"[39m
          [36m>[39m
            [36m<div[39m
              [33mclass[39m=[32m"w-[1px] h-16 bg-gradient-to-b from-gray-500 to-transparent"[39m
            [36m/>[39m
          [36m</div>[39m
        [36m</section>[39m
        [36m<nav[39m
          [33mclass[39m=[32m"fixed top-0 left-0 w-full z-50 transition-all duration-500 py-8 bg-transparent"[39m
        [36m>[39m
          [36m<div[39m
            [33mclass[39m=[32m"container mx-auto px-6 flex justify-between items-center"[39m
          [36m>[39m
            [36m<a[39m
              [33mclass[39m=[32m"text-2xl font-serif italic font-bold text-[var(--color-text)] z-50 relative"[39m
              [33mhref[39m=[32m"#"[39m
            [36m>[39m
              [0mOhtli.[0m
            [36m</a>[39m
            [36m<div[39m
              [33mclass[39m=[32m"hidden md:flex items-center gap-12"[39m
            [36m>[39m
              [36m<a[39m
                [33mclass[39m=[32m"text-sm uppercase tracking-widest text-[var(--color-text-muted)] hover:text-[var(--color-text)] transition-colors duration-300"[39m
                [33mhref[39m=[32m"#about"[39m
              [36m>[39m
                [0mNosotros[0m
              [36m</a>[39m
              [36m<a[39m
                [33mclass[39m=[32m"text-sm uppercase tracking-widest text-[var(--color-text-muted)] hover:text-[var(--color-text)] transition-colors duration-300"[39m
                [33mhref[39m=[32m"#services"[39m
              [36m>[39m
                [0mServicios[0m
              [36m</a>[39m
              [36m<a[39m
                [33mclass[39m=[32m"text-sm uppercase tracking-widest text-[var(--color-text-muted)] hover:text-[var(--color-text)] transition-colors duration-300"[39m
                [33mhref[39m=[32m"#projects"[39m
              [36m>[39m
                [0mProyectos[0m
              [36m</a>[39m
              [36m<a[39m
                [33mclass[39m=[32m"text-sm uppercase tracking-widest text-[var(--color-text-muted)] hover:text-[var(--color-text)] transition-colors duration-300"[39m
       ...
 ❯ waitForWrapper node_modules/@testing-library/dom/dist/wait-for.js:163:27
 ❯ node_modules/@testing-library/dom/dist/query-helpers.js:86:33
 ❯ src/App.test.jsx:26:25
     24|     // However, App wraps Navbar in ThemeProvider, so it should be fin…
     25|     // Let's use findByText to await it just in case of any async rend…
     26|     expect(await screen.findByText(/Ohtli/i)).toBeInTheDocument();
       |                         ^
     27|   });
     28| 

⎯⎯⎯⎯⎯⎯⎯⎯⎯⎯⎯⎯⎯⎯⎯⎯⎯⎯⎯⎯⎯⎯⎯⎯[1/1]⎯


 Test Files  1 failed (1)
      Tests  1 failed | 2 passed (3)
   Start at  12:20:40
   Duration  2.01s

 FAIL  Tests failed. Watching for file changes...
       press h to show help, press q to quit
c[3J RERUN  src/sections/Process.jsx x4 

stdout | src/App.test.jsx > Ohtli Landing Page > renders the App without crashing
Rendering Technologies

 ❯ src/App.test.jsx (3 tests | 1 failed) 1650ms
   × Ohtli Landing Page > renders the App without crashing 1407ms
     → Found multiple elements with the text: /Ohtli/i

Here are the matching elements:

Ignored nodes: comments, script, style
[36m<h1[39m
  [33mclass[39m=[32m"text-[25vw] leading-[0.8] font-serif italic tracking-tighter text-white mix-blend-difference select-none"[39m
  [33mstyle[39m=[32m"opacity: 0.9896372616494773; transform: scale(0.9989637261649478);"[39m
[36m>[39m
  [0mOhtli.[0m
[36m</h1>[39m

Ignored nodes: comments, script, style
[36m<a[39m
  [33mclass[39m=[32m"text-2xl font-serif italic font-bold text-[var(--color-text)] z-50 relative"[39m
  [33mhref[39m=[32m"#"[39m
[36m>[39m
  [0mOhtli.[0m
[36m</a>[39m

Ignored nodes: comments, script, style
[36m<h2[39m
  [33mclass[39m=[32m"text-sm uppercase tracking-[0.3em] text-gray-500 mb-8 md:mb-0"[39m
[36m>[39m
  [0mFilosofía Ohtli.[0m
[36m</h2>[39m

Ignored nodes: comments, script, style
[36m<span[39m
  [33mclass[39m=[32m"text-white font-serif italic"[39m
[36m>[39m
  [0mOhtli[0m
[36m</span>[39m

Ignored nodes: comments, script, style
[36m<p[39m
  [33mclass[39m=[32m"text-xl text-gray-300 mb-8 leading-relaxed font-light italic"[39m
[36m>[39m
  [0m"[0m
  [0mOhtli transformó completamente nuestra presencia digital. Su enfoque artístico combinado con una ejecución técnica impecable es único en el mercado.[0m
  [0m"[0m
[36m</p>[39m

Ignored nodes: comments, script, style
[36m<a[39m
  [33mclass[39m=[32m"text-3xl text-white hover:text-primary transition-colors border-b border-white/20 hover:border-primary pb-2 inline-block"[39m
  [33mhref[39m=[32m"mailto:hola@ohtli.studio"[39m
[36m>[39m
  [0mhola@ohtli.studio[0m
[36m</a>[39m

Ignored nodes: comments, script, style
[36m<p[39m
  [33mclass[39m=[32m"text-gray-600 text-sm"[39m
[36m>[39m
  [0m© [0m
  [0m2025[0m
  [0m Ohtli Studio. [0m
  [36m<br />[39m
  [0mAll rights reserved.[0m
[36m</p>[39m

Ignored nodes: comments, script, style
[36m<h2[39m
  [33mclass[39m=[32m"text-[15vw] leading-[0.8] font-serif italic text-white select-none"[39m
[36m>[39m
  [0mOhtli.[0m
[36m</h2>[39m

Ignored nodes: comments, script, style
[36m<p[39m
  [33mclass[39m=[32m"text-gray-600 text-sm"[39m
[36m>[39m
  [0m© [0m
  [0m2025[0m
  [0m Ohtli Studio. Todos los derechos reservados.[0m
[36m</p>[39m

(If this is intentional, then use the `*AllBy*` variant of the query (like `queryAllByText`, `getAllByText`, or `findAllByText`)).

Ignored nodes: comments, script, style
[36m<body>[39m
  [36m<div>[39m
    [36m<div[39m
      [33mclass[39m=[32m"bg-background min-h-screen text-[var(--color-text)] selection:bg-primary/30 transition-colors duration-500 relative"[39m
    [36m>[39m
      [36m<div[39m
        [33mclass[39m=[32m"noise-bg"[39m
      [36m/>[39m
      [36m<main>[39m
        [36m<section[39m
          [33mclass[39m=[32m"relative min-h-screen flex flex-col justify-center items-center overflow-hidden bg-background pt-20"[39m
          [33mid[39m=[32m"home"[39m
        [36m>[39m
          [36m<div[39m
            [33mclass[39m=[32m"absolute inset-0 overflow-hidden pointer-events-none"[39m
          [36m>[39m
            [36m<div[39m
              [33mclass[39m=[32m"absolute top-1/4 right-10 w-[40vw] h-[40vw] opacity-80 mix-blend-screen"[39m
              [33mstyle[39m=[32m"opacity: 0.5142877239035443; transform: scale(0.9285719309758861) rotate(-3.571403451205697deg);"[39m
            [36m>[39m
              [36m<img[39m
                [33malt[39m=[32m"Abstract 3D Shape"[39m
                [33mclass[39m=[32m"w-full h-full object-contain"[39m
                [33msrc[39m=[32m"/src/assets/hero-obj.png"[39m
              [36m/>[39m
            [36m</div>[39m
            [36m<div[39m
              [33mclass[39m=[32m"absolute -bottom-20 -left-20 w-[600px] h-[600px] bg-primary/20 rounded-full blur-[120px]"[39m
              [33mstyle[39m=[32m"transform: scale(1.0219277010124643); opacity: 0.3219277010124642;"[39m
            [36m/>[39m
          [36m</div>[39m
          [36m<div[39m
            [33mclass[39m=[32m"container mx-auto px-6 relative z-10 text-center"[39m
          [36m>[39m
            [36m<div[39m
              [33mclass[39m=[32m"flex flex-col items-center"[39m
              [33mstyle[39m=[32m"opacity: 1; transform: none;"[39m
            [36m>[39m
              [36m<h1[39m
                [33mclass[39m=[32m"text-[25vw] leading-[0.8] font-serif italic tracking-tighter text-white mix-blend-difference select-none"[39m
                [33mstyle[39m=[32m"opacity: 0.9896372616494773; transform: scale(0.9989637261649478);"[39m
              [36m>[39m
                [0mOhtli.[0m
              [36m</h1>[39m
              [36m<p[39m
                [33mclass[39m=[32m"text-xl md:text-3xl font-light text-gray-300 mt-8 max-w-2xl tracking-wide"[39m
                [33mstyle[39m=[32m"opacity: 0.59938342726673; transform: translateY(8.0123314546654px);"[39m
              [36m>[39m
                [0mFusionamos tecnología con experiencias.[0m
              [36m</p>[39m
              [36m<div[39m
                [33mclass[39m=[32m"mt-12"[39m
                [33mstyle[39m=[32m"opacity: 0;"[39m
              [36m>[39m
                [36m<button[39m
                  [33mclass[39m=[32m"px-6 py-3 rounded-full font-medium transition-all duration-300 flex items-center justify-center gap-2 bg-primary hover:bg-blue-600 text-white shadow-lg hover:shadow-blue-500/30 rounded-full px-8 py-4 text-lg group bg-white text-black hover:bg-gray-200 border-none"[39m
                  [33mtabindex[39m=[32m"0"[39m
                [36m>[39m
                  [36m<span[39m
                    [33mclass[39m=[32m"mr-2"[39m
                  [36m>[39m
                    [0mIniciar Proyecto[0m
                  [36m</span>[39m
                  [36m<svg[39m
                    [33maria-hidden[39m=[32m"true"[39m
                    [33mclass[39m=[32m"lucide lucide-arrow-right group-hover:translate-x-1 transition-transform"[39m
                    [33mfill[39m=[32m"none"[39m
                    [33mheight[39m=[32m"20"[39m
                    [33mstroke[39m=[32m"currentColor"[39m
                    [33mstroke-linecap[39m=[32m"round"[39m
                    [33mstroke-linejoin[39m=[32m"round"[39m
                    [33mstroke-width[39m=[32m"2"[39m
                    [33mviewBox[39m=[32m"0 0 24 24"[39m
                    [33mwidth[39m=[32m"20"[39m
                    [33mxmlns[39m=[32m"http://www.w3.org/2000/svg"[39m
                  [36m>[39m
                    [36m<path[39m
                      [33md[39m=[32m"M5 12h14"[39m
                    [36m/>[39m
                    [36m<path[39m
                      [33md[39m=[32m"m12 5 7 7-7 7"[39m
                    [36m/>[39m
                  [36m</svg>[39m
                [36m</button>[39m
              [36m</div>[39m
            [36m</div>[39m
          [36m</div>[39m
          [36m<div[39m
            [33mclass[39m=[32m"absolute bottom-10 left-1/2 -translate-x-1/2 flex flex-col items-center gap-2"[39m
            [33mstyle[39m=[32m"opacity: 0;"[39m
          [36m>[39m
            [36m<div[39m
              [33mclass[39m=[32m"w-[1px] h-16 bg-gradient-to-b from-gray-500 to-transparent"[39m
            [36m/>[39m
          [36m</div>[39m
        [36m</section>[39m
        [36m<nav[39m
          [33mclass[39m=[32m"fixed top-0 left-0 w-full z-50 transition-all duration-500 py-8 bg-transparent"[39m
        [36m>[39m
          [36m<div[39m
            [33mclass[39m=[32m"container mx-auto px-6 flex justify-between items-center"[39m
          [36m>[39m
            [36m<a[39m
              [33mclass[39m=[32m"text-2xl font-serif italic font-bold text-[var(--color-text)] z-50 relative"[39m
              [33mhref[39m=[32m"#"[39m
            [36m>[39m
              [0mOhtli.[0m
            [36m</a>[39m
            [36m<div[39m
              [33mclass[39m=[32m"hidden md:flex items-center gap-12"[39m
            [36m>[39m
              [36m<a[39m
                [33mclass[39m=[32m"text-sm uppercase tracking-widest text-[var(--color-text-muted)] hover:text-[var(--color-text)] transition-colors duration-300"[39m
                [33mhref[39m=[32m"#about"[39m
              [36m>[39m
                [0mNosotros[0m
              [36m</a>[39m
              [36m<a[39m
                [33mclass[39m=[32m"text-sm uppercase tracking-widest text-[var(--color-text-muted)] hover:text-[var(--color-text)] transition-colors duration-300"[39m
                [33mhref[39m=[32m"#services"[39m
              [36m>[39m
                [0mServicios[0m
              [36m</a>[39m
              [36m<a[39m
                [33mclass[39m=[32m"text-sm uppercase tracking-widest text-[var(--color-text-muted)] hover:text-[var(--color-text)] transition-colors duration-300"[39m
                [33mhref[39m=[32m"#projects"[39m
              [36m>[39m
                [0mProyectos[0m
              [36m</a>[39m
              [36m<a[39m
                [33mclass[39m=[32m"text-sm uppercase tracking-widest text-[var(--color-text-muted)] hover:text-[var(--color-text)] transition-colors duration-300"[39m
          ...

Ignored nodes: comments, script, style
[36m<body>[39m
  [36m<div>[39m
    [36m<div[39m
      [33mclass[39m=[32m"bg-background min-h-screen text-[var(--color-text)] selection:bg-primary/30 transition-colors duration-500 relative"[39m
    [36m>[39m
      [36m<div[39m
        [33mclass[39m=[32m"noise-bg"[39m
      [36m/>[39m
      [36m<main>[39m
        [36m<section[39m
          [33mclass[39m=[32m"relative min-h-screen flex flex-col justify-center items-center overflow-hidden bg-background pt-20"[39m
          [33mid[39m=[32m"home"[39m
        [36m>[39m
          [36m<div[39m
            [33mclass[39m=[32m"absolute inset-0 overflow-hidden pointer-events-none"[39m
          [36m>[39m
            [36m<div[39m
              [33mclass[39m=[32m"absolute top-1/4 right-10 w-[40vw] h-[40vw] opacity-80 mix-blend-screen"[39m
              [33mstyle[39m=[32m"opacity: 0.5142877239035443; transform: scale(0.9285719309758861) rotate(-3.571403451205697deg);"[39m
            [36m>[39m
              [36m<img[39m
                [33malt[39m=[32m"Abstract 3D Shape"[39m
                [33mclass[39m=[32m"w-full h-full object-contain"[39m
                [33msrc[39m=[32m"/src/assets/hero-obj.png"[39m
              [36m/>[39m
            [36m</div>[39m
            [36m<div[39m
              [33mclass[39m=[32m"absolute -bottom-20 -left-20 w-[600px] h-[600px] bg-primary/20 rounded-full blur-[120px]"[39m
              [33mstyle[39m=[32m"transform: scale(1.0219277010124643); opacity: 0.3219277010124642;"[39m
            [36m/>[39m
          [36m</div>[39m
          [36m<div[39m
            [33mclass[39m=[32m"container mx-auto px-6 relative z-10 text-center"[39m
          [36m>[39m
            [36m<div[39m
              [33mclass[39m=[32m"flex flex-col items-center"[39m
              [33mstyle[39m=[32m"opacity: 1; transform: none;"[39m
            [36m>[39m
              [36m<h1[39m
                [33mclass[39m=[32m"text-[25vw] leading-[0.8] font-serif italic tracking-tighter text-white mix-blend-difference select-none"[39m
                [33mstyle[39m=[32m"opacity: 0.9896372616494773; transform: scale(0.9989637261649478);"[39m
              [36m>[39m
                [0mOhtli.[0m
              [36m</h1>[39m
              [36m<p[39m
                [33mclass[39m=[32m"text-xl md:text-3xl font-light text-gray-300 mt-8 max-w-2xl tracking-wide"[39m
                [33mstyle[39m=[32m"opacity: 0.59938342726673; transform: translateY(8.0123314546654px);"[39m
              [36m>[39m
                [0mFusionamos tecnología con experiencias.[0m
              [36m</p>[39m
              [36m<div[39m
                [33mclass[39m=[32m"mt-12"[39m
                [33mstyle[39m=[32m"opacity: 0;"[39m
              [36m>[39m
                [36m<button[39m
                  [33mclass[39m=[32m"px-6 py-3 rounded-full font-medium transition-all duration-300 flex items-center justify-center gap-2 bg-primary hover:bg-blue-600 text-white shadow-lg hover:shadow-blue-500/30 rounded-full px-8 py-4 text-lg group bg-white text-black hover:bg-gray-200 border-none"[39m
                  [33mtabindex[39m=[32m"0"[39m
                [36m>[39m
                  [36m<span[39m
                    [33mclass[39m=[32m"mr-2"[39m
                  [36m>[39m
                    [0mIniciar Proyecto[0m
                  [36m</span>[39m
                  [36m<svg[39m
                    [33maria-hidden[39m=[32m"true"[39m
                    [33mclass[39m=[32m"lucide lucide-arrow-right group-hover:translate-x-1 transition-transform"[39m
                    [33mfill[39m=[32m"none"[39m
                    [33mheight[39m=[32m"20"[39m
                    [33mstroke[39m=[32m"currentColor"[39m
                    [33mstroke-linecap[39m=[32m"round"[39m
                    [33mstroke-linejoin[39m=[32m"round"[39m
                    [33mstroke-width[39m=[32m"2"[39m
                    [33mviewBox[39m=[32m"0 0 24 24"[39m
                    [33mwidth[39m=[32m"20"[39m
                    [33mxmlns[39m=[32m"http://www.w3.org/2000/svg"[39m
                  [36m>[39m
                    [36m<path[39m
                      [33md[39m=[32m"M5 12h14"[39m
                    [36m/>[39m
                    [36m<path[39m
                      [33md[39m=[32m"m12 5 7 7-7 7"[39m
                    [36m/>[39m
                  [36m</svg>[39m
                [36m</button>[39m
              [36m</div>[39m
            [36m</div>[39m
          [36m</div>[39m
          [36m<div[39m
            [33mclass[39m=[32m"absolute bottom-10 left-1/2 -translate-x-1/2 flex flex-col items-center gap-2"[39m
            [33mstyle[39m=[32m"opacity: 0;"[39m
          [36m>[39m
            [36m<div[39m
              [33mclass[39m=[32m"w-[1px] h-16 bg-gradient-to-b from-gray-500 to-transparent"[39m
            [36m/>[39m
          [36m</div>[39m
        [36m</section>[39m
        [36m<nav[39m
          [33mclass[39m=[32m"fixed top-0 left-0 w-full z-50 transition-all duration-500 py-8 bg-transparent"[39m
        [36m>[39m
          [36m<div[39m
            [33mclass[39m=[32m"container mx-auto px-6 flex justify-between items-center"[39m
          [36m>[39m
            [36m<a[39m
              [33mclass[39m=[32m"text-2xl font-serif italic font-bold text-[var(--color-text)] z-50 relative"[39m
              [33mhref[39m=[32m"#"[39m
            [36m>[39m
              [0mOhtli.[0m
            [36m</a>[39m
            [36m<div[39m
              [33mclass[39m=[32m"hidden md:flex items-center gap-12"[39m
            [36m>[39m
              [36m<a[39m
                [33mclass[39m=[32m"text-sm uppercase tracking-widest text-[var(--color-text-muted)] hover:text-[var(--color-text)] transition-colors duration-300"[39m
                [33mhref[39m=[32m"#about"[39m
              [36m>[39m
                [0mNosotros[0m
              [36m</a>[39m
              [36m<a[39m
                [33mclass[39m=[32m"text-sm uppercase tracking-widest text-[var(--color-text-muted)] hover:text-[var(--color-text)] transition-colors duration-300"[39m
                [33mhref[39m=[32m"#services"[39m
              [36m>[39m
                [0mServicios[0m
              [36m</a>[39m
              [36m<a[39m
                [33mclass[39m=[32m"text-sm uppercase tracking-widest text-[var(--color-text-muted)] hover:text-[var(--color-text)] transition-colors duration-300"[39m
                [33mhref[39m=[32m"#projects"[39m
              [36m>[39m
                [0mProyectos[0m
              [36m</a>[39m
              [36m<a[39m
                [33mclass[39m=[32m"text-sm uppercase tracking-widest text-[var(--color-text-muted)] hover:text-[var(--color-text)] transition-colors duration-300"[39m
          ...
   ✓ Ohtli Landing Page > renders the Navbar with correct links 33ms
   ✓ Ohtli Landing Page > renders the Hero section with main slogan 209ms

⎯⎯⎯⎯⎯⎯⎯ Failed Tests 1 ⎯⎯⎯⎯⎯⎯⎯

 FAIL  src/App.test.jsx > Ohtli Landing Page > renders the App without crashing
TestingLibraryElementError: Found multiple elements with the text: /Ohtli/i

Here are the matching elements:

Ignored nodes: comments, script, style
[36m<h1[39m
  [33mclass[39m=[32m"text-[25vw] leading-[0.8] font-serif italic tracking-tighter text-white mix-blend-difference select-none"[39m
  [33mstyle[39m=[32m"opacity: 0.9896372616494773; transform: scale(0.9989637261649478);"[39m
[36m>[39m
  [0mOhtli.[0m
[36m</h1>[39m

Ignored nodes: comments, script, style
[36m<a[39m
  [33mclass[39m=[32m"text-2xl font-serif italic font-bold text-[var(--color-text)] z-50 relative"[39m
  [33mhref[39m=[32m"#"[39m
[36m>[39m
  [0mOhtli.[0m
[36m</a>[39m

Ignored nodes: comments, script, style
[36m<h2[39m
  [33mclass[39m=[32m"text-sm uppercase tracking-[0.3em] text-gray-500 mb-8 md:mb-0"[39m
[36m>[39m
  [0mFilosofía Ohtli.[0m
[36m</h2>[39m

Ignored nodes: comments, script, style
[36m<span[39m
  [33mclass[39m=[32m"text-white font-serif italic"[39m
[36m>[39m
  [0mOhtli[0m
[36m</span>[39m

Ignored nodes: comments, script, style
[36m<p[39m
  [33mclass[39m=[32m"text-xl text-gray-300 mb-8 leading-relaxed font-light italic"[39m
[36m>[39m
  [0m"[0m
  [0mOhtli transformó completamente nuestra presencia digital. Su enfoque artístico combinado con una ejecución técnica impecable es único en el mercado.[0m
  [0m"[0m
[36m</p>[39m

Ignored nodes: comments, script, style
[36m<a[39m
  [33mclass[39m=[32m"text-3xl text-white hover:text-primary transition-colors border-b border-white/20 hover:border-primary pb-2 inline-block"[39m
  [33mhref[39m=[32m"mailto:hola@ohtli.studio"[39m
[36m>[39m
  [0mhola@ohtli.studio[0m
[36m</a>[39m

Ignored nodes: comments, script, style
[36m<p[39m
  [33mclass[39m=[32m"text-gray-600 text-sm"[39m
[36m>[39m
  [0m© [0m
  [0m2025[0m
  [0m Ohtli Studio. [0m
  [36m<br />[39m
  [0mAll rights reserved.[0m
[36m</p>[39m

Ignored nodes: comments, script, style
[36m<h2[39m
  [33mclass[39m=[32m"text-[15vw] leading-[0.8] font-serif italic text-white select-none"[39m
[36m>[39m
  [0mOhtli.[0m
[36m</h2>[39m

Ignored nodes: comments, script, style
[36m<p[39m
  [33mclass[39m=[32m"text-gray-600 text-sm"[39m
[36m>[39m
  [0m© [0m
  [0m2025[0m
  [0m Ohtli Studio. Todos los derechos reservados.[0m
[36m</p>[39m

(If this is intentional, then use the `*AllBy*` variant of the query (like `queryAllByText`, `getAllByText`, or `findAllByText`)).

Ignored nodes: comments, script, style
[36m<body>[39m
  [36m<div>[39m
    [36m<div[39m
      [33mclass[39m=[32m"bg-background min-h-screen text-[var(--color-text)] selection:bg-primary/30 transition-colors duration-500 relative"[39m
    [36m>[39m
      [36m<div[39m
        [33mclass[39m=[32m"noise-bg"[39m
      [36m/>[39m
      [36m<main>[39m
        [36m<section[39m
          [33mclass[39m=[32m"relative min-h-screen flex flex-col justify-center items-center overflow-hidden bg-background pt-20"[39m
          [33mid[39m=[32m"home"[39m
        [36m>[39m
          [36m<div[39m
            [33mclass[39m=[32m"absolute inset-0 overflow-hidden pointer-events-none"[39m
          [36m>[39m
            [36m<div[39m
              [33mclass[39m=[32m"absolute top-1/4 right-10 w-[40vw] h-[40vw] opacity-80 mix-blend-screen"[39m
              [33mstyle[39m=[32m"opacity: 0.5142877239035443; transform: scale(0.9285719309758861) rotate(-3.571403451205697deg);"[39m
            [36m>[39m
              [36m<img[39m
                [33malt[39m=[32m"Abstract 3D Shape"[39m
                [33mclass[39m=[32m"w-full h-full object-contain"[39m
                [33msrc[39m=[32m"/src/assets/hero-obj.png"[39m
              [36m/>[39m
            [36m</div>[39m
            [36m<div[39m
              [33mclass[39m=[32m"absolute -bottom-20 -left-20 w-[600px] h-[600px] bg-primary/20 rounded-full blur-[120px]"[39m
              [33mstyle[39m=[32m"transform: scale(1.0219277010124643); opacity: 0.3219277010124642;"[39m
            [36m/>[39m
          [36m</div>[39m
          [36m<div[39m
            [33mclass[39m=[32m"container mx-auto px-6 relative z-10 text-center"[39m
          [36m>[39m
            [36m<div[39m
              [33mclass[39m=[32m"flex flex-col items-center"[39m
              [33mstyle[39m=[32m"opacity: 1; transform: none;"[39m
            [36m>[39m
              [36m<h1[39m
                [33mclass[39m=[32m"text-[25vw] leading-[0.8] font-serif italic tracking-tighter text-white mix-blend-difference select-none"[39m
                [33mstyle[39m=[32m"opacity: 0.9896372616494773; transform: scale(0.9989637261649478);"[39m
              [36m>[39m
                [0mOhtli.[0m
              [36m</h1>[39m
              [36m<p[39m
                [33mclass[39m=[32m"text-xl md:text-3xl font-light text-gray-300 mt-8 max-w-2xl tracking-wide"[39m
                [33mstyle[39m=[32m"opacity: 0.59938342726673; transform: translateY(8.0123314546654px);"[39m
              [36m>[39m
                [0mFusionamos tecnología con experiencias.[0m
              [36m</p>[39m
              [36m<div[39m
                [33mclass[39m=[32m"mt-12"[39m
                [33mstyle[39m=[32m"opacity: 0;"[39m
              [36m>[39m
                [36m<button[39m
                  [33mclass[39m=[32m"px-6 py-3 rounded-full font-medium transition-all duration-300 flex items-center justify-center gap-2 bg-primary hover:bg-blue-600 text-white shadow-lg hover:shadow-blue-500/30 rounded-full px-8 py-4 text-lg group bg-white text-black hover:bg-gray-200 border-none"[39m
                  [33mtabindex[39m=[32m"0"[39m
                [36m>[39m
                  [36m<span[39m
                    [33mclass[39m=[32m"mr-2"[39m
                  [36m>[39m
                    [0mIniciar Proyecto[0m
                  [36m</span>[39m
                  [36m<svg[39m
                    [33maria-hidden[39m=[32m"true"[39m
                    [33mclass[39m=[32m"lucide lucide-arrow-right group-hover:translate-x-1 transition-transform"[39m
                    [33mfill[39m=[32m"none"[39m
                    [33mheight[39m=[32m"20"[39m
                    [33mstroke[39m=[32m"currentColor"[39m
                    [33mstroke-linecap[39m=[32m"round"[39m
                    [33mstroke-linejoin[39m=[32m"round"[39m
                    [33mstroke-width[39m=[32m"2"[39m
                    [33mviewBox[39m=[32m"0 0 24 24"[39m
                    [33mwidth[39m=[32m"20"[39m
                    [33mxmlns[39m=[32m"http://www.w3.org/2000/svg"[39m
                  [36m>[39m
                    [36m<path[39m
                      [33md[39m=[32m"M5 12h14"[39m
                    [36m/>[39m
                    [36m<path[39m
                      [33md[39m=[32m"m12 5 7 7-7 7"[39m
                    [36m/>[39m
                  [36m</svg>[39m
                [36m</button>[39m
              [36m</div>[39m
            [36m</div>[39m
          [36m</div>[39m
          [36m<div[39m
            [33mclass[39m=[32m"absolute bottom-10 left-1/2 -translate-x-1/2 flex flex-col items-center gap-2"[39m
            [33mstyle[39m=[32m"opacity: 0;"[39m
          [36m>[39m
            [36m<div[39m
              [33mclass[39m=[32m"w-[1px] h-16 bg-gradient-to-b from-gray-500 to-transparent"[39m
            [36m/>[39m
          [36m</div>[39m
        [36m</section>[39m
        [36m<nav[39m
          [33mclass[39m=[32m"fixed top-0 left-0 w-full z-50 transition-all duration-500 py-8 bg-transparent"[39m
        [36m>[39m
          [36m<div[39m
            [33mclass[39m=[32m"container mx-auto px-6 flex justify-between items-center"[39m
          [36m>[39m
            [36m<a[39m
              [33mclass[39m=[32m"text-2xl font-serif italic font-bold text-[var(--color-text)] z-50 relative"[39m
              [33mhref[39m=[32m"#"[39m
            [36m>[39m
              [0mOhtli.[0m
            [36m</a>[39m
            [36m<div[39m
              [33mclass[39m=[32m"hidden md:flex items-center gap-12"[39m
            [36m>[39m
              [36m<a[39m
                [33mclass[39m=[32m"text-sm uppercase tracking-widest text-[var(--color-text-muted)] hover:text-[var(--color-text)] transition-colors duration-300"[39m
                [33mhref[39m=[32m"#about"[39m
              [36m>[39m
                [0mNosotros[0m
              [36m</a>[39m
              [36m<a[39m
                [33mclass[39m=[32m"text-sm uppercase tracking-widest text-[var(--color-text-muted)] hover:text-[var(--color-text)] transition-colors duration-300"[39m
                [33mhref[39m=[32m"#services"[39m
              [36m>[39m
                [0mServicios[0m
              [36m</a>[39m
              [36m<a[39m
                [33mclass[39m=[32m"text-sm uppercase tracking-widest text-[var(--color-text-muted)] hover:text-[var(--color-text)] transition-colors duration-300"[39m
                [33mhref[39m=[32m"#projects"[39m
              [36m>[39m
                [0mProyectos[0m
              [36m</a>[39m
              [36m<a[39m
                [33mclass[39m=[32m"text-sm uppercase tracking-widest text-[var(--color-text-muted)] hover:text-[var(--color-text)] transition-colors duration-300"[39m
          ...

Ignored nodes: comments, script, style
[36m<body>[39m
  [36m<div>[39m
    [36m<div[39m
      [33mclass[39m=[32m"bg-background min-h-screen text-[var(--color-text)] selection:bg-primary/30 transition-colors duration-500 relative"[39m
    [36m>[39m
      [36m<div[39m
        [33mclass[39m=[32m"noise-bg"[39m
      [36m/>[39m
      [36m<main>[39m
        [36m<section[39m
          [33mclass[39m=[32m"relative min-h-screen flex flex-col justify-center items-center overflow-hidden bg-background pt-20"[39m
          [33mid[39m=[32m"home"[39m
        [36m>[39m
          [36m<div[39m
            [33mclass[39m=[32m"absolute inset-0 overflow-hidden pointer-events-none"[39m
          [36m>[39m
            [36m<div[39m
              [33mclass[39m=[32m"absolute top-1/4 right-10 w-[40vw] h-[40vw] opacity-80 mix-blend-screen"[39m
              [33mstyle[39m=[32m"opacity: 0.5142877239035443; transform: scale(0.9285719309758861) rotate(-3.571403451205697deg);"[39m
            [36m>[39m
              [36m<img[39m
                [33malt[39m=[32m"Abstract 3D Shape"[39m
                [33mclass[39m=[32m"w-full h-full object-contain"[39m
                [33msrc[39m=[32m"/src/assets/hero-obj.png"[39m
              [36m/>[39m
            [36m</div>[39m
            [36m<div[39m
              [33mclass[39m=[32m"absolute -bottom-20 -left-20 w-[600px] h-[600px] bg-primary/20 rounded-full blur-[120px]"[39m
              [33mstyle[39m=[32m"transform: scale(1.0219277010124643); opacity: 0.3219277010124642;"[39m
            [36m/>[39m
          [36m</div>[39m
          [36m<div[39m
            [33mclass[39m=[32m"container mx-auto px-6 relative z-10 text-center"[39m
          [36m>[39m
            [36m<div[39m
              [33mclass[39m=[32m"flex flex-col items-center"[39m
              [33mstyle[39m=[32m"opacity: 1; transform: none;"[39m
            [36m>[39m
              [36m<h1[39m
                [33mclass[39m=[32m"text-[25vw] leading-[0.8] font-serif italic tracking-tighter text-white mix-blend-difference select-none"[39m
                [33mstyle[39m=[32m"opacity: 0.9896372616494773; transform: scale(0.9989637261649478);"[39m
              [36m>[39m
                [0mOhtli.[0m
              [36m</h1>[39m
              [36m<p[39m
                [33mclass[39m=[32m"text-xl md:text-3xl font-light text-gray-300 mt-8 max-w-2xl tracking-wide"[39m
                [33mstyle[39m=[32m"opacity: 0.59938342726673; transform: translateY(8.0123314546654px);"[39m
              [36m>[39m
                [0mFusionamos tecnología con experiencias.[0m
              [36m</p>[39m
              [36m<div[39m
                [33mclass[39m=[32m"mt-12"[39m
                [33mstyle[39m=[32m"opacity: 0;"[39m
              [36m>[39m
                [36m<button[39m
                  [33mclass[39m=[32m"px-6 py-3 rounded-full font-medium transition-all duration-300 flex items-center justify-center gap-2 bg-primary hover:bg-blue-600 text-white shadow-lg hover:shadow-blue-500/30 rounded-full px-8 py-4 text-lg group bg-white text-black hover:bg-gray-200 border-none"[39m
                  [33mtabindex[39m=[32m"0"[39m
                [36m>[39m
                  [36m<span[39m
                    [33mclass[39m=[32m"mr-2"[39m
                  [36m>[39m
                    [0mIniciar Proyecto[0m
                  [36m</span>[39m
                  [36m<svg[39m
                    [33maria-hidden[39m=[32m"true"[39m
                    [33mclass[39m=[32m"lucide lucide-arrow-right group-hover:translate-x-1 transition-transform"[39m
                    [33mfill[39m=[32m"none"[39m
                    [33mheight[39m=[32m"20"[39m
                    [33mstroke[39m=[32m"currentColor"[39m
                    [33mstroke-linecap[39m=[32m"round"[39m
                    [33mstroke-linejoin[39m=[32m"round"[39m
                    [33mstroke-width[39m=[32m"2"[39m
                    [33mviewBox[39m=[32m"0 0 24 24"[39m
                    [33mwidth[39m=[32m"20"[39m
                    [33mxmlns[39m=[32m"http://www.w3.org/2000/svg"[39m
                  [36m>[39m
                    [36m<path[39m
                      [33md[39m=[32m"M5 12h14"[39m
                    [36m/>[39m
                    [36m<path[39m
                      [33md[39m=[32m"m12 5 7 7-7 7"[39m
                    [36m/>[39m
                  [36m</svg>[39m
                [36m</button>[39m
              [36m</div>[39m
            [36m</div>[39m
          [36m</div>[39m
          [36m<div[39m
            [33mclass[39m=[32m"absolute bottom-10 left-1/2 -translate-x-1/2 flex flex-col items-center gap-2"[39m
            [33mstyle[39m=[32m"opacity: 0;"[39m
          [36m>[39m
            [36m<div[39m
              [33mclass[39m=[32m"w-[1px] h-16 bg-gradient-to-b from-gray-500 to-transparent"[39m
            [36m/>[39m
          [36m</div>[39m
        [36m</section>[39m
        [36m<nav[39m
          [33mclass[39m=[32m"fixed top-0 left-0 w-full z-50 transition-all duration-500 py-8 bg-transparent"[39m
        [36m>[39m
          [36m<div[39m
            [33mclass[39m=[32m"container mx-auto px-6 flex justify-between items-center"[39m
          [36m>[39m
            [36m<a[39m
              [33mclass[39m=[32m"text-2xl font-serif italic font-bold text-[var(--color-text)] z-50 relative"[39m
              [33mhref[39m=[32m"#"[39m
            [36m>[39m
              [0mOhtli.[0m
            [36m</a>[39m
            [36m<div[39m
              [33mclass[39m=[32m"hidden md:flex items-center gap-12"[39m
            [36m>[39m
              [36m<a[39m
                [33mclass[39m=[32m"text-sm uppercase tracking-widest text-[var(--color-text-muted)] hover:text-[var(--color-text)] transition-colors duration-300"[39m
                [33mhref[39m=[32m"#about"[39m
              [36m>[39m
                [0mNosotros[0m
              [36m</a>[39m
              [36m<a[39m
                [33mclass[39m=[32m"text-sm uppercase tracking-widest text-[var(--color-text-muted)] hover:text-[var(--color-text)] transition-colors duration-300"[39m
                [33mhref[39m=[32m"#services"[39m
              [36m>[39m
                [0mServicios[0m
              [36m</a>[39m
              [36m<a[39m
                [33mclass[39m=[32m"text-sm uppercase tracking-widest text-[var(--color-text-muted)] hover:text-[var(--color-text)] transition-colors duration-300"[39m
                [33mhref[39m=[32m"#projects"[39m
              [36m>[39m
                [0mProyectos[0m
              [36m</a>[39m
              [36m<a[39m
                [33mclass[39m=[32m"text-sm uppercase tracking-widest text-[var(--color-text-muted)] hover:text-[var(--color-text)] transition-colors duration-300"[39m
          ...
 ❯ waitForWrapper node_modules/@testing-library/dom/dist/wait-for.js:163:27
 ❯ node_modules/@testing-library/dom/dist/query-helpers.js:86:33
 ❯ src/App.test.jsx:26:25
     24|     // However, App wraps Navbar in ThemeProvider, so it should be fin…
     25|     // Let's use findByText to await it just in case of any async rend…
     26|     expect(await screen.findByText(/Ohtli/i)).toBeInTheDocument();
       |                         ^
     27|   });
     28| 

⎯⎯⎯⎯⎯⎯⎯⎯⎯⎯⎯⎯⎯⎯⎯⎯⎯⎯⎯⎯⎯⎯⎯⎯[1/1]⎯


 Test Files  1 failed (1)
      Tests  1 failed | 2 passed (3)
   Start at  12:20:44
   Duration  2.59s

 FAIL  Tests failed. Watching for file changes...
       press h to show help, press q to quit
c[3J RERUN  src/sections/Projects.jsx x5 

 ❯ src/App.test.jsx (3 tests | 1 failed) 1476ms
   × Ohtli Landing Page > renders the App without crashing 1459ms
     → Found multiple elements with the text: /Ohtli/i

Here are the matching elements:

Ignored nodes: comments, script, style
[36m<h1[39m
  [33mclass[39m=[32m"text-[25vw] leading-[0.8] font-serif italic tracking-tighter text-white mix-blend-difference select-none"[39m
  [33mstyle[39m=[32m"opacity: 0.9949009707052028; transform: scale(0.9994900970705203);"[39m
[36m>[39m
  [0mOhtli.[0m
[36m</h1>[39m

Ignored nodes: comments, script, style
[36m<a[39m
  [33mclass[39m=[32m"text-2xl font-serif italic font-bold text-[var(--color-text)] z-50 relative"[39m
  [33mhref[39m=[32m"#"[39m
[36m>[39m
  [0mOhtli.[0m
[36m</a>[39m

Ignored nodes: comments, script, style
[36m<h2[39m
  [33mclass[39m=[32m"text-sm uppercase tracking-[0.3em] text-gray-500 mb-8 md:mb-0"[39m
[36m>[39m
  [0mFilosofía Ohtli.[0m
[36m</h2>[39m

Ignored nodes: comments, script, style
[36m<span[39m
  [33mclass[39m=[32m"text-white font-serif italic"[39m
[36m>[39m
  [0mOhtli[0m
[36m</span>[39m

Ignored nodes: comments, script, style
[36m<p[39m
  [33mclass[39m=[32m"text-xl text-gray-300 mb-8 leading-relaxed font-light italic"[39m
[36m>[39m
  [0m"[0m
  [0mOhtli transformó completamente nuestra presencia digital. Su enfoque artístico combinado con una ejecución técnica impecable es único en el mercado.[0m
  [0m"[0m
[36m</p>[39m

Ignored nodes: comments, script, style
[36m<a[39m
  [33mclass[39m=[32m"text-3xl text-white hover:text-primary transition-colors border-b border-white/20 hover:border-primary pb-2 inline-block"[39m
  [33mhref[39m=[32m"mailto:hola@ohtli.studio"[39m
[36m>[39m
  [0mhola@ohtli.studio[0m
[36m</a>[39m

Ignored nodes: comments, script, style
[36m<p[39m
  [33mclass[39m=[32m"text-gray-600 text-sm"[39m
[36m>[39m
  [0m© [0m
  [0m2025[0m
  [0m Ohtli Studio. [0m
  [36m<br />[39m
  [0mAll rights reserved.[0m
[36m</p>[39m

Ignored nodes: comments, script, style
[36m<h2[39m
  [33mclass[39m=[32m"text-[15vw] leading-[0.8] font-serif italic text-white select-none"[39m
[36m>[39m
  [0mOhtli.[0m
[36m</h2>[39m

Ignored nodes: comments, script, style
[36m<p[39m
  [33mclass[39m=[32m"text-gray-600 text-sm"[39m
[36m>[39m
  [0m© [0m
  [0m2025[0m
  [0m Ohtli Studio. Todos los derechos reservados.[0m
[36m</p>[39m

(If this is intentional, then use the `*AllBy*` variant of the query (like `queryAllByText`, `getAllByText`, or `findAllByText`)).

Ignored nodes: comments, script, style
[36m<body>[39m
  [36m<div>[39m
    [36m<div[39m
      [33mclass[39m=[32m"bg-background min-h-screen text-[var(--color-text)] selection:bg-primary/30 transition-colors duration-500 relative"[39m
    [36m>[39m
      [36m<div[39m
        [33mclass[39m=[32m"noise-bg"[39m
      [36m/>[39m
      [36m<main>[39m
        [36m<section[39m
          [33mclass[39m=[32m"relative min-h-screen flex flex-col justify-center items-center overflow-hidden bg-background pt-20"[39m
          [33mid[39m=[32m"home"[39m
        [36m>[39m
          [36m<div[39m
            [33mclass[39m=[32m"absolute inset-0 overflow-hidden pointer-events-none"[39m
          [36m>[39m
            [36m<div[39m
              [33mclass[39m=[32m"absolute top-1/4 right-10 w-[40vw] h-[40vw] opacity-80 mix-blend-screen"[39m
              [33mstyle[39m=[32m"opacity: 0.5597025182330981; transform: scale(0.9399256295582745) rotate(-3.003718522086274deg);"[39m
            [36m>[39m
              [36m<img[39m
                [33malt[39m=[32m"Abstract 3D Shape"[39m
                [33mclass[39m=[32m"w-full h-full object-contain"[39m
                [33msrc[39m=[32m"/src/assets/hero-obj.png"[39m
              [36m/>[39m
            [36m</div>[39m
            [36m<div[39m
              [33mclass[39m=[32m"absolute -bottom-20 -left-20 w-[600px] h-[600px] bg-primary/20 rounded-full blur-[120px]"[39m
              [33mstyle[39m=[32m"transform: scale(1.02733754455694); opacity: 0.32733754455694;"[39m
            [36m/>[39m
          [36m</div>[39m
          [36m<div[39m
            [33mclass[39m=[32m"container mx-auto px-6 relative z-10 text-center"[39m
          [36m>[39m
            [36m<div[39m
              [33mclass[39m=[32m"flex flex-col items-center"[39m
              [33mstyle[39m=[32m"opacity: 1; transform: none;"[39m
            [36m>[39m
              [36m<h1[39m
                [33mclass[39m=[32m"text-[25vw] leading-[0.8] font-serif italic tracking-tighter text-white mix-blend-difference select-none"[39m
                [33mstyle[39m=[32m"opacity: 0.9949009707052028; transform: scale(0.9994900970705203);"[39m
              [36m>[39m
                [0mOhtli.[0m
              [36m</h1>[39m
              [36m<p[39m
                [33mclass[39m=[32m"text-xl md:text-3xl font-light text-gray-300 mt-8 max-w-2xl tracking-wide"[39m
                [33mstyle[39m=[32m"opacity: 0.7144439992553089; transform: translateY(5.711120014893822px);"[39m
              [36m>[39m
                [0mFusionamos tecnología con experiencias.[0m
              [36m</p>[39m
              [36m<div[39m
                [33mclass[39m=[32m"mt-12"[39m
                [33mstyle[39m=[32m"opacity: 0.04672433788073249;"[39m
              [36m>[39m
                [36m<button[39m
                  [33mclass[39m=[32m"px-6 py-3 rounded-full font-medium transition-all duration-300 flex items-center justify-center gap-2 bg-primary hover:bg-blue-600 text-white shadow-lg hover:shadow-blue-500/30 rounded-full px-8 py-4 text-lg group bg-white text-black hover:bg-gray-200 border-none"[39m
                  [33mtabindex[39m=[32m"0"[39m
                [36m>[39m
                  [36m<span[39m
                    [33mclass[39m=[32m"mr-2"[39m
                  [36m>[39m
                    [0mIniciar Proyecto[0m
                  [36m</span>[39m
                  [36m<svg[39m
                    [33maria-hidden[39m=[32m"true"[39m
                    [33mclass[39m=[32m"lucide lucide-arrow-right group-hover:translate-x-1 transition-transform"[39m
                    [33mfill[39m=[32m"none"[39m
                    [33mheight[39m=[32m"20"[39m
                    [33mstroke[39m=[32m"currentColor"[39m
                    [33mstroke-linecap[39m=[32m"round"[39m
                    [33mstroke-linejoin[39m=[32m"round"[39m
                    [33mstroke-width[39m=[32m"2"[39m
                    [33mviewBox[39m=[32m"0 0 24 24"[39m
                    [33mwidth[39m=[32m"20"[39m
                    [33mxmlns[39m=[32m"http://www.w3.org/2000/svg"[39m
                  [36m>[39m
                    [36m<path[39m
                      [33md[39m=[32m"M5 12h14"[39m
                    [36m/>[39m
                    [36m<path[39m
                      [33md[39m=[32m"m12 5 7 7-7 7"[39m
                    [36m/>[39m
                  [36m</svg>[39m
                [36m</button>[39m
              [36m</div>[39m
            [36m</div>[39m
          [36m</div>[39m
          [36m<div[39m
            [33mclass[39m=[32m"absolute bottom-10 left-1/2 -translate-x-1/2 flex flex-col items-center gap-2"[39m
            [33mstyle[39m=[32m"opacity: 0;"[39m
          [36m>[39m
            [36m<div[39m
              [33mclass[39m=[32m"w-[1px] h-16 bg-gradient-to-b from-gray-500 to-transparent"[39m
            [36m/>[39m
          [36m</div>[39m
        [36m</section>[39m
        [36m<nav[39m
          [33mclass[39m=[32m"fixed top-0 left-0 w-full z-50 transition-all duration-500 py-8 bg-transparent"[39m
        [36m>[39m
          [36m<div[39m
            [33mclass[39m=[32m"container mx-auto px-6 flex justify-between items-center"[39m
          [36m>[39m
            [36m<a[39m
              [33mclass[39m=[32m"text-2xl font-serif italic font-bold text-[var(--color-text)] z-50 relative"[39m
              [33mhref[39m=[32m"#"[39m
            [36m>[39m
              [0mOhtli.[0m
            [36m</a>[39m
            [36m<div[39m
              [33mclass[39m=[32m"hidden md:flex items-center gap-12"[39m
            [36m>[39m
              [36m<a[39m
                [33mclass[39m=[32m"text-sm uppercase tracking-widest text-[var(--color-text-muted)] hover:text-[var(--color-text)] transition-colors duration-300"[39m
                [33mhref[39m=[32m"#about"[39m
              [36m>[39m
                [0mNosotros[0m
              [36m</a>[39m
              [36m<a[39m
                [33mclass[39m=[32m"text-sm uppercase tracking-widest text-[var(--color-text-muted)] hover:text-[var(--color-text)] transition-colors duration-300"[39m
                [33mhref[39m=[32m"#services"[39m
              [36m>[39m
                [0mServicios[0m
              [36m</a>[39m
              [36m<a[39m
                [33mclass[39m=[32m"text-sm uppercase tracking-widest text-[var(--color-text-muted)] hover:text-[var(--color-text)] transition-colors duration-300"[39m
                [33mhref[39m=[32m"#projects"[39m
              [36m>[39m
                [0mProyectos[0m
              [36m</a>[39m
              [36m<a[39m
                [33mclass[39m=[32m"text-sm uppercase tracking-widest text-[var(--color-text-muted)] hover:text-[var(--color-text)] transition-colors duration-30...

Ignored nodes: comments, script, style
[36m<body>[39m
  [36m<div>[39m
    [36m<div[39m
      [33mclass[39m=[32m"bg-background min-h-screen text-[var(--color-text)] selection:bg-primary/30 transition-colors duration-500 relative"[39m
    [36m>[39m
      [36m<div[39m
        [33mclass[39m=[32m"noise-bg"[39m
      [36m/>[39m
      [36m<main>[39m
        [36m<section[39m
          [33mclass[39m=[32m"relative min-h-screen flex flex-col justify-center items-center overflow-hidden bg-background pt-20"[39m
          [33mid[39m=[32m"home"[39m
        [36m>[39m
          [36m<div[39m
            [33mclass[39m=[32m"absolute inset-0 overflow-hidden pointer-events-none"[39m
          [36m>[39m
            [36m<div[39m
              [33mclass[39m=[32m"absolute top-1/4 right-10 w-[40vw] h-[40vw] opacity-80 mix-blend-screen"[39m
              [33mstyle[39m=[32m"opacity: 0.5597025182330981; transform: scale(0.9399256295582745) rotate(-3.003718522086274deg);"[39m
            [36m>[39m
              [36m<img[39m
                [33malt[39m=[32m"Abstract 3D Shape"[39m
                [33mclass[39m=[32m"w-full h-full object-contain"[39m
                [33msrc[39m=[32m"/src/assets/hero-obj.png"[39m
              [36m/>[39m
            [36m</div>[39m
            [36m<div[39m
              [33mclass[39m=[32m"absolute -bottom-20 -left-20 w-[600px] h-[600px] bg-primary/20 rounded-full blur-[120px]"[39m
              [33mstyle[39m=[32m"transform: scale(1.02733754455694); opacity: 0.32733754455694;"[39m
            [36m/>[39m
          [36m</div>[39m
          [36m<div[39m
            [33mclass[39m=[32m"container mx-auto px-6 relative z-10 text-center"[39m
          [36m>[39m
            [36m<div[39m
              [33mclass[39m=[32m"flex flex-col items-center"[39m
              [33mstyle[39m=[32m"opacity: 1; transform: none;"[39m
            [36m>[39m
              [36m<h1[39m
                [33mclass[39m=[32m"text-[25vw] leading-[0.8] font-serif italic tracking-tighter text-white mix-blend-difference select-none"[39m
                [33mstyle[39m=[32m"opacity: 0.9949009707052028; transform: scale(0.9994900970705203);"[39m
              [36m>[39m
                [0mOhtli.[0m
              [36m</h1>[39m
              [36m<p[39m
                [33mclass[39m=[32m"text-xl md:text-3xl font-light text-gray-300 mt-8 max-w-2xl tracking-wide"[39m
                [33mstyle[39m=[32m"opacity: 0.7144439992553089; transform: translateY(5.711120014893822px);"[39m
              [36m>[39m
                [0mFusionamos tecnología con experiencias.[0m
              [36m</p>[39m
              [36m<div[39m
                [33mclass[39m=[32m"mt-12"[39m
                [33mstyle[39m=[32m"opacity: 0.04672433788073249;"[39m
              [36m>[39m
                [36m<button[39m
                  [33mclass[39m=[32m"px-6 py-3 rounded-full font-medium transition-all duration-300 flex items-center justify-center gap-2 bg-primary hover:bg-blue-600 text-white shadow-lg hover:shadow-blue-500/30 rounded-full px-8 py-4 text-lg group bg-white text-black hover:bg-gray-200 border-none"[39m
                  [33mtabindex[39m=[32m"0"[39m
                [36m>[39m
                  [36m<span[39m
                    [33mclass[39m=[32m"mr-2"[39m
                  [36m>[39m
                    [0mIniciar Proyecto[0m
                  [36m</span>[39m
                  [36m<svg[39m
                    [33maria-hidden[39m=[32m"true"[39m
                    [33mclass[39m=[32m"lucide lucide-arrow-right group-hover:translate-x-1 transition-transform"[39m
                    [33mfill[39m=[32m"none"[39m
                    [33mheight[39m=[32m"20"[39m
                    [33mstroke[39m=[32m"currentColor"[39m
                    [33mstroke-linecap[39m=[32m"round"[39m
                    [33mstroke-linejoin[39m=[32m"round"[39m
                    [33mstroke-width[39m=[32m"2"[39m
                    [33mviewBox[39m=[32m"0 0 24 24"[39m
                    [33mwidth[39m=[32m"20"[39m
                    [33mxmlns[39m=[32m"http://www.w3.org/2000/svg"[39m
                  [36m>[39m
                    [36m<path[39m
                      [33md[39m=[32m"M5 12h14"[39m
                    [36m/>[39m
                    [36m<path[39m
                      [33md[39m=[32m"m12 5 7 7-7 7"[39m
                    [36m/>[39m
                  [36m</svg>[39m
                [36m</button>[39m
              [36m</div>[39m
            [36m</div>[39m
          [36m</div>[39m
          [36m<div[39m
            [33mclass[39m=[32m"absolute bottom-10 left-1/2 -translate-x-1/2 flex flex-col items-center gap-2"[39m
            [33mstyle[39m=[32m"opacity: 0;"[39m
          [36m>[39m
            [36m<div[39m
              [33mclass[39m=[32m"w-[1px] h-16 bg-gradient-to-b from-gray-500 to-transparent"[39m
            [36m/>[39m
          [36m</div>[39m
        [36m</section>[39m
        [36m<nav[39m
          [33mclass[39m=[32m"fixed top-0 left-0 w-full z-50 transition-all duration-500 py-8 bg-transparent"[39m
        [36m>[39m
          [36m<div[39m
            [33mclass[39m=[32m"container mx-auto px-6 flex justify-between items-center"[39m
          [36m>[39m
            [36m<a[39m
              [33mclass[39m=[32m"text-2xl font-serif italic font-bold text-[var(--color-text)] z-50 relative"[39m
              [33mhref[39m=[32m"#"[39m
            [36m>[39m
              [0mOhtli.[0m
            [36m</a>[39m
            [36m<div[39m
              [33mclass[39m=[32m"hidden md:flex items-center gap-12"[39m
            [36m>[39m
              [36m<a[39m
                [33mclass[39m=[32m"text-sm uppercase tracking-widest text-[var(--color-text-muted)] hover:text-[var(--color-text)] transition-colors duration-300"[39m
                [33mhref[39m=[32m"#about"[39m
              [36m>[39m
                [0mNosotros[0m
              [36m</a>[39m
              [36m<a[39m
                [33mclass[39m=[32m"text-sm uppercase tracking-widest text-[var(--color-text-muted)] hover:text-[var(--color-text)] transition-colors duration-300"[39m
                [33mhref[39m=[32m"#services"[39m
              [36m>[39m
                [0mServicios[0m
              [36m</a>[39m
              [36m<a[39m
                [33mclass[39m=[32m"text-sm uppercase tracking-widest text-[var(--color-text-muted)] hover:text-[var(--color-text)] transition-colors duration-300"[39m
                [33mhref[39m=[32m"#projects"[39m
              [36m>[39m
                [0mProyectos[0m
              [36m</a>[39m
              [36m<a[39m
                [33mclass[39m=[32m"text-sm uppercase tracking-widest text-[var(--color-text-muted)] hover:text-[var(--color-text)] transition-colors duration-30...
   ✓ Ohtli Landing Page > renders the Navbar with correct links 6ms
   ✓ Ohtli Landing Page > renders the Hero section with main slogan 10ms

⎯⎯⎯⎯⎯⎯⎯ Failed Tests 1 ⎯⎯⎯⎯⎯⎯⎯

 FAIL  src/App.test.jsx > Ohtli Landing Page > renders the App without crashing
TestingLibraryElementError: Found multiple elements with the text: /Ohtli/i

Here are the matching elements:

Ignored nodes: comments, script, style
[36m<h1[39m
  [33mclass[39m=[32m"text-[25vw] leading-[0.8] font-serif italic tracking-tighter text-white mix-blend-difference select-none"[39m
  [33mstyle[39m=[32m"opacity: 0.9949009707052028; transform: scale(0.9994900970705203);"[39m
[36m>[39m
  [0mOhtli.[0m
[36m</h1>[39m

Ignored nodes: comments, script, style
[36m<a[39m
  [33mclass[39m=[32m"text-2xl font-serif italic font-bold text-[var(--color-text)] z-50 relative"[39m
  [33mhref[39m=[32m"#"[39m
[36m>[39m
  [0mOhtli.[0m
[36m</a>[39m

Ignored nodes: comments, script, style
[36m<h2[39m
  [33mclass[39m=[32m"text-sm uppercase tracking-[0.3em] text-gray-500 mb-8 md:mb-0"[39m
[36m>[39m
  [0mFilosofía Ohtli.[0m
[36m</h2>[39m

Ignored nodes: comments, script, style
[36m<span[39m
  [33mclass[39m=[32m"text-white font-serif italic"[39m
[36m>[39m
  [0mOhtli[0m
[36m</span>[39m

Ignored nodes: comments, script, style
[36m<p[39m
  [33mclass[39m=[32m"text-xl text-gray-300 mb-8 leading-relaxed font-light italic"[39m
[36m>[39m
  [0m"[0m
  [0mOhtli transformó completamente nuestra presencia digital. Su enfoque artístico combinado con una ejecución técnica impecable es único en el mercado.[0m
  [0m"[0m
[36m</p>[39m

Ignored nodes: comments, script, style
[36m<a[39m
  [33mclass[39m=[32m"text-3xl text-white hover:text-primary transition-colors border-b border-white/20 hover:border-primary pb-2 inline-block"[39m
  [33mhref[39m=[32m"mailto:hola@ohtli.studio"[39m
[36m>[39m
  [0mhola@ohtli.studio[0m
[36m</a>[39m

Ignored nodes: comments, script, style
[36m<p[39m
  [33mclass[39m=[32m"text-gray-600 text-sm"[39m
[36m>[39m
  [0m© [0m
  [0m2025[0m
  [0m Ohtli Studio. [0m
  [36m<br />[39m
  [0mAll rights reserved.[0m
[36m</p>[39m

Ignored nodes: comments, script, style
[36m<h2[39m
  [33mclass[39m=[32m"text-[15vw] leading-[0.8] font-serif italic text-white select-none"[39m
[36m>[39m
  [0mOhtli.[0m
[36m</h2>[39m

Ignored nodes: comments, script, style
[36m<p[39m
  [33mclass[39m=[32m"text-gray-600 text-sm"[39m
[36m>[39m
  [0m© [0m
  [0m2025[0m
  [0m Ohtli Studio. Todos los derechos reservados.[0m
[36m</p>[39m

(If this is intentional, then use the `*AllBy*` variant of the query (like `queryAllByText`, `getAllByText`, or `findAllByText`)).

Ignored nodes: comments, script, style
[36m<body>[39m
  [36m<div>[39m
    [36m<div[39m
      [33mclass[39m=[32m"bg-background min-h-screen text-[var(--color-text)] selection:bg-primary/30 transition-colors duration-500 relative"[39m
    [36m>[39m
      [36m<div[39m
        [33mclass[39m=[32m"noise-bg"[39m
      [36m/>[39m
      [36m<main>[39m
        [36m<section[39m
          [33mclass[39m=[32m"relative min-h-screen flex flex-col justify-center items-center overflow-hidden bg-background pt-20"[39m
          [33mid[39m=[32m"home"[39m
        [36m>[39m
          [36m<div[39m
            [33mclass[39m=[32m"absolute inset-0 overflow-hidden pointer-events-none"[39m
          [36m>[39m
            [36m<div[39m
              [33mclass[39m=[32m"absolute top-1/4 right-10 w-[40vw] h-[40vw] opacity-80 mix-blend-screen"[39m
              [33mstyle[39m=[32m"opacity: 0.5597025182330981; transform: scale(0.9399256295582745) rotate(-3.003718522086274deg);"[39m
            [36m>[39m
              [36m<img[39m
                [33malt[39m=[32m"Abstract 3D Shape"[39m
                [33mclass[39m=[32m"w-full h-full object-contain"[39m
                [33msrc[39m=[32m"/src/assets/hero-obj.png"[39m
              [36m/>[39m
            [36m</div>[39m
            [36m<div[39m
              [33mclass[39m=[32m"absolute -bottom-20 -left-20 w-[600px] h-[600px] bg-primary/20 rounded-full blur-[120px]"[39m
              [33mstyle[39m=[32m"transform: scale(1.02733754455694); opacity: 0.32733754455694;"[39m
            [36m/>[39m
          [36m</div>[39m
          [36m<div[39m
            [33mclass[39m=[32m"container mx-auto px-6 relative z-10 text-center"[39m
          [36m>[39m
            [36m<div[39m
              [33mclass[39m=[32m"flex flex-col items-center"[39m
              [33mstyle[39m=[32m"opacity: 1; transform: none;"[39m
            [36m>[39m
              [36m<h1[39m
                [33mclass[39m=[32m"text-[25vw] leading-[0.8] font-serif italic tracking-tighter text-white mix-blend-difference select-none"[39m
                [33mstyle[39m=[32m"opacity: 0.9949009707052028; transform: scale(0.9994900970705203);"[39m
              [36m>[39m
                [0mOhtli.[0m
              [36m</h1>[39m
              [36m<p[39m
                [33mclass[39m=[32m"text-xl md:text-3xl font-light text-gray-300 mt-8 max-w-2xl tracking-wide"[39m
                [33mstyle[39m=[32m"opacity: 0.7144439992553089; transform: translateY(5.711120014893822px);"[39m
              [36m>[39m
                [0mFusionamos tecnología con experiencias.[0m
              [36m</p>[39m
              [36m<div[39m
                [33mclass[39m=[32m"mt-12"[39m
                [33mstyle[39m=[32m"opacity: 0.04672433788073249;"[39m
              [36m>[39m
                [36m<button[39m
                  [33mclass[39m=[32m"px-6 py-3 rounded-full font-medium transition-all duration-300 flex items-center justify-center gap-2 bg-primary hover:bg-blue-600 text-white shadow-lg hover:shadow-blue-500/30 rounded-full px-8 py-4 text-lg group bg-white text-black hover:bg-gray-200 border-none"[39m
                  [33mtabindex[39m=[32m"0"[39m
                [36m>[39m
                  [36m<span[39m
                    [33mclass[39m=[32m"mr-2"[39m
                  [36m>[39m
                    [0mIniciar Proyecto[0m
                  [36m</span>[39m
                  [36m<svg[39m
                    [33maria-hidden[39m=[32m"true"[39m
                    [33mclass[39m=[32m"lucide lucide-arrow-right group-hover:translate-x-1 transition-transform"[39m
                    [33mfill[39m=[32m"none"[39m
                    [33mheight[39m=[32m"20"[39m
                    [33mstroke[39m=[32m"currentColor"[39m
                    [33mstroke-linecap[39m=[32m"round"[39m
                    [33mstroke-linejoin[39m=[32m"round"[39m
                    [33mstroke-width[39m=[32m"2"[39m
                    [33mviewBox[39m=[32m"0 0 24 24"[39m
                    [33mwidth[39m=[32m"20"[39m
                    [33mxmlns[39m=[32m"http://www.w3.org/2000/svg"[39m
                  [36m>[39m
                    [36m<path[39m
                      [33md[39m=[32m"M5 12h14"[39m
                    [36m/>[39m
                    [36m<path[39m
                      [33md[39m=[32m"m12 5 7 7-7 7"[39m
                    [36m/>[39m
                  [36m</svg>[39m
                [36m</button>[39m
              [36m</div>[39m
            [36m</div>[39m
          [36m</div>[39m
          [36m<div[39m
            [33mclass[39m=[32m"absolute bottom-10 left-1/2 -translate-x-1/2 flex flex-col items-center gap-2"[39m
            [33mstyle[39m=[32m"opacity: 0;"[39m
          [36m>[39m
            [36m<div[39m
              [33mclass[39m=[32m"w-[1px] h-16 bg-gradient-to-b from-gray-500 to-transparent"[39m
            [36m/>[39m
          [36m</div>[39m
        [36m</section>[39m
        [36m<nav[39m
          [33mclass[39m=[32m"fixed top-0 left-0 w-full z-50 transition-all duration-500 py-8 bg-transparent"[39m
        [36m>[39m
          [36m<div[39m
            [33mclass[39m=[32m"container mx-auto px-6 flex justify-between items-center"[39m
          [36m>[39m
            [36m<a[39m
              [33mclass[39m=[32m"text-2xl font-serif italic font-bold text-[var(--color-text)] z-50 relative"[39m
              [33mhref[39m=[32m"#"[39m
            [36m>[39m
              [0mOhtli.[0m
            [36m</a>[39m
            [36m<div[39m
              [33mclass[39m=[32m"hidden md:flex items-center gap-12"[39m
            [36m>[39m
              [36m<a[39m
                [33mclass[39m=[32m"text-sm uppercase tracking-widest text-[var(--color-text-muted)] hover:text-[var(--color-text)] transition-colors duration-300"[39m
                [33mhref[39m=[32m"#about"[39m
              [36m>[39m
                [0mNosotros[0m
              [36m</a>[39m
              [36m<a[39m
                [33mclass[39m=[32m"text-sm uppercase tracking-widest text-[var(--color-text-muted)] hover:text-[var(--color-text)] transition-colors duration-300"[39m
                [33mhref[39m=[32m"#services"[39m
              [36m>[39m
                [0mServicios[0m
              [36m</a>[39m
              [36m<a[39m
                [33mclass[39m=[32m"text-sm uppercase tracking-widest text-[var(--color-text-muted)] hover:text-[var(--color-text)] transition-colors duration-300"[39m
                [33mhref[39m=[32m"#projects"[39m
              [36m>[39m
                [0mProyectos[0m
              [36m</a>[39m
              [36m<a[39m
                [33mclass[39m=[32m"text-sm uppercase tracking-widest text-[var(--color-text-muted)] hover:text-[var(--color-text)] transition-colors duration-30...

Ignored nodes: comments, script, style
[36m<body>[39m
  [36m<div>[39m
    [36m<div[39m
      [33mclass[39m=[32m"bg-background min-h-screen text-[var(--color-text)] selection:bg-primary/30 transition-colors duration-500 relative"[39m
    [36m>[39m
      [36m<div[39m
        [33mclass[39m=[32m"noise-bg"[39m
      [36m/>[39m
      [36m<main>[39m
        [36m<section[39m
          [33mclass[39m=[32m"relative min-h-screen flex flex-col justify-center items-center overflow-hidden bg-background pt-20"[39m
          [33mid[39m=[32m"home"[39m
        [36m>[39m
          [36m<div[39m
            [33mclass[39m=[32m"absolute inset-0 overflow-hidden pointer-events-none"[39m
          [36m>[39m
            [36m<div[39m
              [33mclass[39m=[32m"absolute top-1/4 right-10 w-[40vw] h-[40vw] opacity-80 mix-blend-screen"[39m
              [33mstyle[39m=[32m"opacity: 0.5597025182330981; transform: scale(0.9399256295582745) rotate(-3.003718522086274deg);"[39m
            [36m>[39m
              [36m<img[39m
                [33malt[39m=[32m"Abstract 3D Shape"[39m
                [33mclass[39m=[32m"w-full h-full object-contain"[39m
                [33msrc[39m=[32m"/src/assets/hero-obj.png"[39m
              [36m/>[39m
            [36m</div>[39m
            [36m<div[39m
              [33mclass[39m=[32m"absolute -bottom-20 -left-20 w-[600px] h-[600px] bg-primary/20 rounded-full blur-[120px]"[39m
              [33mstyle[39m=[32m"transform: scale(1.02733754455694); opacity: 0.32733754455694;"[39m
            [36m/>[39m
          [36m</div>[39m
          [36m<div[39m
            [33mclass[39m=[32m"container mx-auto px-6 relative z-10 text-center"[39m
          [36m>[39m
            [36m<div[39m
              [33mclass[39m=[32m"flex flex-col items-center"[39m
              [33mstyle[39m=[32m"opacity: 1; transform: none;"[39m
            [36m>[39m
              [36m<h1[39m
                [33mclass[39m=[32m"text-[25vw] leading-[0.8] font-serif italic tracking-tighter text-white mix-blend-difference select-none"[39m
                [33mstyle[39m=[32m"opacity: 0.9949009707052028; transform: scale(0.9994900970705203);"[39m
              [36m>[39m
                [0mOhtli.[0m
              [36m</h1>[39m
              [36m<p[39m
                [33mclass[39m=[32m"text-xl md:text-3xl font-light text-gray-300 mt-8 max-w-2xl tracking-wide"[39m
                [33mstyle[39m=[32m"opacity: 0.7144439992553089; transform: translateY(5.711120014893822px);"[39m
              [36m>[39m
                [0mFusionamos tecnología con experiencias.[0m
              [36m</p>[39m
              [36m<div[39m
                [33mclass[39m=[32m"mt-12"[39m
                [33mstyle[39m=[32m"opacity: 0.04672433788073249;"[39m
              [36m>[39m
                [36m<button[39m
                  [33mclass[39m=[32m"px-6 py-3 rounded-full font-medium transition-all duration-300 flex items-center justify-center gap-2 bg-primary hover:bg-blue-600 text-white shadow-lg hover:shadow-blue-500/30 rounded-full px-8 py-4 text-lg group bg-white text-black hover:bg-gray-200 border-none"[39m
                  [33mtabindex[39m=[32m"0"[39m
                [36m>[39m
                  [36m<span[39m
                    [33mclass[39m=[32m"mr-2"[39m
                  [36m>[39m
                    [0mIniciar Proyecto[0m
                  [36m</span>[39m
                  [36m<svg[39m
                    [33maria-hidden[39m=[32m"true"[39m
                    [33mclass[39m=[32m"lucide lucide-arrow-right group-hover:translate-x-1 transition-transform"[39m
                    [33mfill[39m=[32m"none"[39m
                    [33mheight[39m=[32m"20"[39m
                    [33mstroke[39m=[32m"currentColor"[39m
                    [33mstroke-linecap[39m=[32m"round"[39m
                    [33mstroke-linejoin[39m=[32m"round"[39m
                    [33mstroke-width[39m=[32m"2"[39m
                    [33mviewBox[39m=[32m"0 0 24 24"[39m
                    [33mwidth[39m=[32m"20"[39m
                    [33mxmlns[39m=[32m"http://www.w3.org/2000/svg"[39m
                  [36m>[39m
                    [36m<path[39m
                      [33md[39m=[32m"M5 12h14"[39m
                    [36m/>[39m
                    [36m<path[39m
                      [33md[39m=[32m"m12 5 7 7-7 7"[39m
                    [36m/>[39m
                  [36m</svg>[39m
                [36m</button>[39m
              [36m</div>[39m
            [36m</div>[39m
          [36m</div>[39m
          [36m<div[39m
            [33mclass[39m=[32m"absolute bottom-10 left-1/2 -translate-x-1/2 flex flex-col items-center gap-2"[39m
            [33mstyle[39m=[32m"opacity: 0;"[39m
          [36m>[39m
            [36m<div[39m
              [33mclass[39m=[32m"w-[1px] h-16 bg-gradient-to-b from-gray-500 to-transparent"[39m
            [36m/>[39m
          [36m</div>[39m
        [36m</section>[39m
        [36m<nav[39m
          [33mclass[39m=[32m"fixed top-0 left-0 w-full z-50 transition-all duration-500 py-8 bg-transparent"[39m
        [36m>[39m
          [36m<div[39m
            [33mclass[39m=[32m"container mx-auto px-6 flex justify-between items-center"[39m
          [36m>[39m
            [36m<a[39m
              [33mclass[39m=[32m"text-2xl font-serif italic font-bold text-[var(--color-text)] z-50 relative"[39m
              [33mhref[39m=[32m"#"[39m
            [36m>[39m
              [0mOhtli.[0m
            [36m</a>[39m
            [36m<div[39m
              [33mclass[39m=[32m"hidden md:flex items-center gap-12"[39m
            [36m>[39m
              [36m<a[39m
                [33mclass[39m=[32m"text-sm uppercase tracking-widest text-[var(--color-text-muted)] hover:text-[var(--color-text)] transition-colors duration-300"[39m
                [33mhref[39m=[32m"#about"[39m
              [36m>[39m
                [0mNosotros[0m
              [36m</a>[39m
              [36m<a[39m
                [33mclass[39m=[32m"text-sm uppercase tracking-widest text-[var(--color-text-muted)] hover:text-[var(--color-text)] transition-colors duration-300"[39m
                [33mhref[39m=[32m"#services"[39m
              [36m>[39m
                [0mServicios[0m
              [36m</a>[39m
              [36m<a[39m
                [33mclass[39m=[32m"text-sm uppercase tracking-widest text-[var(--color-text-muted)] hover:text-[var(--color-text)] transition-colors duration-300"[39m
                [33mhref[39m=[32m"#projects"[39m
              [36m>[39m
                [0mProyectos[0m
              [36m</a>[39m
              [36m<a[39m
                [33mclass[39m=[32m"text-sm uppercase tracking-widest text-[var(--color-text-muted)] hover:text-[var(--color-text)] transition-colors duration-30...
 ❯ waitForWrapper node_modules/@testing-library/dom/dist/wait-for.js:163:27
 ❯ node_modules/@testing-library/dom/dist/query-helpers.js:86:33
 ❯ src/App.test.jsx:26:25
     24|     // However, App wraps Navbar in ThemeProvider, so it should be fin…
     25|     // Let's use findByText to await it just in case of any async rend…
     26|     expect(await screen.findByText(/Ohtli/i)).toBeInTheDocument();
       |                         ^
     27|   });
     28| 

⎯⎯⎯⎯⎯⎯⎯⎯⎯⎯⎯⎯⎯⎯⎯⎯⎯⎯⎯⎯⎯⎯⎯⎯[1/1]⎯


 Test Files  1 failed (1)
      Tests  1 failed | 2 passed (3)
   Start at  12:20:48
   Duration  2.29s

 FAIL  Tests failed. Watching for file changes...
       press h to show help, press q to quit
c[3J RERUN  src/App.test.jsx x6 

 ✓ src/App.test.jsx (3 tests) 223ms

 Test Files  1 passed (1)
      Tests  3 passed (3)
   Start at  12:21:32
   Duration  1.18s

 PASS  Waiting for file changes...
       press h to show help, press q to quit
c[3J RERUN  src/sections/Technologies.jsx x7 

 ✓ src/App.test.jsx (3 tests) 362ms

 Test Files  1 passed (1)
      Tests  3 passed (3)
   Start at  12:24:28
   Duration  1.21s

 PASS  Waiting for file changes...
       press h to show help, press q to quit
c[3J RERUN  src/sections/Hero.jsx x8 

 ✓ src/App.test.jsx (3 tests) 347ms

 Test Files  1 passed (1)
      Tests  3 passed (3)
   Start at  12:24:36
   Duration  1.34s

 PASS  Waiting for file changes...
       press h to show help, press q to quit
c[3J RERUN  src/sections/About.jsx x9 

 ✓ src/App.test.jsx (3 tests) 334ms

 Test Files  1 passed (1)
      Tests  3 passed (3)
   Start at  12:24:45
   Duration  1.67s

 PASS  Waiting for file changes...
       press h to show help, press q to quit
c[3J RERUN  src/sections/Services.jsx x10 

 ✓ src/App.test.jsx (3 tests) 382ms

 Test Files  1 passed (1)
      Tests  3 passed (3)
   Start at  12:24:48
   Duration  1.29s

 PASS  Waiting for file changes...
       press h to show help, press q to quit
c[3J RERUN  src/sections/Projects.jsx x11 

 ✓ src/App.test.jsx (3 tests) 386ms
   ✓ Ohtli Landing Page > renders the App without crashing  367ms

 Test Files  1 passed (1)
      Tests  3 passed (3)
   Start at  12:25:12
   Duration  1.20s

 PASS  Waiting for file changes...
       press h to show help, press q to quit
c[3J RERUN  src/sections/Process.jsx x12 

 ✓ src/App.test.jsx (3 tests) 261ms

 Test Files  1 passed (1)
      Tests  3 passed (3)
   Start at  12:25:18
   Duration  1.03s

 PASS  Waiting for file changes...
       press h to show help, press q to quit
c[3J RERUN  src/sections/Testimonials.jsx x13 

 ✓ src/App.test.jsx (3 tests) 264ms

 Test Files  1 passed (1)
      Tests  3 passed (3)
   Start at  12:25:32
   Duration  1.13s

 PASS  Waiting for file changes...
       press h to show help, press q to quit
c[3J RERUN  src/sections/Contact.jsx x14 

 ✓ src/App.test.jsx (3 tests) 410ms

 Test Files  1 passed (1)
      Tests  3 passed (3)
   Start at  12:25:38
   Duration  1.45s

 PASS  Waiting for file changes...
       press h to show help, press q to quit
c[3J RERUN  src/components/Footer.jsx x15 

 ✓ src/App.test.jsx (3 tests) 471ms

 Test Files  1 passed (1)
      Tests  3 passed (3)
   Start at  12:25:41
   Duration  1.95s

 PASS  Waiting for file changes...
       press h to show help, press q to quit
c[3J RERUN  src/sections/Process.jsx x16 

 ✓ src/App.test.jsx (3 tests) 551ms

 Test Files  1 passed (1)
      Tests  3 passed (3)
   Start at  12:26:43
   Duration  1.73s

 PASS  Waiting for file changes...
       press h to show help, press q to quit
c[3J RERUN  src/sections/Hero.jsx x17 

 ✓ src/App.test.jsx (3 tests) 809ms
   ✓ Ohtli Landing Page > renders the App without crashing  632ms

 Test Files  1 passed (1)
      Tests  3 passed (3)
   Start at  12:26:46
   Duration  2.08s

 PASS  Waiting for file changes...
       press h to show help, press q to quit
c[3J RERUN  src/sections/About.jsx x18 

 ✓ src/App.test.jsx (3 tests) 479ms
   ✓ Ohtli Landing Page > renders the App without crashing  399ms

 Test Files  1 passed (1)
      Tests  3 passed (3)
   Start at  12:26:50
   Duration  1.50s

 PASS  Waiting for file changes...
       press h to show help, press q to quit
c[3J RERUN  src/setupTests.js x19 

 ✓ src/App.test.jsx (3 tests) 539ms
   ✓ Ohtli Landing Page > renders the App without crashing  385ms

 Test Files  1 passed (1)
      Tests  3 passed (3)
   Start at  12:30:27
   Duration  1.71s

 PASS  Waiting for file changes...
       press h to show help, press q to quit
c[3J RERUN  src/components/Navbar.test.jsx x1 

stderr | src/components/Navbar.test.jsx > Navbar Component > applies correct classes when scrolled
An update to Navbar inside a test was not wrapped in act(...).

When testing, code that causes React state updates should be wrapped into act(...):

act(() => {
  /* fire events that update state */
});
/* assert on the output */

This ensures that you're testing the behavior the user would see in the browser. Learn more at https://react.dev/link/wrap-tests-with-act

 ✓ src/components/Navbar.test.jsx (7 tests) 1624ms
   ✓ Navbar Component > renders without crashing  313ms
   ✓ Navbar Component > has no accessibility violations  821ms

 Test Files  1 passed (1)
      Tests  7 passed (7)
   Start at  12:30:35
   Duration  2.99s

 PASS  Waiting for file changes...
       press h to show help, press q to quit
c[3J RERUN  src/sections/Hero.test.jsx x1 

 ✓ src/sections/Hero.test.jsx (8 tests) 1237ms
   ✓ Hero Component > has proper heading hierarchy  383ms
   ✓ Hero Component > has no accessibility violations  503ms

 Test Files  1 passed (1)
      Tests  8 passed (8)
   Start at  12:30:43
   Duration  2.37s

 PASS  Waiting for file changes...
       press h to show help, press q to quit
c[3J RERUN  src/sections/Services.test.jsx x1 

 ❯ src/sections/Services.test.jsx (8 tests | 1 failed) 1446ms
   × Services Component > renders the section heading 357ms
     → Found multiple elements with the text: /Experiencias/i

Here are the matching elements:

Ignored nodes: comments, script, style
[36m<h3[39m
  [33mclass[39m=[32m"text-4xl md:text-6xl font-serif italic text-[var(--color-text)]"[39m
[36m>[39m
  [0mExperiencias [0m
  [36m<br />[39m
  [36m<span[39m
    [33mclass[39m=[32m"text-transparent bg-clip-text bg-gradient-to-r from-primary to-secondary"[39m
  [36m>[39m
    [0mDigitales.[0m
  [36m</span>[39m
[36m</h3>[39m

Ignored nodes: comments, script, style
[36m<p[39m
  [33mclass[39m=[32m"text-lg text-[var(--color-text-muted)] mb-8 leading-relaxed"[39m
[36m>[39m
  [0mExperiencias nativas y multiplataforma para iOS y Android.[0m
[36m</p>[39m

(If this is intentional, then use the `*AllBy*` variant of the query (like `queryAllByText`, `getAllByText`, or `findAllByText`)).

Ignored nodes: comments, script, style
[36m<body>[39m
  [36m<div>[39m
    [36m<section[39m
      [33mclass[39m=[32m"relative h-[300vh] bg-background"[39m
      [33mid[39m=[32m"services"[39m
    [36m>[39m
      [36m<div[39m
        [33mclass[39m=[32m"sticky top-0 flex h-screen items-center overflow-hidden"[39m
      [36m>[39m
        [36m<div[39m
          [33mclass[39m=[32m"flex gap-20 px-20"[39m
          [33mstyle[39m=[32m"transform: translateX(1%);"[39m
        [36m>[39m
          [36m<div[39m
            [33mclass[39m=[32m"container mx-auto px-6 mb-16 flex justify-between items-end min-w-[40vw]"[39m
          [36m>[39m
            [36m<div>[39m
              [36m<h2[39m
                [33mclass[39m=[32m"text-sm uppercase tracking-[0.3em] text-[var(--color-text-muted)] mb-4"[39m
              [36m>[39m
                [0mNuestros Servicios[0m
              [36m</h2>[39m
              [36m<h3[39m
                [33mclass[39m=[32m"text-4xl md:text-6xl font-serif italic text-[var(--color-text)]"[39m
              [36m>[39m
                [0mExperiencias [0m
                [36m<br />[39m
                [36m<span[39m
                  [33mclass[39m=[32m"text-transparent bg-clip-text bg-gradient-to-r from-primary to-secondary"[39m
                [36m>[39m
                  [0mDigitales.[0m
                [36m</span>[39m
              [36m</h3>[39m
            [36m</div>[39m
            [36m<div[39m
              [33mclass[39m=[32m"hidden md:block w-32 h-32 opacity-60 mix-blend-screen"[39m
            [36m>[39m
              [36m<img[39m
                [33malt[39m=[32m"Services 3D Object"[39m
                [33mclass[39m=[32m"w-full h-full object-contain dark:filter-none filter invert dark:invert-0 transition-all duration-500"[39m
                [33msrc[39m=[32m"/src/assets/services-obj.png"[39m
              [36m/>[39m
            [36m</div>[39m
          [36m</div>[39m
          [36m<div[39m
            [33mclass[39m=[32m"group relative h-[60vh] w-[35vw] min-w-[400px] bg-[var(--color-text)]/5 border border-[var(--color-text)]/10 p-10 flex flex-col justify-between hover:bg-[var(--color-text)]/10 transition-colors duration-500"[39m
          [36m>[39m
            [36m<div[39m
              [33mclass[39m=[32m"flex justify-between items-start"[39m
            [36m>[39m
              [36m<span[39m
                [33mclass[39m=[32m"text-6xl font-serif text-[var(--color-text)]/20 group-hover:text-primary/50 transition-colors duration-500"[39m
              [36m>[39m
                [0m1[0m
              [36m</span>[39m
              [36m<svg[39m
                [33maria-hidden[39m=[32m"true"[39m
                [33mclass[39m=[32m"lucide lucide-arrow-up-right text-[var(--color-text)] opacity-0 group-hover:opacity-100 transition-opacity duration-500"[39m
                [33mfill[39m=[32m"none"[39m
                [33mheight[39m=[32m"32"[39m
                [33mstroke[39m=[32m"currentColor"[39m
                [33mstroke-linecap[39m=[32m"round"[39m
                [33mstroke-linejoin[39m=[32m"round"[39m
                [33mstroke-width[39m=[32m"2"[39m
                [33mviewBox[39m=[32m"0 0 24 24"[39m
                [33mwidth[39m=[32m"32"[39m
                [33mxmlns[39m=[32m"http://www.w3.org/2000/svg"[39m
              [36m>[39m
                [36m<path[39m
                  [33md[39m=[32m"M7 7h10v10"[39m
                [36m/>[39m
                [36m<path[39m
                  [33md[39m=[32m"M7 17 17 7"[39m
                [36m/>[39m
              [36m</svg>[39m
            [36m</div>[39m
            [36m<div>[39m
              [36m<h3[39m
                [33mclass[39m=[32m"text-4xl font-bold text-[var(--color-text)] mb-6 group-hover:text-primary transition-colors duration-500"[39m
              [36m>[39m
                [0mDesarrollo Web[0m
              [36m</h3>[39m
              [36m<p[39m
                [33mclass[39m=[32m"text-lg text-[var(--color-text-muted)] mb-8 leading-relaxed"[39m
              [36m>[39m
                [0mAplicaciones web progresivas y sitios corporativos de alto impacto.[0m
              [36m</p>[39m
              [36m<div[39m
                [33mclass[39m=[32m"flex flex-wrap gap-3"[39m
              [36m>[39m
                [36m<span[39m
                  [33mclass[39m=[32m"text-xs uppercase tracking-wider px-4 py-2 border border-[var(--color-text)]/20 rounded-full text-[var(--color-text-muted)]"[39m
                [36m>[39m
                  [0mReact[0m
                [36m</span>[39m
                [36m<span[39m
                  [33mclass[39m=[32m"text-xs uppercase tracking-wider px-4 py-2 border border-[var(--color-text)]/20 rounded-full text-[var(--color-text-muted)]"[39m
                [36m>[39m
                  [0mNext.js[0m
                [36m</span>[39m
                [36m<span[39m
                  [33mclass[39m=[32m"text-xs uppercase tracking-wider px-4 py-2 border border-[var(--color-text)]/20 rounded-full text-[var(--color-text-muted)]"[39m
                [36m>[39m
                  [0mNode.js[0m
                [36m</span>[39m
              [36m</div>[39m
            [36m</div>[39m
          [36m</div>[39m
          [36m<div[39m
            [33mclass[39m=[32m"group relative h-[60vh] w-[35vw] min-w-[400px] bg-[var(--color-text)]/5 border border-[var(--color-text)]/10 p-10 flex flex-col justify-between hover:bg-[var(--color-text)]/10 transition-colors duration-500"[39m
          [36m>[39m
            [36m<div[39m
              [33mclass[39m=[32m"flex justify-between items-start"[39m
            [36m>[39m
              [36m<span[39m
                [33mclass[39m=[32m"text-6xl font-serif text-[var(--color-text)]/20 group-hover:text-primary/50 transition-colors duration-500"[39m
              [36m>[39m
                [0m2[0m
              [36m</span>[39m
              [36m<svg[39m
                [33maria-hidden[39m=[32m"true"[39m
                [33mclass[39m=[32m"lucide lucide-arrow-up-right text-[var(--color-text)] opacity-0 group-hover:opacity-100 transition-opacity duration-500"[39m
                [33mfill[39m=[32m"none"[39m
                [33mheight[39m=[32m"32"[39m
                [33mstroke[39m=[32m"currentColor"[39m
                [33mstroke-linecap[39m=[32m"round"[39m
                [33mstroke-linejoin[39m=[32m"round"[39m
                [33mstroke-width[39m=[32m"2"[39m
                [33mviewBox[39m=[32m"0 0 24 24"[39m
                [33mwidth[39m=[32m"32"[39m
                [33mxmlns[39m=[32m"http://www.w3.org/2000/svg"[39m
              [36m>[39m
                [36m<path[39m
                  [33md[39m=[32m"M7 7h10v10"[39m
                [36m/>[39m
                [...
   ✓ Services Component > renders all services from data 59ms
   ✓ Services Component > displays service IDs correctly 34ms
   ✓ Services Component > renders tech stack tags for each service 95ms
   ✓ Services Component > has the 3D services image 10ms
   ✓ Services Component > applies correct hover states 8ms
   ✓ Services Component > has no accessibility violations  864ms
   ✓ Services Component > uses horizontal scroll animation 7ms

⎯⎯⎯⎯⎯⎯⎯ Failed Tests 1 ⎯⎯⎯⎯⎯⎯⎯

 FAIL  src/sections/Services.test.jsx > Services Component > renders the section heading
TestingLibraryElementError: Found multiple elements with the text: /Experiencias/i

Here are the matching elements:

Ignored nodes: comments, script, style
[36m<h3[39m
  [33mclass[39m=[32m"text-4xl md:text-6xl font-serif italic text-[var(--color-text)]"[39m
[36m>[39m
  [0mExperiencias [0m
  [36m<br />[39m
  [36m<span[39m
    [33mclass[39m=[32m"text-transparent bg-clip-text bg-gradient-to-r from-primary to-secondary"[39m
  [36m>[39m
    [0mDigitales.[0m
  [36m</span>[39m
[36m</h3>[39m

Ignored nodes: comments, script, style
[36m<p[39m
  [33mclass[39m=[32m"text-lg text-[var(--color-text-muted)] mb-8 leading-relaxed"[39m
[36m>[39m
  [0mExperiencias nativas y multiplataforma para iOS y Android.[0m
[36m</p>[39m

(If this is intentional, then use the `*AllBy*` variant of the query (like `queryAllByText`, `getAllByText`, or `findAllByText`)).

Ignored nodes: comments, script, style
[36m<body>[39m
  [36m<div>[39m
    [36m<section[39m
      [33mclass[39m=[32m"relative h-[300vh] bg-background"[39m
      [33mid[39m=[32m"services"[39m
    [36m>[39m
      [36m<div[39m
        [33mclass[39m=[32m"sticky top-0 flex h-screen items-center overflow-hidden"[39m
      [36m>[39m
        [36m<div[39m
          [33mclass[39m=[32m"flex gap-20 px-20"[39m
          [33mstyle[39m=[32m"transform: translateX(1%);"[39m
        [36m>[39m
          [36m<div[39m
            [33mclass[39m=[32m"container mx-auto px-6 mb-16 flex justify-between items-end min-w-[40vw]"[39m
          [36m>[39m
            [36m<div>[39m
              [36m<h2[39m
                [33mclass[39m=[32m"text-sm uppercase tracking-[0.3em] text-[var(--color-text-muted)] mb-4"[39m
              [36m>[39m
                [0mNuestros Servicios[0m
              [36m</h2>[39m
              [36m<h3[39m
                [33mclass[39m=[32m"text-4xl md:text-6xl font-serif italic text-[var(--color-text)]"[39m
              [36m>[39m
                [0mExperiencias [0m
                [36m<br />[39m
                [36m<span[39m
                  [33mclass[39m=[32m"text-transparent bg-clip-text bg-gradient-to-r from-primary to-secondary"[39m
                [36m>[39m
                  [0mDigitales.[0m
                [36m</span>[39m
              [36m</h3>[39m
            [36m</div>[39m
            [36m<div[39m
              [33mclass[39m=[32m"hidden md:block w-32 h-32 opacity-60 mix-blend-screen"[39m
            [36m>[39m
              [36m<img[39m
                [33malt[39m=[32m"Services 3D Object"[39m
                [33mclass[39m=[32m"w-full h-full object-contain dark:filter-none filter invert dark:invert-0 transition-all duration-500"[39m
                [33msrc[39m=[32m"/src/assets/services-obj.png"[39m
              [36m/>[39m
            [36m</div>[39m
          [36m</div>[39m
          [36m<div[39m
            [33mclass[39m=[32m"group relative h-[60vh] w-[35vw] min-w-[400px] bg-[var(--color-text)]/5 border border-[var(--color-text)]/10 p-10 flex flex-col justify-between hover:bg-[var(--color-text)]/10 transition-colors duration-500"[39m
          [36m>[39m
            [36m<div[39m
              [33mclass[39m=[32m"flex justify-between items-start"[39m
            [36m>[39m
              [36m<span[39m
                [33mclass[39m=[32m"text-6xl font-serif text-[var(--color-text)]/20 group-hover:text-primary/50 transition-colors duration-500"[39m
              [36m>[39m
                [0m1[0m
              [36m</span>[39m
              [36m<svg[39m
                [33maria-hidden[39m=[32m"true"[39m
                [33mclass[39m=[32m"lucide lucide-arrow-up-right text-[var(--color-text)] opacity-0 group-hover:opacity-100 transition-opacity duration-500"[39m
                [33mfill[39m=[32m"none"[39m
                [33mheight[39m=[32m"32"[39m
                [33mstroke[39m=[32m"currentColor"[39m
                [33mstroke-linecap[39m=[32m"round"[39m
                [33mstroke-linejoin[39m=[32m"round"[39m
                [33mstroke-width[39m=[32m"2"[39m
                [33mviewBox[39m=[32m"0 0 24 24"[39m
                [33mwidth[39m=[32m"32"[39m
                [33mxmlns[39m=[32m"http://www.w3.org/2000/svg"[39m
              [36m>[39m
                [36m<path[39m
                  [33md[39m=[32m"M7 7h10v10"[39m
                [36m/>[39m
                [36m<path[39m
                  [33md[39m=[32m"M7 17 17 7"[39m
                [36m/>[39m
              [36m</svg>[39m
            [36m</div>[39m
            [36m<div>[39m
              [36m<h3[39m
                [33mclass[39m=[32m"text-4xl font-bold text-[var(--color-text)] mb-6 group-hover:text-primary transition-colors duration-500"[39m
              [36m>[39m
                [0mDesarrollo Web[0m
              [36m</h3>[39m
              [36m<p[39m
                [33mclass[39m=[32m"text-lg text-[var(--color-text-muted)] mb-8 leading-relaxed"[39m
              [36m>[39m
                [0mAplicaciones web progresivas y sitios corporativos de alto impacto.[0m
              [36m</p>[39m
              [36m<div[39m
                [33mclass[39m=[32m"flex flex-wrap gap-3"[39m
              [36m>[39m
                [36m<span[39m
                  [33mclass[39m=[32m"text-xs uppercase tracking-wider px-4 py-2 border border-[var(--color-text)]/20 rounded-full text-[var(--color-text-muted)]"[39m
                [36m>[39m
                  [0mReact[0m
                [36m</span>[39m
                [36m<span[39m
                  [33mclass[39m=[32m"text-xs uppercase tracking-wider px-4 py-2 border border-[var(--color-text)]/20 rounded-full text-[var(--color-text-muted)]"[39m
                [36m>[39m
                  [0mNext.js[0m
                [36m</span>[39m
                [36m<span[39m
                  [33mclass[39m=[32m"text-xs uppercase tracking-wider px-4 py-2 border border-[var(--color-text)]/20 rounded-full text-[var(--color-text-muted)]"[39m
                [36m>[39m
                  [0mNode.js[0m
                [36m</span>[39m
              [36m</div>[39m
            [36m</div>[39m
          [36m</div>[39m
          [36m<div[39m
            [33mclass[39m=[32m"group relative h-[60vh] w-[35vw] min-w-[400px] bg-[var(--color-text)]/5 border border-[var(--color-text)]/10 p-10 flex flex-col justify-between hover:bg-[var(--color-text)]/10 transition-colors duration-500"[39m
          [36m>[39m
            [36m<div[39m
              [33mclass[39m=[32m"flex justify-between items-start"[39m
            [36m>[39m
              [36m<span[39m
                [33mclass[39m=[32m"text-6xl font-serif text-[var(--color-text)]/20 group-hover:text-primary/50 transition-colors duration-500"[39m
              [36m>[39m
                [0m2[0m
              [36m</span>[39m
              [36m<svg[39m
                [33maria-hidden[39m=[32m"true"[39m
                [33mclass[39m=[32m"lucide lucide-arrow-up-right text-[var(--color-text)] opacity-0 group-hover:opacity-100 transition-opacity duration-500"[39m
                [33mfill[39m=[32m"none"[39m
                [33mheight[39m=[32m"32"[39m
                [33mstroke[39m=[32m"currentColor"[39m
                [33mstroke-linecap[39m=[32m"round"[39m
                [33mstroke-linejoin[39m=[32m"round"[39m
                [33mstroke-width[39m=[32m"2"[39m
                [33mviewBox[39m=[32m"0 0 24 24"[39m
                [33mwidth[39m=[32m"32"[39m
                [33mxmlns[39m=[32m"http://www.w3.org/2000/svg"[39m
              [36m>[39m
                [36m<path[39m
                  [33md[39m=[32m"M7 7h10v10"[39m
                [36m/>[39m
                [...
 ❯ Object.getElementError node_modules/@testing-library/dom/dist/config.js:37:19
 ❯ getElementError node_modules/@testing-library/dom/dist/query-helpers.js:20:35
 ❯ getMultipleElementsFoundError node_modules/@testing-library/dom/dist/query-helpers.js:23:10
 ❯ node_modules/@testing-library/dom/dist/query-helpers.js:55:13
 ❯ node_modules/@testing-library/dom/dist/query-helpers.js:95:19
 ❯ src/sections/Services.test.jsx:11:19
      9|     render(<Services />);
     10|     expect(screen.getByText('Nuestros Servicios')).toBeInTheDocument();
     11|     expect(screen.getByText(/Experiencias/i)).toBeInTheDocument();
       |                   ^
     12|     expect(screen.getByText(/Digitales/i)).toBeInTheDocument();
     13|   });

⎯⎯⎯⎯⎯⎯⎯⎯⎯⎯⎯⎯⎯⎯⎯⎯⎯⎯⎯⎯⎯⎯⎯⎯[1/1]⎯


 Test Files  1 failed (1)
      Tests  1 failed | 7 passed (8)
   Start at  12:30:52
   Duration  2.59s

 FAIL  Tests failed. Watching for file changes...
       press h to show help, press q to quit
c[3J RERUN  src/sections/Projects.test.jsx x1 

 ❯ src/sections/Services.test.jsx (8 tests | 1 failed) 1446ms
   × Services Component > renders the section heading 357ms
     → Found multiple elements with the text: /Experiencias/i

Here are the matching elements:

Ignored nodes: comments, script, style
[36m<h3[39m
  [33mclass[39m=[32m"text-4xl md:text-6xl font-serif italic text-[var(--color-text)]"[39m
[36m>[39m
  [0mExperiencias [0m
  [36m<br />[39m
  [36m<span[39m
    [33mclass[39m=[32m"text-transparent bg-clip-text bg-gradient-to-r from-primary to-secondary"[39m
  [36m>[39m
    [0mDigitales.[0m
  [36m</span>[39m
[36m</h3>[39m

Ignored nodes: comments, script, style
[36m<p[39m
  [33mclass[39m=[32m"text-lg text-[var(--color-text-muted)] mb-8 leading-relaxed"[39m
[36m>[39m
  [0mExperiencias nativas y multiplataforma para iOS y Android.[0m
[36m</p>[39m

(If this is intentional, then use the `*AllBy*` variant of the query (like `queryAllByText`, `getAllByText`, or `findAllByText`)).

Ignored nodes: comments, script, style
[36m<body>[39m
  [36m<div>[39m
    [36m<section[39m
      [33mclass[39m=[32m"relative h-[300vh] bg-background"[39m
      [33mid[39m=[32m"services"[39m
    [36m>[39m
      [36m<div[39m
        [33mclass[39m=[32m"sticky top-0 flex h-screen items-center overflow-hidden"[39m
      [36m>[39m
        [36m<div[39m
          [33mclass[39m=[32m"flex gap-20 px-20"[39m
          [33mstyle[39m=[32m"transform: translateX(1%);"[39m
        [36m>[39m
          [36m<div[39m
            [33mclass[39m=[32m"container mx-auto px-6 mb-16 flex justify-between items-end min-w-[40vw]"[39m
          [36m>[39m
            [36m<div>[39m
              [36m<h2[39m
                [33mclass[39m=[32m"text-sm uppercase tracking-[0.3em] text-[var(--color-text-muted)] mb-4"[39m
              [36m>[39m
                [0mNuestros Servicios[0m
              [36m</h2>[39m
              [36m<h3[39m
                [33mclass[39m=[32m"text-4xl md:text-6xl font-serif italic text-[var(--color-text)]"[39m
              [36m>[39m
                [0mExperiencias [0m
                [36m<br />[39m
                [36m<span[39m
                  [33mclass[39m=[32m"text-transparent bg-clip-text bg-gradient-to-r from-primary to-secondary"[39m
                [36m>[39m
                  [0mDigitales.[0m
                [36m</span>[39m
              [36m</h3>[39m
            [36m</div>[39m
            [36m<div[39m
              [33mclass[39m=[32m"hidden md:block w-32 h-32 opacity-60 mix-blend-screen"[39m
            [36m>[39m
              [36m<img[39m
                [33malt[39m=[32m"Services 3D Object"[39m
                [33mclass[39m=[32m"w-full h-full object-contain dark:filter-none filter invert dark:invert-0 transition-all duration-500"[39m
                [33msrc[39m=[32m"/src/assets/services-obj.png"[39m
              [36m/>[39m
            [36m</div>[39m
          [36m</div>[39m
          [36m<div[39m
            [33mclass[39m=[32m"group relative h-[60vh] w-[35vw] min-w-[400px] bg-[var(--color-text)]/5 border border-[var(--color-text)]/10 p-10 flex flex-col justify-between hover:bg-[var(--color-text)]/10 transition-colors duration-500"[39m
          [36m>[39m
            [36m<div[39m
              [33mclass[39m=[32m"flex justify-between items-start"[39m
            [36m>[39m
              [36m<span[39m
                [33mclass[39m=[32m"text-6xl font-serif text-[var(--color-text)]/20 group-hover:text-primary/50 transition-colors duration-500"[39m
              [36m>[39m
                [0m1[0m
              [36m</span>[39m
              [36m<svg[39m
                [33maria-hidden[39m=[32m"true"[39m
                [33mclass[39m=[32m"lucide lucide-arrow-up-right text-[var(--color-text)] opacity-0 group-hover:opacity-100 transition-opacity duration-500"[39m
                [33mfill[39m=[32m"none"[39m
                [33mheight[39m=[32m"32"[39m
                [33mstroke[39m=[32m"currentColor"[39m
                [33mstroke-linecap[39m=[32m"round"[39m
                [33mstroke-linejoin[39m=[32m"round"[39m
                [33mstroke-width[39m=[32m"2"[39m
                [33mviewBox[39m=[32m"0 0 24 24"[39m
                [33mwidth[39m=[32m"32"[39m
                [33mxmlns[39m=[32m"http://www.w3.org/2000/svg"[39m
              [36m>[39m
                [36m<path[39m
                  [33md[39m=[32m"M7 7h10v10"[39m
                [36m/>[39m
                [36m<path[39m
                  [33md[39m=[32m"M7 17 17 7"[39m
                [36m/>[39m
              [36m</svg>[39m
            [36m</div>[39m
            [36m<div>[39m
              [36m<h3[39m
                [33mclass[39m=[32m"text-4xl font-bold text-[var(--color-text)] mb-6 group-hover:text-primary transition-colors duration-500"[39m
              [36m>[39m
                [0mDesarrollo Web[0m
              [36m</h3>[39m
              [36m<p[39m
                [33mclass[39m=[32m"text-lg text-[var(--color-text-muted)] mb-8 leading-relaxed"[39m
              [36m>[39m
                [0mAplicaciones web progresivas y sitios corporativos de alto impacto.[0m
              [36m</p>[39m
              [36m<div[39m
                [33mclass[39m=[32m"flex flex-wrap gap-3"[39m
              [36m>[39m
                [36m<span[39m
                  [33mclass[39m=[32m"text-xs uppercase tracking-wider px-4 py-2 border border-[var(--color-text)]/20 rounded-full text-[var(--color-text-muted)]"[39m
                [36m>[39m
                  [0mReact[0m
                [36m</span>[39m
                [36m<span[39m
                  [33mclass[39m=[32m"text-xs uppercase tracking-wider px-4 py-2 border border-[var(--color-text)]/20 rounded-full text-[var(--color-text-muted)]"[39m
                [36m>[39m
                  [0mNext.js[0m
                [36m</span>[39m
                [36m<span[39m
                  [33mclass[39m=[32m"text-xs uppercase tracking-wider px-4 py-2 border border-[var(--color-text)]/20 rounded-full text-[var(--color-text-muted)]"[39m
                [36m>[39m
                  [0mNode.js[0m
                [36m</span>[39m
              [36m</div>[39m
            [36m</div>[39m
          [36m</div>[39m
          [36m<div[39m
            [33mclass[39m=[32m"group relative h-[60vh] w-[35vw] min-w-[400px] bg-[var(--color-text)]/5 border border-[var(--color-text)]/10 p-10 flex flex-col justify-between hover:bg-[var(--color-text)]/10 transition-colors duration-500"[39m
          [36m>[39m
            [36m<div[39m
              [33mclass[39m=[32m"flex justify-between items-start"[39m
            [36m>[39m
              [36m<span[39m
                [33mclass[39m=[32m"text-6xl font-serif text-[var(--color-text)]/20 group-hover:text-primary/50 transition-colors duration-500"[39m
              [36m>[39m
                [0m2[0m
              [36m</span>[39m
              [36m<svg[39m
                [33maria-hidden[39m=[32m"true"[39m
                [33mclass[39m=[32m"lucide lucide-arrow-up-right text-[var(--color-text)] opacity-0 group-hover:opacity-100 transition-opacity duration-500"[39m
                [33mfill[39m=[32m"none"[39m
                [33mheight[39m=[32m"32"[39m
                [33mstroke[39m=[32m"currentColor"[39m
                [33mstroke-linecap[39m=[32m"round"[39m
                [33mstroke-linejoin[39m=[32m"round"[39m
                [33mstroke-width[39m=[32m"2"[39m
                [33mviewBox[39m=[32m"0 0 24 24"[39m
                [33mwidth[39m=[32m"32"[39m
                [33mxmlns[39m=[32m"http://www.w3.org/2000/svg"[39m
              [36m>[39m
                [36m<path[39m
                  [33md[39m=[32m"M7 7h10v10"[39m
                [36m/>[39m
                [...
   ✓ Services Component > renders all services from data 59ms
   ✓ Services Component > displays service IDs correctly 34ms
   ✓ Services Component > renders tech stack tags for each service 95ms
   ✓ Services Component > has the 3D services image 10ms
   ✓ Services Component > applies correct hover states 8ms
   ✓ Services Component > has no accessibility violations  864ms
   ✓ Services Component > uses horizontal scroll animation 7ms
 ❯ src/sections/Projects.test.jsx (7 tests | 7 failed) 413ms
   × Projects Component > renders the section heading 158ms
     → 
   × Projects Component > renders all projects from data 194ms
     → 
   × Projects Component > displays project images correctly 9ms
     → 
   × Projects Component > applies correct grid layout classes based on project size 33ms
     → 
   × Projects Component > has hover effects on project cards 6ms
     → 
   × Projects Component > has no accessibility violations 3ms
     → 
   × Projects Component > renders visual decoration (primary line) 8ms
     → 

⎯⎯⎯⎯⎯⎯⎯ Failed Tests 7 ⎯⎯⎯⎯⎯⎯⎯

 FAIL  src/sections/Projects.test.jsx > Projects Component > renders the section heading
{
  stack: 'AggregateError: \n' +
    '    at aggregateErrors (/Users/Hassan/.gemini/antigravity/scratch/teotl-landing/node_modules/react/cjs/react.development.js:551:11)\n' +
    '    at process.env.NODE_ENV.exports.act (/Users/Hassan/.gemini/antigravity/scratch/teotl-landing/node_modules/react/cjs/react.development.js:897:24)\n' +
    '    at /Users/Hassan/.gemini/antigravity/scratch/teotl-landing/node_modules/@testing-library/react/dist/act-compat.js:47:25\n' +
    '    at renderRoot (/Users/Hassan/.gemini/antigravity/scratch/teotl-landing/node_modules/@testing-library/react/dist/pure.js:190:26)\n' +
    '    at render (/Users/Hassan/.gemini/antigravity/scratch/teotl-landing/node_modules/@testing-library/react/dist/pure.js:292:10)\n' +
    '    at /Users/Hassan/.gemini/antigravity/scratch/teotl-landing/src/sections/Projects.test.jsx:9:5\n' +
    '    at file:///Users/Hassan/.gemini/antigravity/scratch/teotl-landing/node_modules/@vitest/runner/dist/chunk-hooks.js:155:11\n' +
    '    at file:///Users/Hassan/.gemini/antigravity/scratch/teotl-landing/node_modules/@vitest/runner/dist/chunk-hooks.js:752:26\n' +
    '    at file:///Users/Hassan/.gemini/antigravity/scratch/teotl-landing/node_modules/@vitest/runner/dist/chunk-hooks.js:1897:20\n' +
    '    at new Promise (<anonymous>)',
  errors: [
    {
      stack: 'ReferenceError: IntersectionObserver is not defined\n' +
        '    at initIntersectionObserver (file:///Users/Hassan/.gemini/antigravity/scratch/teotl-landing/node_modules/framer-motion/dist/es/motion/features/viewport/observers.mjs:35:34)\n' +
        '    at observeIntersection (file:///Users/Hassan/.gemini/antigravity/scratch/teotl-landing/node_modules/framer-motion/dist/es/motion/features/viewport/observers.mjs:40:39)\n' +
        '    at InViewFeature.startObserver (file:///Users/Hassan/.gemini/antigravity/scratch/teotl-landing/node_modules/framer-motion/dist/es/motion/features/viewport/index.mjs:52:16)\n' +
        '    at InViewFeature.mount (file:///Users/Hassan/.gemini/antigravity/scratch/teotl-landing/node_modules/framer-motion/dist/es/motion/features/viewport/index.mjs:55:14)\n' +
        '    at HTMLVisualElement.updateFeatures (file:///Users/Hassan/.gemini/antigravity/scratch/teotl-landing/node_modules/framer-motion/dist/es/render/VisualElement.mjs:259:29)\n' +
        '    at file:///Users/Hassan/.gemini/antigravity/scratch/teotl-landing/node_modules/framer-motion/dist/es/motion/utils/use-visual-element.mjs:71:23\n' +
        '    at Object.react_stack_bottom_frame (/Users/Hassan/.gemini/antigravity/scratch/teotl-landing/node_modules/react-dom/cjs/react-dom-client.development.js:25989:20)\n' +
        '    at runWithFiberInDEV (/Users/Hassan/.gemini/antigravity/scratch/teotl-landing/node_modules/react-dom/cjs/react-dom-client.development.js:874:13)\n' +
        '    at commitHookEffectListMount (/Users/Hassan/.gemini/antigravity/scratch/teotl-landing/node_modules/react-dom/cjs/react-dom-client.development.js:13249:29)\n' +
        '    at commitHookLayoutEffects (/Users/Hassan/.gemini/antigravity/scratch/teotl-landing/node_modules/react-dom/cjs/react-dom-client.development.js:13213:11)',
      message: 'IntersectionObserver is not defined',
      constructor: 'Function<ReferenceError>',
      name: 'ReferenceError',
      toString: 'Function<toString>'
    },
    {
      stack: 'ReferenceError: IntersectionObserver is not defined\n' +
        '    at initIntersectionObserver (file:///Users/Hassan/.gemini/antigravity/scratch/teotl-landing/node_modules/framer-motion/dist/es/motion/features/viewport/observers.mjs:35:34)\n' +
        '    at observeIntersection (file:///Users/Hassan/.gemini/antigravity/scratch/teotl-landing/node_modules/framer-motion/dist/es/motion/features/viewport/observers.mjs:40:39)\n' +
        '    at InViewFeature.startObserver (file:///Users/Hassan/.gemini/antigravity/scratch/teotl-landing/node_modules/framer-motion/dist/es/motion/features/viewport/index.mjs:52:16)\n' +
        '    at InViewFeature.mount (file:///Users/Hassan/.gemini/antigravity/scratch/teotl-landing/node_modules/framer-motion/dist/es/motion/features/viewport/index.mjs:55:14)\n' +
        '    at HTMLVisualElement.updateFeatures (file:///Users/Hassan/.gemini/antigravity/scratch/teotl-landing/node_modules/framer-motion/dist/es/render/VisualElement.mjs:259:29)\n' +
        '    at file:///Users/Hassan/.gemini/antigravity/scratch/teotl-landing/node_modules/framer-motion/dist/es/motion/utils/use-visual-element.mjs:71:23\n' +
        '    at Object.react_stack_bottom_frame (/Users/Hassan/.gemini/antigravity/scratch/teotl-landing/node_modules/react-dom/cjs/react-dom-client.development.js:25989:20)\n' +
        '    at runWithFiberInDEV (/Users/Hassan/.gemini/antigravity/scratch/teotl-landing/node_modules/react-dom/cjs/react-dom-client.development.js:874:13)\n' +
        '    at commitHookEffectListMount (/Users/Hassan/.gemini/antigravity/scratch/teotl-landing/node_modules/react-dom/cjs/react-dom-client.development.js:13249:29)\n' +
        '    at commitHookLayoutEffects (/Users/Hassan/.gemini/antigravity/scratch/teotl-landing/node_modules/react-dom/cjs/react-dom-client.development.js:13213:11)',
      message: 'IntersectionObserver is not defined',
      constructor: 'Function<ReferenceError>',
      name: 'ReferenceError',
      toString: 'Function<toString>'
    },
    {
      stack: 'ReferenceError: IntersectionObserver is not defined\n' +
        '    at initIntersectionObserver (file:///Users/Hassan/.gemini/antigravity/scratch/teotl-landing/node_modules/framer-motion/dist/es/motion/features/viewport/observers.mjs:35:34)\n' +
        '    at observeIntersection (file:///Users/Hassan/.gemini/antigravity/scratch/teotl-landing/node_modules/framer-motion/dist/es/motion/features/viewport/observers.mjs:40:39)\n' +
        '    at InViewFeature.startObserver (file:///Users/Hassan/.gemini/antigravity/scratch/teotl-landing/node_modules/framer-motion/dist/es/motion/features/viewport/index.mjs:52:16)\n' +
        '    at InViewFeature.mount (file:///Users/Hassan/.gemini/antigravity/scratch/teotl-landing/node_modules/framer-motion/dist/es/motion/features/viewport/index.mjs:55:14)\n' +
        '    at HTMLVisualElement.updateFeatures (file:///Users/Hassan/.gemini/antigravity/scratch/teotl-landing/node_modules/framer-motion/dist/es/render/VisualElement.mjs:259:29)\n' +
        '    at file:///Users/Hassan/.gemini/antigravity/scratch/teotl-landing/node_modules/framer-motion/dist/es/motion/utils/use-visual-element.mjs:71:23\n' +
        '    at Object.react_stack_bottom_frame (/Users/Hassan/.gemini/antigravity/scratch/teotl-landing/node_modules/react-dom/cjs/react-dom-client.development.js:25989:20)\n' +
        '    at runWithFiberInDEV (/Users/Hassan/.gemini/antigravity/scratch/teotl-landing/node_modules/react-dom/cjs/react-dom-client.development.js:874:13)\n' +
        '    at commitHookEffectListMount (/Users/Hassan/.gemini/antigravity/scratch/teotl-landing/node_modules/react-dom/cjs/react-dom-client.development.js:13249:29)\n' +
        '    at commitHookLayoutEffects (/Users/Hassan/.gemini/antigravity/scratch/teotl-landing/node_modules/react-dom/cjs/react-dom-client.development.js:13213:11)',
      message: 'IntersectionObserver is not defined',
      constructor: 'Function<ReferenceError>',
      name: 'ReferenceError',
      toString: 'Function<toString>'
    }
  ],
  message: '',
  constructor: 'Function<AggregateError>',
  name: 'AggregateError',
  toString: 'Function<toString>',
  stacks: [
    {
      method: 'aggregateErrors',
      file: '/Users/Hassan/.gemini/antigravity/scratch/teotl-landing/node_modules/react/cjs/react.development.js',
      line: 551,
      column: 11
    },
    {
      method: 'process.env.NODE_ENV.exports.act',
      file: '/Users/Hassan/.gemini/antigravity/scratch/teotl-landing/node_modules/react/cjs/react.development.js',
      line: 897,
      column: 24
    },
    {
      method: '',
      file: '/Users/Hassan/.gemini/antigravity/scratch/teotl-landing/node_modules/@testing-library/react/dist/act-compat.js',
      line: 47,
      column: 25
    },
    {
      method: 'renderRoot',
      file: '/Users/Hassan/.gemini/antigravity/scratch/teotl-landing/node_modules/@testing-library/react/dist/pure.js',
      line: 190,
      column: 26
    },
    {
      method: 'render',
      file: '/Users/Hassan/.gemini/antigravity/scratch/teotl-landing/node_modules/@testing-library/react/dist/pure.js',
      line: 292,
      column: 10
    },
    {
      method: '',
      file: '/Users/Hassan/.gemini/antigravity/scratch/teotl-landing/src/sections/Projects.test.jsx',
      line: 9,
      column: 5
    }
  ]
}
 ❯ aggregateErrors node_modules/react/cjs/react.development.js:551:11
 ❯ process.env.NODE_ENV.exports.act node_modules/react/cjs/react.development.js:897:24
 ❯ node_modules/@testing-library/react/dist/act-compat.js:47:25
 ❯ renderRoot node_modules/@testing-library/react/dist/pure.js:190:26
 ❯ render node_modules/@testing-library/react/dist/pure.js:292:10
 ❯ src/sections/Projects.test.jsx:9:5
      7| describe('Projects Component', () => {
      8|   it('renders the section heading', () => {
      9|     render(<Projects />);
       |     ^
     10|     expect(screen.getByText('Selected')).toBeInTheDocument();
     11|     expect(screen.getByText('Works')).toBeInTheDocument();

⎯⎯⎯⎯⎯⎯⎯⎯⎯⎯⎯⎯⎯⎯⎯⎯⎯⎯⎯⎯⎯⎯⎯⎯[1/7]⎯

 FAIL  src/sections/Projects.test.jsx > Projects Component > renders all projects from data
{
  stack: 'AggregateError: \n' +
    '    at aggregateErrors (/Users/Hassan/.gemini/antigravity/scratch/teotl-landing/node_modules/react/cjs/react.development.js:551:11)\n' +
    '    at process.env.NODE_ENV.exports.act (/Users/Hassan/.gemini/antigravity/scratch/teotl-landing/node_modules/react/cjs/react.development.js:897:24)\n' +
    '    at /Users/Hassan/.gemini/antigravity/scratch/teotl-landing/node_modules/@testing-library/react/dist/act-compat.js:47:25\n' +
    '    at renderRoot (/Users/Hassan/.gemini/antigravity/scratch/teotl-landing/node_modules/@testing-library/react/dist/pure.js:190:26)\n' +
    '    at render (/Users/Hassan/.gemini/antigravity/scratch/teotl-landing/node_modules/@testing-library/react/dist/pure.js:292:10)\n' +
    '    at /Users/Hassan/.gemini/antigravity/scratch/teotl-landing/src/sections/Projects.test.jsx:15:5\n' +
    '    at file:///Users/Hassan/.gemini/antigravity/scratch/teotl-landing/node_modules/@vitest/runner/dist/chunk-hooks.js:155:11\n' +
    '    at file:///Users/Hassan/.gemini/antigravity/scratch/teotl-landing/node_modules/@vitest/runner/dist/chunk-hooks.js:752:26\n' +
    '    at file:///Users/Hassan/.gemini/antigravity/scratch/teotl-landing/node_modules/@vitest/runner/dist/chunk-hooks.js:1897:20\n' +
    '    at new Promise (<anonymous>)',
  errors: [
    {
      stack: 'ReferenceError: IntersectionObserver is not defined\n' +
        '    at initIntersectionObserver (file:///Users/Hassan/.gemini/antigravity/scratch/teotl-landing/node_modules/framer-motion/dist/es/motion/features/viewport/observers.mjs:35:34)\n' +
        '    at observeIntersection (file:///Users/Hassan/.gemini/antigravity/scratch/teotl-landing/node_modules/framer-motion/dist/es/motion/features/viewport/observers.mjs:40:39)\n' +
        '    at InViewFeature.startObserver (file:///Users/Hassan/.gemini/antigravity/scratch/teotl-landing/node_modules/framer-motion/dist/es/motion/features/viewport/index.mjs:52:16)\n' +
        '    at InViewFeature.mount (file:///Users/Hassan/.gemini/antigravity/scratch/teotl-landing/node_modules/framer-motion/dist/es/motion/features/viewport/index.mjs:55:14)\n' +
        '    at HTMLVisualElement.updateFeatures (file:///Users/Hassan/.gemini/antigravity/scratch/teotl-landing/node_modules/framer-motion/dist/es/render/VisualElement.mjs:259:29)\n' +
        '    at file:///Users/Hassan/.gemini/antigravity/scratch/teotl-landing/node_modules/framer-motion/dist/es/motion/utils/use-visual-element.mjs:71:23\n' +
        '    at Object.react_stack_bottom_frame (/Users/Hassan/.gemini/antigravity/scratch/teotl-landing/node_modules/react-dom/cjs/react-dom-client.development.js:25989:20)\n' +
        '    at runWithFiberInDEV (/Users/Hassan/.gemini/antigravity/scratch/teotl-landing/node_modules/react-dom/cjs/react-dom-client.development.js:874:13)\n' +
        '    at commitHookEffectListMount (/Users/Hassan/.gemini/antigravity/scratch/teotl-landing/node_modules/react-dom/cjs/react-dom-client.development.js:13249:29)\n' +
        '    at commitHookLayoutEffects (/Users/Hassan/.gemini/antigravity/scratch/teotl-landing/node_modules/react-dom/cjs/react-dom-client.development.js:13213:11)',
      message: 'IntersectionObserver is not defined',
      constructor: 'Function<ReferenceError>',
      name: 'ReferenceError',
      toString: 'Function<toString>'
    },
    {
      stack: 'ReferenceError: IntersectionObserver is not defined\n' +
        '    at initIntersectionObserver (file:///Users/Hassan/.gemini/antigravity/scratch/teotl-landing/node_modules/framer-motion/dist/es/motion/features/viewport/observers.mjs:35:34)\n' +
        '    at observeIntersection (file:///Users/Hassan/.gemini/antigravity/scratch/teotl-landing/node_modules/framer-motion/dist/es/motion/features/viewport/observers.mjs:40:39)\n' +
        '    at InViewFeature.startObserver (file:///Users/Hassan/.gemini/antigravity/scratch/teotl-landing/node_modules/framer-motion/dist/es/motion/features/viewport/index.mjs:52:16)\n' +
        '    at InViewFeature.mount (file:///Users/Hassan/.gemini/antigravity/scratch/teotl-landing/node_modules/framer-motion/dist/es/motion/features/viewport/index.mjs:55:14)\n' +
        '    at HTMLVisualElement.updateFeatures (file:///Users/Hassan/.gemini/antigravity/scratch/teotl-landing/node_modules/framer-motion/dist/es/render/VisualElement.mjs:259:29)\n' +
        '    at file:///Users/Hassan/.gemini/antigravity/scratch/teotl-landing/node_modules/framer-motion/dist/es/motion/utils/use-visual-element.mjs:71:23\n' +
        '    at Object.react_stack_bottom_frame (/Users/Hassan/.gemini/antigravity/scratch/teotl-landing/node_modules/react-dom/cjs/react-dom-client.development.js:25989:20)\n' +
        '    at runWithFiberInDEV (/Users/Hassan/.gemini/antigravity/scratch/teotl-landing/node_modules/react-dom/cjs/react-dom-client.development.js:874:13)\n' +
        '    at commitHookEffectListMount (/Users/Hassan/.gemini/antigravity/scratch/teotl-landing/node_modules/react-dom/cjs/react-dom-client.development.js:13249:29)\n' +
        '    at commitHookLayoutEffects (/Users/Hassan/.gemini/antigravity/scratch/teotl-landing/node_modules/react-dom/cjs/react-dom-client.development.js:13213:11)',
      message: 'IntersectionObserver is not defined',
      constructor: 'Function<ReferenceError>',
      name: 'ReferenceError',
      toString: 'Function<toString>'
    },
    {
      stack: 'ReferenceError: IntersectionObserver is not defined\n' +
        '    at initIntersectionObserver (file:///Users/Hassan/.gemini/antigravity/scratch/teotl-landing/node_modules/framer-motion/dist/es/motion/features/viewport/observers.mjs:35:34)\n' +
        '    at observeIntersection (file:///Users/Hassan/.gemini/antigravity/scratch/teotl-landing/node_modules/framer-motion/dist/es/motion/features/viewport/observers.mjs:40:39)\n' +
        '    at InViewFeature.startObserver (file:///Users/Hassan/.gemini/antigravity/scratch/teotl-landing/node_modules/framer-motion/dist/es/motion/features/viewport/index.mjs:52:16)\n' +
        '    at InViewFeature.mount (file:///Users/Hassan/.gemini/antigravity/scratch/teotl-landing/node_modules/framer-motion/dist/es/motion/features/viewport/index.mjs:55:14)\n' +
        '    at HTMLVisualElement.updateFeatures (file:///Users/Hassan/.gemini/antigravity/scratch/teotl-landing/node_modules/framer-motion/dist/es/render/VisualElement.mjs:259:29)\n' +
        '    at file:///Users/Hassan/.gemini/antigravity/scratch/teotl-landing/node_modules/framer-motion/dist/es/motion/utils/use-visual-element.mjs:71:23\n' +
        '    at Object.react_stack_bottom_frame (/Users/Hassan/.gemini/antigravity/scratch/teotl-landing/node_modules/react-dom/cjs/react-dom-client.development.js:25989:20)\n' +
        '    at runWithFiberInDEV (/Users/Hassan/.gemini/antigravity/scratch/teotl-landing/node_modules/react-dom/cjs/react-dom-client.development.js:874:13)\n' +
        '    at commitHookEffectListMount (/Users/Hassan/.gemini/antigravity/scratch/teotl-landing/node_modules/react-dom/cjs/react-dom-client.development.js:13249:29)\n' +
        '    at commitHookLayoutEffects (/Users/Hassan/.gemini/antigravity/scratch/teotl-landing/node_modules/react-dom/cjs/react-dom-client.development.js:13213:11)',
      message: 'IntersectionObserver is not defined',
      constructor: 'Function<ReferenceError>',
      name: 'ReferenceError',
      toString: 'Function<toString>'
    }
  ],
  message: '',
  constructor: 'Function<AggregateError>',
  name: 'AggregateError',
  toString: 'Function<toString>',
  stacks: [
    {
      method: 'aggregateErrors',
      file: '/Users/Hassan/.gemini/antigravity/scratch/teotl-landing/node_modules/react/cjs/react.development.js',
      line: 551,
      column: 11
    },
    {
      method: 'process.env.NODE_ENV.exports.act',
      file: '/Users/Hassan/.gemini/antigravity/scratch/teotl-landing/node_modules/react/cjs/react.development.js',
      line: 897,
      column: 24
    },
    {
      method: '',
      file: '/Users/Hassan/.gemini/antigravity/scratch/teotl-landing/node_modules/@testing-library/react/dist/act-compat.js',
      line: 47,
      column: 25
    },
    {
      method: 'renderRoot',
      file: '/Users/Hassan/.gemini/antigravity/scratch/teotl-landing/node_modules/@testing-library/react/dist/pure.js',
      line: 190,
      column: 26
    },
    {
      method: 'render',
      file: '/Users/Hassan/.gemini/antigravity/scratch/teotl-landing/node_modules/@testing-library/react/dist/pure.js',
      line: 292,
      column: 10
    },
    {
      method: '',
      file: '/Users/Hassan/.gemini/antigravity/scratch/teotl-landing/src/sections/Projects.test.jsx',
      line: 15,
      column: 5
    }
  ]
}
 ❯ aggregateErrors node_modules/react/cjs/react.development.js:551:11
 ❯ process.env.NODE_ENV.exports.act node_modules/react/cjs/react.development.js:897:24
 ❯ node_modules/@testing-library/react/dist/act-compat.js:47:25
 ❯ renderRoot node_modules/@testing-library/react/dist/pure.js:190:26
 ❯ render node_modules/@testing-library/react/dist/pure.js:292:10
 ❯ src/sections/Projects.test.jsx:15:5
     13| 
     14|   it('renders all projects from data', () => {
     15|     render(<Projects />);
       |     ^
     16|     
     17|     projects.forEach(project => {

⎯⎯⎯⎯⎯⎯⎯⎯⎯⎯⎯⎯⎯⎯⎯⎯⎯⎯⎯⎯⎯⎯⎯⎯[2/7]⎯

 FAIL  src/sections/Projects.test.jsx > Projects Component > displays project images correctly
{
  stack: 'AggregateError: \n' +
    '    at aggregateErrors (/Users/Hassan/.gemini/antigravity/scratch/teotl-landing/node_modules/react/cjs/react.development.js:551:11)\n' +
    '    at process.env.NODE_ENV.exports.act (/Users/Hassan/.gemini/antigravity/scratch/teotl-landing/node_modules/react/cjs/react.development.js:897:24)\n' +
    '    at /Users/Hassan/.gemini/antigravity/scratch/teotl-landing/node_modules/@testing-library/react/dist/act-compat.js:47:25\n' +
    '    at renderRoot (/Users/Hassan/.gemini/antigravity/scratch/teotl-landing/node_modules/@testing-library/react/dist/pure.js:190:26)\n' +
    '    at render (/Users/Hassan/.gemini/antigravity/scratch/teotl-landing/node_modules/@testing-library/react/dist/pure.js:292:10)\n' +
    '    at /Users/Hassan/.gemini/antigravity/scratch/teotl-landing/src/sections/Projects.test.jsx:24:5\n' +
    '    at file:///Users/Hassan/.gemini/antigravity/scratch/teotl-landing/node_modules/@vitest/runner/dist/chunk-hooks.js:155:11\n' +
    '    at file:///Users/Hassan/.gemini/antigravity/scratch/teotl-landing/node_modules/@vitest/runner/dist/chunk-hooks.js:752:26\n' +
    '    at file:///Users/Hassan/.gemini/antigravity/scratch/teotl-landing/node_modules/@vitest/runner/dist/chunk-hooks.js:1897:20\n' +
    '    at new Promise (<anonymous>)',
  errors: [
    {
      stack: 'ReferenceError: IntersectionObserver is not defined\n' +
        '    at initIntersectionObserver (file:///Users/Hassan/.gemini/antigravity/scratch/teotl-landing/node_modules/framer-motion/dist/es/motion/features/viewport/observers.mjs:35:34)\n' +
        '    at observeIntersection (file:///Users/Hassan/.gemini/antigravity/scratch/teotl-landing/node_modules/framer-motion/dist/es/motion/features/viewport/observers.mjs:40:39)\n' +
        '    at InViewFeature.startObserver (file:///Users/Hassan/.gemini/antigravity/scratch/teotl-landing/node_modules/framer-motion/dist/es/motion/features/viewport/index.mjs:52:16)\n' +
        '    at InViewFeature.mount (file:///Users/Hassan/.gemini/antigravity/scratch/teotl-landing/node_modules/framer-motion/dist/es/motion/features/viewport/index.mjs:55:14)\n' +
        '    at HTMLVisualElement.updateFeatures (file:///Users/Hassan/.gemini/antigravity/scratch/teotl-landing/node_modules/framer-motion/dist/es/render/VisualElement.mjs:259:29)\n' +
        '    at file:///Users/Hassan/.gemini/antigravity/scratch/teotl-landing/node_modules/framer-motion/dist/es/motion/utils/use-visual-element.mjs:71:23\n' +
        '    at Object.react_stack_bottom_frame (/Users/Hassan/.gemini/antigravity/scratch/teotl-landing/node_modules/react-dom/cjs/react-dom-client.development.js:25989:20)\n' +
        '    at runWithFiberInDEV (/Users/Hassan/.gemini/antigravity/scratch/teotl-landing/node_modules/react-dom/cjs/react-dom-client.development.js:874:13)\n' +
        '    at commitHookEffectListMount (/Users/Hassan/.gemini/antigravity/scratch/teotl-landing/node_modules/react-dom/cjs/react-dom-client.development.js:13249:29)\n' +
        '    at commitHookLayoutEffects (/Users/Hassan/.gemini/antigravity/scratch/teotl-landing/node_modules/react-dom/cjs/react-dom-client.development.js:13213:11)',
      message: 'IntersectionObserver is not defined',
      constructor: 'Function<ReferenceError>',
      name: 'ReferenceError',
      toString: 'Function<toString>'
    },
    {
      stack: 'ReferenceError: IntersectionObserver is not defined\n' +
        '    at initIntersectionObserver (file:///Users/Hassan/.gemini/antigravity/scratch/teotl-landing/node_modules/framer-motion/dist/es/motion/features/viewport/observers.mjs:35:34)\n' +
        '    at observeIntersection (file:///Users/Hassan/.gemini/antigravity/scratch/teotl-landing/node_modules/framer-motion/dist/es/motion/features/viewport/observers.mjs:40:39)\n' +
        '    at InViewFeature.startObserver (file:///Users/Hassan/.gemini/antigravity/scratch/teotl-landing/node_modules/framer-motion/dist/es/motion/features/viewport/index.mjs:52:16)\n' +
        '    at InViewFeature.mount (file:///Users/Hassan/.gemini/antigravity/scratch/teotl-landing/node_modules/framer-motion/dist/es/motion/features/viewport/index.mjs:55:14)\n' +
        '    at HTMLVisualElement.updateFeatures (file:///Users/Hassan/.gemini/antigravity/scratch/teotl-landing/node_modules/framer-motion/dist/es/render/VisualElement.mjs:259:29)\n' +
        '    at file:///Users/Hassan/.gemini/antigravity/scratch/teotl-landing/node_modules/framer-motion/dist/es/motion/utils/use-visual-element.mjs:71:23\n' +
        '    at Object.react_stack_bottom_frame (/Users/Hassan/.gemini/antigravity/scratch/teotl-landing/node_modules/react-dom/cjs/react-dom-client.development.js:25989:20)\n' +
        '    at runWithFiberInDEV (/Users/Hassan/.gemini/antigravity/scratch/teotl-landing/node_modules/react-dom/cjs/react-dom-client.development.js:874:13)\n' +
        '    at commitHookEffectListMount (/Users/Hassan/.gemini/antigravity/scratch/teotl-landing/node_modules/react-dom/cjs/react-dom-client.development.js:13249:29)\n' +
        '    at commitHookLayoutEffects (/Users/Hassan/.gemini/antigravity/scratch/teotl-landing/node_modules/react-dom/cjs/react-dom-client.development.js:13213:11)',
      message: 'IntersectionObserver is not defined',
      constructor: 'Function<ReferenceError>',
      name: 'ReferenceError',
      toString: 'Function<toString>'
    },
    {
      stack: 'ReferenceError: IntersectionObserver is not defined\n' +
        '    at initIntersectionObserver (file:///Users/Hassan/.gemini/antigravity/scratch/teotl-landing/node_modules/framer-motion/dist/es/motion/features/viewport/observers.mjs:35:34)\n' +
        '    at observeIntersection (file:///Users/Hassan/.gemini/antigravity/scratch/teotl-landing/node_modules/framer-motion/dist/es/motion/features/viewport/observers.mjs:40:39)\n' +
        '    at InViewFeature.startObserver (file:///Users/Hassan/.gemini/antigravity/scratch/teotl-landing/node_modules/framer-motion/dist/es/motion/features/viewport/index.mjs:52:16)\n' +
        '    at InViewFeature.mount (file:///Users/Hassan/.gemini/antigravity/scratch/teotl-landing/node_modules/framer-motion/dist/es/motion/features/viewport/index.mjs:55:14)\n' +
        '    at HTMLVisualElement.updateFeatures (file:///Users/Hassan/.gemini/antigravity/scratch/teotl-landing/node_modules/framer-motion/dist/es/render/VisualElement.mjs:259:29)\n' +
        '    at file:///Users/Hassan/.gemini/antigravity/scratch/teotl-landing/node_modules/framer-motion/dist/es/motion/utils/use-visual-element.mjs:71:23\n' +
        '    at Object.react_stack_bottom_frame (/Users/Hassan/.gemini/antigravity/scratch/teotl-landing/node_modules/react-dom/cjs/react-dom-client.development.js:25989:20)\n' +
        '    at runWithFiberInDEV (/Users/Hassan/.gemini/antigravity/scratch/teotl-landing/node_modules/react-dom/cjs/react-dom-client.development.js:874:13)\n' +
        '    at commitHookEffectListMount (/Users/Hassan/.gemini/antigravity/scratch/teotl-landing/node_modules/react-dom/cjs/react-dom-client.development.js:13249:29)\n' +
        '    at commitHookLayoutEffects (/Users/Hassan/.gemini/antigravity/scratch/teotl-landing/node_modules/react-dom/cjs/react-dom-client.development.js:13213:11)',
      message: 'IntersectionObserver is not defined',
      constructor: 'Function<ReferenceError>',
      name: 'ReferenceError',
      toString: 'Function<toString>'
    }
  ],
  message: '',
  constructor: 'Function<AggregateError>',
  name: 'AggregateError',
  toString: 'Function<toString>',
  stacks: [
    {
      method: 'aggregateErrors',
      file: '/Users/Hassan/.gemini/antigravity/scratch/teotl-landing/node_modules/react/cjs/react.development.js',
      line: 551,
      column: 11
    },
    {
      method: 'process.env.NODE_ENV.exports.act',
      file: '/Users/Hassan/.gemini/antigravity/scratch/teotl-landing/node_modules/react/cjs/react.development.js',
      line: 897,
      column: 24
    },
    {
      method: '',
      file: '/Users/Hassan/.gemini/antigravity/scratch/teotl-landing/node_modules/@testing-library/react/dist/act-compat.js',
      line: 47,
      column: 25
    },
    {
      method: 'renderRoot',
      file: '/Users/Hassan/.gemini/antigravity/scratch/teotl-landing/node_modules/@testing-library/react/dist/pure.js',
      line: 190,
      column: 26
    },
    {
      method: 'render',
      file: '/Users/Hassan/.gemini/antigravity/scratch/teotl-landing/node_modules/@testing-library/react/dist/pure.js',
      line: 292,
      column: 10
    },
    {
      method: '',
      file: '/Users/Hassan/.gemini/antigravity/scratch/teotl-landing/src/sections/Projects.test.jsx',
      line: 24,
      column: 5
    }
  ]
}
 ❯ aggregateErrors node_modules/react/cjs/react.development.js:551:11
 ❯ process.env.NODE_ENV.exports.act node_modules/react/cjs/react.development.js:897:24
 ❯ node_modules/@testing-library/react/dist/act-compat.js:47:25
 ❯ renderRoot node_modules/@testing-library/react/dist/pure.js:190:26
 ❯ render node_modules/@testing-library/react/dist/pure.js:292:10
 ❯ src/sections/Projects.test.jsx:24:5
     22| 
     23|   it('displays project images correctly', () => {
     24|     render(<Projects />);
       |     ^
     25|     
     26|     projects.forEach(project => {

⎯⎯⎯⎯⎯⎯⎯⎯⎯⎯⎯⎯⎯⎯⎯⎯⎯⎯⎯⎯⎯⎯⎯⎯[3/7]⎯

 FAIL  src/sections/Projects.test.jsx > Projects Component > applies correct grid layout classes based on project size
{
  stack: 'AggregateError: \n' +
    '    at aggregateErrors (/Users/Hassan/.gemini/antigravity/scratch/teotl-landing/node_modules/react/cjs/react.development.js:551:11)\n' +
    '    at process.env.NODE_ENV.exports.act (/Users/Hassan/.gemini/antigravity/scratch/teotl-landing/node_modules/react/cjs/react.development.js:897:24)\n' +
    '    at /Users/Hassan/.gemini/antigravity/scratch/teotl-landing/node_modules/@testing-library/react/dist/act-compat.js:47:25\n' +
    '    at renderRoot (/Users/Hassan/.gemini/antigravity/scratch/teotl-landing/node_modules/@testing-library/react/dist/pure.js:190:26)\n' +
    '    at render (/Users/Hassan/.gemini/antigravity/scratch/teotl-landing/node_modules/@testing-library/react/dist/pure.js:292:10)\n' +
    '    at /Users/Hassan/.gemini/antigravity/scratch/teotl-landing/src/sections/Projects.test.jsx:34:27\n' +
    '    at file:///Users/Hassan/.gemini/antigravity/scratch/teotl-landing/node_modules/@vitest/runner/dist/chunk-hooks.js:155:11\n' +
    '    at file:///Users/Hassan/.gemini/antigravity/scratch/teotl-landing/node_modules/@vitest/runner/dist/chunk-hooks.js:752:26\n' +
    '    at file:///Users/Hassan/.gemini/antigravity/scratch/teotl-landing/node_modules/@vitest/runner/dist/chunk-hooks.js:1897:20\n' +
    '    at new Promise (<anonymous>)',
  errors: [
    {
      stack: 'ReferenceError: IntersectionObserver is not defined\n' +
        '    at initIntersectionObserver (file:///Users/Hassan/.gemini/antigravity/scratch/teotl-landing/node_modules/framer-motion/dist/es/motion/features/viewport/observers.mjs:35:34)\n' +
        '    at observeIntersection (file:///Users/Hassan/.gemini/antigravity/scratch/teotl-landing/node_modules/framer-motion/dist/es/motion/features/viewport/observers.mjs:40:39)\n' +
        '    at InViewFeature.startObserver (file:///Users/Hassan/.gemini/antigravity/scratch/teotl-landing/node_modules/framer-motion/dist/es/motion/features/viewport/index.mjs:52:16)\n' +
        '    at InViewFeature.mount (file:///Users/Hassan/.gemini/antigravity/scratch/teotl-landing/node_modules/framer-motion/dist/es/motion/features/viewport/index.mjs:55:14)\n' +
        '    at HTMLVisualElement.updateFeatures (file:///Users/Hassan/.gemini/antigravity/scratch/teotl-landing/node_modules/framer-motion/dist/es/render/VisualElement.mjs:259:29)\n' +
        '    at file:///Users/Hassan/.gemini/antigravity/scratch/teotl-landing/node_modules/framer-motion/dist/es/motion/utils/use-visual-element.mjs:71:23\n' +
        '    at Object.react_stack_bottom_frame (/Users/Hassan/.gemini/antigravity/scratch/teotl-landing/node_modules/react-dom/cjs/react-dom-client.development.js:25989:20)\n' +
        '    at runWithFiberInDEV (/Users/Hassan/.gemini/antigravity/scratch/teotl-landing/node_modules/react-dom/cjs/react-dom-client.development.js:874:13)\n' +
        '    at commitHookEffectListMount (/Users/Hassan/.gemini/antigravity/scratch/teotl-landing/node_modules/react-dom/cjs/react-dom-client.development.js:13249:29)\n' +
        '    at commitHookLayoutEffects (/Users/Hassan/.gemini/antigravity/scratch/teotl-landing/node_modules/react-dom/cjs/react-dom-client.development.js:13213:11)',
      message: 'IntersectionObserver is not defined',
      constructor: 'Function<ReferenceError>',
      name: 'ReferenceError',
      toString: 'Function<toString>'
    },
    {
      stack: 'ReferenceError: IntersectionObserver is not defined\n' +
        '    at initIntersectionObserver (file:///Users/Hassan/.gemini/antigravity/scratch/teotl-landing/node_modules/framer-motion/dist/es/motion/features/viewport/observers.mjs:35:34)\n' +
        '    at observeIntersection (file:///Users/Hassan/.gemini/antigravity/scratch/teotl-landing/node_modules/framer-motion/dist/es/motion/features/viewport/observers.mjs:40:39)\n' +
        '    at InViewFeature.startObserver (file:///Users/Hassan/.gemini/antigravity/scratch/teotl-landing/node_modules/framer-motion/dist/es/motion/features/viewport/index.mjs:52:16)\n' +
        '    at InViewFeature.mount (file:///Users/Hassan/.gemini/antigravity/scratch/teotl-landing/node_modules/framer-motion/dist/es/motion/features/viewport/index.mjs:55:14)\n' +
        '    at HTMLVisualElement.updateFeatures (file:///Users/Hassan/.gemini/antigravity/scratch/teotl-landing/node_modules/framer-motion/dist/es/render/VisualElement.mjs:259:29)\n' +
        '    at file:///Users/Hassan/.gemini/antigravity/scratch/teotl-landing/node_modules/framer-motion/dist/es/motion/utils/use-visual-element.mjs:71:23\n' +
        '    at Object.react_stack_bottom_frame (/Users/Hassan/.gemini/antigravity/scratch/teotl-landing/node_modules/react-dom/cjs/react-dom-client.development.js:25989:20)\n' +
        '    at runWithFiberInDEV (/Users/Hassan/.gemini/antigravity/scratch/teotl-landing/node_modules/react-dom/cjs/react-dom-client.development.js:874:13)\n' +
        '    at commitHookEffectListMount (/Users/Hassan/.gemini/antigravity/scratch/teotl-landing/node_modules/react-dom/cjs/react-dom-client.development.js:13249:29)\n' +
        '    at commitHookLayoutEffects (/Users/Hassan/.gemini/antigravity/scratch/teotl-landing/node_modules/react-dom/cjs/react-dom-client.development.js:13213:11)',
      message: 'IntersectionObserver is not defined',
      constructor: 'Function<ReferenceError>',
      name: 'ReferenceError',
      toString: 'Function<toString>'
    },
    {
      stack: 'ReferenceError: IntersectionObserver is not defined\n' +
        '    at initIntersectionObserver (file:///Users/Hassan/.gemini/antigravity/scratch/teotl-landing/node_modules/framer-motion/dist/es/motion/features/viewport/observers.mjs:35:34)\n' +
        '    at observeIntersection (file:///Users/Hassan/.gemini/antigravity/scratch/teotl-landing/node_modules/framer-motion/dist/es/motion/features/viewport/observers.mjs:40:39)\n' +
        '    at InViewFeature.startObserver (file:///Users/Hassan/.gemini/antigravity/scratch/teotl-landing/node_modules/framer-motion/dist/es/motion/features/viewport/index.mjs:52:16)\n' +
        '    at InViewFeature.mount (file:///Users/Hassan/.gemini/antigravity/scratch/teotl-landing/node_modules/framer-motion/dist/es/motion/features/viewport/index.mjs:55:14)\n' +
        '    at HTMLVisualElement.updateFeatures (file:///Users/Hassan/.gemini/antigravity/scratch/teotl-landing/node_modules/framer-motion/dist/es/render/VisualElement.mjs:259:29)\n' +
        '    at file:///Users/Hassan/.gemini/antigravity/scratch/teotl-landing/node_modules/framer-motion/dist/es/motion/utils/use-visual-element.mjs:71:23\n' +
        '    at Object.react_stack_bottom_frame (/Users/Hassan/.gemini/antigravity/scratch/teotl-landing/node_modules/react-dom/cjs/react-dom-client.development.js:25989:20)\n' +
        '    at runWithFiberInDEV (/Users/Hassan/.gemini/antigravity/scratch/teotl-landing/node_modules/react-dom/cjs/react-dom-client.development.js:874:13)\n' +
        '    at commitHookEffectListMount (/Users/Hassan/.gemini/antigravity/scratch/teotl-landing/node_modules/react-dom/cjs/react-dom-client.development.js:13249:29)\n' +
        '    at commitHookLayoutEffects (/Users/Hassan/.gemini/antigravity/scratch/teotl-landing/node_modules/react-dom/cjs/react-dom-client.development.js:13213:11)',
      message: 'IntersectionObserver is not defined',
      constructor: 'Function<ReferenceError>',
      name: 'ReferenceError',
      toString: 'Function<toString>'
    }
  ],
  message: '',
  constructor: 'Function<AggregateError>',
  name: 'AggregateError',
  toString: 'Function<toString>',
  stacks: [
    {
      method: 'aggregateErrors',
      file: '/Users/Hassan/.gemini/antigravity/scratch/teotl-landing/node_modules/react/cjs/react.development.js',
      line: 551,
      column: 11
    },
    {
      method: 'process.env.NODE_ENV.exports.act',
      file: '/Users/Hassan/.gemini/antigravity/scratch/teotl-landing/node_modules/react/cjs/react.development.js',
      line: 897,
      column: 24
    },
    {
      method: '',
      file: '/Users/Hassan/.gemini/antigravity/scratch/teotl-landing/node_modules/@testing-library/react/dist/act-compat.js',
      line: 47,
      column: 25
    },
    {
      method: 'renderRoot',
      file: '/Users/Hassan/.gemini/antigravity/scratch/teotl-landing/node_modules/@testing-library/react/dist/pure.js',
      line: 190,
      column: 26
    },
    {
      method: 'render',
      file: '/Users/Hassan/.gemini/antigravity/scratch/teotl-landing/node_modules/@testing-library/react/dist/pure.js',
      line: 292,
      column: 10
    },
    {
      method: '',
      file: '/Users/Hassan/.gemini/antigravity/scratch/teotl-landing/src/sections/Projects.test.jsx',
      line: 34,
      column: 27
    }
  ]
}
 ❯ aggregateErrors node_modules/react/cjs/react.development.js:551:11
 ❯ process.env.NODE_ENV.exports.act node_modules/react/cjs/react.development.js:897:24
 ❯ node_modules/@testing-library/react/dist/act-compat.js:47:25
 ❯ renderRoot node_modules/@testing-library/react/dist/pure.js:190:26
 ❯ render node_modules/@testing-library/react/dist/pure.js:292:10
 ❯ src/sections/Projects.test.jsx:34:27
     32| 
     33|   it('applies correct grid layout classes based on project size', () =…
     34|     const { container } = render(<Projects />);
       |                           ^
     35|     
     36|     const projectCards = container.querySelectorAll('.group');

⎯⎯⎯⎯⎯⎯⎯⎯⎯⎯⎯⎯⎯⎯⎯⎯⎯⎯⎯⎯⎯⎯⎯⎯[4/7]⎯

 FAIL  src/sections/Projects.test.jsx > Projects Component > has hover effects on project cards
{
  stack: 'AggregateError: \n' +
    '    at aggregateErrors (/Users/Hassan/.gemini/antigravity/scratch/teotl-landing/node_modules/react/cjs/react.development.js:551:11)\n' +
    '    at process.env.NODE_ENV.exports.act (/Users/Hassan/.gemini/antigravity/scratch/teotl-landing/node_modules/react/cjs/react.development.js:897:24)\n' +
    '    at /Users/Hassan/.gemini/antigravity/scratch/teotl-landing/node_modules/@testing-library/react/dist/act-compat.js:47:25\n' +
    '    at renderRoot (/Users/Hassan/.gemini/antigravity/scratch/teotl-landing/node_modules/@testing-library/react/dist/pure.js:190:26)\n' +
    '    at render (/Users/Hassan/.gemini/antigravity/scratch/teotl-landing/node_modules/@testing-library/react/dist/pure.js:292:10)\n' +
    '    at /Users/Hassan/.gemini/antigravity/scratch/teotl-landing/src/sections/Projects.test.jsx:54:27\n' +
    '    at file:///Users/Hassan/.gemini/antigravity/scratch/teotl-landing/node_modules/@vitest/runner/dist/chunk-hooks.js:155:11\n' +
    '    at file:///Users/Hassan/.gemini/antigravity/scratch/teotl-landing/node_modules/@vitest/runner/dist/chunk-hooks.js:752:26\n' +
    '    at file:///Users/Hassan/.gemini/antigravity/scratch/teotl-landing/node_modules/@vitest/runner/dist/chunk-hooks.js:1897:20\n' +
    '    at new Promise (<anonymous>)',
  errors: [
    {
      stack: 'ReferenceError: IntersectionObserver is not defined\n' +
        '    at initIntersectionObserver (file:///Users/Hassan/.gemini/antigravity/scratch/teotl-landing/node_modules/framer-motion/dist/es/motion/features/viewport/observers.mjs:35:34)\n' +
        '    at observeIntersection (file:///Users/Hassan/.gemini/antigravity/scratch/teotl-landing/node_modules/framer-motion/dist/es/motion/features/viewport/observers.mjs:40:39)\n' +
        '    at InViewFeature.startObserver (file:///Users/Hassan/.gemini/antigravity/scratch/teotl-landing/node_modules/framer-motion/dist/es/motion/features/viewport/index.mjs:52:16)\n' +
        '    at InViewFeature.mount (file:///Users/Hassan/.gemini/antigravity/scratch/teotl-landing/node_modules/framer-motion/dist/es/motion/features/viewport/index.mjs:55:14)\n' +
        '    at HTMLVisualElement.updateFeatures (file:///Users/Hassan/.gemini/antigravity/scratch/teotl-landing/node_modules/framer-motion/dist/es/render/VisualElement.mjs:259:29)\n' +
        '    at file:///Users/Hassan/.gemini/antigravity/scratch/teotl-landing/node_modules/framer-motion/dist/es/motion/utils/use-visual-element.mjs:71:23\n' +
        '    at Object.react_stack_bottom_frame (/Users/Hassan/.gemini/antigravity/scratch/teotl-landing/node_modules/react-dom/cjs/react-dom-client.development.js:25989:20)\n' +
        '    at runWithFiberInDEV (/Users/Hassan/.gemini/antigravity/scratch/teotl-landing/node_modules/react-dom/cjs/react-dom-client.development.js:874:13)\n' +
        '    at commitHookEffectListMount (/Users/Hassan/.gemini/antigravity/scratch/teotl-landing/node_modules/react-dom/cjs/react-dom-client.development.js:13249:29)\n' +
        '    at commitHookLayoutEffects (/Users/Hassan/.gemini/antigravity/scratch/teotl-landing/node_modules/react-dom/cjs/react-dom-client.development.js:13213:11)',
      message: 'IntersectionObserver is not defined',
      constructor: 'Function<ReferenceError>',
      name: 'ReferenceError',
      toString: 'Function<toString>'
    },
    {
      stack: 'ReferenceError: IntersectionObserver is not defined\n' +
        '    at initIntersectionObserver (file:///Users/Hassan/.gemini/antigravity/scratch/teotl-landing/node_modules/framer-motion/dist/es/motion/features/viewport/observers.mjs:35:34)\n' +
        '    at observeIntersection (file:///Users/Hassan/.gemini/antigravity/scratch/teotl-landing/node_modules/framer-motion/dist/es/motion/features/viewport/observers.mjs:40:39)\n' +
        '    at InViewFeature.startObserver (file:///Users/Hassan/.gemini/antigravity/scratch/teotl-landing/node_modules/framer-motion/dist/es/motion/features/viewport/index.mjs:52:16)\n' +
        '    at InViewFeature.mount (file:///Users/Hassan/.gemini/antigravity/scratch/teotl-landing/node_modules/framer-motion/dist/es/motion/features/viewport/index.mjs:55:14)\n' +
        '    at HTMLVisualElement.updateFeatures (file:///Users/Hassan/.gemini/antigravity/scratch/teotl-landing/node_modules/framer-motion/dist/es/render/VisualElement.mjs:259:29)\n' +
        '    at file:///Users/Hassan/.gemini/antigravity/scratch/teotl-landing/node_modules/framer-motion/dist/es/motion/utils/use-visual-element.mjs:71:23\n' +
        '    at Object.react_stack_bottom_frame (/Users/Hassan/.gemini/antigravity/scratch/teotl-landing/node_modules/react-dom/cjs/react-dom-client.development.js:25989:20)\n' +
        '    at runWithFiberInDEV (/Users/Hassan/.gemini/antigravity/scratch/teotl-landing/node_modules/react-dom/cjs/react-dom-client.development.js:874:13)\n' +
        '    at commitHookEffectListMount (/Users/Hassan/.gemini/antigravity/scratch/teotl-landing/node_modules/react-dom/cjs/react-dom-client.development.js:13249:29)\n' +
        '    at commitHookLayoutEffects (/Users/Hassan/.gemini/antigravity/scratch/teotl-landing/node_modules/react-dom/cjs/react-dom-client.development.js:13213:11)',
      message: 'IntersectionObserver is not defined',
      constructor: 'Function<ReferenceError>',
      name: 'ReferenceError',
      toString: 'Function<toString>'
    },
    {
      stack: 'ReferenceError: IntersectionObserver is not defined\n' +
        '    at initIntersectionObserver (file:///Users/Hassan/.gemini/antigravity/scratch/teotl-landing/node_modules/framer-motion/dist/es/motion/features/viewport/observers.mjs:35:34)\n' +
        '    at observeIntersection (file:///Users/Hassan/.gemini/antigravity/scratch/teotl-landing/node_modules/framer-motion/dist/es/motion/features/viewport/observers.mjs:40:39)\n' +
        '    at InViewFeature.startObserver (file:///Users/Hassan/.gemini/antigravity/scratch/teotl-landing/node_modules/framer-motion/dist/es/motion/features/viewport/index.mjs:52:16)\n' +
        '    at InViewFeature.mount (file:///Users/Hassan/.gemini/antigravity/scratch/teotl-landing/node_modules/framer-motion/dist/es/motion/features/viewport/index.mjs:55:14)\n' +
        '    at HTMLVisualElement.updateFeatures (file:///Users/Hassan/.gemini/antigravity/scratch/teotl-landing/node_modules/framer-motion/dist/es/render/VisualElement.mjs:259:29)\n' +
        '    at file:///Users/Hassan/.gemini/antigravity/scratch/teotl-landing/node_modules/framer-motion/dist/es/motion/utils/use-visual-element.mjs:71:23\n' +
        '    at Object.react_stack_bottom_frame (/Users/Hassan/.gemini/antigravity/scratch/teotl-landing/node_modules/react-dom/cjs/react-dom-client.development.js:25989:20)\n' +
        '    at runWithFiberInDEV (/Users/Hassan/.gemini/antigravity/scratch/teotl-landing/node_modules/react-dom/cjs/react-dom-client.development.js:874:13)\n' +
        '    at commitHookEffectListMount (/Users/Hassan/.gemini/antigravity/scratch/teotl-landing/node_modules/react-dom/cjs/react-dom-client.development.js:13249:29)\n' +
        '    at commitHookLayoutEffects (/Users/Hassan/.gemini/antigravity/scratch/teotl-landing/node_modules/react-dom/cjs/react-dom-client.development.js:13213:11)',
      message: 'IntersectionObserver is not defined',
      constructor: 'Function<ReferenceError>',
      name: 'ReferenceError',
      toString: 'Function<toString>'
    }
  ],
  message: '',
  constructor: 'Function<AggregateError>',
  name: 'AggregateError',
  toString: 'Function<toString>',
  stacks: [
    {
      method: 'aggregateErrors',
      file: '/Users/Hassan/.gemini/antigravity/scratch/teotl-landing/node_modules/react/cjs/react.development.js',
      line: 551,
      column: 11
    },
    {
      method: 'process.env.NODE_ENV.exports.act',
      file: '/Users/Hassan/.gemini/antigravity/scratch/teotl-landing/node_modules/react/cjs/react.development.js',
      line: 897,
      column: 24
    },
    {
      method: '',
      file: '/Users/Hassan/.gemini/antigravity/scratch/teotl-landing/node_modules/@testing-library/react/dist/act-compat.js',
      line: 47,
      column: 25
    },
    {
      method: 'renderRoot',
      file: '/Users/Hassan/.gemini/antigravity/scratch/teotl-landing/node_modules/@testing-library/react/dist/pure.js',
      line: 190,
      column: 26
    },
    {
      method: 'render',
      file: '/Users/Hassan/.gemini/antigravity/scratch/teotl-landing/node_modules/@testing-library/react/dist/pure.js',
      line: 292,
      column: 10
    },
    {
      method: '',
      file: '/Users/Hassan/.gemini/antigravity/scratch/teotl-landing/src/sections/Projects.test.jsx',
      line: 54,
      column: 27
    }
  ]
}
 ❯ aggregateErrors node_modules/react/cjs/react.development.js:551:11
 ❯ process.env.NODE_ENV.exports.act node_modules/react/cjs/react.development.js:897:24
 ❯ node_modules/@testing-library/react/dist/act-compat.js:47:25
 ❯ renderRoot node_modules/@testing-library/react/dist/pure.js:190:26
 ❯ render node_modules/@testing-library/react/dist/pure.js:292:10
 ❯ src/sections/Projects.test.jsx:54:27
     52| 
     53|   it('has hover effects on project cards', () => {
     54|     const { container } = render(<Projects />);
       |                           ^
     55|     const projectCards = container.querySelectorAll('.group');
     56|     

⎯⎯⎯⎯⎯⎯⎯⎯⎯⎯⎯⎯⎯⎯⎯⎯⎯⎯⎯⎯⎯⎯⎯⎯[5/7]⎯

 FAIL  src/sections/Projects.test.jsx > Projects Component > has no accessibility violations
{
  stack: 'AggregateError: \n' +
    '    at aggregateErrors (/Users/Hassan/.gemini/antigravity/scratch/teotl-landing/node_modules/react/cjs/react.development.js:551:11)\n' +
    '    at process.env.NODE_ENV.exports.act (/Users/Hassan/.gemini/antigravity/scratch/teotl-landing/node_modules/react/cjs/react.development.js:897:24)\n' +
    '    at /Users/Hassan/.gemini/antigravity/scratch/teotl-landing/node_modules/@testing-library/react/dist/act-compat.js:47:25\n' +
    '    at renderRoot (/Users/Hassan/.gemini/antigravity/scratch/teotl-landing/node_modules/@testing-library/react/dist/pure.js:190:26)\n' +
    '    at render (/Users/Hassan/.gemini/antigravity/scratch/teotl-landing/node_modules/@testing-library/react/dist/pure.js:292:10)\n' +
    '    at /Users/Hassan/.gemini/antigravity/scratch/teotl-landing/src/sections/Projects.test.jsx:63:27\n' +
    '    at file:///Users/Hassan/.gemini/antigravity/scratch/teotl-landing/node_modules/@vitest/runner/dist/chunk-hooks.js:155:11\n' +
    '    at file:///Users/Hassan/.gemini/antigravity/scratch/teotl-landing/node_modules/@vitest/runner/dist/chunk-hooks.js:752:26\n' +
    '    at file:///Users/Hassan/.gemini/antigravity/scratch/teotl-landing/node_modules/@vitest/runner/dist/chunk-hooks.js:1897:20\n' +
    '    at new Promise (<anonymous>)',
  errors: [
    {
      stack: 'ReferenceError: IntersectionObserver is not defined\n' +
        '    at initIntersectionObserver (file:///Users/Hassan/.gemini/antigravity/scratch/teotl-landing/node_modules/framer-motion/dist/es/motion/features/viewport/observers.mjs:35:34)\n' +
        '    at observeIntersection (file:///Users/Hassan/.gemini/antigravity/scratch/teotl-landing/node_modules/framer-motion/dist/es/motion/features/viewport/observers.mjs:40:39)\n' +
        '    at InViewFeature.startObserver (file:///Users/Hassan/.gemini/antigravity/scratch/teotl-landing/node_modules/framer-motion/dist/es/motion/features/viewport/index.mjs:52:16)\n' +
        '    at InViewFeature.mount (file:///Users/Hassan/.gemini/antigravity/scratch/teotl-landing/node_modules/framer-motion/dist/es/motion/features/viewport/index.mjs:55:14)\n' +
        '    at HTMLVisualElement.updateFeatures (file:///Users/Hassan/.gemini/antigravity/scratch/teotl-landing/node_modules/framer-motion/dist/es/render/VisualElement.mjs:259:29)\n' +
        '    at file:///Users/Hassan/.gemini/antigravity/scratch/teotl-landing/node_modules/framer-motion/dist/es/motion/utils/use-visual-element.mjs:71:23\n' +
        '    at Object.react_stack_bottom_frame (/Users/Hassan/.gemini/antigravity/scratch/teotl-landing/node_modules/react-dom/cjs/react-dom-client.development.js:25989:20)\n' +
        '    at runWithFiberInDEV (/Users/Hassan/.gemini/antigravity/scratch/teotl-landing/node_modules/react-dom/cjs/react-dom-client.development.js:874:13)\n' +
        '    at commitHookEffectListMount (/Users/Hassan/.gemini/antigravity/scratch/teotl-landing/node_modules/react-dom/cjs/react-dom-client.development.js:13249:29)\n' +
        '    at commitHookLayoutEffects (/Users/Hassan/.gemini/antigravity/scratch/teotl-landing/node_modules/react-dom/cjs/react-dom-client.development.js:13213:11)',
      message: 'IntersectionObserver is not defined',
      constructor: 'Function<ReferenceError>',
      name: 'ReferenceError',
      toString: 'Function<toString>'
    },
    {
      stack: 'ReferenceError: IntersectionObserver is not defined\n' +
        '    at initIntersectionObserver (file:///Users/Hassan/.gemini/antigravity/scratch/teotl-landing/node_modules/framer-motion/dist/es/motion/features/viewport/observers.mjs:35:34)\n' +
        '    at observeIntersection (file:///Users/Hassan/.gemini/antigravity/scratch/teotl-landing/node_modules/framer-motion/dist/es/motion/features/viewport/observers.mjs:40:39)\n' +
        '    at InViewFeature.startObserver (file:///Users/Hassan/.gemini/antigravity/scratch/teotl-landing/node_modules/framer-motion/dist/es/motion/features/viewport/index.mjs:52:16)\n' +
        '    at InViewFeature.mount (file:///Users/Hassan/.gemini/antigravity/scratch/teotl-landing/node_modules/framer-motion/dist/es/motion/features/viewport/index.mjs:55:14)\n' +
        '    at HTMLVisualElement.updateFeatures (file:///Users/Hassan/.gemini/antigravity/scratch/teotl-landing/node_modules/framer-motion/dist/es/render/VisualElement.mjs:259:29)\n' +
        '    at file:///Users/Hassan/.gemini/antigravity/scratch/teotl-landing/node_modules/framer-motion/dist/es/motion/utils/use-visual-element.mjs:71:23\n' +
        '    at Object.react_stack_bottom_frame (/Users/Hassan/.gemini/antigravity/scratch/teotl-landing/node_modules/react-dom/cjs/react-dom-client.development.js:25989:20)\n' +
        '    at runWithFiberInDEV (/Users/Hassan/.gemini/antigravity/scratch/teotl-landing/node_modules/react-dom/cjs/react-dom-client.development.js:874:13)\n' +
        '    at commitHookEffectListMount (/Users/Hassan/.gemini/antigravity/scratch/teotl-landing/node_modules/react-dom/cjs/react-dom-client.development.js:13249:29)\n' +
        '    at commitHookLayoutEffects (/Users/Hassan/.gemini/antigravity/scratch/teotl-landing/node_modules/react-dom/cjs/react-dom-client.development.js:13213:11)',
      message: 'IntersectionObserver is not defined',
      constructor: 'Function<ReferenceError>',
      name: 'ReferenceError',
      toString: 'Function<toString>'
    },
    {
      stack: 'ReferenceError: IntersectionObserver is not defined\n' +
        '    at initIntersectionObserver (file:///Users/Hassan/.gemini/antigravity/scratch/teotl-landing/node_modules/framer-motion/dist/es/motion/features/viewport/observers.mjs:35:34)\n' +
        '    at observeIntersection (file:///Users/Hassan/.gemini/antigravity/scratch/teotl-landing/node_modules/framer-motion/dist/es/motion/features/viewport/observers.mjs:40:39)\n' +
        '    at InViewFeature.startObserver (file:///Users/Hassan/.gemini/antigravity/scratch/teotl-landing/node_modules/framer-motion/dist/es/motion/features/viewport/index.mjs:52:16)\n' +
        '    at InViewFeature.mount (file:///Users/Hassan/.gemini/antigravity/scratch/teotl-landing/node_modules/framer-motion/dist/es/motion/features/viewport/index.mjs:55:14)\n' +
        '    at HTMLVisualElement.updateFeatures (file:///Users/Hassan/.gemini/antigravity/scratch/teotl-landing/node_modules/framer-motion/dist/es/render/VisualElement.mjs:259:29)\n' +
        '    at file:///Users/Hassan/.gemini/antigravity/scratch/teotl-landing/node_modules/framer-motion/dist/es/motion/utils/use-visual-element.mjs:71:23\n' +
        '    at Object.react_stack_bottom_frame (/Users/Hassan/.gemini/antigravity/scratch/teotl-landing/node_modules/react-dom/cjs/react-dom-client.development.js:25989:20)\n' +
        '    at runWithFiberInDEV (/Users/Hassan/.gemini/antigravity/scratch/teotl-landing/node_modules/react-dom/cjs/react-dom-client.development.js:874:13)\n' +
        '    at commitHookEffectListMount (/Users/Hassan/.gemini/antigravity/scratch/teotl-landing/node_modules/react-dom/cjs/react-dom-client.development.js:13249:29)\n' +
        '    at commitHookLayoutEffects (/Users/Hassan/.gemini/antigravity/scratch/teotl-landing/node_modules/react-dom/cjs/react-dom-client.development.js:13213:11)',
      message: 'IntersectionObserver is not defined',
      constructor: 'Function<ReferenceError>',
      name: 'ReferenceError',
      toString: 'Function<toString>'
    }
  ],
  message: '',
  constructor: 'Function<AggregateError>',
  name: 'AggregateError',
  toString: 'Function<toString>',
  stacks: [
    {
      method: 'aggregateErrors',
      file: '/Users/Hassan/.gemini/antigravity/scratch/teotl-landing/node_modules/react/cjs/react.development.js',
      line: 551,
      column: 11
    },
    {
      method: 'process.env.NODE_ENV.exports.act',
      file: '/Users/Hassan/.gemini/antigravity/scratch/teotl-landing/node_modules/react/cjs/react.development.js',
      line: 897,
      column: 24
    },
    {
      method: '',
      file: '/Users/Hassan/.gemini/antigravity/scratch/teotl-landing/node_modules/@testing-library/react/dist/act-compat.js',
      line: 47,
      column: 25
    },
    {
      method: 'renderRoot',
      file: '/Users/Hassan/.gemini/antigravity/scratch/teotl-landing/node_modules/@testing-library/react/dist/pure.js',
      line: 190,
      column: 26
    },
    {
      method: 'render',
      file: '/Users/Hassan/.gemini/antigravity/scratch/teotl-landing/node_modules/@testing-library/react/dist/pure.js',
      line: 292,
      column: 10
    },
    {
      method: '',
      file: '/Users/Hassan/.gemini/antigravity/scratch/teotl-landing/src/sections/Projects.test.jsx',
      line: 63,
      column: 27
    }
  ]
}
 ❯ aggregateErrors node_modules/react/cjs/react.development.js:551:11
 ❯ process.env.NODE_ENV.exports.act node_modules/react/cjs/react.development.js:897:24
 ❯ node_modules/@testing-library/react/dist/act-compat.js:47:25
 ❯ renderRoot node_modules/@testing-library/react/dist/pure.js:190:26
 ❯ render node_modules/@testing-library/react/dist/pure.js:292:10
 ❯ src/sections/Projects.test.jsx:63:27
     61| 
     62|   it('has no accessibility violations', async () => {
     63|     const { container } = render(<Projects />);
       |                           ^
     64|     const results = await axe(container);
     65|     expect(results).toHaveNoViolations();

⎯⎯⎯⎯⎯⎯⎯⎯⎯⎯⎯⎯⎯⎯⎯⎯⎯⎯⎯⎯⎯⎯⎯⎯[6/7]⎯

 FAIL  src/sections/Projects.test.jsx > Projects Component > renders visual decoration (primary line)
{
  stack: 'AggregateError: \n' +
    '    at aggregateErrors (/Users/Hassan/.gemini/antigravity/scratch/teotl-landing/node_modules/react/cjs/react.development.js:551:11)\n' +
    '    at process.env.NODE_ENV.exports.act (/Users/Hassan/.gemini/antigravity/scratch/teotl-landing/node_modules/react/cjs/react.development.js:897:24)\n' +
    '    at /Users/Hassan/.gemini/antigravity/scratch/teotl-landing/node_modules/@testing-library/react/dist/act-compat.js:47:25\n' +
    '    at renderRoot (/Users/Hassan/.gemini/antigravity/scratch/teotl-landing/node_modules/@testing-library/react/dist/pure.js:190:26)\n' +
    '    at render (/Users/Hassan/.gemini/antigravity/scratch/teotl-landing/node_modules/@testing-library/react/dist/pure.js:292:10)\n' +
    '    at /Users/Hassan/.gemini/antigravity/scratch/teotl-landing/src/sections/Projects.test.jsx:69:27\n' +
    '    at file:///Users/Hassan/.gemini/antigravity/scratch/teotl-landing/node_modules/@vitest/runner/dist/chunk-hooks.js:155:11\n' +
    '    at file:///Users/Hassan/.gemini/antigravity/scratch/teotl-landing/node_modules/@vitest/runner/dist/chunk-hooks.js:752:26\n' +
    '    at file:///Users/Hassan/.gemini/antigravity/scratch/teotl-landing/node_modules/@vitest/runner/dist/chunk-hooks.js:1897:20\n' +
    '    at new Promise (<anonymous>)',
  errors: [
    {
      stack: 'ReferenceError: IntersectionObserver is not defined\n' +
        '    at initIntersectionObserver (file:///Users/Hassan/.gemini/antigravity/scratch/teotl-landing/node_modules/framer-motion/dist/es/motion/features/viewport/observers.mjs:35:34)\n' +
        '    at observeIntersection (file:///Users/Hassan/.gemini/antigravity/scratch/teotl-landing/node_modules/framer-motion/dist/es/motion/features/viewport/observers.mjs:40:39)\n' +
        '    at InViewFeature.startObserver (file:///Users/Hassan/.gemini/antigravity/scratch/teotl-landing/node_modules/framer-motion/dist/es/motion/features/viewport/index.mjs:52:16)\n' +
        '    at InViewFeature.mount (file:///Users/Hassan/.gemini/antigravity/scratch/teotl-landing/node_modules/framer-motion/dist/es/motion/features/viewport/index.mjs:55:14)\n' +
        '    at HTMLVisualElement.updateFeatures (file:///Users/Hassan/.gemini/antigravity/scratch/teotl-landing/node_modules/framer-motion/dist/es/render/VisualElement.mjs:259:29)\n' +
        '    at file:///Users/Hassan/.gemini/antigravity/scratch/teotl-landing/node_modules/framer-motion/dist/es/motion/utils/use-visual-element.mjs:71:23\n' +
        '    at Object.react_stack_bottom_frame (/Users/Hassan/.gemini/antigravity/scratch/teotl-landing/node_modules/react-dom/cjs/react-dom-client.development.js:25989:20)\n' +
        '    at runWithFiberInDEV (/Users/Hassan/.gemini/antigravity/scratch/teotl-landing/node_modules/react-dom/cjs/react-dom-client.development.js:874:13)\n' +
        '    at commitHookEffectListMount (/Users/Hassan/.gemini/antigravity/scratch/teotl-landing/node_modules/react-dom/cjs/react-dom-client.development.js:13249:29)\n' +
        '    at commitHookLayoutEffects (/Users/Hassan/.gemini/antigravity/scratch/teotl-landing/node_modules/react-dom/cjs/react-dom-client.development.js:13213:11)',
      message: 'IntersectionObserver is not defined',
      constructor: 'Function<ReferenceError>',
      name: 'ReferenceError',
      toString: 'Function<toString>'
    },
    {
      stack: 'ReferenceError: IntersectionObserver is not defined\n' +
        '    at initIntersectionObserver (file:///Users/Hassan/.gemini/antigravity/scratch/teotl-landing/node_modules/framer-motion/dist/es/motion/features/viewport/observers.mjs:35:34)\n' +
        '    at observeIntersection (file:///Users/Hassan/.gemini/antigravity/scratch/teotl-landing/node_modules/framer-motion/dist/es/motion/features/viewport/observers.mjs:40:39)\n' +
        '    at InViewFeature.startObserver (file:///Users/Hassan/.gemini/antigravity/scratch/teotl-landing/node_modules/framer-motion/dist/es/motion/features/viewport/index.mjs:52:16)\n' +
        '    at InViewFeature.mount (file:///Users/Hassan/.gemini/antigravity/scratch/teotl-landing/node_modules/framer-motion/dist/es/motion/features/viewport/index.mjs:55:14)\n' +
        '    at HTMLVisualElement.updateFeatures (file:///Users/Hassan/.gemini/antigravity/scratch/teotl-landing/node_modules/framer-motion/dist/es/render/VisualElement.mjs:259:29)\n' +
        '    at file:///Users/Hassan/.gemini/antigravity/scratch/teotl-landing/node_modules/framer-motion/dist/es/motion/utils/use-visual-element.mjs:71:23\n' +
        '    at Object.react_stack_bottom_frame (/Users/Hassan/.gemini/antigravity/scratch/teotl-landing/node_modules/react-dom/cjs/react-dom-client.development.js:25989:20)\n' +
        '    at runWithFiberInDEV (/Users/Hassan/.gemini/antigravity/scratch/teotl-landing/node_modules/react-dom/cjs/react-dom-client.development.js:874:13)\n' +
        '    at commitHookEffectListMount (/Users/Hassan/.gemini/antigravity/scratch/teotl-landing/node_modules/react-dom/cjs/react-dom-client.development.js:13249:29)\n' +
        '    at commitHookLayoutEffects (/Users/Hassan/.gemini/antigravity/scratch/teotl-landing/node_modules/react-dom/cjs/react-dom-client.development.js:13213:11)',
      message: 'IntersectionObserver is not defined',
      constructor: 'Function<ReferenceError>',
      name: 'ReferenceError',
      toString: 'Function<toString>'
    },
    {
      stack: 'ReferenceError: IntersectionObserver is not defined\n' +
        '    at initIntersectionObserver (file:///Users/Hassan/.gemini/antigravity/scratch/teotl-landing/node_modules/framer-motion/dist/es/motion/features/viewport/observers.mjs:35:34)\n' +
        '    at observeIntersection (file:///Users/Hassan/.gemini/antigravity/scratch/teotl-landing/node_modules/framer-motion/dist/es/motion/features/viewport/observers.mjs:40:39)\n' +
        '    at InViewFeature.startObserver (file:///Users/Hassan/.gemini/antigravity/scratch/teotl-landing/node_modules/framer-motion/dist/es/motion/features/viewport/index.mjs:52:16)\n' +
        '    at InViewFeature.mount (file:///Users/Hassan/.gemini/antigravity/scratch/teotl-landing/node_modules/framer-motion/dist/es/motion/features/viewport/index.mjs:55:14)\n' +
        '    at HTMLVisualElement.updateFeatures (file:///Users/Hassan/.gemini/antigravity/scratch/teotl-landing/node_modules/framer-motion/dist/es/render/VisualElement.mjs:259:29)\n' +
        '    at file:///Users/Hassan/.gemini/antigravity/scratch/teotl-landing/node_modules/framer-motion/dist/es/motion/utils/use-visual-element.mjs:71:23\n' +
        '    at Object.react_stack_bottom_frame (/Users/Hassan/.gemini/antigravity/scratch/teotl-landing/node_modules/react-dom/cjs/react-dom-client.development.js:25989:20)\n' +
        '    at runWithFiberInDEV (/Users/Hassan/.gemini/antigravity/scratch/teotl-landing/node_modules/react-dom/cjs/react-dom-client.development.js:874:13)\n' +
        '    at commitHookEffectListMount (/Users/Hassan/.gemini/antigravity/scratch/teotl-landing/node_modules/react-dom/cjs/react-dom-client.development.js:13249:29)\n' +
        '    at commitHookLayoutEffects (/Users/Hassan/.gemini/antigravity/scratch/teotl-landing/node_modules/react-dom/cjs/react-dom-client.development.js:13213:11)',
      message: 'IntersectionObserver is not defined',
      constructor: 'Function<ReferenceError>',
      name: 'ReferenceError',
      toString: 'Function<toString>'
    }
  ],
  message: '',
  constructor: 'Function<AggregateError>',
  name: 'AggregateError',
  toString: 'Function<toString>',
  stacks: [
    {
      method: 'aggregateErrors',
      file: '/Users/Hassan/.gemini/antigravity/scratch/teotl-landing/node_modules/react/cjs/react.development.js',
      line: 551,
      column: 11
    },
    {
      method: 'process.env.NODE_ENV.exports.act',
      file: '/Users/Hassan/.gemini/antigravity/scratch/teotl-landing/node_modules/react/cjs/react.development.js',
      line: 897,
      column: 24
    },
    {
      method: '',
      file: '/Users/Hassan/.gemini/antigravity/scratch/teotl-landing/node_modules/@testing-library/react/dist/act-compat.js',
      line: 47,
      column: 25
    },
    {
      method: 'renderRoot',
      file: '/Users/Hassan/.gemini/antigravity/scratch/teotl-landing/node_modules/@testing-library/react/dist/pure.js',
      line: 190,
      column: 26
    },
    {
      method: 'render',
      file: '/Users/Hassan/.gemini/antigravity/scratch/teotl-landing/node_modules/@testing-library/react/dist/pure.js',
      line: 292,
      column: 10
    },
    {
      method: '',
      file: '/Users/Hassan/.gemini/antigravity/scratch/teotl-landing/src/sections/Projects.test.jsx',
      line: 69,
      column: 27
    }
  ]
}
 ❯ aggregateErrors node_modules/react/cjs/react.development.js:551:11
 ❯ process.env.NODE_ENV.exports.act node_modules/react/cjs/react.development.js:897:24
 ❯ node_modules/@testing-library/react/dist/act-compat.js:47:25
 ❯ renderRoot node_modules/@testing-library/react/dist/pure.js:190:26
 ❯ render node_modules/@testing-library/react/dist/pure.js:292:10
 ❯ src/sections/Projects.test.jsx:69:27
     67| 
     68|   it('renders visual decoration (primary line)', () => {
     69|     const { container } = render(<Projects />);
       |                           ^
     70|     const decorations = container.querySelectorAll('.bg-primary');
     71|     expect(decorations.length).toBeGreaterThan(0);

⎯⎯⎯⎯⎯⎯⎯⎯⎯⎯⎯⎯⎯⎯⎯⎯⎯⎯⎯⎯⎯⎯⎯⎯[7/7]⎯


 Test Files  2 failed (2)
      Tests  8 failed | 7 passed (15)
   Start at  12:31:02
   Duration  1.90s

 FAIL  Tests failed. Watching for file changes...
       press h to show help, press q to quit
c[3J RERUN  src/sections/Contact.test.jsx x1 

 ❯ src/sections/Services.test.jsx (8 tests | 1 failed) 1446ms
   × Services Component > renders the section heading 357ms
     → Found multiple elements with the text: /Experiencias/i

Here are the matching elements:

Ignored nodes: comments, script, style
[36m<h3[39m
  [33mclass[39m=[32m"text-4xl md:text-6xl font-serif italic text-[var(--color-text)]"[39m
[36m>[39m
  [0mExperiencias [0m
  [36m<br />[39m
  [36m<span[39m
    [33mclass[39m=[32m"text-transparent bg-clip-text bg-gradient-to-r from-primary to-secondary"[39m
  [36m>[39m
    [0mDigitales.[0m
  [36m</span>[39m
[36m</h3>[39m

Ignored nodes: comments, script, style
[36m<p[39m
  [33mclass[39m=[32m"text-lg text-[var(--color-text-muted)] mb-8 leading-relaxed"[39m
[36m>[39m
  [0mExperiencias nativas y multiplataforma para iOS y Android.[0m
[36m</p>[39m

(If this is intentional, then use the `*AllBy*` variant of the query (like `queryAllByText`, `getAllByText`, or `findAllByText`)).

Ignored nodes: comments, script, style
[36m<body>[39m
  [36m<div>[39m
    [36m<section[39m
      [33mclass[39m=[32m"relative h-[300vh] bg-background"[39m
      [33mid[39m=[32m"services"[39m
    [36m>[39m
      [36m<div[39m
        [33mclass[39m=[32m"sticky top-0 flex h-screen items-center overflow-hidden"[39m
      [36m>[39m
        [36m<div[39m
          [33mclass[39m=[32m"flex gap-20 px-20"[39m
          [33mstyle[39m=[32m"transform: translateX(1%);"[39m
        [36m>[39m
          [36m<div[39m
            [33mclass[39m=[32m"container mx-auto px-6 mb-16 flex justify-between items-end min-w-[40vw]"[39m
          [36m>[39m
            [36m<div>[39m
              [36m<h2[39m
                [33mclass[39m=[32m"text-sm uppercase tracking-[0.3em] text-[var(--color-text-muted)] mb-4"[39m
              [36m>[39m
                [0mNuestros Servicios[0m
              [36m</h2>[39m
              [36m<h3[39m
                [33mclass[39m=[32m"text-4xl md:text-6xl font-serif italic text-[var(--color-text)]"[39m
              [36m>[39m
                [0mExperiencias [0m
                [36m<br />[39m
                [36m<span[39m
                  [33mclass[39m=[32m"text-transparent bg-clip-text bg-gradient-to-r from-primary to-secondary"[39m
                [36m>[39m
                  [0mDigitales.[0m
                [36m</span>[39m
              [36m</h3>[39m
            [36m</div>[39m
            [36m<div[39m
              [33mclass[39m=[32m"hidden md:block w-32 h-32 opacity-60 mix-blend-screen"[39m
            [36m>[39m
              [36m<img[39m
                [33malt[39m=[32m"Services 3D Object"[39m
                [33mclass[39m=[32m"w-full h-full object-contain dark:filter-none filter invert dark:invert-0 transition-all duration-500"[39m
                [33msrc[39m=[32m"/src/assets/services-obj.png"[39m
              [36m/>[39m
            [36m</div>[39m
          [36m</div>[39m
          [36m<div[39m
            [33mclass[39m=[32m"group relative h-[60vh] w-[35vw] min-w-[400px] bg-[var(--color-text)]/5 border border-[var(--color-text)]/10 p-10 flex flex-col justify-between hover:bg-[var(--color-text)]/10 transition-colors duration-500"[39m
          [36m>[39m
            [36m<div[39m
              [33mclass[39m=[32m"flex justify-between items-start"[39m
            [36m>[39m
              [36m<span[39m
                [33mclass[39m=[32m"text-6xl font-serif text-[var(--color-text)]/20 group-hover:text-primary/50 transition-colors duration-500"[39m
              [36m>[39m
                [0m1[0m
              [36m</span>[39m
              [36m<svg[39m
                [33maria-hidden[39m=[32m"true"[39m
                [33mclass[39m=[32m"lucide lucide-arrow-up-right text-[var(--color-text)] opacity-0 group-hover:opacity-100 transition-opacity duration-500"[39m
                [33mfill[39m=[32m"none"[39m
                [33mheight[39m=[32m"32"[39m
                [33mstroke[39m=[32m"currentColor"[39m
                [33mstroke-linecap[39m=[32m"round"[39m
                [33mstroke-linejoin[39m=[32m"round"[39m
                [33mstroke-width[39m=[32m"2"[39m
                [33mviewBox[39m=[32m"0 0 24 24"[39m
                [33mwidth[39m=[32m"32"[39m
                [33mxmlns[39m=[32m"http://www.w3.org/2000/svg"[39m
              [36m>[39m
                [36m<path[39m
                  [33md[39m=[32m"M7 7h10v10"[39m
                [36m/>[39m
                [36m<path[39m
                  [33md[39m=[32m"M7 17 17 7"[39m
                [36m/>[39m
              [36m</svg>[39m
            [36m</div>[39m
            [36m<div>[39m
              [36m<h3[39m
                [33mclass[39m=[32m"text-4xl font-bold text-[var(--color-text)] mb-6 group-hover:text-primary transition-colors duration-500"[39m
              [36m>[39m
                [0mDesarrollo Web[0m
              [36m</h3>[39m
              [36m<p[39m
                [33mclass[39m=[32m"text-lg text-[var(--color-text-muted)] mb-8 leading-relaxed"[39m
              [36m>[39m
                [0mAplicaciones web progresivas y sitios corporativos de alto impacto.[0m
              [36m</p>[39m
              [36m<div[39m
                [33mclass[39m=[32m"flex flex-wrap gap-3"[39m
              [36m>[39m
                [36m<span[39m
                  [33mclass[39m=[32m"text-xs uppercase tracking-wider px-4 py-2 border border-[var(--color-text)]/20 rounded-full text-[var(--color-text-muted)]"[39m
                [36m>[39m
                  [0mReact[0m
                [36m</span>[39m
                [36m<span[39m
                  [33mclass[39m=[32m"text-xs uppercase tracking-wider px-4 py-2 border border-[var(--color-text)]/20 rounded-full text-[var(--color-text-muted)]"[39m
                [36m>[39m
                  [0mNext.js[0m
                [36m</span>[39m
                [36m<span[39m
                  [33mclass[39m=[32m"text-xs uppercase tracking-wider px-4 py-2 border border-[var(--color-text)]/20 rounded-full text-[var(--color-text-muted)]"[39m
                [36m>[39m
                  [0mNode.js[0m
                [36m</span>[39m
              [36m</div>[39m
            [36m</div>[39m
          [36m</div>[39m
          [36m<div[39m
            [33mclass[39m=[32m"group relative h-[60vh] w-[35vw] min-w-[400px] bg-[var(--color-text)]/5 border border-[var(--color-text)]/10 p-10 flex flex-col justify-between hover:bg-[var(--color-text)]/10 transition-colors duration-500"[39m
          [36m>[39m
            [36m<div[39m
              [33mclass[39m=[32m"flex justify-between items-start"[39m
            [36m>[39m
              [36m<span[39m
                [33mclass[39m=[32m"text-6xl font-serif text-[var(--color-text)]/20 group-hover:text-primary/50 transition-colors duration-500"[39m
              [36m>[39m
                [0m2[0m
              [36m</span>[39m
              [36m<svg[39m
                [33maria-hidden[39m=[32m"true"[39m
                [33mclass[39m=[32m"lucide lucide-arrow-up-right text-[var(--color-text)] opacity-0 group-hover:opacity-100 transition-opacity duration-500"[39m
                [33mfill[39m=[32m"none"[39m
                [33mheight[39m=[32m"32"[39m
                [33mstroke[39m=[32m"currentColor"[39m
                [33mstroke-linecap[39m=[32m"round"[39m
                [33mstroke-linejoin[39m=[32m"round"[39m
                [33mstroke-width[39m=[32m"2"[39m
                [33mviewBox[39m=[32m"0 0 24 24"[39m
                [33mwidth[39m=[32m"32"[39m
                [33mxmlns[39m=[32m"http://www.w3.org/2000/svg"[39m
              [36m>[39m
                [36m<path[39m
                  [33md[39m=[32m"M7 7h10v10"[39m
                [36m/>[39m
                [...
   ✓ Services Component > renders all services from data 59ms
   ✓ Services Component > displays service IDs correctly 34ms
   ✓ Services Component > renders tech stack tags for each service 95ms
   ✓ Services Component > has the 3D services image 10ms
   ✓ Services Component > applies correct hover states 8ms
   ✓ Services Component > has no accessibility violations  864ms
   ✓ Services Component > uses horizontal scroll animation 7ms
 ❯ src/sections/Projects.test.jsx (7 tests | 7 failed) 413ms
   × Projects Component > renders the section heading 158ms
     → 
   × Projects Component > renders all projects from data 194ms
     → 
   × Projects Component > displays project images correctly 9ms
     → 
   × Projects Component > applies correct grid layout classes based on project size 33ms
     → 
   × Projects Component > has hover effects on project cards 6ms
     → 
   × Projects Component > has no accessibility violations 3ms
     → 
   × Projects Component > renders visual decoration (primary line) 8ms
     → 
 ❯ src/sections/Contact.test.jsx (10 tests | 1 failed) 2909ms
   ✓ Contact Component > renders the heading 214ms
   ✓ Contact Component > displays the email link 54ms
   ✓ Contact Component > renders all form fields with proper labels 64ms
   ✓ Contact Component > allows typing in form fields  1356ms
   ✓ Contact Component > has a submit button 22ms
   ✓ Contact Component > displays social media links 26ms
   ✓ Contact Component > displays location information 200ms
   ✓ Contact Component > has proper input types 10ms
   × Contact Component > has no accessibility violations 946ms
     → expect(received).toHaveNoViolations(expected)

Expected the HTML found at $('div:nth-child(1) > h4') to have no violations:

<h4 class="text-[var(--color-text-muted)] uppercase tracking-widest text-sm mb-4">Social</h4>

Received:

"Heading levels should only increase by one (heading-order)"

Fix any of the following:
  Heading order invalid

You can find more information on this issue here: 
https://dequeuniversity.com/rules/axe/4.10/heading-order?application=axeAPI
   ✓ Contact Component > displays copyright information 14ms

⎯⎯⎯⎯⎯⎯⎯ Failed Tests 1 ⎯⎯⎯⎯⎯⎯⎯

 FAIL  src/sections/Contact.test.jsx > Contact Component > has no accessibility violations
Error: expect(received).toHaveNoViolations(expected)

Expected the HTML found at $('div:nth-child(1) > h4') to have no violations:

<h4 class="text-[var(--color-text-muted)] uppercase tracking-widest text-sm mb-4">Social</h4>

Received:

"Heading levels should only increase by one (heading-order)"

Fix any of the following:
  Heading order invalid

You can find more information on this issue here: 
https://dequeuniversity.com/rules/axe/4.10/heading-order?application=axeAPI
 ❯ src/sections/Contact.test.jsx:76:21
     74|     const { container } = render(<Contact />);
     75|     const results = await axe(container);
     76|     expect(results).toHaveNoViolations();
       |                     ^
     77|   });
     78| 

⎯⎯⎯⎯⎯⎯⎯⎯⎯⎯⎯⎯⎯⎯⎯⎯⎯⎯⎯⎯⎯⎯⎯⎯[1/1]⎯


 Test Files  3 failed (3)
      Tests  9 failed | 16 passed (25)
   Start at  12:31:07
   Duration  5.02s

 FAIL  Tests failed. Watching for file changes...
       press h to show help, press q to quit
c[3J RERUN  src/sections/About.test.jsx x1 

 ❯ src/sections/Services.test.jsx (8 tests | 1 failed) 1446ms
   × Services Component > renders the section heading 357ms
     → Found multiple elements with the text: /Experiencias/i

Here are the matching elements:

Ignored nodes: comments, script, style
[36m<h3[39m
  [33mclass[39m=[32m"text-4xl md:text-6xl font-serif italic text-[var(--color-text)]"[39m
[36m>[39m
  [0mExperiencias [0m
  [36m<br />[39m
  [36m<span[39m
    [33mclass[39m=[32m"text-transparent bg-clip-text bg-gradient-to-r from-primary to-secondary"[39m
  [36m>[39m
    [0mDigitales.[0m
  [36m</span>[39m
[36m</h3>[39m

Ignored nodes: comments, script, style
[36m<p[39m
  [33mclass[39m=[32m"text-lg text-[var(--color-text-muted)] mb-8 leading-relaxed"[39m
[36m>[39m
  [0mExperiencias nativas y multiplataforma para iOS y Android.[0m
[36m</p>[39m

(If this is intentional, then use the `*AllBy*` variant of the query (like `queryAllByText`, `getAllByText`, or `findAllByText`)).

Ignored nodes: comments, script, style
[36m<body>[39m
  [36m<div>[39m
    [36m<section[39m
      [33mclass[39m=[32m"relative h-[300vh] bg-background"[39m
      [33mid[39m=[32m"services"[39m
    [36m>[39m
      [36m<div[39m
        [33mclass[39m=[32m"sticky top-0 flex h-screen items-center overflow-hidden"[39m
      [36m>[39m
        [36m<div[39m
          [33mclass[39m=[32m"flex gap-20 px-20"[39m
          [33mstyle[39m=[32m"transform: translateX(1%);"[39m
        [36m>[39m
          [36m<div[39m
            [33mclass[39m=[32m"container mx-auto px-6 mb-16 flex justify-between items-end min-w-[40vw]"[39m
          [36m>[39m
            [36m<div>[39m
              [36m<h2[39m
                [33mclass[39m=[32m"text-sm uppercase tracking-[0.3em] text-[var(--color-text-muted)] mb-4"[39m
              [36m>[39m
                [0mNuestros Servicios[0m
              [36m</h2>[39m
              [36m<h3[39m
                [33mclass[39m=[32m"text-4xl md:text-6xl font-serif italic text-[var(--color-text)]"[39m
              [36m>[39m
                [0mExperiencias [0m
                [36m<br />[39m
                [36m<span[39m
                  [33mclass[39m=[32m"text-transparent bg-clip-text bg-gradient-to-r from-primary to-secondary"[39m
                [36m>[39m
                  [0mDigitales.[0m
                [36m</span>[39m
              [36m</h3>[39m
            [36m</div>[39m
            [36m<div[39m
              [33mclass[39m=[32m"hidden md:block w-32 h-32 opacity-60 mix-blend-screen"[39m
            [36m>[39m
              [36m<img[39m
                [33malt[39m=[32m"Services 3D Object"[39m
                [33mclass[39m=[32m"w-full h-full object-contain dark:filter-none filter invert dark:invert-0 transition-all duration-500"[39m
                [33msrc[39m=[32m"/src/assets/services-obj.png"[39m
              [36m/>[39m
            [36m</div>[39m
          [36m</div>[39m
          [36m<div[39m
            [33mclass[39m=[32m"group relative h-[60vh] w-[35vw] min-w-[400px] bg-[var(--color-text)]/5 border border-[var(--color-text)]/10 p-10 flex flex-col justify-between hover:bg-[var(--color-text)]/10 transition-colors duration-500"[39m
          [36m>[39m
            [36m<div[39m
              [33mclass[39m=[32m"flex justify-between items-start"[39m
            [36m>[39m
              [36m<span[39m
                [33mclass[39m=[32m"text-6xl font-serif text-[var(--color-text)]/20 group-hover:text-primary/50 transition-colors duration-500"[39m
              [36m>[39m
                [0m1[0m
              [36m</span>[39m
              [36m<svg[39m
                [33maria-hidden[39m=[32m"true"[39m
                [33mclass[39m=[32m"lucide lucide-arrow-up-right text-[var(--color-text)] opacity-0 group-hover:opacity-100 transition-opacity duration-500"[39m
                [33mfill[39m=[32m"none"[39m
                [33mheight[39m=[32m"32"[39m
                [33mstroke[39m=[32m"currentColor"[39m
                [33mstroke-linecap[39m=[32m"round"[39m
                [33mstroke-linejoin[39m=[32m"round"[39m
                [33mstroke-width[39m=[32m"2"[39m
                [33mviewBox[39m=[32m"0 0 24 24"[39m
                [33mwidth[39m=[32m"32"[39m
                [33mxmlns[39m=[32m"http://www.w3.org/2000/svg"[39m
              [36m>[39m
                [36m<path[39m
                  [33md[39m=[32m"M7 7h10v10"[39m
                [36m/>[39m
                [36m<path[39m
                  [33md[39m=[32m"M7 17 17 7"[39m
                [36m/>[39m
              [36m</svg>[39m
            [36m</div>[39m
            [36m<div>[39m
              [36m<h3[39m
                [33mclass[39m=[32m"text-4xl font-bold text-[var(--color-text)] mb-6 group-hover:text-primary transition-colors duration-500"[39m
              [36m>[39m
                [0mDesarrollo Web[0m
              [36m</h3>[39m
              [36m<p[39m
                [33mclass[39m=[32m"text-lg text-[var(--color-text-muted)] mb-8 leading-relaxed"[39m
              [36m>[39m
                [0mAplicaciones web progresivas y sitios corporativos de alto impacto.[0m
              [36m</p>[39m
              [36m<div[39m
                [33mclass[39m=[32m"flex flex-wrap gap-3"[39m
              [36m>[39m
                [36m<span[39m
                  [33mclass[39m=[32m"text-xs uppercase tracking-wider px-4 py-2 border border-[var(--color-text)]/20 rounded-full text-[var(--color-text-muted)]"[39m
                [36m>[39m
                  [0mReact[0m
                [36m</span>[39m
                [36m<span[39m
                  [33mclass[39m=[32m"text-xs uppercase tracking-wider px-4 py-2 border border-[var(--color-text)]/20 rounded-full text-[var(--color-text-muted)]"[39m
                [36m>[39m
                  [0mNext.js[0m
                [36m</span>[39m
                [36m<span[39m
                  [33mclass[39m=[32m"text-xs uppercase tracking-wider px-4 py-2 border border-[var(--color-text)]/20 rounded-full text-[var(--color-text-muted)]"[39m
                [36m>[39m
                  [0mNode.js[0m
                [36m</span>[39m
              [36m</div>[39m
            [36m</div>[39m
          [36m</div>[39m
          [36m<div[39m
            [33mclass[39m=[32m"group relative h-[60vh] w-[35vw] min-w-[400px] bg-[var(--color-text)]/5 border border-[var(--color-text)]/10 p-10 flex flex-col justify-between hover:bg-[var(--color-text)]/10 transition-colors duration-500"[39m
          [36m>[39m
            [36m<div[39m
              [33mclass[39m=[32m"flex justify-between items-start"[39m
            [36m>[39m
              [36m<span[39m
                [33mclass[39m=[32m"text-6xl font-serif text-[var(--color-text)]/20 group-hover:text-primary/50 transition-colors duration-500"[39m
              [36m>[39m
                [0m2[0m
              [36m</span>[39m
              [36m<svg[39m
                [33maria-hidden[39m=[32m"true"[39m
                [33mclass[39m=[32m"lucide lucide-arrow-up-right text-[var(--color-text)] opacity-0 group-hover:opacity-100 transition-opacity duration-500"[39m
                [33mfill[39m=[32m"none"[39m
                [33mheight[39m=[32m"32"[39m
                [33mstroke[39m=[32m"currentColor"[39m
                [33mstroke-linecap[39m=[32m"round"[39m
                [33mstroke-linejoin[39m=[32m"round"[39m
                [33mstroke-width[39m=[32m"2"[39m
                [33mviewBox[39m=[32m"0 0 24 24"[39m
                [33mwidth[39m=[32m"32"[39m
                [33mxmlns[39m=[32m"http://www.w3.org/2000/svg"[39m
              [36m>[39m
                [36m<path[39m
                  [33md[39m=[32m"M7 7h10v10"[39m
                [36m/>[39m
                [...
   ✓ Services Component > renders all services from data 59ms
   ✓ Services Component > displays service IDs correctly 34ms
   ✓ Services Component > renders tech stack tags for each service 95ms
   ✓ Services Component > has the 3D services image 10ms
   ✓ Services Component > applies correct hover states 8ms
   ✓ Services Component > has no accessibility violations  864ms
   ✓ Services Component > uses horizontal scroll animation 7ms
 ❯ src/sections/Projects.test.jsx (7 tests | 7 failed) 413ms
   × Projects Component > renders the section heading 158ms
     → 
   × Projects Component > renders all projects from data 194ms
     → 
   × Projects Component > displays project images correctly 9ms
     → 
   × Projects Component > applies correct grid layout classes based on project size 33ms
     → 
   × Projects Component > has hover effects on project cards 6ms
     → 
   × Projects Component > has no accessibility violations 3ms
     → 
   × Projects Component > renders visual decoration (primary line) 8ms
     → 
 ❯ src/sections/Contact.test.jsx (10 tests | 1 failed) 2909ms
   ✓ Contact Component > renders the heading 214ms
   ✓ Contact Component > displays the email link 54ms
   ✓ Contact Component > renders all form fields with proper labels 64ms
   ✓ Contact Component > allows typing in form fields  1356ms
   ✓ Contact Component > has a submit button 22ms
   ✓ Contact Component > displays social media links 26ms
   ✓ Contact Component > displays location information 200ms
   ✓ Contact Component > has proper input types 10ms
   × Contact Component > has no accessibility violations 946ms
     → expect(received).toHaveNoViolations(expected)

Expected the HTML found at $('div:nth-child(1) > h4') to have no violations:

<h4 class="text-[var(--color-text-muted)] uppercase tracking-widest text-sm mb-4">Social</h4>

Received:

"Heading levels should only increase by one (heading-order)"

Fix any of the following:
  Heading order invalid

You can find more information on this issue here: 
https://dequeuniversity.com/rules/axe/4.10/heading-order?application=axeAPI
   ✓ Contact Component > displays copyright information 14ms
 ❯ src/sections/About.test.jsx (10 tests | 10 failed) 229ms
   × About Component > renders the section heading 85ms
     → 
   × About Component > displays the philosophy text 9ms
     → 
   × About Component > renders all three pillars 4ms
     → 
   × About Component > displays pillar descriptions 44ms
     → 
   × About Component > has numbered pillars (01, 02, 03) 63ms
     → 
   × About Component > has the 3D philosophy image 2ms
     → 
   × About Component > applies light mode filter to image 9ms
     → 
   × About Component > has proper grid layout 3ms
     → 
   × About Component > has no accessibility violations 3ms
     → 
   × About Component > applies hover effects to pillar cards 5ms
     → 

⎯⎯⎯⎯⎯⎯ Failed Tests 10 ⎯⎯⎯⎯⎯⎯⎯

 FAIL  src/sections/About.test.jsx > About Component > renders the section heading
{
  stack: 'AggregateError: \n' +
    '    at aggregateErrors (/Users/Hassan/.gemini/antigravity/scratch/teotl-landing/node_modules/react/cjs/react.development.js:551:11)\n' +
    '    at process.env.NODE_ENV.exports.act (/Users/Hassan/.gemini/antigravity/scratch/teotl-landing/node_modules/react/cjs/react.development.js:897:24)\n' +
    '    at /Users/Hassan/.gemini/antigravity/scratch/teotl-landing/node_modules/@testing-library/react/dist/act-compat.js:47:25\n' +
    '    at renderRoot (/Users/Hassan/.gemini/antigravity/scratch/teotl-landing/node_modules/@testing-library/react/dist/pure.js:190:26)\n' +
    '    at render (/Users/Hassan/.gemini/antigravity/scratch/teotl-landing/node_modules/@testing-library/react/dist/pure.js:292:10)\n' +
    '    at /Users/Hassan/.gemini/antigravity/scratch/teotl-landing/src/sections/About.test.jsx:8:5\n' +
    '    at file:///Users/Hassan/.gemini/antigravity/scratch/teotl-landing/node_modules/@vitest/runner/dist/chunk-hooks.js:155:11\n' +
    '    at file:///Users/Hassan/.gemini/antigravity/scratch/teotl-landing/node_modules/@vitest/runner/dist/chunk-hooks.js:752:26\n' +
    '    at file:///Users/Hassan/.gemini/antigravity/scratch/teotl-landing/node_modules/@vitest/runner/dist/chunk-hooks.js:1897:20\n' +
    '    at new Promise (<anonymous>)',
  errors: [
    {
      stack: 'ReferenceError: IntersectionObserver is not defined\n' +
        '    at initIntersectionObserver (file:///Users/Hassan/.gemini/antigravity/scratch/teotl-landing/node_modules/framer-motion/dist/es/motion/features/viewport/observers.mjs:35:34)\n' +
        '    at observeIntersection (file:///Users/Hassan/.gemini/antigravity/scratch/teotl-landing/node_modules/framer-motion/dist/es/motion/features/viewport/observers.mjs:40:39)\n' +
        '    at InViewFeature.startObserver (file:///Users/Hassan/.gemini/antigravity/scratch/teotl-landing/node_modules/framer-motion/dist/es/motion/features/viewport/index.mjs:52:16)\n' +
        '    at InViewFeature.mount (file:///Users/Hassan/.gemini/antigravity/scratch/teotl-landing/node_modules/framer-motion/dist/es/motion/features/viewport/index.mjs:55:14)\n' +
        '    at HTMLVisualElement.updateFeatures (file:///Users/Hassan/.gemini/antigravity/scratch/teotl-landing/node_modules/framer-motion/dist/es/render/VisualElement.mjs:259:29)\n' +
        '    at file:///Users/Hassan/.gemini/antigravity/scratch/teotl-landing/node_modules/framer-motion/dist/es/motion/utils/use-visual-element.mjs:71:23\n' +
        '    at Object.react_stack_bottom_frame (/Users/Hassan/.gemini/antigravity/scratch/teotl-landing/node_modules/react-dom/cjs/react-dom-client.development.js:25989:20)\n' +
        '    at runWithFiberInDEV (/Users/Hassan/.gemini/antigravity/scratch/teotl-landing/node_modules/react-dom/cjs/react-dom-client.development.js:874:13)\n' +
        '    at commitHookEffectListMount (/Users/Hassan/.gemini/antigravity/scratch/teotl-landing/node_modules/react-dom/cjs/react-dom-client.development.js:13249:29)\n' +
        '    at commitHookLayoutEffects (/Users/Hassan/.gemini/antigravity/scratch/teotl-landing/node_modules/react-dom/cjs/react-dom-client.development.js:13213:11)',
      message: 'IntersectionObserver is not defined',
      constructor: 'Function<ReferenceError>',
      name: 'ReferenceError',
      toString: 'Function<toString>'
    },
    {
      stack: 'ReferenceError: IntersectionObserver is not defined\n' +
        '    at inView (file:///Users/Hassan/.gemini/antigravity/scratch/teotl-landing/node_modules/framer-motion/dist/es/render/dom/viewport/index.mjs:34:22)\n' +
        '    at file:///Users/Hassan/.gemini/antigravity/scratch/teotl-landing/node_modules/framer-motion/dist/es/utils/use-in-view.mjs:19:16\n' +
        '    at Object.react_stack_bottom_frame (/Users/Hassan/.gemini/antigravity/scratch/teotl-landing/node_modules/react-dom/cjs/react-dom-client.development.js:25989:20)\n' +
        '    at runWithFiberInDEV (/Users/Hassan/.gemini/antigravity/scratch/teotl-landing/node_modules/react-dom/cjs/react-dom-client.development.js:874:13)\n' +
        '    at commitHookEffectListMount (/Users/Hassan/.gemini/antigravity/scratch/teotl-landing/node_modules/react-dom/cjs/react-dom-client.development.js:13249:29)\n' +
        '    at commitHookPassiveMountEffects (/Users/Hassan/.gemini/antigravity/scratch/teotl-landing/node_modules/react-dom/cjs/react-dom-client.development.js:13336:11)\n' +
        '    at commitPassiveMountOnFiber (/Users/Hassan/.gemini/antigravity/scratch/teotl-landing/node_modules/react-dom/cjs/react-dom-client.development.js:15484:13)\n' +
        '    at recursivelyTraversePassiveMountEffects (/Users/Hassan/.gemini/antigravity/scratch/teotl-landing/node_modules/react-dom/cjs/react-dom-client.development.js:15439:11)\n' +
        '    at commitPassiveMountOnFiber (/Users/Hassan/.gemini/antigravity/scratch/teotl-landing/node_modules/react-dom/cjs/react-dom-client.development.js:15476:11)\n' +
        '    at recursivelyTraversePassiveMountEffects (/Users/Hassan/.gemini/antigravity/scratch/teotl-landing/node_modules/react-dom/cjs/react-dom-client.development.js:15439:11)',
      message: 'IntersectionObserver is not defined',
      constructor: 'Function<ReferenceError>',
      name: 'ReferenceError',
      toString: 'Function<toString>'
    }
  ],
  message: '',
  constructor: 'Function<AggregateError>',
  name: 'AggregateError',
  toString: 'Function<toString>',
  stacks: [
    {
      method: 'aggregateErrors',
      file: '/Users/Hassan/.gemini/antigravity/scratch/teotl-landing/node_modules/react/cjs/react.development.js',
      line: 551,
      column: 11
    },
    {
      method: 'process.env.NODE_ENV.exports.act',
      file: '/Users/Hassan/.gemini/antigravity/scratch/teotl-landing/node_modules/react/cjs/react.development.js',
      line: 897,
      column: 24
    },
    {
      method: '',
      file: '/Users/Hassan/.gemini/antigravity/scratch/teotl-landing/node_modules/@testing-library/react/dist/act-compat.js',
      line: 47,
      column: 25
    },
    {
      method: 'renderRoot',
      file: '/Users/Hassan/.gemini/antigravity/scratch/teotl-landing/node_modules/@testing-library/react/dist/pure.js',
      line: 190,
      column: 26
    },
    {
      method: 'render',
      file: '/Users/Hassan/.gemini/antigravity/scratch/teotl-landing/node_modules/@testing-library/react/dist/pure.js',
      line: 292,
      column: 10
    },
    {
      method: '',
      file: '/Users/Hassan/.gemini/antigravity/scratch/teotl-landing/src/sections/About.test.jsx',
      line: 8,
      column: 5
    }
  ]
}
 ❯ aggregateErrors node_modules/react/cjs/react.development.js:551:11
 ❯ process.env.NODE_ENV.exports.act node_modules/react/cjs/react.development.js:897:24
 ❯ node_modules/@testing-library/react/dist/act-compat.js:47:25
 ❯ renderRoot node_modules/@testing-library/react/dist/pure.js:190:26
 ❯ render node_modules/@testing-library/react/dist/pure.js:292:10
 ❯ src/sections/About.test.jsx:8:5
      6| describe('About Component', () => {
      7|   it('renders the section heading', () => {
      8|     render(<About />);
       |     ^
      9|     expect(screen.getByText(/Filosofía Ohtli/i)).toBeInTheDocument();
     10|   });

⎯⎯⎯⎯⎯⎯⎯⎯⎯⎯⎯⎯⎯⎯⎯⎯⎯⎯⎯⎯⎯⎯⎯[1/10]⎯

 FAIL  src/sections/About.test.jsx > About Component > displays the philosophy text
{
  stack: 'AggregateError: \n' +
    '    at aggregateErrors (/Users/Hassan/.gemini/antigravity/scratch/teotl-landing/node_modules/react/cjs/react.development.js:551:11)\n' +
    '    at process.env.NODE_ENV.exports.act (/Users/Hassan/.gemini/antigravity/scratch/teotl-landing/node_modules/react/cjs/react.development.js:897:24)\n' +
    '    at /Users/Hassan/.gemini/antigravity/scratch/teotl-landing/node_modules/@testing-library/react/dist/act-compat.js:47:25\n' +
    '    at renderRoot (/Users/Hassan/.gemini/antigravity/scratch/teotl-landing/node_modules/@testing-library/react/dist/pure.js:190:26)\n' +
    '    at render (/Users/Hassan/.gemini/antigravity/scratch/teotl-landing/node_modules/@testing-library/react/dist/pure.js:292:10)\n' +
    '    at /Users/Hassan/.gemini/antigravity/scratch/teotl-landing/src/sections/About.test.jsx:13:5\n' +
    '    at file:///Users/Hassan/.gemini/antigravity/scratch/teotl-landing/node_modules/@vitest/runner/dist/chunk-hooks.js:155:11\n' +
    '    at file:///Users/Hassan/.gemini/antigravity/scratch/teotl-landing/node_modules/@vitest/runner/dist/chunk-hooks.js:752:26\n' +
    '    at file:///Users/Hassan/.gemini/antigravity/scratch/teotl-landing/node_modules/@vitest/runner/dist/chunk-hooks.js:1897:20\n' +
    '    at new Promise (<anonymous>)',
  errors: [
    {
      stack: 'ReferenceError: IntersectionObserver is not defined\n' +
        '    at initIntersectionObserver (file:///Users/Hassan/.gemini/antigravity/scratch/teotl-landing/node_modules/framer-motion/dist/es/motion/features/viewport/observers.mjs:35:34)\n' +
        '    at observeIntersection (file:///Users/Hassan/.gemini/antigravity/scratch/teotl-landing/node_modules/framer-motion/dist/es/motion/features/viewport/observers.mjs:40:39)\n' +
        '    at InViewFeature.startObserver (file:///Users/Hassan/.gemini/antigravity/scratch/teotl-landing/node_modules/framer-motion/dist/es/motion/features/viewport/index.mjs:52:16)\n' +
        '    at InViewFeature.mount (file:///Users/Hassan/.gemini/antigravity/scratch/teotl-landing/node_modules/framer-motion/dist/es/motion/features/viewport/index.mjs:55:14)\n' +
        '    at HTMLVisualElement.updateFeatures (file:///Users/Hassan/.gemini/antigravity/scratch/teotl-landing/node_modules/framer-motion/dist/es/render/VisualElement.mjs:259:29)\n' +
        '    at file:///Users/Hassan/.gemini/antigravity/scratch/teotl-landing/node_modules/framer-motion/dist/es/motion/utils/use-visual-element.mjs:71:23\n' +
        '    at Object.react_stack_bottom_frame (/Users/Hassan/.gemini/antigravity/scratch/teotl-landing/node_modules/react-dom/cjs/react-dom-client.development.js:25989:20)\n' +
        '    at runWithFiberInDEV (/Users/Hassan/.gemini/antigravity/scratch/teotl-landing/node_modules/react-dom/cjs/react-dom-client.development.js:874:13)\n' +
        '    at commitHookEffectListMount (/Users/Hassan/.gemini/antigravity/scratch/teotl-landing/node_modules/react-dom/cjs/react-dom-client.development.js:13249:29)\n' +
        '    at commitHookLayoutEffects (/Users/Hassan/.gemini/antigravity/scratch/teotl-landing/node_modules/react-dom/cjs/react-dom-client.development.js:13213:11)',
      message: 'IntersectionObserver is not defined',
      constructor: 'Function<ReferenceError>',
      name: 'ReferenceError',
      toString: 'Function<toString>'
    },
    {
      stack: 'ReferenceError: IntersectionObserver is not defined\n' +
        '    at inView (file:///Users/Hassan/.gemini/antigravity/scratch/teotl-landing/node_modules/framer-motion/dist/es/render/dom/viewport/index.mjs:34:22)\n' +
        '    at file:///Users/Hassan/.gemini/antigravity/scratch/teotl-landing/node_modules/framer-motion/dist/es/utils/use-in-view.mjs:19:16\n' +
        '    at Object.react_stack_bottom_frame (/Users/Hassan/.gemini/antigravity/scratch/teotl-landing/node_modules/react-dom/cjs/react-dom-client.development.js:25989:20)\n' +
        '    at runWithFiberInDEV (/Users/Hassan/.gemini/antigravity/scratch/teotl-landing/node_modules/react-dom/cjs/react-dom-client.development.js:874:13)\n' +
        '    at commitHookEffectListMount (/Users/Hassan/.gemini/antigravity/scratch/teotl-landing/node_modules/react-dom/cjs/react-dom-client.development.js:13249:29)\n' +
        '    at commitHookPassiveMountEffects (/Users/Hassan/.gemini/antigravity/scratch/teotl-landing/node_modules/react-dom/cjs/react-dom-client.development.js:13336:11)\n' +
        '    at commitPassiveMountOnFiber (/Users/Hassan/.gemini/antigravity/scratch/teotl-landing/node_modules/react-dom/cjs/react-dom-client.development.js:15484:13)\n' +
        '    at recursivelyTraversePassiveMountEffects (/Users/Hassan/.gemini/antigravity/scratch/teotl-landing/node_modules/react-dom/cjs/react-dom-client.development.js:15439:11)\n' +
        '    at commitPassiveMountOnFiber (/Users/Hassan/.gemini/antigravity/scratch/teotl-landing/node_modules/react-dom/cjs/react-dom-client.development.js:15476:11)\n' +
        '    at recursivelyTraversePassiveMountEffects (/Users/Hassan/.gemini/antigravity/scratch/teotl-landing/node_modules/react-dom/cjs/react-dom-client.development.js:15439:11)',
      message: 'IntersectionObserver is not defined',
      constructor: 'Function<ReferenceError>',
      name: 'ReferenceError',
      toString: 'Function<toString>'
    }
  ],
  message: '',
  constructor: 'Function<AggregateError>',
  name: 'AggregateError',
  toString: 'Function<toString>',
  stacks: [
    {
      method: 'aggregateErrors',
      file: '/Users/Hassan/.gemini/antigravity/scratch/teotl-landing/node_modules/react/cjs/react.development.js',
      line: 551,
      column: 11
    },
    {
      method: 'process.env.NODE_ENV.exports.act',
      file: '/Users/Hassan/.gemini/antigravity/scratch/teotl-landing/node_modules/react/cjs/react.development.js',
      line: 897,
      column: 24
    },
    {
      method: '',
      file: '/Users/Hassan/.gemini/antigravity/scratch/teotl-landing/node_modules/@testing-library/react/dist/act-compat.js',
      line: 47,
      column: 25
    },
    {
      method: 'renderRoot',
      file: '/Users/Hassan/.gemini/antigravity/scratch/teotl-landing/node_modules/@testing-library/react/dist/pure.js',
      line: 190,
      column: 26
    },
    {
      method: 'render',
      file: '/Users/Hassan/.gemini/antigravity/scratch/teotl-landing/node_modules/@testing-library/react/dist/pure.js',
      line: 292,
      column: 10
    },
    {
      method: '',
      file: '/Users/Hassan/.gemini/antigravity/scratch/teotl-landing/src/sections/About.test.jsx',
      line: 13,
      column: 5
    }
  ]
}
 ❯ aggregateErrors node_modules/react/cjs/react.development.js:551:11
 ❯ process.env.NODE_ENV.exports.act node_modules/react/cjs/react.development.js:897:24
 ❯ node_modules/@testing-library/react/dist/act-compat.js:47:25
 ❯ renderRoot node_modules/@testing-library/react/dist/pure.js:190:26
 ❯ render node_modules/@testing-library/react/dist/pure.js:292:10
 ❯ src/sections/About.test.jsx:13:5
     11| 
     12|   it('displays the philosophy text', () => {
     13|     render(<About />);
       |     ^
     14|     expect(screen.getByText(/el software es la nueva arquitectura/i)).…
     15|   });

⎯⎯⎯⎯⎯⎯⎯⎯⎯⎯⎯⎯⎯⎯⎯⎯⎯⎯⎯⎯⎯⎯⎯[2/10]⎯

 FAIL  src/sections/About.test.jsx > About Component > renders all three pillars
{
  stack: 'AggregateError: \n' +
    '    at aggregateErrors (/Users/Hassan/.gemini/antigravity/scratch/teotl-landing/node_modules/react/cjs/react.development.js:551:11)\n' +
    '    at process.env.NODE_ENV.exports.act (/Users/Hassan/.gemini/antigravity/scratch/teotl-landing/node_modules/react/cjs/react.development.js:897:24)\n' +
    '    at /Users/Hassan/.gemini/antigravity/scratch/teotl-landing/node_modules/@testing-library/react/dist/act-compat.js:47:25\n' +
    '    at renderRoot (/Users/Hassan/.gemini/antigravity/scratch/teotl-landing/node_modules/@testing-library/react/dist/pure.js:190:26)\n' +
    '    at render (/Users/Hassan/.gemini/antigravity/scratch/teotl-landing/node_modules/@testing-library/react/dist/pure.js:292:10)\n' +
    '    at /Users/Hassan/.gemini/antigravity/scratch/teotl-landing/src/sections/About.test.jsx:18:5\n' +
    '    at file:///Users/Hassan/.gemini/antigravity/scratch/teotl-landing/node_modules/@vitest/runner/dist/chunk-hooks.js:155:11\n' +
    '    at file:///Users/Hassan/.gemini/antigravity/scratch/teotl-landing/node_modules/@vitest/runner/dist/chunk-hooks.js:752:26\n' +
    '    at file:///Users/Hassan/.gemini/antigravity/scratch/teotl-landing/node_modules/@vitest/runner/dist/chunk-hooks.js:1897:20\n' +
    '    at new Promise (<anonymous>)',
  errors: [
    {
      stack: 'ReferenceError: IntersectionObserver is not defined\n' +
        '    at initIntersectionObserver (file:///Users/Hassan/.gemini/antigravity/scratch/teotl-landing/node_modules/framer-motion/dist/es/motion/features/viewport/observers.mjs:35:34)\n' +
        '    at observeIntersection (file:///Users/Hassan/.gemini/antigravity/scratch/teotl-landing/node_modules/framer-motion/dist/es/motion/features/viewport/observers.mjs:40:39)\n' +
        '    at InViewFeature.startObserver (file:///Users/Hassan/.gemini/antigravity/scratch/teotl-landing/node_modules/framer-motion/dist/es/motion/features/viewport/index.mjs:52:16)\n' +
        '    at InViewFeature.mount (file:///Users/Hassan/.gemini/antigravity/scratch/teotl-landing/node_modules/framer-motion/dist/es/motion/features/viewport/index.mjs:55:14)\n' +
        '    at HTMLVisualElement.updateFeatures (file:///Users/Hassan/.gemini/antigravity/scratch/teotl-landing/node_modules/framer-motion/dist/es/render/VisualElement.mjs:259:29)\n' +
        '    at file:///Users/Hassan/.gemini/antigravity/scratch/teotl-landing/node_modules/framer-motion/dist/es/motion/utils/use-visual-element.mjs:71:23\n' +
        '    at Object.react_stack_bottom_frame (/Users/Hassan/.gemini/antigravity/scratch/teotl-landing/node_modules/react-dom/cjs/react-dom-client.development.js:25989:20)\n' +
        '    at runWithFiberInDEV (/Users/Hassan/.gemini/antigravity/scratch/teotl-landing/node_modules/react-dom/cjs/react-dom-client.development.js:874:13)\n' +
        '    at commitHookEffectListMount (/Users/Hassan/.gemini/antigravity/scratch/teotl-landing/node_modules/react-dom/cjs/react-dom-client.development.js:13249:29)\n' +
        '    at commitHookLayoutEffects (/Users/Hassan/.gemini/antigravity/scratch/teotl-landing/node_modules/react-dom/cjs/react-dom-client.development.js:13213:11)',
      message: 'IntersectionObserver is not defined',
      constructor: 'Function<ReferenceError>',
      name: 'ReferenceError',
      toString: 'Function<toString>'
    },
    {
      stack: 'ReferenceError: IntersectionObserver is not defined\n' +
        '    at inView (file:///Users/Hassan/.gemini/antigravity/scratch/teotl-landing/node_modules/framer-motion/dist/es/render/dom/viewport/index.mjs:34:22)\n' +
        '    at file:///Users/Hassan/.gemini/antigravity/scratch/teotl-landing/node_modules/framer-motion/dist/es/utils/use-in-view.mjs:19:16\n' +
        '    at Object.react_stack_bottom_frame (/Users/Hassan/.gemini/antigravity/scratch/teotl-landing/node_modules/react-dom/cjs/react-dom-client.development.js:25989:20)\n' +
        '    at runWithFiberInDEV (/Users/Hassan/.gemini/antigravity/scratch/teotl-landing/node_modules/react-dom/cjs/react-dom-client.development.js:874:13)\n' +
        '    at commitHookEffectListMount (/Users/Hassan/.gemini/antigravity/scratch/teotl-landing/node_modules/react-dom/cjs/react-dom-client.development.js:13249:29)\n' +
        '    at commitHookPassiveMountEffects (/Users/Hassan/.gemini/antigravity/scratch/teotl-landing/node_modules/react-dom/cjs/react-dom-client.development.js:13336:11)\n' +
        '    at commitPassiveMountOnFiber (/Users/Hassan/.gemini/antigravity/scratch/teotl-landing/node_modules/react-dom/cjs/react-dom-client.development.js:15484:13)\n' +
        '    at recursivelyTraversePassiveMountEffects (/Users/Hassan/.gemini/antigravity/scratch/teotl-landing/node_modules/react-dom/cjs/react-dom-client.development.js:15439:11)\n' +
        '    at commitPassiveMountOnFiber (/Users/Hassan/.gemini/antigravity/scratch/teotl-landing/node_modules/react-dom/cjs/react-dom-client.development.js:15476:11)\n' +
        '    at recursivelyTraversePassiveMountEffects (/Users/Hassan/.gemini/antigravity/scratch/teotl-landing/node_modules/react-dom/cjs/react-dom-client.development.js:15439:11)',
      message: 'IntersectionObserver is not defined',
      constructor: 'Function<ReferenceError>',
      name: 'ReferenceError',
      toString: 'Function<toString>'
    }
  ],
  message: '',
  constructor: 'Function<AggregateError>',
  name: 'AggregateError',
  toString: 'Function<toString>',
  stacks: [
    {
      method: 'aggregateErrors',
      file: '/Users/Hassan/.gemini/antigravity/scratch/teotl-landing/node_modules/react/cjs/react.development.js',
      line: 551,
      column: 11
    },
    {
      method: 'process.env.NODE_ENV.exports.act',
      file: '/Users/Hassan/.gemini/antigravity/scratch/teotl-landing/node_modules/react/cjs/react.development.js',
      line: 897,
      column: 24
    },
    {
      method: '',
      file: '/Users/Hassan/.gemini/antigravity/scratch/teotl-landing/node_modules/@testing-library/react/dist/act-compat.js',
      line: 47,
      column: 25
    },
    {
      method: 'renderRoot',
      file: '/Users/Hassan/.gemini/antigravity/scratch/teotl-landing/node_modules/@testing-library/react/dist/pure.js',
      line: 190,
      column: 26
    },
    {
      method: 'render',
      file: '/Users/Hassan/.gemini/antigravity/scratch/teotl-landing/node_modules/@testing-library/react/dist/pure.js',
      line: 292,
      column: 10
    },
    {
      method: '',
      file: '/Users/Hassan/.gemini/antigravity/scratch/teotl-landing/src/sections/About.test.jsx',
      line: 18,
      column: 5
    }
  ]
}
 ❯ aggregateErrors node_modules/react/cjs/react.development.js:551:11
 ❯ process.env.NODE_ENV.exports.act node_modules/react/cjs/react.development.js:897:24
 ❯ node_modules/@testing-library/react/dist/act-compat.js:47:25
 ❯ renderRoot node_modules/@testing-library/react/dist/pure.js:190:26
 ❯ render node_modules/@testing-library/react/dist/pure.js:292:10
 ❯ src/sections/About.test.jsx:18:5
     16| 
     17|   it('renders all three pillars', () => {
     18|     render(<About />);
       |     ^
     19|     
     20|     expect(screen.getByText('Estrategia')).toBeInTheDocument();

⎯⎯⎯⎯⎯⎯⎯⎯⎯⎯⎯⎯⎯⎯⎯⎯⎯⎯⎯⎯⎯⎯⎯[3/10]⎯

 FAIL  src/sections/About.test.jsx > About Component > displays pillar descriptions
{
  stack: 'AggregateError: \n' +
    '    at aggregateErrors (/Users/Hassan/.gemini/antigravity/scratch/teotl-landing/node_modules/react/cjs/react.development.js:551:11)\n' +
    '    at process.env.NODE_ENV.exports.act (/Users/Hassan/.gemini/antigravity/scratch/teotl-landing/node_modules/react/cjs/react.development.js:897:24)\n' +
    '    at /Users/Hassan/.gemini/antigravity/scratch/teotl-landing/node_modules/@testing-library/react/dist/act-compat.js:47:25\n' +
    '    at renderRoot (/Users/Hassan/.gemini/antigravity/scratch/teotl-landing/node_modules/@testing-library/react/dist/pure.js:190:26)\n' +
    '    at render (/Users/Hassan/.gemini/antigravity/scratch/teotl-landing/node_modules/@testing-library/react/dist/pure.js:292:10)\n' +
    '    at /Users/Hassan/.gemini/antigravity/scratch/teotl-landing/src/sections/About.test.jsx:26:5\n' +
    '    at file:///Users/Hassan/.gemini/antigravity/scratch/teotl-landing/node_modules/@vitest/runner/dist/chunk-hooks.js:155:11\n' +
    '    at file:///Users/Hassan/.gemini/antigravity/scratch/teotl-landing/node_modules/@vitest/runner/dist/chunk-hooks.js:752:26\n' +
    '    at file:///Users/Hassan/.gemini/antigravity/scratch/teotl-landing/node_modules/@vitest/runner/dist/chunk-hooks.js:1897:20\n' +
    '    at new Promise (<anonymous>)',
  errors: [
    {
      stack: 'ReferenceError: IntersectionObserver is not defined\n' +
        '    at initIntersectionObserver (file:///Users/Hassan/.gemini/antigravity/scratch/teotl-landing/node_modules/framer-motion/dist/es/motion/features/viewport/observers.mjs:35:34)\n' +
        '    at observeIntersection (file:///Users/Hassan/.gemini/antigravity/scratch/teotl-landing/node_modules/framer-motion/dist/es/motion/features/viewport/observers.mjs:40:39)\n' +
        '    at InViewFeature.startObserver (file:///Users/Hassan/.gemini/antigravity/scratch/teotl-landing/node_modules/framer-motion/dist/es/motion/features/viewport/index.mjs:52:16)\n' +
        '    at InViewFeature.mount (file:///Users/Hassan/.gemini/antigravity/scratch/teotl-landing/node_modules/framer-motion/dist/es/motion/features/viewport/index.mjs:55:14)\n' +
        '    at HTMLVisualElement.updateFeatures (file:///Users/Hassan/.gemini/antigravity/scratch/teotl-landing/node_modules/framer-motion/dist/es/render/VisualElement.mjs:259:29)\n' +
        '    at file:///Users/Hassan/.gemini/antigravity/scratch/teotl-landing/node_modules/framer-motion/dist/es/motion/utils/use-visual-element.mjs:71:23\n' +
        '    at Object.react_stack_bottom_frame (/Users/Hassan/.gemini/antigravity/scratch/teotl-landing/node_modules/react-dom/cjs/react-dom-client.development.js:25989:20)\n' +
        '    at runWithFiberInDEV (/Users/Hassan/.gemini/antigravity/scratch/teotl-landing/node_modules/react-dom/cjs/react-dom-client.development.js:874:13)\n' +
        '    at commitHookEffectListMount (/Users/Hassan/.gemini/antigravity/scratch/teotl-landing/node_modules/react-dom/cjs/react-dom-client.development.js:13249:29)\n' +
        '    at commitHookLayoutEffects (/Users/Hassan/.gemini/antigravity/scratch/teotl-landing/node_modules/react-dom/cjs/react-dom-client.development.js:13213:11)',
      message: 'IntersectionObserver is not defined',
      constructor: 'Function<ReferenceError>',
      name: 'ReferenceError',
      toString: 'Function<toString>'
    },
    {
      stack: 'ReferenceError: IntersectionObserver is not defined\n' +
        '    at inView (file:///Users/Hassan/.gemini/antigravity/scratch/teotl-landing/node_modules/framer-motion/dist/es/render/dom/viewport/index.mjs:34:22)\n' +
        '    at file:///Users/Hassan/.gemini/antigravity/scratch/teotl-landing/node_modules/framer-motion/dist/es/utils/use-in-view.mjs:19:16\n' +
        '    at Object.react_stack_bottom_frame (/Users/Hassan/.gemini/antigravity/scratch/teotl-landing/node_modules/react-dom/cjs/react-dom-client.development.js:25989:20)\n' +
        '    at runWithFiberInDEV (/Users/Hassan/.gemini/antigravity/scratch/teotl-landing/node_modules/react-dom/cjs/react-dom-client.development.js:874:13)\n' +
        '    at commitHookEffectListMount (/Users/Hassan/.gemini/antigravity/scratch/teotl-landing/node_modules/react-dom/cjs/react-dom-client.development.js:13249:29)\n' +
        '    at commitHookPassiveMountEffects (/Users/Hassan/.gemini/antigravity/scratch/teotl-landing/node_modules/react-dom/cjs/react-dom-client.development.js:13336:11)\n' +
        '    at commitPassiveMountOnFiber (/Users/Hassan/.gemini/antigravity/scratch/teotl-landing/node_modules/react-dom/cjs/react-dom-client.development.js:15484:13)\n' +
        '    at recursivelyTraversePassiveMountEffects (/Users/Hassan/.gemini/antigravity/scratch/teotl-landing/node_modules/react-dom/cjs/react-dom-client.development.js:15439:11)\n' +
        '    at commitPassiveMountOnFiber (/Users/Hassan/.gemini/antigravity/scratch/teotl-landing/node_modules/react-dom/cjs/react-dom-client.development.js:15476:11)\n' +
        '    at recursivelyTraversePassiveMountEffects (/Users/Hassan/.gemini/antigravity/scratch/teotl-landing/node_modules/react-dom/cjs/react-dom-client.development.js:15439:11)',
      message: 'IntersectionObserver is not defined',
      constructor: 'Function<ReferenceError>',
      name: 'ReferenceError',
      toString: 'Function<toString>'
    }
  ],
  message: '',
  constructor: 'Function<AggregateError>',
  name: 'AggregateError',
  toString: 'Function<toString>',
  stacks: [
    {
      method: 'aggregateErrors',
      file: '/Users/Hassan/.gemini/antigravity/scratch/teotl-landing/node_modules/react/cjs/react.development.js',
      line: 551,
      column: 11
    },
    {
      method: 'process.env.NODE_ENV.exports.act',
      file: '/Users/Hassan/.gemini/antigravity/scratch/teotl-landing/node_modules/react/cjs/react.development.js',
      line: 897,
      column: 24
    },
    {
      method: '',
      file: '/Users/Hassan/.gemini/antigravity/scratch/teotl-landing/node_modules/@testing-library/react/dist/act-compat.js',
      line: 47,
      column: 25
    },
    {
      method: 'renderRoot',
      file: '/Users/Hassan/.gemini/antigravity/scratch/teotl-landing/node_modules/@testing-library/react/dist/pure.js',
      line: 190,
      column: 26
    },
    {
      method: 'render',
      file: '/Users/Hassan/.gemini/antigravity/scratch/teotl-landing/node_modules/@testing-library/react/dist/pure.js',
      line: 292,
      column: 10
    },
    {
      method: '',
      file: '/Users/Hassan/.gemini/antigravity/scratch/teotl-landing/src/sections/About.test.jsx',
      line: 26,
      column: 5
    }
  ]
}
 ❯ aggregateErrors node_modules/react/cjs/react.development.js:551:11
 ❯ process.env.NODE_ENV.exports.act node_modules/react/cjs/react.development.js:897:24
 ❯ node_modules/@testing-library/react/dist/act-compat.js:47:25
 ❯ renderRoot node_modules/@testing-library/react/dist/pure.js:190:26
 ❯ render node_modules/@testing-library/react/dist/pure.js:292:10
 ❯ src/sections/About.test.jsx:26:5
     24| 
     25|   it('displays pillar descriptions', () => {
     26|     render(<About />);
       |     ^
     27|     
     28|     expect(screen.getByText(/No solo escribimos código/i)).toBeInTheDo…

⎯⎯⎯⎯⎯⎯⎯⎯⎯⎯⎯⎯⎯⎯⎯⎯⎯⎯⎯⎯⎯⎯⎯[4/10]⎯

 FAIL  src/sections/About.test.jsx > About Component > has numbered pillars (01, 02, 03)
{
  stack: 'AggregateError: \n' +
    '    at aggregateErrors (/Users/Hassan/.gemini/antigravity/scratch/teotl-landing/node_modules/react/cjs/react.development.js:551:11)\n' +
    '    at process.env.NODE_ENV.exports.act (/Users/Hassan/.gemini/antigravity/scratch/teotl-landing/node_modules/react/cjs/react.development.js:897:24)\n' +
    '    at /Users/Hassan/.gemini/antigravity/scratch/teotl-landing/node_modules/@testing-library/react/dist/act-compat.js:47:25\n' +
    '    at renderRoot (/Users/Hassan/.gemini/antigravity/scratch/teotl-landing/node_modules/@testing-library/react/dist/pure.js:190:26)\n' +
    '    at render (/Users/Hassan/.gemini/antigravity/scratch/teotl-landing/node_modules/@testing-library/react/dist/pure.js:292:10)\n' +
    '    at /Users/Hassan/.gemini/antigravity/scratch/teotl-landing/src/sections/About.test.jsx:34:5\n' +
    '    at file:///Users/Hassan/.gemini/antigravity/scratch/teotl-landing/node_modules/@vitest/runner/dist/chunk-hooks.js:155:11\n' +
    '    at file:///Users/Hassan/.gemini/antigravity/scratch/teotl-landing/node_modules/@vitest/runner/dist/chunk-hooks.js:752:26\n' +
    '    at file:///Users/Hassan/.gemini/antigravity/scratch/teotl-landing/node_modules/@vitest/runner/dist/chunk-hooks.js:1897:20\n' +
    '    at new Promise (<anonymous>)',
  errors: [
    {
      stack: 'ReferenceError: IntersectionObserver is not defined\n' +
        '    at initIntersectionObserver (file:///Users/Hassan/.gemini/antigravity/scratch/teotl-landing/node_modules/framer-motion/dist/es/motion/features/viewport/observers.mjs:35:34)\n' +
        '    at observeIntersection (file:///Users/Hassan/.gemini/antigravity/scratch/teotl-landing/node_modules/framer-motion/dist/es/motion/features/viewport/observers.mjs:40:39)\n' +
        '    at InViewFeature.startObserver (file:///Users/Hassan/.gemini/antigravity/scratch/teotl-landing/node_modules/framer-motion/dist/es/motion/features/viewport/index.mjs:52:16)\n' +
        '    at InViewFeature.mount (file:///Users/Hassan/.gemini/antigravity/scratch/teotl-landing/node_modules/framer-motion/dist/es/motion/features/viewport/index.mjs:55:14)\n' +
        '    at HTMLVisualElement.updateFeatures (file:///Users/Hassan/.gemini/antigravity/scratch/teotl-landing/node_modules/framer-motion/dist/es/render/VisualElement.mjs:259:29)\n' +
        '    at file:///Users/Hassan/.gemini/antigravity/scratch/teotl-landing/node_modules/framer-motion/dist/es/motion/utils/use-visual-element.mjs:71:23\n' +
        '    at Object.react_stack_bottom_frame (/Users/Hassan/.gemini/antigravity/scratch/teotl-landing/node_modules/react-dom/cjs/react-dom-client.development.js:25989:20)\n' +
        '    at runWithFiberInDEV (/Users/Hassan/.gemini/antigravity/scratch/teotl-landing/node_modules/react-dom/cjs/react-dom-client.development.js:874:13)\n' +
        '    at commitHookEffectListMount (/Users/Hassan/.gemini/antigravity/scratch/teotl-landing/node_modules/react-dom/cjs/react-dom-client.development.js:13249:29)\n' +
        '    at commitHookLayoutEffects (/Users/Hassan/.gemini/antigravity/scratch/teotl-landing/node_modules/react-dom/cjs/react-dom-client.development.js:13213:11)',
      message: 'IntersectionObserver is not defined',
      constructor: 'Function<ReferenceError>',
      name: 'ReferenceError',
      toString: 'Function<toString>'
    },
    {
      stack: 'ReferenceError: IntersectionObserver is not defined\n' +
        '    at inView (file:///Users/Hassan/.gemini/antigravity/scratch/teotl-landing/node_modules/framer-motion/dist/es/render/dom/viewport/index.mjs:34:22)\n' +
        '    at file:///Users/Hassan/.gemini/antigravity/scratch/teotl-landing/node_modules/framer-motion/dist/es/utils/use-in-view.mjs:19:16\n' +
        '    at Object.react_stack_bottom_frame (/Users/Hassan/.gemini/antigravity/scratch/teotl-landing/node_modules/react-dom/cjs/react-dom-client.development.js:25989:20)\n' +
        '    at runWithFiberInDEV (/Users/Hassan/.gemini/antigravity/scratch/teotl-landing/node_modules/react-dom/cjs/react-dom-client.development.js:874:13)\n' +
        '    at commitHookEffectListMount (/Users/Hassan/.gemini/antigravity/scratch/teotl-landing/node_modules/react-dom/cjs/react-dom-client.development.js:13249:29)\n' +
        '    at commitHookPassiveMountEffects (/Users/Hassan/.gemini/antigravity/scratch/teotl-landing/node_modules/react-dom/cjs/react-dom-client.development.js:13336:11)\n' +
        '    at commitPassiveMountOnFiber (/Users/Hassan/.gemini/antigravity/scratch/teotl-landing/node_modules/react-dom/cjs/react-dom-client.development.js:15484:13)\n' +
        '    at recursivelyTraversePassiveMountEffects (/Users/Hassan/.gemini/antigravity/scratch/teotl-landing/node_modules/react-dom/cjs/react-dom-client.development.js:15439:11)\n' +
        '    at commitPassiveMountOnFiber (/Users/Hassan/.gemini/antigravity/scratch/teotl-landing/node_modules/react-dom/cjs/react-dom-client.development.js:15476:11)\n' +
        '    at recursivelyTraversePassiveMountEffects (/Users/Hassan/.gemini/antigravity/scratch/teotl-landing/node_modules/react-dom/cjs/react-dom-client.development.js:15439:11)',
      message: 'IntersectionObserver is not defined',
      constructor: 'Function<ReferenceError>',
      name: 'ReferenceError',
      toString: 'Function<toString>'
    }
  ],
  message: '',
  constructor: 'Function<AggregateError>',
  name: 'AggregateError',
  toString: 'Function<toString>',
  stacks: [
    {
      method: 'aggregateErrors',
      file: '/Users/Hassan/.gemini/antigravity/scratch/teotl-landing/node_modules/react/cjs/react.development.js',
      line: 551,
      column: 11
    },
    {
      method: 'process.env.NODE_ENV.exports.act',
      file: '/Users/Hassan/.gemini/antigravity/scratch/teotl-landing/node_modules/react/cjs/react.development.js',
      line: 897,
      column: 24
    },
    {
      method: '',
      file: '/Users/Hassan/.gemini/antigravity/scratch/teotl-landing/node_modules/@testing-library/react/dist/act-compat.js',
      line: 47,
      column: 25
    },
    {
      method: 'renderRoot',
      file: '/Users/Hassan/.gemini/antigravity/scratch/teotl-landing/node_modules/@testing-library/react/dist/pure.js',
      line: 190,
      column: 26
    },
    {
      method: 'render',
      file: '/Users/Hassan/.gemini/antigravity/scratch/teotl-landing/node_modules/@testing-library/react/dist/pure.js',
      line: 292,
      column: 10
    },
    {
      method: '',
      file: '/Users/Hassan/.gemini/antigravity/scratch/teotl-landing/src/sections/About.test.jsx',
      line: 34,
      column: 5
    }
  ]
}
 ❯ aggregateErrors node_modules/react/cjs/react.development.js:551:11
 ❯ process.env.NODE_ENV.exports.act node_modules/react/cjs/react.development.js:897:24
 ❯ node_modules/@testing-library/react/dist/act-compat.js:47:25
 ❯ renderRoot node_modules/@testing-library/react/dist/pure.js:190:26
 ❯ render node_modules/@testing-library/react/dist/pure.js:292:10
 ❯ src/sections/About.test.jsx:34:5
     32| 
     33|   it('has numbered pillars (01, 02, 03)', () => {
     34|     render(<About />);
       |     ^
     35|     
     36|     expect(screen.getByText('01')).toBeInTheDocument();

⎯⎯⎯⎯⎯⎯⎯⎯⎯⎯⎯⎯⎯⎯⎯⎯⎯⎯⎯⎯⎯⎯⎯[5/10]⎯

 FAIL  src/sections/About.test.jsx > About Component > has the 3D philosophy image
{
  stack: 'AggregateError: \n' +
    '    at aggregateErrors (/Users/Hassan/.gemini/antigravity/scratch/teotl-landing/node_modules/react/cjs/react.development.js:551:11)\n' +
    '    at process.env.NODE_ENV.exports.act (/Users/Hassan/.gemini/antigravity/scratch/teotl-landing/node_modules/react/cjs/react.development.js:897:24)\n' +
    '    at /Users/Hassan/.gemini/antigravity/scratch/teotl-landing/node_modules/@testing-library/react/dist/act-compat.js:47:25\n' +
    '    at renderRoot (/Users/Hassan/.gemini/antigravity/scratch/teotl-landing/node_modules/@testing-library/react/dist/pure.js:190:26)\n' +
    '    at render (/Users/Hassan/.gemini/antigravity/scratch/teotl-landing/node_modules/@testing-library/react/dist/pure.js:292:10)\n' +
    '    at /Users/Hassan/.gemini/antigravity/scratch/teotl-landing/src/sections/About.test.jsx:42:5\n' +
    '    at file:///Users/Hassan/.gemini/antigravity/scratch/teotl-landing/node_modules/@vitest/runner/dist/chunk-hooks.js:155:11\n' +
    '    at file:///Users/Hassan/.gemini/antigravity/scratch/teotl-landing/node_modules/@vitest/runner/dist/chunk-hooks.js:752:26\n' +
    '    at file:///Users/Hassan/.gemini/antigravity/scratch/teotl-landing/node_modules/@vitest/runner/dist/chunk-hooks.js:1897:20\n' +
    '    at new Promise (<anonymous>)',
  errors: [
    {
      stack: 'ReferenceError: IntersectionObserver is not defined\n' +
        '    at initIntersectionObserver (file:///Users/Hassan/.gemini/antigravity/scratch/teotl-landing/node_modules/framer-motion/dist/es/motion/features/viewport/observers.mjs:35:34)\n' +
        '    at observeIntersection (file:///Users/Hassan/.gemini/antigravity/scratch/teotl-landing/node_modules/framer-motion/dist/es/motion/features/viewport/observers.mjs:40:39)\n' +
        '    at InViewFeature.startObserver (file:///Users/Hassan/.gemini/antigravity/scratch/teotl-landing/node_modules/framer-motion/dist/es/motion/features/viewport/index.mjs:52:16)\n' +
        '    at InViewFeature.mount (file:///Users/Hassan/.gemini/antigravity/scratch/teotl-landing/node_modules/framer-motion/dist/es/motion/features/viewport/index.mjs:55:14)\n' +
        '    at HTMLVisualElement.updateFeatures (file:///Users/Hassan/.gemini/antigravity/scratch/teotl-landing/node_modules/framer-motion/dist/es/render/VisualElement.mjs:259:29)\n' +
        '    at file:///Users/Hassan/.gemini/antigravity/scratch/teotl-landing/node_modules/framer-motion/dist/es/motion/utils/use-visual-element.mjs:71:23\n' +
        '    at Object.react_stack_bottom_frame (/Users/Hassan/.gemini/antigravity/scratch/teotl-landing/node_modules/react-dom/cjs/react-dom-client.development.js:25989:20)\n' +
        '    at runWithFiberInDEV (/Users/Hassan/.gemini/antigravity/scratch/teotl-landing/node_modules/react-dom/cjs/react-dom-client.development.js:874:13)\n' +
        '    at commitHookEffectListMount (/Users/Hassan/.gemini/antigravity/scratch/teotl-landing/node_modules/react-dom/cjs/react-dom-client.development.js:13249:29)\n' +
        '    at commitHookLayoutEffects (/Users/Hassan/.gemini/antigravity/scratch/teotl-landing/node_modules/react-dom/cjs/react-dom-client.development.js:13213:11)',
      message: 'IntersectionObserver is not defined',
      constructor: 'Function<ReferenceError>',
      name: 'ReferenceError',
      toString: 'Function<toString>'
    },
    {
      stack: 'ReferenceError: IntersectionObserver is not defined\n' +
        '    at inView (file:///Users/Hassan/.gemini/antigravity/scratch/teotl-landing/node_modules/framer-motion/dist/es/render/dom/viewport/index.mjs:34:22)\n' +
        '    at file:///Users/Hassan/.gemini/antigravity/scratch/teotl-landing/node_modules/framer-motion/dist/es/utils/use-in-view.mjs:19:16\n' +
        '    at Object.react_stack_bottom_frame (/Users/Hassan/.gemini/antigravity/scratch/teotl-landing/node_modules/react-dom/cjs/react-dom-client.development.js:25989:20)\n' +
        '    at runWithFiberInDEV (/Users/Hassan/.gemini/antigravity/scratch/teotl-landing/node_modules/react-dom/cjs/react-dom-client.development.js:874:13)\n' +
        '    at commitHookEffectListMount (/Users/Hassan/.gemini/antigravity/scratch/teotl-landing/node_modules/react-dom/cjs/react-dom-client.development.js:13249:29)\n' +
        '    at commitHookPassiveMountEffects (/Users/Hassan/.gemini/antigravity/scratch/teotl-landing/node_modules/react-dom/cjs/react-dom-client.development.js:13336:11)\n' +
        '    at commitPassiveMountOnFiber (/Users/Hassan/.gemini/antigravity/scratch/teotl-landing/node_modules/react-dom/cjs/react-dom-client.development.js:15484:13)\n' +
        '    at recursivelyTraversePassiveMountEffects (/Users/Hassan/.gemini/antigravity/scratch/teotl-landing/node_modules/react-dom/cjs/react-dom-client.development.js:15439:11)\n' +
        '    at commitPassiveMountOnFiber (/Users/Hassan/.gemini/antigravity/scratch/teotl-landing/node_modules/react-dom/cjs/react-dom-client.development.js:15476:11)\n' +
        '    at recursivelyTraversePassiveMountEffects (/Users/Hassan/.gemini/antigravity/scratch/teotl-landing/node_modules/react-dom/cjs/react-dom-client.development.js:15439:11)',
      message: 'IntersectionObserver is not defined',
      constructor: 'Function<ReferenceError>',
      name: 'ReferenceError',
      toString: 'Function<toString>'
    }
  ],
  message: '',
  constructor: 'Function<AggregateError>',
  name: 'AggregateError',
  toString: 'Function<toString>',
  stacks: [
    {
      method: 'aggregateErrors',
      file: '/Users/Hassan/.gemini/antigravity/scratch/teotl-landing/node_modules/react/cjs/react.development.js',
      line: 551,
      column: 11
    },
    {
      method: 'process.env.NODE_ENV.exports.act',
      file: '/Users/Hassan/.gemini/antigravity/scratch/teotl-landing/node_modules/react/cjs/react.development.js',
      line: 897,
      column: 24
    },
    {
      method: '',
      file: '/Users/Hassan/.gemini/antigravity/scratch/teotl-landing/node_modules/@testing-library/react/dist/act-compat.js',
      line: 47,
      column: 25
    },
    {
      method: 'renderRoot',
      file: '/Users/Hassan/.gemini/antigravity/scratch/teotl-landing/node_modules/@testing-library/react/dist/pure.js',
      line: 190,
      column: 26
    },
    {
      method: 'render',
      file: '/Users/Hassan/.gemini/antigravity/scratch/teotl-landing/node_modules/@testing-library/react/dist/pure.js',
      line: 292,
      column: 10
    },
    {
      method: '',
      file: '/Users/Hassan/.gemini/antigravity/scratch/teotl-landing/src/sections/About.test.jsx',
      line: 42,
      column: 5
    }
  ]
}
 ❯ aggregateErrors node_modules/react/cjs/react.development.js:551:11
 ❯ process.env.NODE_ENV.exports.act node_modules/react/cjs/react.development.js:897:24
 ❯ node_modules/@testing-library/react/dist/act-compat.js:47:25
 ❯ renderRoot node_modules/@testing-library/react/dist/pure.js:190:26
 ❯ render node_modules/@testing-library/react/dist/pure.js:292:10
 ❯ src/sections/About.test.jsx:42:5
     40| 
     41|   it('has the 3D philosophy image', () => {
     42|     render(<About />);
       |     ^
     43|     const image = screen.getByAltText('Philosophy 3D Object');
     44|     expect(image).toBeInTheDocument();

⎯⎯⎯⎯⎯⎯⎯⎯⎯⎯⎯⎯⎯⎯⎯⎯⎯⎯⎯⎯⎯⎯⎯[6/10]⎯

 FAIL  src/sections/About.test.jsx > About Component > applies light mode filter to image
{
  stack: 'AggregateError: \n' +
    '    at aggregateErrors (/Users/Hassan/.gemini/antigravity/scratch/teotl-landing/node_modules/react/cjs/react.development.js:551:11)\n' +
    '    at process.env.NODE_ENV.exports.act (/Users/Hassan/.gemini/antigravity/scratch/teotl-landing/node_modules/react/cjs/react.development.js:897:24)\n' +
    '    at /Users/Hassan/.gemini/antigravity/scratch/teotl-landing/node_modules/@testing-library/react/dist/act-compat.js:47:25\n' +
    '    at renderRoot (/Users/Hassan/.gemini/antigravity/scratch/teotl-landing/node_modules/@testing-library/react/dist/pure.js:190:26)\n' +
    '    at render (/Users/Hassan/.gemini/antigravity/scratch/teotl-landing/node_modules/@testing-library/react/dist/pure.js:292:10)\n' +
    '    at /Users/Hassan/.gemini/antigravity/scratch/teotl-landing/src/sections/About.test.jsx:49:5\n' +
    '    at file:///Users/Hassan/.gemini/antigravity/scratch/teotl-landing/node_modules/@vitest/runner/dist/chunk-hooks.js:155:11\n' +
    '    at file:///Users/Hassan/.gemini/antigravity/scratch/teotl-landing/node_modules/@vitest/runner/dist/chunk-hooks.js:752:26\n' +
    '    at file:///Users/Hassan/.gemini/antigravity/scratch/teotl-landing/node_modules/@vitest/runner/dist/chunk-hooks.js:1897:20\n' +
    '    at new Promise (<anonymous>)',
  errors: [
    {
      stack: 'ReferenceError: IntersectionObserver is not defined\n' +
        '    at initIntersectionObserver (file:///Users/Hassan/.gemini/antigravity/scratch/teotl-landing/node_modules/framer-motion/dist/es/motion/features/viewport/observers.mjs:35:34)\n' +
        '    at observeIntersection (file:///Users/Hassan/.gemini/antigravity/scratch/teotl-landing/node_modules/framer-motion/dist/es/motion/features/viewport/observers.mjs:40:39)\n' +
        '    at InViewFeature.startObserver (file:///Users/Hassan/.gemini/antigravity/scratch/teotl-landing/node_modules/framer-motion/dist/es/motion/features/viewport/index.mjs:52:16)\n' +
        '    at InViewFeature.mount (file:///Users/Hassan/.gemini/antigravity/scratch/teotl-landing/node_modules/framer-motion/dist/es/motion/features/viewport/index.mjs:55:14)\n' +
        '    at HTMLVisualElement.updateFeatures (file:///Users/Hassan/.gemini/antigravity/scratch/teotl-landing/node_modules/framer-motion/dist/es/render/VisualElement.mjs:259:29)\n' +
        '    at file:///Users/Hassan/.gemini/antigravity/scratch/teotl-landing/node_modules/framer-motion/dist/es/motion/utils/use-visual-element.mjs:71:23\n' +
        '    at Object.react_stack_bottom_frame (/Users/Hassan/.gemini/antigravity/scratch/teotl-landing/node_modules/react-dom/cjs/react-dom-client.development.js:25989:20)\n' +
        '    at runWithFiberInDEV (/Users/Hassan/.gemini/antigravity/scratch/teotl-landing/node_modules/react-dom/cjs/react-dom-client.development.js:874:13)\n' +
        '    at commitHookEffectListMount (/Users/Hassan/.gemini/antigravity/scratch/teotl-landing/node_modules/react-dom/cjs/react-dom-client.development.js:13249:29)\n' +
        '    at commitHookLayoutEffects (/Users/Hassan/.gemini/antigravity/scratch/teotl-landing/node_modules/react-dom/cjs/react-dom-client.development.js:13213:11)',
      message: 'IntersectionObserver is not defined',
      constructor: 'Function<ReferenceError>',
      name: 'ReferenceError',
      toString: 'Function<toString>'
    },
    {
      stack: 'ReferenceError: IntersectionObserver is not defined\n' +
        '    at inView (file:///Users/Hassan/.gemini/antigravity/scratch/teotl-landing/node_modules/framer-motion/dist/es/render/dom/viewport/index.mjs:34:22)\n' +
        '    at file:///Users/Hassan/.gemini/antigravity/scratch/teotl-landing/node_modules/framer-motion/dist/es/utils/use-in-view.mjs:19:16\n' +
        '    at Object.react_stack_bottom_frame (/Users/Hassan/.gemini/antigravity/scratch/teotl-landing/node_modules/react-dom/cjs/react-dom-client.development.js:25989:20)\n' +
        '    at runWithFiberInDEV (/Users/Hassan/.gemini/antigravity/scratch/teotl-landing/node_modules/react-dom/cjs/react-dom-client.development.js:874:13)\n' +
        '    at commitHookEffectListMount (/Users/Hassan/.gemini/antigravity/scratch/teotl-landing/node_modules/react-dom/cjs/react-dom-client.development.js:13249:29)\n' +
        '    at commitHookPassiveMountEffects (/Users/Hassan/.gemini/antigravity/scratch/teotl-landing/node_modules/react-dom/cjs/react-dom-client.development.js:13336:11)\n' +
        '    at commitPassiveMountOnFiber (/Users/Hassan/.gemini/antigravity/scratch/teotl-landing/node_modules/react-dom/cjs/react-dom-client.development.js:15484:13)\n' +
        '    at recursivelyTraversePassiveMountEffects (/Users/Hassan/.gemini/antigravity/scratch/teotl-landing/node_modules/react-dom/cjs/react-dom-client.development.js:15439:11)\n' +
        '    at commitPassiveMountOnFiber (/Users/Hassan/.gemini/antigravity/scratch/teotl-landing/node_modules/react-dom/cjs/react-dom-client.development.js:15476:11)\n' +
        '    at recursivelyTraversePassiveMountEffects (/Users/Hassan/.gemini/antigravity/scratch/teotl-landing/node_modules/react-dom/cjs/react-dom-client.development.js:15439:11)',
      message: 'IntersectionObserver is not defined',
      constructor: 'Function<ReferenceError>',
      name: 'ReferenceError',
      toString: 'Function<toString>'
    }
  ],
  message: '',
  constructor: 'Function<AggregateError>',
  name: 'AggregateError',
  toString: 'Function<toString>',
  stacks: [
    {
      method: 'aggregateErrors',
      file: '/Users/Hassan/.gemini/antigravity/scratch/teotl-landing/node_modules/react/cjs/react.development.js',
      line: 551,
      column: 11
    },
    {
      method: 'process.env.NODE_ENV.exports.act',
      file: '/Users/Hassan/.gemini/antigravity/scratch/teotl-landing/node_modules/react/cjs/react.development.js',
      line: 897,
      column: 24
    },
    {
      method: '',
      file: '/Users/Hassan/.gemini/antigravity/scratch/teotl-landing/node_modules/@testing-library/react/dist/act-compat.js',
      line: 47,
      column: 25
    },
    {
      method: 'renderRoot',
      file: '/Users/Hassan/.gemini/antigravity/scratch/teotl-landing/node_modules/@testing-library/react/dist/pure.js',
      line: 190,
      column: 26
    },
    {
      method: 'render',
      file: '/Users/Hassan/.gemini/antigravity/scratch/teotl-landing/node_modules/@testing-library/react/dist/pure.js',
      line: 292,
      column: 10
    },
    {
      method: '',
      file: '/Users/Hassan/.gemini/antigravity/scratch/teotl-landing/src/sections/About.test.jsx',
      line: 49,
      column: 5
    }
  ]
}
 ❯ aggregateErrors node_modules/react/cjs/react.development.js:551:11
 ❯ process.env.NODE_ENV.exports.act node_modules/react/cjs/react.development.js:897:24
 ❯ node_modules/@testing-library/react/dist/act-compat.js:47:25
 ❯ renderRoot node_modules/@testing-library/react/dist/pure.js:190:26
 ❯ render node_modules/@testing-library/react/dist/pure.js:292:10
 ❯ src/sections/About.test.jsx:49:5
     47| 
     48|   it('applies light mode filter to image', () => {
     49|     render(<About />);
       |     ^
     50|     const image = screen.getByAltText('Philosophy 3D Object');
     51|     expect(image).toHaveClass('filter', 'invert');

⎯⎯⎯⎯⎯⎯⎯⎯⎯⎯⎯⎯⎯⎯⎯⎯⎯⎯⎯⎯⎯⎯⎯[7/10]⎯

 FAIL  src/sections/About.test.jsx > About Component > has proper grid layout
{
  stack: 'AggregateError: \n' +
    '    at aggregateErrors (/Users/Hassan/.gemini/antigravity/scratch/teotl-landing/node_modules/react/cjs/react.development.js:551:11)\n' +
    '    at process.env.NODE_ENV.exports.act (/Users/Hassan/.gemini/antigravity/scratch/teotl-landing/node_modules/react/cjs/react.development.js:897:24)\n' +
    '    at /Users/Hassan/.gemini/antigravity/scratch/teotl-landing/node_modules/@testing-library/react/dist/act-compat.js:47:25\n' +
    '    at renderRoot (/Users/Hassan/.gemini/antigravity/scratch/teotl-landing/node_modules/@testing-library/react/dist/pure.js:190:26)\n' +
    '    at render (/Users/Hassan/.gemini/antigravity/scratch/teotl-landing/node_modules/@testing-library/react/dist/pure.js:292:10)\n' +
    '    at /Users/Hassan/.gemini/antigravity/scratch/teotl-landing/src/sections/About.test.jsx:55:27\n' +
    '    at file:///Users/Hassan/.gemini/antigravity/scratch/teotl-landing/node_modules/@vitest/runner/dist/chunk-hooks.js:155:11\n' +
    '    at file:///Users/Hassan/.gemini/antigravity/scratch/teotl-landing/node_modules/@vitest/runner/dist/chunk-hooks.js:752:26\n' +
    '    at file:///Users/Hassan/.gemini/antigravity/scratch/teotl-landing/node_modules/@vitest/runner/dist/chunk-hooks.js:1897:20\n' +
    '    at new Promise (<anonymous>)',
  errors: [
    {
      stack: 'ReferenceError: IntersectionObserver is not defined\n' +
        '    at initIntersectionObserver (file:///Users/Hassan/.gemini/antigravity/scratch/teotl-landing/node_modules/framer-motion/dist/es/motion/features/viewport/observers.mjs:35:34)\n' +
        '    at observeIntersection (file:///Users/Hassan/.gemini/antigravity/scratch/teotl-landing/node_modules/framer-motion/dist/es/motion/features/viewport/observers.mjs:40:39)\n' +
        '    at InViewFeature.startObserver (file:///Users/Hassan/.gemini/antigravity/scratch/teotl-landing/node_modules/framer-motion/dist/es/motion/features/viewport/index.mjs:52:16)\n' +
        '    at InViewFeature.mount (file:///Users/Hassan/.gemini/antigravity/scratch/teotl-landing/node_modules/framer-motion/dist/es/motion/features/viewport/index.mjs:55:14)\n' +
        '    at HTMLVisualElement.updateFeatures (file:///Users/Hassan/.gemini/antigravity/scratch/teotl-landing/node_modules/framer-motion/dist/es/render/VisualElement.mjs:259:29)\n' +
        '    at file:///Users/Hassan/.gemini/antigravity/scratch/teotl-landing/node_modules/framer-motion/dist/es/motion/utils/use-visual-element.mjs:71:23\n' +
        '    at Object.react_stack_bottom_frame (/Users/Hassan/.gemini/antigravity/scratch/teotl-landing/node_modules/react-dom/cjs/react-dom-client.development.js:25989:20)\n' +
        '    at runWithFiberInDEV (/Users/Hassan/.gemini/antigravity/scratch/teotl-landing/node_modules/react-dom/cjs/react-dom-client.development.js:874:13)\n' +
        '    at commitHookEffectListMount (/Users/Hassan/.gemini/antigravity/scratch/teotl-landing/node_modules/react-dom/cjs/react-dom-client.development.js:13249:29)\n' +
        '    at commitHookLayoutEffects (/Users/Hassan/.gemini/antigravity/scratch/teotl-landing/node_modules/react-dom/cjs/react-dom-client.development.js:13213:11)',
      message: 'IntersectionObserver is not defined',
      constructor: 'Function<ReferenceError>',
      name: 'ReferenceError',
      toString: 'Function<toString>'
    },
    {
      stack: 'ReferenceError: IntersectionObserver is not defined\n' +
        '    at inView (file:///Users/Hassan/.gemini/antigravity/scratch/teotl-landing/node_modules/framer-motion/dist/es/render/dom/viewport/index.mjs:34:22)\n' +
        '    at file:///Users/Hassan/.gemini/antigravity/scratch/teotl-landing/node_modules/framer-motion/dist/es/utils/use-in-view.mjs:19:16\n' +
        '    at Object.react_stack_bottom_frame (/Users/Hassan/.gemini/antigravity/scratch/teotl-landing/node_modules/react-dom/cjs/react-dom-client.development.js:25989:20)\n' +
        '    at runWithFiberInDEV (/Users/Hassan/.gemini/antigravity/scratch/teotl-landing/node_modules/react-dom/cjs/react-dom-client.development.js:874:13)\n' +
        '    at commitHookEffectListMount (/Users/Hassan/.gemini/antigravity/scratch/teotl-landing/node_modules/react-dom/cjs/react-dom-client.development.js:13249:29)\n' +
        '    at commitHookPassiveMountEffects (/Users/Hassan/.gemini/antigravity/scratch/teotl-landing/node_modules/react-dom/cjs/react-dom-client.development.js:13336:11)\n' +
        '    at commitPassiveMountOnFiber (/Users/Hassan/.gemini/antigravity/scratch/teotl-landing/node_modules/react-dom/cjs/react-dom-client.development.js:15484:13)\n' +
        '    at recursivelyTraversePassiveMountEffects (/Users/Hassan/.gemini/antigravity/scratch/teotl-landing/node_modules/react-dom/cjs/react-dom-client.development.js:15439:11)\n' +
        '    at commitPassiveMountOnFiber (/Users/Hassan/.gemini/antigravity/scratch/teotl-landing/node_modules/react-dom/cjs/react-dom-client.development.js:15476:11)\n' +
        '    at recursivelyTraversePassiveMountEffects (/Users/Hassan/.gemini/antigravity/scratch/teotl-landing/node_modules/react-dom/cjs/react-dom-client.development.js:15439:11)',
      message: 'IntersectionObserver is not defined',
      constructor: 'Function<ReferenceError>',
      name: 'ReferenceError',
      toString: 'Function<toString>'
    }
  ],
  message: '',
  constructor: 'Function<AggregateError>',
  name: 'AggregateError',
  toString: 'Function<toString>',
  stacks: [
    {
      method: 'aggregateErrors',
      file: '/Users/Hassan/.gemini/antigravity/scratch/teotl-landing/node_modules/react/cjs/react.development.js',
      line: 551,
      column: 11
    },
    {
      method: 'process.env.NODE_ENV.exports.act',
      file: '/Users/Hassan/.gemini/antigravity/scratch/teotl-landing/node_modules/react/cjs/react.development.js',
      line: 897,
      column: 24
    },
    {
      method: '',
      file: '/Users/Hassan/.gemini/antigravity/scratch/teotl-landing/node_modules/@testing-library/react/dist/act-compat.js',
      line: 47,
      column: 25
    },
    {
      method: 'renderRoot',
      file: '/Users/Hassan/.gemini/antigravity/scratch/teotl-landing/node_modules/@testing-library/react/dist/pure.js',
      line: 190,
      column: 26
    },
    {
      method: 'render',
      file: '/Users/Hassan/.gemini/antigravity/scratch/teotl-landing/node_modules/@testing-library/react/dist/pure.js',
      line: 292,
      column: 10
    },
    {
      method: '',
      file: '/Users/Hassan/.gemini/antigravity/scratch/teotl-landing/src/sections/About.test.jsx',
      line: 55,
      column: 27
    }
  ]
}
 ❯ aggregateErrors node_modules/react/cjs/react.development.js:551:11
 ❯ process.env.NODE_ENV.exports.act node_modules/react/cjs/react.development.js:897:24
 ❯ node_modules/@testing-library/react/dist/act-compat.js:47:25
 ❯ renderRoot node_modules/@testing-library/react/dist/pure.js:190:26
 ❯ render node_modules/@testing-library/react/dist/pure.js:292:10
 ❯ src/sections/About.test.jsx:55:27
     53| 
     54|   it('has proper grid layout', () => {
     55|     const { container } = render(<About />);
       |                           ^
     56|     const grid = container.querySelector('.grid-cols-1.md\\:grid-cols-…
     57|     expect(grid).toBeInTheDocument();

⎯⎯⎯⎯⎯⎯⎯⎯⎯⎯⎯⎯⎯⎯⎯⎯⎯⎯⎯⎯⎯⎯⎯[8/10]⎯

 FAIL  src/sections/About.test.jsx > About Component > has no accessibility violations
{
  stack: 'AggregateError: \n' +
    '    at aggregateErrors (/Users/Hassan/.gemini/antigravity/scratch/teotl-landing/node_modules/react/cjs/react.development.js:551:11)\n' +
    '    at process.env.NODE_ENV.exports.act (/Users/Hassan/.gemini/antigravity/scratch/teotl-landing/node_modules/react/cjs/react.development.js:897:24)\n' +
    '    at /Users/Hassan/.gemini/antigravity/scratch/teotl-landing/node_modules/@testing-library/react/dist/act-compat.js:47:25\n' +
    '    at renderRoot (/Users/Hassan/.gemini/antigravity/scratch/teotl-landing/node_modules/@testing-library/react/dist/pure.js:190:26)\n' +
    '    at render (/Users/Hassan/.gemini/antigravity/scratch/teotl-landing/node_modules/@testing-library/react/dist/pure.js:292:10)\n' +
    '    at /Users/Hassan/.gemini/antigravity/scratch/teotl-landing/src/sections/About.test.jsx:61:27\n' +
    '    at file:///Users/Hassan/.gemini/antigravity/scratch/teotl-landing/node_modules/@vitest/runner/dist/chunk-hooks.js:155:11\n' +
    '    at file:///Users/Hassan/.gemini/antigravity/scratch/teotl-landing/node_modules/@vitest/runner/dist/chunk-hooks.js:752:26\n' +
    '    at file:///Users/Hassan/.gemini/antigravity/scratch/teotl-landing/node_modules/@vitest/runner/dist/chunk-hooks.js:1897:20\n' +
    '    at new Promise (<anonymous>)',
  errors: [
    {
      stack: 'ReferenceError: IntersectionObserver is not defined\n' +
        '    at initIntersectionObserver (file:///Users/Hassan/.gemini/antigravity/scratch/teotl-landing/node_modules/framer-motion/dist/es/motion/features/viewport/observers.mjs:35:34)\n' +
        '    at observeIntersection (file:///Users/Hassan/.gemini/antigravity/scratch/teotl-landing/node_modules/framer-motion/dist/es/motion/features/viewport/observers.mjs:40:39)\n' +
        '    at InViewFeature.startObserver (file:///Users/Hassan/.gemini/antigravity/scratch/teotl-landing/node_modules/framer-motion/dist/es/motion/features/viewport/index.mjs:52:16)\n' +
        '    at InViewFeature.mount (file:///Users/Hassan/.gemini/antigravity/scratch/teotl-landing/node_modules/framer-motion/dist/es/motion/features/viewport/index.mjs:55:14)\n' +
        '    at HTMLVisualElement.updateFeatures (file:///Users/Hassan/.gemini/antigravity/scratch/teotl-landing/node_modules/framer-motion/dist/es/render/VisualElement.mjs:259:29)\n' +
        '    at file:///Users/Hassan/.gemini/antigravity/scratch/teotl-landing/node_modules/framer-motion/dist/es/motion/utils/use-visual-element.mjs:71:23\n' +
        '    at Object.react_stack_bottom_frame (/Users/Hassan/.gemini/antigravity/scratch/teotl-landing/node_modules/react-dom/cjs/react-dom-client.development.js:25989:20)\n' +
        '    at runWithFiberInDEV (/Users/Hassan/.gemini/antigravity/scratch/teotl-landing/node_modules/react-dom/cjs/react-dom-client.development.js:874:13)\n' +
        '    at commitHookEffectListMount (/Users/Hassan/.gemini/antigravity/scratch/teotl-landing/node_modules/react-dom/cjs/react-dom-client.development.js:13249:29)\n' +
        '    at commitHookLayoutEffects (/Users/Hassan/.gemini/antigravity/scratch/teotl-landing/node_modules/react-dom/cjs/react-dom-client.development.js:13213:11)',
      message: 'IntersectionObserver is not defined',
      constructor: 'Function<ReferenceError>',
      name: 'ReferenceError',
      toString: 'Function<toString>'
    },
    {
      stack: 'ReferenceError: IntersectionObserver is not defined\n' +
        '    at inView (file:///Users/Hassan/.gemini/antigravity/scratch/teotl-landing/node_modules/framer-motion/dist/es/render/dom/viewport/index.mjs:34:22)\n' +
        '    at file:///Users/Hassan/.gemini/antigravity/scratch/teotl-landing/node_modules/framer-motion/dist/es/utils/use-in-view.mjs:19:16\n' +
        '    at Object.react_stack_bottom_frame (/Users/Hassan/.gemini/antigravity/scratch/teotl-landing/node_modules/react-dom/cjs/react-dom-client.development.js:25989:20)\n' +
        '    at runWithFiberInDEV (/Users/Hassan/.gemini/antigravity/scratch/teotl-landing/node_modules/react-dom/cjs/react-dom-client.development.js:874:13)\n' +
        '    at commitHookEffectListMount (/Users/Hassan/.gemini/antigravity/scratch/teotl-landing/node_modules/react-dom/cjs/react-dom-client.development.js:13249:29)\n' +
        '    at commitHookPassiveMountEffects (/Users/Hassan/.gemini/antigravity/scratch/teotl-landing/node_modules/react-dom/cjs/react-dom-client.development.js:13336:11)\n' +
        '    at commitPassiveMountOnFiber (/Users/Hassan/.gemini/antigravity/scratch/teotl-landing/node_modules/react-dom/cjs/react-dom-client.development.js:15484:13)\n' +
        '    at recursivelyTraversePassiveMountEffects (/Users/Hassan/.gemini/antigravity/scratch/teotl-landing/node_modules/react-dom/cjs/react-dom-client.development.js:15439:11)\n' +
        '    at commitPassiveMountOnFiber (/Users/Hassan/.gemini/antigravity/scratch/teotl-landing/node_modules/react-dom/cjs/react-dom-client.development.js:15476:11)\n' +
        '    at recursivelyTraversePassiveMountEffects (/Users/Hassan/.gemini/antigravity/scratch/teotl-landing/node_modules/react-dom/cjs/react-dom-client.development.js:15439:11)',
      message: 'IntersectionObserver is not defined',
      constructor: 'Function<ReferenceError>',
      name: 'ReferenceError',
      toString: 'Function<toString>'
    }
  ],
  message: '',
  constructor: 'Function<AggregateError>',
  name: 'AggregateError',
  toString: 'Function<toString>',
  stacks: [
    {
      method: 'aggregateErrors',
      file: '/Users/Hassan/.gemini/antigravity/scratch/teotl-landing/node_modules/react/cjs/react.development.js',
      line: 551,
      column: 11
    },
    {
      method: 'process.env.NODE_ENV.exports.act',
      file: '/Users/Hassan/.gemini/antigravity/scratch/teotl-landing/node_modules/react/cjs/react.development.js',
      line: 897,
      column: 24
    },
    {
      method: '',
      file: '/Users/Hassan/.gemini/antigravity/scratch/teotl-landing/node_modules/@testing-library/react/dist/act-compat.js',
      line: 47,
      column: 25
    },
    {
      method: 'renderRoot',
      file: '/Users/Hassan/.gemini/antigravity/scratch/teotl-landing/node_modules/@testing-library/react/dist/pure.js',
      line: 190,
      column: 26
    },
    {
      method: 'render',
      file: '/Users/Hassan/.gemini/antigravity/scratch/teotl-landing/node_modules/@testing-library/react/dist/pure.js',
      line: 292,
      column: 10
    },
    {
      method: '',
      file: '/Users/Hassan/.gemini/antigravity/scratch/teotl-landing/src/sections/About.test.jsx',
      line: 61,
      column: 27
    }
  ]
}
 ❯ aggregateErrors node_modules/react/cjs/react.development.js:551:11
 ❯ process.env.NODE_ENV.exports.act node_modules/react/cjs/react.development.js:897:24
 ❯ node_modules/@testing-library/react/dist/act-compat.js:47:25
 ❯ renderRoot node_modules/@testing-library/react/dist/pure.js:190:26
 ❯ render node_modules/@testing-library/react/dist/pure.js:292:10
 ❯ src/sections/About.test.jsx:61:27
     59| 
     60|   it('has no accessibility violations', async () => {
     61|     const { container } = render(<About />);
       |                           ^
     62|     const results = await axe(container);
     63|     expect(results).toHaveNoViolations();

⎯⎯⎯⎯⎯⎯⎯⎯⎯⎯⎯⎯⎯⎯⎯⎯⎯⎯⎯⎯⎯⎯⎯[9/10]⎯

 FAIL  src/sections/About.test.jsx > About Component > applies hover effects to pillar cards
{
  stack: 'AggregateError: \n' +
    '    at aggregateErrors (/Users/Hassan/.gemini/antigravity/scratch/teotl-landing/node_modules/react/cjs/react.development.js:551:11)\n' +
    '    at process.env.NODE_ENV.exports.act (/Users/Hassan/.gemini/antigravity/scratch/teotl-landing/node_modules/react/cjs/react.development.js:897:24)\n' +
    '    at /Users/Hassan/.gemini/antigravity/scratch/teotl-landing/node_modules/@testing-library/react/dist/act-compat.js:47:25\n' +
    '    at renderRoot (/Users/Hassan/.gemini/antigravity/scratch/teotl-landing/node_modules/@testing-library/react/dist/pure.js:190:26)\n' +
    '    at render (/Users/Hassan/.gemini/antigravity/scratch/teotl-landing/node_modules/@testing-library/react/dist/pure.js:292:10)\n' +
    '    at /Users/Hassan/.gemini/antigravity/scratch/teotl-landing/src/sections/About.test.jsx:67:27\n' +
    '    at file:///Users/Hassan/.gemini/antigravity/scratch/teotl-landing/node_modules/@vitest/runner/dist/chunk-hooks.js:155:11\n' +
    '    at file:///Users/Hassan/.gemini/antigravity/scratch/teotl-landing/node_modules/@vitest/runner/dist/chunk-hooks.js:752:26\n' +
    '    at file:///Users/Hassan/.gemini/antigravity/scratch/teotl-landing/node_modules/@vitest/runner/dist/chunk-hooks.js:1897:20\n' +
    '    at new Promise (<anonymous>)',
  errors: [
    {
      stack: 'ReferenceError: IntersectionObserver is not defined\n' +
        '    at initIntersectionObserver (file:///Users/Hassan/.gemini/antigravity/scratch/teotl-landing/node_modules/framer-motion/dist/es/motion/features/viewport/observers.mjs:35:34)\n' +
        '    at observeIntersection (file:///Users/Hassan/.gemini/antigravity/scratch/teotl-landing/node_modules/framer-motion/dist/es/motion/features/viewport/observers.mjs:40:39)\n' +
        '    at InViewFeature.startObserver (file:///Users/Hassan/.gemini/antigravity/scratch/teotl-landing/node_modules/framer-motion/dist/es/motion/features/viewport/index.mjs:52:16)\n' +
        '    at InViewFeature.mount (file:///Users/Hassan/.gemini/antigravity/scratch/teotl-landing/node_modules/framer-motion/dist/es/motion/features/viewport/index.mjs:55:14)\n' +
        '    at HTMLVisualElement.updateFeatures (file:///Users/Hassan/.gemini/antigravity/scratch/teotl-landing/node_modules/framer-motion/dist/es/render/VisualElement.mjs:259:29)\n' +
        '    at file:///Users/Hassan/.gemini/antigravity/scratch/teotl-landing/node_modules/framer-motion/dist/es/motion/utils/use-visual-element.mjs:71:23\n' +
        '    at Object.react_stack_bottom_frame (/Users/Hassan/.gemini/antigravity/scratch/teotl-landing/node_modules/react-dom/cjs/react-dom-client.development.js:25989:20)\n' +
        '    at runWithFiberInDEV (/Users/Hassan/.gemini/antigravity/scratch/teotl-landing/node_modules/react-dom/cjs/react-dom-client.development.js:874:13)\n' +
        '    at commitHookEffectListMount (/Users/Hassan/.gemini/antigravity/scratch/teotl-landing/node_modules/react-dom/cjs/react-dom-client.development.js:13249:29)\n' +
        '    at commitHookLayoutEffects (/Users/Hassan/.gemini/antigravity/scratch/teotl-landing/node_modules/react-dom/cjs/react-dom-client.development.js:13213:11)',
      message: 'IntersectionObserver is not defined',
      constructor: 'Function<ReferenceError>',
      name: 'ReferenceError',
      toString: 'Function<toString>'
    },
    {
      stack: 'ReferenceError: IntersectionObserver is not defined\n' +
        '    at inView (file:///Users/Hassan/.gemini/antigravity/scratch/teotl-landing/node_modules/framer-motion/dist/es/render/dom/viewport/index.mjs:34:22)\n' +
        '    at file:///Users/Hassan/.gemini/antigravity/scratch/teotl-landing/node_modules/framer-motion/dist/es/utils/use-in-view.mjs:19:16\n' +
        '    at Object.react_stack_bottom_frame (/Users/Hassan/.gemini/antigravity/scratch/teotl-landing/node_modules/react-dom/cjs/react-dom-client.development.js:25989:20)\n' +
        '    at runWithFiberInDEV (/Users/Hassan/.gemini/antigravity/scratch/teotl-landing/node_modules/react-dom/cjs/react-dom-client.development.js:874:13)\n' +
        '    at commitHookEffectListMount (/Users/Hassan/.gemini/antigravity/scratch/teotl-landing/node_modules/react-dom/cjs/react-dom-client.development.js:13249:29)\n' +
        '    at commitHookPassiveMountEffects (/Users/Hassan/.gemini/antigravity/scratch/teotl-landing/node_modules/react-dom/cjs/react-dom-client.development.js:13336:11)\n' +
        '    at commitPassiveMountOnFiber (/Users/Hassan/.gemini/antigravity/scratch/teotl-landing/node_modules/react-dom/cjs/react-dom-client.development.js:15484:13)\n' +
        '    at recursivelyTraversePassiveMountEffects (/Users/Hassan/.gemini/antigravity/scratch/teotl-landing/node_modules/react-dom/cjs/react-dom-client.development.js:15439:11)\n' +
        '    at commitPassiveMountOnFiber (/Users/Hassan/.gemini/antigravity/scratch/teotl-landing/node_modules/react-dom/cjs/react-dom-client.development.js:15476:11)\n' +
        '    at recursivelyTraversePassiveMountEffects (/Users/Hassan/.gemini/antigravity/scratch/teotl-landing/node_modules/react-dom/cjs/react-dom-client.development.js:15439:11)',
      message: 'IntersectionObserver is not defined',
      constructor: 'Function<ReferenceError>',
      name: 'ReferenceError',
      toString: 'Function<toString>'
    }
  ],
  message: '',
  constructor: 'Function<AggregateError>',
  name: 'AggregateError',
  toString: 'Function<toString>',
  stacks: [
    {
      method: 'aggregateErrors',
      file: '/Users/Hassan/.gemini/antigravity/scratch/teotl-landing/node_modules/react/cjs/react.development.js',
      line: 551,
      column: 11
    },
    {
      method: 'process.env.NODE_ENV.exports.act',
      file: '/Users/Hassan/.gemini/antigravity/scratch/teotl-landing/node_modules/react/cjs/react.development.js',
      line: 897,
      column: 24
    },
    {
      method: '',
      file: '/Users/Hassan/.gemini/antigravity/scratch/teotl-landing/node_modules/@testing-library/react/dist/act-compat.js',
      line: 47,
      column: 25
    },
    {
      method: 'renderRoot',
      file: '/Users/Hassan/.gemini/antigravity/scratch/teotl-landing/node_modules/@testing-library/react/dist/pure.js',
      line: 190,
      column: 26
    },
    {
      method: 'render',
      file: '/Users/Hassan/.gemini/antigravity/scratch/teotl-landing/node_modules/@testing-library/react/dist/pure.js',
      line: 292,
      column: 10
    },
    {
      method: '',
      file: '/Users/Hassan/.gemini/antigravity/scratch/teotl-landing/src/sections/About.test.jsx',
      line: 67,
      column: 27
    }
  ]
}
 ❯ aggregateErrors node_modules/react/cjs/react.development.js:551:11
 ❯ process.env.NODE_ENV.exports.act node_modules/react/cjs/react.development.js:897:24
 ❯ node_modules/@testing-library/react/dist/act-compat.js:47:25
 ❯ renderRoot node_modules/@testing-library/react/dist/pure.js:190:26
 ❯ render node_modules/@testing-library/react/dist/pure.js:292:10
 ❯ src/sections/About.test.jsx:67:27
     65| 
     66|   it('applies hover effects to pillar cards', () => {
     67|     const { container } = render(<About />);
       |                           ^
     68|     const cards = container.querySelectorAll('.group');
     69|     expect(cards.length).toBe(3);

⎯⎯⎯⎯⎯⎯⎯⎯⎯⎯⎯⎯⎯⎯⎯⎯⎯⎯⎯⎯⎯⎯[10/10]⎯


 Test Files  4 failed (4)
      Tests  19 failed | 16 passed (35)
   Start at  12:31:50
   Duration  1.48s

 FAIL  Tests failed. Watching for file changes...
       press h to show help, press q to quit
c[3J RERUN  src/sections/Process.test.jsx x1 

 ❯ src/sections/Services.test.jsx (8 tests | 1 failed) 1446ms
   × Services Component > renders the section heading 357ms
     → Found multiple elements with the text: /Experiencias/i

Here are the matching elements:

Ignored nodes: comments, script, style
[36m<h3[39m
  [33mclass[39m=[32m"text-4xl md:text-6xl font-serif italic text-[var(--color-text)]"[39m
[36m>[39m
  [0mExperiencias [0m
  [36m<br />[39m
  [36m<span[39m
    [33mclass[39m=[32m"text-transparent bg-clip-text bg-gradient-to-r from-primary to-secondary"[39m
  [36m>[39m
    [0mDigitales.[0m
  [36m</span>[39m
[36m</h3>[39m

Ignored nodes: comments, script, style
[36m<p[39m
  [33mclass[39m=[32m"text-lg text-[var(--color-text-muted)] mb-8 leading-relaxed"[39m
[36m>[39m
  [0mExperiencias nativas y multiplataforma para iOS y Android.[0m
[36m</p>[39m

(If this is intentional, then use the `*AllBy*` variant of the query (like `queryAllByText`, `getAllByText`, or `findAllByText`)).

Ignored nodes: comments, script, style
[36m<body>[39m
  [36m<div>[39m
    [36m<section[39m
      [33mclass[39m=[32m"relative h-[300vh] bg-background"[39m
      [33mid[39m=[32m"services"[39m
    [36m>[39m
      [36m<div[39m
        [33mclass[39m=[32m"sticky top-0 flex h-screen items-center overflow-hidden"[39m
      [36m>[39m
        [36m<div[39m
          [33mclass[39m=[32m"flex gap-20 px-20"[39m
          [33mstyle[39m=[32m"transform: translateX(1%);"[39m
        [36m>[39m
          [36m<div[39m
            [33mclass[39m=[32m"container mx-auto px-6 mb-16 flex justify-between items-end min-w-[40vw]"[39m
          [36m>[39m
            [36m<div>[39m
              [36m<h2[39m
                [33mclass[39m=[32m"text-sm uppercase tracking-[0.3em] text-[var(--color-text-muted)] mb-4"[39m
              [36m>[39m
                [0mNuestros Servicios[0m
              [36m</h2>[39m
              [36m<h3[39m
                [33mclass[39m=[32m"text-4xl md:text-6xl font-serif italic text-[var(--color-text)]"[39m
              [36m>[39m
                [0mExperiencias [0m
                [36m<br />[39m
                [36m<span[39m
                  [33mclass[39m=[32m"text-transparent bg-clip-text bg-gradient-to-r from-primary to-secondary"[39m
                [36m>[39m
                  [0mDigitales.[0m
                [36m</span>[39m
              [36m</h3>[39m
            [36m</div>[39m
            [36m<div[39m
              [33mclass[39m=[32m"hidden md:block w-32 h-32 opacity-60 mix-blend-screen"[39m
            [36m>[39m
              [36m<img[39m
                [33malt[39m=[32m"Services 3D Object"[39m
                [33mclass[39m=[32m"w-full h-full object-contain dark:filter-none filter invert dark:invert-0 transition-all duration-500"[39m
                [33msrc[39m=[32m"/src/assets/services-obj.png"[39m
              [36m/>[39m
            [36m</div>[39m
          [36m</div>[39m
          [36m<div[39m
            [33mclass[39m=[32m"group relative h-[60vh] w-[35vw] min-w-[400px] bg-[var(--color-text)]/5 border border-[var(--color-text)]/10 p-10 flex flex-col justify-between hover:bg-[var(--color-text)]/10 transition-colors duration-500"[39m
          [36m>[39m
            [36m<div[39m
              [33mclass[39m=[32m"flex justify-between items-start"[39m
            [36m>[39m
              [36m<span[39m
                [33mclass[39m=[32m"text-6xl font-serif text-[var(--color-text)]/20 group-hover:text-primary/50 transition-colors duration-500"[39m
              [36m>[39m
                [0m1[0m
              [36m</span>[39m
              [36m<svg[39m
                [33maria-hidden[39m=[32m"true"[39m
                [33mclass[39m=[32m"lucide lucide-arrow-up-right text-[var(--color-text)] opacity-0 group-hover:opacity-100 transition-opacity duration-500"[39m
                [33mfill[39m=[32m"none"[39m
                [33mheight[39m=[32m"32"[39m
                [33mstroke[39m=[32m"currentColor"[39m
                [33mstroke-linecap[39m=[32m"round"[39m
                [33mstroke-linejoin[39m=[32m"round"[39m
                [33mstroke-width[39m=[32m"2"[39m
                [33mviewBox[39m=[32m"0 0 24 24"[39m
                [33mwidth[39m=[32m"32"[39m
                [33mxmlns[39m=[32m"http://www.w3.org/2000/svg"[39m
              [36m>[39m
                [36m<path[39m
                  [33md[39m=[32m"M7 7h10v10"[39m
                [36m/>[39m
                [36m<path[39m
                  [33md[39m=[32m"M7 17 17 7"[39m
                [36m/>[39m
              [36m</svg>[39m
            [36m</div>[39m
            [36m<div>[39m
              [36m<h3[39m
                [33mclass[39m=[32m"text-4xl font-bold text-[var(--color-text)] mb-6 group-hover:text-primary transition-colors duration-500"[39m
              [36m>[39m
                [0mDesarrollo Web[0m
              [36m</h3>[39m
              [36m<p[39m
                [33mclass[39m=[32m"text-lg text-[var(--color-text-muted)] mb-8 leading-relaxed"[39m
              [36m>[39m
                [0mAplicaciones web progresivas y sitios corporativos de alto impacto.[0m
              [36m</p>[39m
              [36m<div[39m
                [33mclass[39m=[32m"flex flex-wrap gap-3"[39m
              [36m>[39m
                [36m<span[39m
                  [33mclass[39m=[32m"text-xs uppercase tracking-wider px-4 py-2 border border-[var(--color-text)]/20 rounded-full text-[var(--color-text-muted)]"[39m
                [36m>[39m
                  [0mReact[0m
                [36m</span>[39m
                [36m<span[39m
                  [33mclass[39m=[32m"text-xs uppercase tracking-wider px-4 py-2 border border-[var(--color-text)]/20 rounded-full text-[var(--color-text-muted)]"[39m
                [36m>[39m
                  [0mNext.js[0m
                [36m</span>[39m
                [36m<span[39m
                  [33mclass[39m=[32m"text-xs uppercase tracking-wider px-4 py-2 border border-[var(--color-text)]/20 rounded-full text-[var(--color-text-muted)]"[39m
                [36m>[39m
                  [0mNode.js[0m
                [36m</span>[39m
              [36m</div>[39m
            [36m</div>[39m
          [36m</div>[39m
          [36m<div[39m
            [33mclass[39m=[32m"group relative h-[60vh] w-[35vw] min-w-[400px] bg-[var(--color-text)]/5 border border-[var(--color-text)]/10 p-10 flex flex-col justify-between hover:bg-[var(--color-text)]/10 transition-colors duration-500"[39m
          [36m>[39m
            [36m<div[39m
              [33mclass[39m=[32m"flex justify-between items-start"[39m
            [36m>[39m
              [36m<span[39m
                [33mclass[39m=[32m"text-6xl font-serif text-[var(--color-text)]/20 group-hover:text-primary/50 transition-colors duration-500"[39m
              [36m>[39m
                [0m2[0m
              [36m</span>[39m
              [36m<svg[39m
                [33maria-hidden[39m=[32m"true"[39m
                [33mclass[39m=[32m"lucide lucide-arrow-up-right text-[var(--color-text)] opacity-0 group-hover:opacity-100 transition-opacity duration-500"[39m
                [33mfill[39m=[32m"none"[39m
                [33mheight[39m=[32m"32"[39m
                [33mstroke[39m=[32m"currentColor"[39m
                [33mstroke-linecap[39m=[32m"round"[39m
                [33mstroke-linejoin[39m=[32m"round"[39m
                [33mstroke-width[39m=[32m"2"[39m
                [33mviewBox[39m=[32m"0 0 24 24"[39m
                [33mwidth[39m=[32m"32"[39m
                [33mxmlns[39m=[32m"http://www.w3.org/2000/svg"[39m
              [36m>[39m
                [36m<path[39m
                  [33md[39m=[32m"M7 7h10v10"[39m
                [36m/>[39m
                [...
   ✓ Services Component > renders all services from data 59ms
   ✓ Services Component > displays service IDs correctly 34ms
   ✓ Services Component > renders tech stack tags for each service 95ms
   ✓ Services Component > has the 3D services image 10ms
   ✓ Services Component > applies correct hover states 8ms
   ✓ Services Component > has no accessibility violations  864ms
   ✓ Services Component > uses horizontal scroll animation 7ms
 ❯ src/sections/Projects.test.jsx (7 tests | 7 failed) 413ms
   × Projects Component > renders the section heading 158ms
     → 
   × Projects Component > renders all projects from data 194ms
     → 
   × Projects Component > displays project images correctly 9ms
     → 
   × Projects Component > applies correct grid layout classes based on project size 33ms
     → 
   × Projects Component > has hover effects on project cards 6ms
     → 
   × Projects Component > has no accessibility violations 3ms
     → 
   × Projects Component > renders visual decoration (primary line) 8ms
     → 
 ❯ src/sections/Contact.test.jsx (10 tests | 1 failed) 2909ms
   ✓ Contact Component > renders the heading 214ms
   ✓ Contact Component > displays the email link 54ms
   ✓ Contact Component > renders all form fields with proper labels 64ms
   ✓ Contact Component > allows typing in form fields  1356ms
   ✓ Contact Component > has a submit button 22ms
   ✓ Contact Component > displays social media links 26ms
   ✓ Contact Component > displays location information 200ms
   ✓ Contact Component > has proper input types 10ms
   × Contact Component > has no accessibility violations 946ms
     → expect(received).toHaveNoViolations(expected)

Expected the HTML found at $('div:nth-child(1) > h4') to have no violations:

<h4 class="text-[var(--color-text-muted)] uppercase tracking-widest text-sm mb-4">Social</h4>

Received:

"Heading levels should only increase by one (heading-order)"

Fix any of the following:
  Heading order invalid

You can find more information on this issue here: 
https://dequeuniversity.com/rules/axe/4.10/heading-order?application=axeAPI
   ✓ Contact Component > displays copyright information 14ms
 ❯ src/sections/About.test.jsx (10 tests | 10 failed) 229ms
   × About Component > renders the section heading 85ms
     → 
   × About Component > displays the philosophy text 9ms
     → 
   × About Component > renders all three pillars 4ms
     → 
   × About Component > displays pillar descriptions 44ms
     → 
   × About Component > has numbered pillars (01, 02, 03) 63ms
     → 
   × About Component > has the 3D philosophy image 2ms
     → 
   × About Component > applies light mode filter to image 9ms
     → 
   × About Component > has proper grid layout 3ms
     → 
   × About Component > has no accessibility violations 3ms
     → 
   × About Component > applies hover effects to pillar cards 5ms
     → 
 ❯ src/sections/Process.test.jsx (9 tests | 9 failed) 234ms
   × Process Component > renders the section heading 98ms
     → IntersectionObserver is not defined
   × Process Component > renders all four process steps 7ms
     → IntersectionObserver is not defined
   × Process Component > displays step descriptions 13ms
     → IntersectionObserver is not defined
   × Process Component > has numbered steps (01-04) 3ms
     → IntersectionObserver is not defined
   × Process Component > has proper z-index for background numbers 5ms
     → IntersectionObserver is not defined
   × Process Component > applies backdrop blur to prevent overlaps 2ms
     → IntersectionObserver is not defined
   × Process Component > has alternating layout for visual interest 2ms
     → IntersectionObserver is not defined
   × Process Component > has no accessibility violations 94ms
     → IntersectionObserver is not defined
   × Process Component > applies hover effects 9ms
     → IntersectionObserver is not defined

⎯⎯⎯⎯⎯⎯⎯ Failed Tests 9 ⎯⎯⎯⎯⎯⎯⎯

 FAIL  src/sections/Process.test.jsx > Process Component > renders the section heading
 FAIL  src/sections/Process.test.jsx > Process Component > renders all four process steps
 FAIL  src/sections/Process.test.jsx > Process Component > displays step descriptions
 FAIL  src/sections/Process.test.jsx > Process Component > has numbered steps (01-04)
 FAIL  src/sections/Process.test.jsx > Process Component > has proper z-index for background numbers
 FAIL  src/sections/Process.test.jsx > Process Component > applies backdrop blur to prevent overlaps
 FAIL  src/sections/Process.test.jsx > Process Component > has alternating layout for visual interest
 FAIL  src/sections/Process.test.jsx > Process Component > has no accessibility violations
 FAIL  src/sections/Process.test.jsx > Process Component > applies hover effects
ReferenceError: IntersectionObserver is not defined
 ❯ inView node_modules/framer-motion/dist/es/render/dom/viewport/index.mjs:34:22
 ❯ node_modules/framer-motion/dist/es/utils/use-in-view.mjs:19:16
 ❯ Object.react_stack_bottom_frame node_modules/react-dom/cjs/react-dom-client.development.js:25989:20
 ❯ runWithFiberInDEV node_modules/react-dom/cjs/react-dom-client.development.js:874:13
 ❯ commitHookEffectListMount node_modules/react-dom/cjs/react-dom-client.development.js:13249:29
 ❯ commitHookPassiveMountEffects node_modules/react-dom/cjs/react-dom-client.development.js:13336:11
 ❯ commitPassiveMountOnFiber node_modules/react-dom/cjs/react-dom-client.development.js:15484:13
 ❯ recursivelyTraversePassiveMountEffects node_modules/react-dom/cjs/react-dom-client.development.js:15439:11
 ❯ commitPassiveMountOnFiber node_modules/react-dom/cjs/react-dom-client.development.js:15476:11
 ❯ recursivelyTraversePassiveMountEffects node_modules/react-dom/cjs/react-dom-client.development.js:15439:11

⎯⎯⎯⎯⎯⎯⎯⎯⎯⎯⎯⎯⎯⎯⎯⎯⎯⎯⎯⎯⎯⎯⎯⎯[1/9]⎯


 Test Files  5 failed (5)
      Tests  28 failed | 16 passed (44)
   Start at  12:31:59
   Duration  1.50s

 FAIL  Tests failed. Watching for file changes...
       press h to show help, press q to quit
c[3J RERUN  src/sections/Testimonials.test.jsx x1 

 ❯ src/sections/Services.test.jsx (8 tests | 1 failed) 1446ms
   × Services Component > renders the section heading 357ms
     → Found multiple elements with the text: /Experiencias/i

Here are the matching elements:

Ignored nodes: comments, script, style
[36m<h3[39m
  [33mclass[39m=[32m"text-4xl md:text-6xl font-serif italic text-[var(--color-text)]"[39m
[36m>[39m
  [0mExperiencias [0m
  [36m<br />[39m
  [36m<span[39m
    [33mclass[39m=[32m"text-transparent bg-clip-text bg-gradient-to-r from-primary to-secondary"[39m
  [36m>[39m
    [0mDigitales.[0m
  [36m</span>[39m
[36m</h3>[39m

Ignored nodes: comments, script, style
[36m<p[39m
  [33mclass[39m=[32m"text-lg text-[var(--color-text-muted)] mb-8 leading-relaxed"[39m
[36m>[39m
  [0mExperiencias nativas y multiplataforma para iOS y Android.[0m
[36m</p>[39m

(If this is intentional, then use the `*AllBy*` variant of the query (like `queryAllByText`, `getAllByText`, or `findAllByText`)).

Ignored nodes: comments, script, style
[36m<body>[39m
  [36m<div>[39m
    [36m<section[39m
      [33mclass[39m=[32m"relative h-[300vh] bg-background"[39m
      [33mid[39m=[32m"services"[39m
    [36m>[39m
      [36m<div[39m
        [33mclass[39m=[32m"sticky top-0 flex h-screen items-center overflow-hidden"[39m
      [36m>[39m
        [36m<div[39m
          [33mclass[39m=[32m"flex gap-20 px-20"[39m
          [33mstyle[39m=[32m"transform: translateX(1%);"[39m
        [36m>[39m
          [36m<div[39m
            [33mclass[39m=[32m"container mx-auto px-6 mb-16 flex justify-between items-end min-w-[40vw]"[39m
          [36m>[39m
            [36m<div>[39m
              [36m<h2[39m
                [33mclass[39m=[32m"text-sm uppercase tracking-[0.3em] text-[var(--color-text-muted)] mb-4"[39m
              [36m>[39m
                [0mNuestros Servicios[0m
              [36m</h2>[39m
              [36m<h3[39m
                [33mclass[39m=[32m"text-4xl md:text-6xl font-serif italic text-[var(--color-text)]"[39m
              [36m>[39m
                [0mExperiencias [0m
                [36m<br />[39m
                [36m<span[39m
                  [33mclass[39m=[32m"text-transparent bg-clip-text bg-gradient-to-r from-primary to-secondary"[39m
                [36m>[39m
                  [0mDigitales.[0m
                [36m</span>[39m
              [36m</h3>[39m
            [36m</div>[39m
            [36m<div[39m
              [33mclass[39m=[32m"hidden md:block w-32 h-32 opacity-60 mix-blend-screen"[39m
            [36m>[39m
              [36m<img[39m
                [33malt[39m=[32m"Services 3D Object"[39m
                [33mclass[39m=[32m"w-full h-full object-contain dark:filter-none filter invert dark:invert-0 transition-all duration-500"[39m
                [33msrc[39m=[32m"/src/assets/services-obj.png"[39m
              [36m/>[39m
            [36m</div>[39m
          [36m</div>[39m
          [36m<div[39m
            [33mclass[39m=[32m"group relative h-[60vh] w-[35vw] min-w-[400px] bg-[var(--color-text)]/5 border border-[var(--color-text)]/10 p-10 flex flex-col justify-between hover:bg-[var(--color-text)]/10 transition-colors duration-500"[39m
          [36m>[39m
            [36m<div[39m
              [33mclass[39m=[32m"flex justify-between items-start"[39m
            [36m>[39m
              [36m<span[39m
                [33mclass[39m=[32m"text-6xl font-serif text-[var(--color-text)]/20 group-hover:text-primary/50 transition-colors duration-500"[39m
              [36m>[39m
                [0m1[0m
              [36m</span>[39m
              [36m<svg[39m
                [33maria-hidden[39m=[32m"true"[39m
                [33mclass[39m=[32m"lucide lucide-arrow-up-right text-[var(--color-text)] opacity-0 group-hover:opacity-100 transition-opacity duration-500"[39m
                [33mfill[39m=[32m"none"[39m
                [33mheight[39m=[32m"32"[39m
                [33mstroke[39m=[32m"currentColor"[39m
                [33mstroke-linecap[39m=[32m"round"[39m
                [33mstroke-linejoin[39m=[32m"round"[39m
                [33mstroke-width[39m=[32m"2"[39m
                [33mviewBox[39m=[32m"0 0 24 24"[39m
                [33mwidth[39m=[32m"32"[39m
                [33mxmlns[39m=[32m"http://www.w3.org/2000/svg"[39m
              [36m>[39m
                [36m<path[39m
                  [33md[39m=[32m"M7 7h10v10"[39m
                [36m/>[39m
                [36m<path[39m
                  [33md[39m=[32m"M7 17 17 7"[39m
                [36m/>[39m
              [36m</svg>[39m
            [36m</div>[39m
            [36m<div>[39m
              [36m<h3[39m
                [33mclass[39m=[32m"text-4xl font-bold text-[var(--color-text)] mb-6 group-hover:text-primary transition-colors duration-500"[39m
              [36m>[39m
                [0mDesarrollo Web[0m
              [36m</h3>[39m
              [36m<p[39m
                [33mclass[39m=[32m"text-lg text-[var(--color-text-muted)] mb-8 leading-relaxed"[39m
              [36m>[39m
                [0mAplicaciones web progresivas y sitios corporativos de alto impacto.[0m
              [36m</p>[39m
              [36m<div[39m
                [33mclass[39m=[32m"flex flex-wrap gap-3"[39m
              [36m>[39m
                [36m<span[39m
                  [33mclass[39m=[32m"text-xs uppercase tracking-wider px-4 py-2 border border-[var(--color-text)]/20 rounded-full text-[var(--color-text-muted)]"[39m
                [36m>[39m
                  [0mReact[0m
                [36m</span>[39m
                [36m<span[39m
                  [33mclass[39m=[32m"text-xs uppercase tracking-wider px-4 py-2 border border-[var(--color-text)]/20 rounded-full text-[var(--color-text-muted)]"[39m
                [36m>[39m
                  [0mNext.js[0m
                [36m</span>[39m
                [36m<span[39m
                  [33mclass[39m=[32m"text-xs uppercase tracking-wider px-4 py-2 border border-[var(--color-text)]/20 rounded-full text-[var(--color-text-muted)]"[39m
                [36m>[39m
                  [0mNode.js[0m
                [36m</span>[39m
              [36m</div>[39m
            [36m</div>[39m
          [36m</div>[39m
          [36m<div[39m
            [33mclass[39m=[32m"group relative h-[60vh] w-[35vw] min-w-[400px] bg-[var(--color-text)]/5 border border-[var(--color-text)]/10 p-10 flex flex-col justify-between hover:bg-[var(--color-text)]/10 transition-colors duration-500"[39m
          [36m>[39m
            [36m<div[39m
              [33mclass[39m=[32m"flex justify-between items-start"[39m
            [36m>[39m
              [36m<span[39m
                [33mclass[39m=[32m"text-6xl font-serif text-[var(--color-text)]/20 group-hover:text-primary/50 transition-colors duration-500"[39m
              [36m>[39m
                [0m2[0m
              [36m</span>[39m
              [36m<svg[39m
                [33maria-hidden[39m=[32m"true"[39m
                [33mclass[39m=[32m"lucide lucide-arrow-up-right text-[var(--color-text)] opacity-0 group-hover:opacity-100 transition-opacity duration-500"[39m
                [33mfill[39m=[32m"none"[39m
                [33mheight[39m=[32m"32"[39m
                [33mstroke[39m=[32m"currentColor"[39m
                [33mstroke-linecap[39m=[32m"round"[39m
                [33mstroke-linejoin[39m=[32m"round"[39m
                [33mstroke-width[39m=[32m"2"[39m
                [33mviewBox[39m=[32m"0 0 24 24"[39m
                [33mwidth[39m=[32m"32"[39m
                [33mxmlns[39m=[32m"http://www.w3.org/2000/svg"[39m
              [36m>[39m
                [36m<path[39m
                  [33md[39m=[32m"M7 7h10v10"[39m
                [36m/>[39m
                [...
   ✓ Services Component > renders all services from data 59ms
   ✓ Services Component > displays service IDs correctly 34ms
   ✓ Services Component > renders tech stack tags for each service 95ms
   ✓ Services Component > has the 3D services image 10ms
   ✓ Services Component > applies correct hover states 8ms
   ✓ Services Component > has no accessibility violations  864ms
   ✓ Services Component > uses horizontal scroll animation 7ms
 ❯ src/sections/Projects.test.jsx (7 tests | 7 failed) 413ms
   × Projects Component > renders the section heading 158ms
     → 
   × Projects Component > renders all projects from data 194ms
     → 
   × Projects Component > displays project images correctly 9ms
     → 
   × Projects Component > applies correct grid layout classes based on project size 33ms
     → 
   × Projects Component > has hover effects on project cards 6ms
     → 
   × Projects Component > has no accessibility violations 3ms
     → 
   × Projects Component > renders visual decoration (primary line) 8ms
     → 
 ❯ src/sections/Contact.test.jsx (10 tests | 1 failed) 2909ms
   ✓ Contact Component > renders the heading 214ms
   ✓ Contact Component > displays the email link 54ms
   ✓ Contact Component > renders all form fields with proper labels 64ms
   ✓ Contact Component > allows typing in form fields  1356ms
   ✓ Contact Component > has a submit button 22ms
   ✓ Contact Component > displays social media links 26ms
   ✓ Contact Component > displays location information 200ms
   ✓ Contact Component > has proper input types 10ms
   × Contact Component > has no accessibility violations 946ms
     → expect(received).toHaveNoViolations(expected)

Expected the HTML found at $('div:nth-child(1) > h4') to have no violations:

<h4 class="text-[var(--color-text-muted)] uppercase tracking-widest text-sm mb-4">Social</h4>

Received:

"Heading levels should only increase by one (heading-order)"

Fix any of the following:
  Heading order invalid

You can find more information on this issue here: 
https://dequeuniversity.com/rules/axe/4.10/heading-order?application=axeAPI
   ✓ Contact Component > displays copyright information 14ms
 ❯ src/sections/About.test.jsx (10 tests | 10 failed) 229ms
   × About Component > renders the section heading 85ms
     → 
   × About Component > displays the philosophy text 9ms
     → 
   × About Component > renders all three pillars 4ms
     → 
   × About Component > displays pillar descriptions 44ms
     → 
   × About Component > has numbered pillars (01, 02, 03) 63ms
     → 
   × About Component > has the 3D philosophy image 2ms
     → 
   × About Component > applies light mode filter to image 9ms
     → 
   × About Component > has proper grid layout 3ms
     → 
   × About Component > has no accessibility violations 3ms
     → 
   × About Component > applies hover effects to pillar cards 5ms
     → 
 ❯ src/sections/Process.test.jsx (9 tests | 9 failed) 234ms
   × Process Component > renders the section heading 98ms
     → IntersectionObserver is not defined
   × Process Component > renders all four process steps 7ms
     → IntersectionObserver is not defined
   × Process Component > displays step descriptions 13ms
     → IntersectionObserver is not defined
   × Process Component > has numbered steps (01-04) 3ms
     → IntersectionObserver is not defined
   × Process Component > has proper z-index for background numbers 5ms
     → IntersectionObserver is not defined
   × Process Component > applies backdrop blur to prevent overlaps 2ms
     → IntersectionObserver is not defined
   × Process Component > has alternating layout for visual interest 2ms
     → IntersectionObserver is not defined
   × Process Component > has no accessibility violations 94ms
     → IntersectionObserver is not defined
   × Process Component > applies hover effects 9ms
     → IntersectionObserver is not defined
 ❯ src/sections/Testimonials.test.jsx (9 tests | 9 failed) 529ms
   × Testimonials Component > renders the section heading 53ms
     → IntersectionObserver is not defined
   × Testimonials Component > renders all testimonials from data 74ms
     → IntersectionObserver is not defined
   × Testimonials Component > displays testimonial quotes correctly 81ms
     → IntersectionObserver is not defined
   × Testimonials Component > displays client logos section 255ms
     → IntersectionObserver is not defined
   × Testimonials Component > renders all client logos 18ms
     → IntersectionObserver is not defined
   × Testimonials Component > applies proper grid layout 8ms
     → IntersectionObserver is not defined
   × Testimonials Component > has border decoration on testimonial cards 34ms
     → IntersectionObserver is not defined
   × Testimonials Component > has hover effects on client logos 2ms
     → IntersectionObserver is not defined
   × Testimonials Component > has no accessibility violations 4ms
     → IntersectionObserver is not defined

⎯⎯⎯⎯⎯⎯⎯ Failed Tests 9 ⎯⎯⎯⎯⎯⎯⎯

 FAIL  src/sections/Testimonials.test.jsx > Testimonials Component > renders the section heading
 FAIL  src/sections/Testimonials.test.jsx > Testimonials Component > renders all testimonials from data
 FAIL  src/sections/Testimonials.test.jsx > Testimonials Component > displays testimonial quotes correctly
 FAIL  src/sections/Testimonials.test.jsx > Testimonials Component > displays client logos section
 FAIL  src/sections/Testimonials.test.jsx > Testimonials Component > renders all client logos
 FAIL  src/sections/Testimonials.test.jsx > Testimonials Component > applies proper grid layout
 FAIL  src/sections/Testimonials.test.jsx > Testimonials Component > has border decoration on testimonial cards
 FAIL  src/sections/Testimonials.test.jsx > Testimonials Component > has hover effects on client logos
 FAIL  src/sections/Testimonials.test.jsx > Testimonials Component > has no accessibility violations
ReferenceError: IntersectionObserver is not defined
 ❯ inView node_modules/framer-motion/dist/es/render/dom/viewport/index.mjs:34:22
 ❯ node_modules/framer-motion/dist/es/utils/use-in-view.mjs:19:16
 ❯ Object.react_stack_bottom_frame node_modules/react-dom/cjs/react-dom-client.development.js:25989:20
 ❯ runWithFiberInDEV node_modules/react-dom/cjs/react-dom-client.development.js:874:13
 ❯ commitHookEffectListMount node_modules/react-dom/cjs/react-dom-client.development.js:13249:29
 ❯ commitHookPassiveMountEffects node_modules/react-dom/cjs/react-dom-client.development.js:13336:11
 ❯ commitPassiveMountOnFiber node_modules/react-dom/cjs/react-dom-client.development.js:15484:13
 ❯ recursivelyTraversePassiveMountEffects node_modules/react-dom/cjs/react-dom-client.development.js:15439:11
 ❯ commitPassiveMountOnFiber node_modules/react-dom/cjs/react-dom-client.development.js:15476:11
 ❯ recursivelyTraversePassiveMountEffects node_modules/react-dom/cjs/react-dom-client.development.js:15439:11

⎯⎯⎯⎯⎯⎯⎯⎯⎯⎯⎯⎯⎯⎯⎯⎯⎯⎯⎯⎯⎯⎯⎯⎯[1/9]⎯


 Test Files  6 failed (6)
      Tests  37 failed | 16 passed (53)
   Start at  12:32:08
   Duration  1.69s

 FAIL  Tests failed. Watching for file changes...
       press h to show help, press q to quit
c[3J RERUN  src/components/Footer.test.jsx x1 

 ❯ src/sections/Services.test.jsx (8 tests | 1 failed) 1446ms
   × Services Component > renders the section heading 357ms
     → Found multiple elements with the text: /Experiencias/i

Here are the matching elements:

Ignored nodes: comments, script, style
[36m<h3[39m
  [33mclass[39m=[32m"text-4xl md:text-6xl font-serif italic text-[var(--color-text)]"[39m
[36m>[39m
  [0mExperiencias [0m
  [36m<br />[39m
  [36m<span[39m
    [33mclass[39m=[32m"text-transparent bg-clip-text bg-gradient-to-r from-primary to-secondary"[39m
  [36m>[39m
    [0mDigitales.[0m
  [36m</span>[39m
[36m</h3>[39m

Ignored nodes: comments, script, style
[36m<p[39m
  [33mclass[39m=[32m"text-lg text-[var(--color-text-muted)] mb-8 leading-relaxed"[39m
[36m>[39m
  [0mExperiencias nativas y multiplataforma para iOS y Android.[0m
[36m</p>[39m

(If this is intentional, then use the `*AllBy*` variant of the query (like `queryAllByText`, `getAllByText`, or `findAllByText`)).

Ignored nodes: comments, script, style
[36m<body>[39m
  [36m<div>[39m
    [36m<section[39m
      [33mclass[39m=[32m"relative h-[300vh] bg-background"[39m
      [33mid[39m=[32m"services"[39m
    [36m>[39m
      [36m<div[39m
        [33mclass[39m=[32m"sticky top-0 flex h-screen items-center overflow-hidden"[39m
      [36m>[39m
        [36m<div[39m
          [33mclass[39m=[32m"flex gap-20 px-20"[39m
          [33mstyle[39m=[32m"transform: translateX(1%);"[39m
        [36m>[39m
          [36m<div[39m
            [33mclass[39m=[32m"container mx-auto px-6 mb-16 flex justify-between items-end min-w-[40vw]"[39m
          [36m>[39m
            [36m<div>[39m
              [36m<h2[39m
                [33mclass[39m=[32m"text-sm uppercase tracking-[0.3em] text-[var(--color-text-muted)] mb-4"[39m
              [36m>[39m
                [0mNuestros Servicios[0m
              [36m</h2>[39m
              [36m<h3[39m
                [33mclass[39m=[32m"text-4xl md:text-6xl font-serif italic text-[var(--color-text)]"[39m
              [36m>[39m
                [0mExperiencias [0m
                [36m<br />[39m
                [36m<span[39m
                  [33mclass[39m=[32m"text-transparent bg-clip-text bg-gradient-to-r from-primary to-secondary"[39m
                [36m>[39m
                  [0mDigitales.[0m
                [36m</span>[39m
              [36m</h3>[39m
            [36m</div>[39m
            [36m<div[39m
              [33mclass[39m=[32m"hidden md:block w-32 h-32 opacity-60 mix-blend-screen"[39m
            [36m>[39m
              [36m<img[39m
                [33malt[39m=[32m"Services 3D Object"[39m
                [33mclass[39m=[32m"w-full h-full object-contain dark:filter-none filter invert dark:invert-0 transition-all duration-500"[39m
                [33msrc[39m=[32m"/src/assets/services-obj.png"[39m
              [36m/>[39m
            [36m</div>[39m
          [36m</div>[39m
          [36m<div[39m
            [33mclass[39m=[32m"group relative h-[60vh] w-[35vw] min-w-[400px] bg-[var(--color-text)]/5 border border-[var(--color-text)]/10 p-10 flex flex-col justify-between hover:bg-[var(--color-text)]/10 transition-colors duration-500"[39m
          [36m>[39m
            [36m<div[39m
              [33mclass[39m=[32m"flex justify-between items-start"[39m
            [36m>[39m
              [36m<span[39m
                [33mclass[39m=[32m"text-6xl font-serif text-[var(--color-text)]/20 group-hover:text-primary/50 transition-colors duration-500"[39m
              [36m>[39m
                [0m1[0m
              [36m</span>[39m
              [36m<svg[39m
                [33maria-hidden[39m=[32m"true"[39m
                [33mclass[39m=[32m"lucide lucide-arrow-up-right text-[var(--color-text)] opacity-0 group-hover:opacity-100 transition-opacity duration-500"[39m
                [33mfill[39m=[32m"none"[39m
                [33mheight[39m=[32m"32"[39m
                [33mstroke[39m=[32m"currentColor"[39m
                [33mstroke-linecap[39m=[32m"round"[39m
                [33mstroke-linejoin[39m=[32m"round"[39m
                [33mstroke-width[39m=[32m"2"[39m
                [33mviewBox[39m=[32m"0 0 24 24"[39m
                [33mwidth[39m=[32m"32"[39m
                [33mxmlns[39m=[32m"http://www.w3.org/2000/svg"[39m
              [36m>[39m
                [36m<path[39m
                  [33md[39m=[32m"M7 7h10v10"[39m
                [36m/>[39m
                [36m<path[39m
                  [33md[39m=[32m"M7 17 17 7"[39m
                [36m/>[39m
              [36m</svg>[39m
            [36m</div>[39m
            [36m<div>[39m
              [36m<h3[39m
                [33mclass[39m=[32m"text-4xl font-bold text-[var(--color-text)] mb-6 group-hover:text-primary transition-colors duration-500"[39m
              [36m>[39m
                [0mDesarrollo Web[0m
              [36m</h3>[39m
              [36m<p[39m
                [33mclass[39m=[32m"text-lg text-[var(--color-text-muted)] mb-8 leading-relaxed"[39m
              [36m>[39m
                [0mAplicaciones web progresivas y sitios corporativos de alto impacto.[0m
              [36m</p>[39m
              [36m<div[39m
                [33mclass[39m=[32m"flex flex-wrap gap-3"[39m
              [36m>[39m
                [36m<span[39m
                  [33mclass[39m=[32m"text-xs uppercase tracking-wider px-4 py-2 border border-[var(--color-text)]/20 rounded-full text-[var(--color-text-muted)]"[39m
                [36m>[39m
                  [0mReact[0m
                [36m</span>[39m
                [36m<span[39m
                  [33mclass[39m=[32m"text-xs uppercase tracking-wider px-4 py-2 border border-[var(--color-text)]/20 rounded-full text-[var(--color-text-muted)]"[39m
                [36m>[39m
                  [0mNext.js[0m
                [36m</span>[39m
                [36m<span[39m
                  [33mclass[39m=[32m"text-xs uppercase tracking-wider px-4 py-2 border border-[var(--color-text)]/20 rounded-full text-[var(--color-text-muted)]"[39m
                [36m>[39m
                  [0mNode.js[0m
                [36m</span>[39m
              [36m</div>[39m
            [36m</div>[39m
          [36m</div>[39m
          [36m<div[39m
            [33mclass[39m=[32m"group relative h-[60vh] w-[35vw] min-w-[400px] bg-[var(--color-text)]/5 border border-[var(--color-text)]/10 p-10 flex flex-col justify-between hover:bg-[var(--color-text)]/10 transition-colors duration-500"[39m
          [36m>[39m
            [36m<div[39m
              [33mclass[39m=[32m"flex justify-between items-start"[39m
            [36m>[39m
              [36m<span[39m
                [33mclass[39m=[32m"text-6xl font-serif text-[var(--color-text)]/20 group-hover:text-primary/50 transition-colors duration-500"[39m
              [36m>[39m
                [0m2[0m
              [36m</span>[39m
              [36m<svg[39m
                [33maria-hidden[39m=[32m"true"[39m
                [33mclass[39m=[32m"lucide lucide-arrow-up-right text-[var(--color-text)] opacity-0 group-hover:opacity-100 transition-opacity duration-500"[39m
                [33mfill[39m=[32m"none"[39m
                [33mheight[39m=[32m"32"[39m
                [33mstroke[39m=[32m"currentColor"[39m
                [33mstroke-linecap[39m=[32m"round"[39m
                [33mstroke-linejoin[39m=[32m"round"[39m
                [33mstroke-width[39m=[32m"2"[39m
                [33mviewBox[39m=[32m"0 0 24 24"[39m
                [33mwidth[39m=[32m"32"[39m
                [33mxmlns[39m=[32m"http://www.w3.org/2000/svg"[39m
              [36m>[39m
                [36m<path[39m
                  [33md[39m=[32m"M7 7h10v10"[39m
                [36m/>[39m
                [...
   ✓ Services Component > renders all services from data 59ms
   ✓ Services Component > displays service IDs correctly 34ms
   ✓ Services Component > renders tech stack tags for each service 95ms
   ✓ Services Component > has the 3D services image 10ms
   ✓ Services Component > applies correct hover states 8ms
   ✓ Services Component > has no accessibility violations  864ms
   ✓ Services Component > uses horizontal scroll animation 7ms
 ❯ src/sections/Projects.test.jsx (7 tests | 7 failed) 413ms
   × Projects Component > renders the section heading 158ms
     → 
   × Projects Component > renders all projects from data 194ms
     → 
   × Projects Component > displays project images correctly 9ms
     → 
   × Projects Component > applies correct grid layout classes based on project size 33ms
     → 
   × Projects Component > has hover effects on project cards 6ms
     → 
   × Projects Component > has no accessibility violations 3ms
     → 
   × Projects Component > renders visual decoration (primary line) 8ms
     → 
 ❯ src/sections/Contact.test.jsx (10 tests | 1 failed) 2909ms
   ✓ Contact Component > renders the heading 214ms
   ✓ Contact Component > displays the email link 54ms
   ✓ Contact Component > renders all form fields with proper labels 64ms
   ✓ Contact Component > allows typing in form fields  1356ms
   ✓ Contact Component > has a submit button 22ms
   ✓ Contact Component > displays social media links 26ms
   ✓ Contact Component > displays location information 200ms
   ✓ Contact Component > has proper input types 10ms
   × Contact Component > has no accessibility violations 946ms
     → expect(received).toHaveNoViolations(expected)

Expected the HTML found at $('div:nth-child(1) > h4') to have no violations:

<h4 class="text-[var(--color-text-muted)] uppercase tracking-widest text-sm mb-4">Social</h4>

Received:

"Heading levels should only increase by one (heading-order)"

Fix any of the following:
  Heading order invalid

You can find more information on this issue here: 
https://dequeuniversity.com/rules/axe/4.10/heading-order?application=axeAPI
   ✓ Contact Component > displays copyright information 14ms
 ❯ src/sections/About.test.jsx (10 tests | 10 failed) 229ms
   × About Component > renders the section heading 85ms
     → 
   × About Component > displays the philosophy text 9ms
     → 
   × About Component > renders all three pillars 4ms
     → 
   × About Component > displays pillar descriptions 44ms
     → 
   × About Component > has numbered pillars (01, 02, 03) 63ms
     → 
   × About Component > has the 3D philosophy image 2ms
     → 
   × About Component > applies light mode filter to image 9ms
     → 
   × About Component > has proper grid layout 3ms
     → 
   × About Component > has no accessibility violations 3ms
     → 
   × About Component > applies hover effects to pillar cards 5ms
     → 
 ❯ src/sections/Process.test.jsx (9 tests | 9 failed) 234ms
   × Process Component > renders the section heading 98ms
     → IntersectionObserver is not defined
   × Process Component > renders all four process steps 7ms
     → IntersectionObserver is not defined
   × Process Component > displays step descriptions 13ms
     → IntersectionObserver is not defined
   × Process Component > has numbered steps (01-04) 3ms
     → IntersectionObserver is not defined
   × Process Component > has proper z-index for background numbers 5ms
     → IntersectionObserver is not defined
   × Process Component > applies backdrop blur to prevent overlaps 2ms
     → IntersectionObserver is not defined
   × Process Component > has alternating layout for visual interest 2ms
     → IntersectionObserver is not defined
   × Process Component > has no accessibility violations 94ms
     → IntersectionObserver is not defined
   × Process Component > applies hover effects 9ms
     → IntersectionObserver is not defined
 ❯ src/sections/Testimonials.test.jsx (9 tests | 9 failed) 529ms
   × Testimonials Component > renders the section heading 53ms
     → IntersectionObserver is not defined
   × Testimonials Component > renders all testimonials from data 74ms
     → IntersectionObserver is not defined
   × Testimonials Component > displays testimonial quotes correctly 81ms
     → IntersectionObserver is not defined
   × Testimonials Component > displays client logos section 255ms
     → IntersectionObserver is not defined
   × Testimonials Component > renders all client logos 18ms
     → IntersectionObserver is not defined
   × Testimonials Component > applies proper grid layout 8ms
     → IntersectionObserver is not defined
   × Testimonials Component > has border decoration on testimonial cards 34ms
     → IntersectionObserver is not defined
   × Testimonials Component > has hover effects on client logos 2ms
     → IntersectionObserver is not defined
   × Testimonials Component > has no accessibility violations 4ms
     → IntersectionObserver is not defined
 ✓ src/components/Footer.test.jsx (8 tests) 736ms
   ✓ Footer Component > has no accessibility violations  401ms

 Test Files  6 failed | 1 passed (7)
      Tests  37 failed | 24 passed (61)
   Start at  12:32:17
   Duration  1.41s

 PASS  Waiting for file changes...
       press h to show help, press q to quit
c[3J RERUN  src/sections/Services.test.jsx x2 

 ❯ src/sections/Projects.test.jsx (7 tests | 7 failed) 413ms
   × Projects Component > renders the section heading 158ms
     → 
   × Projects Component > renders all projects from data 194ms
     → 
   × Projects Component > displays project images correctly 9ms
     → 
   × Projects Component > applies correct grid layout classes based on project size 33ms
     → 
   × Projects Component > has hover effects on project cards 6ms
     → 
   × Projects Component > has no accessibility violations 3ms
     → 
   × Projects Component > renders visual decoration (primary line) 8ms
     → 
 ❯ src/sections/Contact.test.jsx (10 tests | 1 failed) 2909ms
   ✓ Contact Component > renders the heading 214ms
   ✓ Contact Component > displays the email link 54ms
   ✓ Contact Component > renders all form fields with proper labels 64ms
   ✓ Contact Component > allows typing in form fields  1356ms
   ✓ Contact Component > has a submit button 22ms
   ✓ Contact Component > displays social media links 26ms
   ✓ Contact Component > displays location information 200ms
   ✓ Contact Component > has proper input types 10ms
   × Contact Component > has no accessibility violations 946ms
     → expect(received).toHaveNoViolations(expected)

Expected the HTML found at $('div:nth-child(1) > h4') to have no violations:

<h4 class="text-[var(--color-text-muted)] uppercase tracking-widest text-sm mb-4">Social</h4>

Received:

"Heading levels should only increase by one (heading-order)"

Fix any of the following:
  Heading order invalid

You can find more information on this issue here: 
https://dequeuniversity.com/rules/axe/4.10/heading-order?application=axeAPI
   ✓ Contact Component > displays copyright information 14ms
 ❯ src/sections/About.test.jsx (10 tests | 10 failed) 229ms
   × About Component > renders the section heading 85ms
     → 
   × About Component > displays the philosophy text 9ms
     → 
   × About Component > renders all three pillars 4ms
     → 
   × About Component > displays pillar descriptions 44ms
     → 
   × About Component > has numbered pillars (01, 02, 03) 63ms
     → 
   × About Component > has the 3D philosophy image 2ms
     → 
   × About Component > applies light mode filter to image 9ms
     → 
   × About Component > has proper grid layout 3ms
     → 
   × About Component > has no accessibility violations 3ms
     → 
   × About Component > applies hover effects to pillar cards 5ms
     → 
 ❯ src/sections/Process.test.jsx (9 tests | 9 failed) 234ms
   × Process Component > renders the section heading 98ms
     → IntersectionObserver is not defined
   × Process Component > renders all four process steps 7ms
     → IntersectionObserver is not defined
   × Process Component > displays step descriptions 13ms
     → IntersectionObserver is not defined
   × Process Component > has numbered steps (01-04) 3ms
     → IntersectionObserver is not defined
   × Process Component > has proper z-index for background numbers 5ms
     → IntersectionObserver is not defined
   × Process Component > applies backdrop blur to prevent overlaps 2ms
     → IntersectionObserver is not defined
   × Process Component > has alternating layout for visual interest 2ms
     → IntersectionObserver is not defined
   × Process Component > has no accessibility violations 94ms
     → IntersectionObserver is not defined
   × Process Component > applies hover effects 9ms
     → IntersectionObserver is not defined
 ❯ src/sections/Testimonials.test.jsx (9 tests | 9 failed) 529ms
   × Testimonials Component > renders the section heading 53ms
     → IntersectionObserver is not defined
   × Testimonials Component > renders all testimonials from data 74ms
     → IntersectionObserver is not defined
   × Testimonials Component > displays testimonial quotes correctly 81ms
     → IntersectionObserver is not defined
   × Testimonials Component > displays client logos section 255ms
     → IntersectionObserver is not defined
   × Testimonials Component > renders all client logos 18ms
     → IntersectionObserver is not defined
   × Testimonials Component > applies proper grid layout 8ms
     → IntersectionObserver is not defined
   × Testimonials Component > has border decoration on testimonial cards 34ms
     → IntersectionObserver is not defined
   × Testimonials Component > has hover effects on client logos 2ms
     → IntersectionObserver is not defined
   × Testimonials Component > has no accessibility violations 4ms
     → IntersectionObserver is not defined
 ✓ src/sections/Services.test.jsx (8 tests) 1250ms
   ✓ Services Component > has no accessibility violations  972ms

 Test Files  5 failed | 1 passed (6)
      Tests  36 failed | 17 passed (53)
   Start at  12:32:37
   Duration  2.50s

 PASS  Waiting for file changes...
       press h to show help, press q to quit
c[3J RERUN  src/components/Navbar.test.jsx x2 

 ❯ src/sections/Projects.test.jsx (7 tests | 7 failed) 413ms
   × Projects Component > renders the section heading 158ms
     → 
   × Projects Component > renders all projects from data 194ms
     → 
   × Projects Component > displays project images correctly 9ms
     → 
   × Projects Component > applies correct grid layout classes based on project size 33ms
     → 
   × Projects Component > has hover effects on project cards 6ms
     → 
   × Projects Component > has no accessibility violations 3ms
     → 
   × Projects Component > renders visual decoration (primary line) 8ms
     → 
 ❯ src/sections/Contact.test.jsx (10 tests | 1 failed) 2909ms
   ✓ Contact Component > renders the heading 214ms
   ✓ Contact Component > displays the email link 54ms
   ✓ Contact Component > renders all form fields with proper labels 64ms
   ✓ Contact Component > allows typing in form fields  1356ms
   ✓ Contact Component > has a submit button 22ms
   ✓ Contact Component > displays social media links 26ms
   ✓ Contact Component > displays location information 200ms
   ✓ Contact Component > has proper input types 10ms
   × Contact Component > has no accessibility violations 946ms
     → expect(received).toHaveNoViolations(expected)

Expected the HTML found at $('div:nth-child(1) > h4') to have no violations:

<h4 class="text-[var(--color-text-muted)] uppercase tracking-widest text-sm mb-4">Social</h4>

Received:

"Heading levels should only increase by one (heading-order)"

Fix any of the following:
  Heading order invalid

You can find more information on this issue here: 
https://dequeuniversity.com/rules/axe/4.10/heading-order?application=axeAPI
   ✓ Contact Component > displays copyright information 14ms
 ❯ src/sections/About.test.jsx (10 tests | 10 failed) 229ms
   × About Component > renders the section heading 85ms
     → 
   × About Component > displays the philosophy text 9ms
     → 
   × About Component > renders all three pillars 4ms
     → 
   × About Component > displays pillar descriptions 44ms
     → 
   × About Component > has numbered pillars (01, 02, 03) 63ms
     → 
   × About Component > has the 3D philosophy image 2ms
     → 
   × About Component > applies light mode filter to image 9ms
     → 
   × About Component > has proper grid layout 3ms
     → 
   × About Component > has no accessibility violations 3ms
     → 
   × About Component > applies hover effects to pillar cards 5ms
     → 
 ❯ src/sections/Process.test.jsx (9 tests | 9 failed) 234ms
   × Process Component > renders the section heading 98ms
     → IntersectionObserver is not defined
   × Process Component > renders all four process steps 7ms
     → IntersectionObserver is not defined
   × Process Component > displays step descriptions 13ms
     → IntersectionObserver is not defined
   × Process Component > has numbered steps (01-04) 3ms
     → IntersectionObserver is not defined
   × Process Component > has proper z-index for background numbers 5ms
     → IntersectionObserver is not defined
   × Process Component > applies backdrop blur to prevent overlaps 2ms
     → IntersectionObserver is not defined
   × Process Component > has alternating layout for visual interest 2ms
     → IntersectionObserver is not defined
   × Process Component > has no accessibility violations 94ms
     → IntersectionObserver is not defined
   × Process Component > applies hover effects 9ms
     → IntersectionObserver is not defined
 ❯ src/sections/Testimonials.test.jsx (9 tests | 9 failed) 529ms
   × Testimonials Component > renders the section heading 53ms
     → IntersectionObserver is not defined
   × Testimonials Component > renders all testimonials from data 74ms
     → IntersectionObserver is not defined
   × Testimonials Component > displays testimonial quotes correctly 81ms
     → IntersectionObserver is not defined
   × Testimonials Component > displays client logos section 255ms
     → IntersectionObserver is not defined
   × Testimonials Component > renders all client logos 18ms
     → IntersectionObserver is not defined
   × Testimonials Component > applies proper grid layout 8ms
     → IntersectionObserver is not defined
   × Testimonials Component > has border decoration on testimonial cards 34ms
     → IntersectionObserver is not defined
   × Testimonials Component > has hover effects on client logos 2ms
     → IntersectionObserver is not defined
   × Testimonials Component > has no accessibility violations 4ms
     → IntersectionObserver is not defined
stderr | src/components/Navbar.test.jsx > Navbar Component > applies correct classes when scrolled
An update to Navbar inside a test was not wrapped in act(...).

When testing, code that causes React state updates should be wrapped into act(...):

act(() => {
  /* fire events that update state */
});
/* assert on the output */

This ensures that you're testing the behavior the user would see in the browser. Learn more at https://react.dev/link/wrap-tests-with-act

 ✓ src/components/Navbar.test.jsx (7 tests) 1222ms
   ✓ Navbar Component > has no accessibility violations  407ms

 Test Files  5 failed | 1 passed (6)
      Tests  36 failed | 16 passed (52)
   Start at  12:32:42
   Duration  2.47s

 PASS  Waiting for file changes...
       press h to show help, press q to quit
c[3J RERUN  src/components/Footer.test.jsx x2 

 ❯ src/sections/Projects.test.jsx (7 tests | 7 failed) 413ms
   × Projects Component > renders the section heading 158ms
     → 
   × Projects Component > renders all projects from data 194ms
     → 
   × Projects Component > displays project images correctly 9ms
     → 
   × Projects Component > applies correct grid layout classes based on project size 33ms
     → 
   × Projects Component > has hover effects on project cards 6ms
     → 
   × Projects Component > has no accessibility violations 3ms
     → 
   × Projects Component > renders visual decoration (primary line) 8ms
     → 
 ❯ src/sections/Contact.test.jsx (10 tests | 1 failed) 2909ms
   ✓ Contact Component > renders the heading 214ms
   ✓ Contact Component > displays the email link 54ms
   ✓ Contact Component > renders all form fields with proper labels 64ms
   ✓ Contact Component > allows typing in form fields  1356ms
   ✓ Contact Component > has a submit button 22ms
   ✓ Contact Component > displays social media links 26ms
   ✓ Contact Component > displays location information 200ms
   ✓ Contact Component > has proper input types 10ms
   × Contact Component > has no accessibility violations 946ms
     → expect(received).toHaveNoViolations(expected)

Expected the HTML found at $('div:nth-child(1) > h4') to have no violations:

<h4 class="text-[var(--color-text-muted)] uppercase tracking-widest text-sm mb-4">Social</h4>

Received:

"Heading levels should only increase by one (heading-order)"

Fix any of the following:
  Heading order invalid

You can find more information on this issue here: 
https://dequeuniversity.com/rules/axe/4.10/heading-order?application=axeAPI
   ✓ Contact Component > displays copyright information 14ms
 ❯ src/sections/About.test.jsx (10 tests | 10 failed) 229ms
   × About Component > renders the section heading 85ms
     → 
   × About Component > displays the philosophy text 9ms
     → 
   × About Component > renders all three pillars 4ms
     → 
   × About Component > displays pillar descriptions 44ms
     → 
   × About Component > has numbered pillars (01, 02, 03) 63ms
     → 
   × About Component > has the 3D philosophy image 2ms
     → 
   × About Component > applies light mode filter to image 9ms
     → 
   × About Component > has proper grid layout 3ms
     → 
   × About Component > has no accessibility violations 3ms
     → 
   × About Component > applies hover effects to pillar cards 5ms
     → 
 ❯ src/sections/Process.test.jsx (9 tests | 9 failed) 234ms
   × Process Component > renders the section heading 98ms
     → IntersectionObserver is not defined
   × Process Component > renders all four process steps 7ms
     → IntersectionObserver is not defined
   × Process Component > displays step descriptions 13ms
     → IntersectionObserver is not defined
   × Process Component > has numbered steps (01-04) 3ms
     → IntersectionObserver is not defined
   × Process Component > has proper z-index for background numbers 5ms
     → IntersectionObserver is not defined
   × Process Component > applies backdrop blur to prevent overlaps 2ms
     → IntersectionObserver is not defined
   × Process Component > has alternating layout for visual interest 2ms
     → IntersectionObserver is not defined
   × Process Component > has no accessibility violations 94ms
     → IntersectionObserver is not defined
   × Process Component > applies hover effects 9ms
     → IntersectionObserver is not defined
 ❯ src/sections/Testimonials.test.jsx (9 tests | 9 failed) 529ms
   × Testimonials Component > renders the section heading 53ms
     → IntersectionObserver is not defined
   × Testimonials Component > renders all testimonials from data 74ms
     → IntersectionObserver is not defined
   × Testimonials Component > displays testimonial quotes correctly 81ms
     → IntersectionObserver is not defined
   × Testimonials Component > displays client logos section 255ms
     → IntersectionObserver is not defined
   × Testimonials Component > renders all client logos 18ms
     → IntersectionObserver is not defined
   × Testimonials Component > applies proper grid layout 8ms
     → IntersectionObserver is not defined
   × Testimonials Component > has border decoration on testimonial cards 34ms
     → IntersectionObserver is not defined
   × Testimonials Component > has hover effects on client logos 2ms
     → IntersectionObserver is not defined
   × Testimonials Component > has no accessibility violations 4ms
     → IntersectionObserver is not defined
 ✓ src/components/Footer.test.jsx (8 tests) 1143ms
   ✓ Footer Component > has no accessibility violations  924ms

 Test Files  5 failed | 1 passed (6)
      Tests  36 failed | 17 passed (53)
   Start at  12:32:49
   Duration  1.87s

 PASS  Waiting for file changes...
       press h to show help, press q to quit
c[3J RERUN  src/components/Footer.test.jsx x3 

 ❯ src/sections/Projects.test.jsx (7 tests | 7 failed) 413ms
   × Projects Component > renders the section heading 158ms
     → 
   × Projects Component > renders all projects from data 194ms
     → 
   × Projects Component > displays project images correctly 9ms
     → 
   × Projects Component > applies correct grid layout classes based on project size 33ms
     → 
   × Projects Component > has hover effects on project cards 6ms
     → 
   × Projects Component > has no accessibility violations 3ms
     → 
   × Projects Component > renders visual decoration (primary line) 8ms
     → 
 ❯ src/sections/Contact.test.jsx (10 tests | 1 failed) 2909ms
   ✓ Contact Component > renders the heading 214ms
   ✓ Contact Component > displays the email link 54ms
   ✓ Contact Component > renders all form fields with proper labels 64ms
   ✓ Contact Component > allows typing in form fields  1356ms
   ✓ Contact Component > has a submit button 22ms
   ✓ Contact Component > displays social media links 26ms
   ✓ Contact Component > displays location information 200ms
   ✓ Contact Component > has proper input types 10ms
   × Contact Component > has no accessibility violations 946ms
     → expect(received).toHaveNoViolations(expected)

Expected the HTML found at $('div:nth-child(1) > h4') to have no violations:

<h4 class="text-[var(--color-text-muted)] uppercase tracking-widest text-sm mb-4">Social</h4>

Received:

"Heading levels should only increase by one (heading-order)"

Fix any of the following:
  Heading order invalid

You can find more information on this issue here: 
https://dequeuniversity.com/rules/axe/4.10/heading-order?application=axeAPI
   ✓ Contact Component > displays copyright information 14ms
 ❯ src/sections/About.test.jsx (10 tests | 10 failed) 229ms
   × About Component > renders the section heading 85ms
     → 
   × About Component > displays the philosophy text 9ms
     → 
   × About Component > renders all three pillars 4ms
     → 
   × About Component > displays pillar descriptions 44ms
     → 
   × About Component > has numbered pillars (01, 02, 03) 63ms
     → 
   × About Component > has the 3D philosophy image 2ms
     → 
   × About Component > applies light mode filter to image 9ms
     → 
   × About Component > has proper grid layout 3ms
     → 
   × About Component > has no accessibility violations 3ms
     → 
   × About Component > applies hover effects to pillar cards 5ms
     → 
 ❯ src/sections/Process.test.jsx (9 tests | 9 failed) 234ms
   × Process Component > renders the section heading 98ms
     → IntersectionObserver is not defined
   × Process Component > renders all four process steps 7ms
     → IntersectionObserver is not defined
   × Process Component > displays step descriptions 13ms
     → IntersectionObserver is not defined
   × Process Component > has numbered steps (01-04) 3ms
     → IntersectionObserver is not defined
   × Process Component > has proper z-index for background numbers 5ms
     → IntersectionObserver is not defined
   × Process Component > applies backdrop blur to prevent overlaps 2ms
     → IntersectionObserver is not defined
   × Process Component > has alternating layout for visual interest 2ms
     → IntersectionObserver is not defined
   × Process Component > has no accessibility violations 94ms
     → IntersectionObserver is not defined
   × Process Component > applies hover effects 9ms
     → IntersectionObserver is not defined
 ❯ src/sections/Testimonials.test.jsx (9 tests | 9 failed) 529ms
   × Testimonials Component > renders the section heading 53ms
     → IntersectionObserver is not defined
   × Testimonials Component > renders all testimonials from data 74ms
     → IntersectionObserver is not defined
   × Testimonials Component > displays testimonial quotes correctly 81ms
     → IntersectionObserver is not defined
   × Testimonials Component > displays client logos section 255ms
     → IntersectionObserver is not defined
   × Testimonials Component > renders all client logos 18ms
     → IntersectionObserver is not defined
   × Testimonials Component > applies proper grid layout 8ms
     → IntersectionObserver is not defined
   × Testimonials Component > has border decoration on testimonial cards 34ms
     → IntersectionObserver is not defined
   × Testimonials Component > has hover effects on client logos 2ms
     → IntersectionObserver is not defined
   × Testimonials Component > has no accessibility violations 4ms
     → IntersectionObserver is not defined
 ✓ src/components/Footer.test.jsx (8 tests) 1139ms
   ✓ Footer Component > has no accessibility violations  820ms

 Test Files  5 failed | 1 passed (6)
      Tests  36 failed | 17 passed (53)
   Start at  12:32:53
   Duration  2.01s

 PASS  Waiting for file changes...
       press h to show help, press q to quit
c[3J RERUN  src/setupTests.js 

 ❯ src/sections/Process.test.jsx (9 tests | 1 failed) 21411ms
   ✓ Process Component > renders the section heading  2623ms
   ✓ Process Component > renders all four process steps  1272ms
   ✓ Process Component > displays step descriptions  667ms
   ✓ Process Component > has numbered steps (01-04)  334ms
   ✓ Process Component > has proper z-index for background numbers  521ms
   ✓ Process Component > applies backdrop blur to prevent overlaps  930ms
   ✓ Process Component > has alternating layout for visual interest  793ms
   × Process Component > has no accessibility violations 14193ms
     → Test timed out in 5000ms.
If this is a long-running test, pass a timeout value as the last argument or configure it globally with "testTimeout".
   ✓ Process Component > applies hover effects 66ms
 ❯ src/sections/Projects.test.jsx (7 tests | 1 failed) 20829ms
   ✓ Projects Component > renders the section heading  2279ms
   ✓ Projects Component > renders all projects from data  1328ms
   ✓ Projects Component > displays project images correctly  1343ms
   ✓ Projects Component > applies correct grid layout classes based on project size  433ms
   ✓ Projects Component > has hover effects on project cards 195ms
   × Projects Component > has no accessibility violations 14653ms
     → Test timed out in 5000ms.
If this is a long-running test, pass a timeout value as the last argument or configure it globally with "testTimeout".
   ✓ Projects Component > renders visual decoration (primary line)  414ms
 ❯ src/sections/Contact.test.jsx (10 tests | 2 failed) 24536ms
   ✓ Contact Component > renders the heading  3423ms
   ✓ Contact Component > displays the email link 250ms
   ✓ Contact Component > renders all form fields with proper labels  721ms
   × Contact Component > allows typing in form fields 8429ms
     → Test timed out in 5000ms.
If this is a long-running test, pass a timeout value as the last argument or configure it globally with "testTimeout".
   ✓ Contact Component > has a submit button  1275ms
   ✓ Contact Component > displays social media links  593ms
   ✓ Contact Component > displays location information  1001ms
   ✓ Contact Component > has proper input types  576ms
   × Contact Component > has no accessibility violations 8230ms
     → Test timed out in 5000ms.
If this is a long-running test, pass a timeout value as the last argument or configure it globally with "testTimeout".
   ✓ Contact Component > displays copyright information 7ms
 ❯ src/sections/Testimonials.test.jsx (9 tests | 1 failed) 19060ms
   ✓ Testimonials Component > renders the section heading  3349ms
   ✓ Testimonials Component > renders all testimonials from data  1609ms
   ✓ Testimonials Component > displays testimonial quotes correctly  1366ms
   ✓ Testimonials Component > displays client logos section  1129ms
   ✓ Testimonials Component > renders all client logos  398ms
   ✓ Testimonials Component > applies proper grid layout  911ms
   ✓ Testimonials Component > has border decoration on testimonial cards  444ms
   ✓ Testimonials Component > has hover effects on client logos  805ms
   × Testimonials Component > has no accessibility violations 8811ms
     → Test timed out in 5000ms.
If this is a long-running test, pass a timeout value as the last argument or configure it globally with "testTimeout".
 ❯ src/sections/About.test.jsx (10 tests | 1 failed) 16191ms
   ✓ About Component > renders the section heading  2885ms
   ✓ About Component > displays the philosophy text 49ms
   ✓ About Component > renders all three pillars  650ms
   ✓ About Component > displays pillar descriptions  799ms
   ✓ About Component > has numbered pillars (01, 02, 03)  1542ms
   ✓ About Component > has the 3D philosophy image  907ms
   ✓ About Component > applies light mode filter to image 171ms
   ✓ About Component > has proper grid layout 113ms
   × About Component > has no accessibility violations 8300ms
     → Test timed out in 5000ms.
If this is a long-running test, pass a timeout value as the last argument or configure it globally with "testTimeout".
   ✓ About Component > applies hover effects to pillar cards  622ms
 ✓ src/sections/Hero.test.jsx (8 tests) 15787ms
   ✓ Hero Component > renders the main heading correctly  3772ms
   ✓ Hero Component > displays the tagline  470ms
   ✓ Hero Component > renders the CTA button  747ms
   ✓ Hero Component > has the 3D hero image  1238ms
   ✓ Hero Component > applies light mode filter to image  477ms
   ✓ Hero Component > has proper heading hierarchy  4679ms
   ✓ Hero Component > has no accessibility violations  4350ms
 ❯ src/sections/Services.test.jsx (8 tests | 1 failed) 19440ms
   ✓ Services Component > renders the section heading  3004ms
   ✓ Services Component > renders all services from data  1268ms
   ✓ Services Component > displays service IDs correctly  578ms
   ✓ Services Component > renders tech stack tags for each service  1500ms
   ✓ Services Component > has the 3D services image  1638ms
   ✓ Services Component > applies correct hover states  840ms
   × Services Component > has no accessibility violations 10552ms
     → Test timed out in 5000ms.
If this is a long-running test, pass a timeout value as the last argument or configure it globally with "testTimeout".
   ✓ Services Component > uses horizontal scroll animation 17ms
stderr | src/components/Navbar.test.jsx > Navbar Component > applies correct classes when scrolled
An update to Navbar inside a test was not wrapped in act(...).

When testing, code that causes React state updates should be wrapped into act(...):

act(() => {
  /* fire events that update state */
});
/* assert on the output */

This ensures that you're testing the behavior the user would see in the browser. Learn more at https://react.dev/link/wrap-tests-with-act

 ✓ src/components/Navbar.test.jsx (7 tests) 14566ms
   ✓ Navbar Component > renders without crashing  2722ms
   ✓ Navbar Component > displays all navigation links  601ms
   ✓ Navbar Component > toggles theme when theme button is clicked  5236ms
   ✓ Navbar Component > opens mobile menu when menu button is clicked  1040ms
   ✓ Navbar Component > has no accessibility violations  4552ms
   ✓ Navbar Component > applies correct classes when scrolled  408ms
 ✓ src/App.test.jsx (3 tests) 1781ms
   ✓ Ohtli Landing Page > renders the App without crashing  1340ms
 ✓ src/components/Footer.test.jsx (8 tests) 3939ms
   ✓ Footer Component > renders the Ohtli logo  869ms
   ✓ Footer Component > has no accessibility violations  2509ms

⎯⎯⎯⎯⎯⎯⎯ Failed Tests 7 ⎯⎯⎯⎯⎯⎯⎯

 FAIL  src/sections/Services.test.jsx > Services Component > has no accessibility violations
Error: Test timed out in 5000ms.
If this is a long-running test, pass a timeout value as the last argument or configure it globally with "testTimeout".
 ❯ src/sections/Services.test.jsx:58:3
     56|   });
     57| 
     58|   it('has no accessibility violations', async () => {
       |   ^
     59|     const { container } = render(<Services />);
     60|     const results = await axe(container);

⎯⎯⎯⎯⎯⎯⎯⎯⎯⎯⎯⎯⎯⎯⎯⎯⎯⎯⎯⎯⎯⎯⎯⎯[1/7]⎯

 FAIL  src/sections/Projects.test.jsx > Projects Component > has no accessibility violations
Error: Test timed out in 5000ms.
If this is a long-running test, pass a timeout value as the last argument or configure it globally with "testTimeout".
 ❯ src/sections/Projects.test.jsx:62:3
     60|   });
     61| 
     62|   it('has no accessibility violations', async () => {
       |   ^
     63|     const { container } = render(<Projects />);
     64|     const results = await axe(container);

⎯⎯⎯⎯⎯⎯⎯⎯⎯⎯⎯⎯⎯⎯⎯⎯⎯⎯⎯⎯⎯⎯⎯⎯[2/7]⎯

 FAIL  src/sections/Contact.test.jsx > Contact Component > allows typing in form fields
Error: Test timed out in 5000ms.
If this is a long-running test, pass a timeout value as the last argument or configure it globally with "testTimeout".
 ❯ src/sections/Contact.test.jsx:29:3
     27|   });
     28| 
     29|   it('allows typing in form fields', async () => {
       |   ^
     30|     const user = userEvent.setup();
     31|     render(<Contact />);

⎯⎯⎯⎯⎯⎯⎯⎯⎯⎯⎯⎯⎯⎯⎯⎯⎯⎯⎯⎯⎯⎯⎯⎯[3/7]⎯

 FAIL  src/sections/Contact.test.jsx > Contact Component > has no accessibility violations
Error: Test timed out in 5000ms.
If this is a long-running test, pass a timeout value as the last argument or configure it globally with "testTimeout".
 ❯ src/sections/Contact.test.jsx:73:3
     71|   });
     72| 
     73|   it('has no accessibility violations', async () => {
       |   ^
     74|     const { container } = render(<Contact />);
     75|     const results = await axe(container);

⎯⎯⎯⎯⎯⎯⎯⎯⎯⎯⎯⎯⎯⎯⎯⎯⎯⎯⎯⎯⎯⎯⎯⎯[4/7]⎯

 FAIL  src/sections/About.test.jsx > About Component > has no accessibility violations
Error: Test timed out in 5000ms.
If this is a long-running test, pass a timeout value as the last argument or configure it globally with "testTimeout".
 ❯ src/sections/About.test.jsx:60:3
     58|   });
     59| 
     60|   it('has no accessibility violations', async () => {
       |   ^
     61|     const { container } = render(<About />);
     62|     const results = await axe(container);

⎯⎯⎯⎯⎯⎯⎯⎯⎯⎯⎯⎯⎯⎯⎯⎯⎯⎯⎯⎯⎯⎯⎯⎯[5/7]⎯

 FAIL  src/sections/Process.test.jsx > Process Component > has no accessibility violations
Error: Test timed out in 5000ms.
If this is a long-running test, pass a timeout value as the last argument or configure it globally with "testTimeout".
 ❯ src/sections/Process.test.jsx:64:3
     62|   });
     63| 
     64|   it('has no accessibility violations', async () => {
       |   ^
     65|     const { container } = render(<Process />);
     66|     const results = await axe(container);

⎯⎯⎯⎯⎯⎯⎯⎯⎯⎯⎯⎯⎯⎯⎯⎯⎯⎯⎯⎯⎯⎯⎯⎯[6/7]⎯

 FAIL  src/sections/Testimonials.test.jsx > Testimonials Component > has no accessibility violations
Error: Test timed out in 5000ms.
If this is a long-running test, pass a timeout value as the last argument or configure it globally with "testTimeout".
 ❯ src/sections/Testimonials.test.jsx:63:3
     61|   });
     62| 
     63|   it('has no accessibility violations', async () => {
       |   ^
     64|     const { container } = render(<Testimonials />);
     65|     const results = await axe(container);

⎯⎯⎯⎯⎯⎯⎯⎯⎯⎯⎯⎯⎯⎯⎯⎯⎯⎯⎯⎯⎯⎯⎯⎯[7/7]⎯


 Test Files  6 failed | 4 passed (10)
      Tests  7 failed | 72 passed (79)
   Start at  12:33:16
   Duration  340.08s

 FAIL  Tests failed. Watching for file changes...
       press h to show help, press q to quit
c[3J RERUN  src/sections/Testimonials.jsx 

 ❯ src/sections/Services.test.jsx (8 tests | 1 failed) 19440ms
   ✓ Services Component > renders the section heading  3004ms
   ✓ Services Component > renders all services from data  1268ms
   ✓ Services Component > displays service IDs correctly  578ms
   ✓ Services Component > renders tech stack tags for each service  1500ms
   ✓ Services Component > has the 3D services image  1638ms
   ✓ Services Component > applies correct hover states  840ms
   × Services Component > has no accessibility violations 10552ms
     → Test timed out in 5000ms.
If this is a long-running test, pass a timeout value as the last argument or configure it globally with "testTimeout".
   ✓ Services Component > uses horizontal scroll animation 17ms
 ❯ src/sections/Projects.test.jsx (7 tests | 1 failed) 20829ms
   ✓ Projects Component > renders the section heading  2279ms
   ✓ Projects Component > renders all projects from data  1328ms
   ✓ Projects Component > displays project images correctly  1343ms
   ✓ Projects Component > applies correct grid layout classes based on project size  433ms
   ✓ Projects Component > has hover effects on project cards 195ms
   × Projects Component > has no accessibility violations 14653ms
     → Test timed out in 5000ms.
If this is a long-running test, pass a timeout value as the last argument or configure it globally with "testTimeout".
   ✓ Projects Component > renders visual decoration (primary line)  414ms
 ❯ src/sections/Contact.test.jsx (10 tests | 2 failed) 24536ms
   ✓ Contact Component > renders the heading  3423ms
   ✓ Contact Component > displays the email link 250ms
   ✓ Contact Component > renders all form fields with proper labels  721ms
   × Contact Component > allows typing in form fields 8429ms
     → Test timed out in 5000ms.
If this is a long-running test, pass a timeout value as the last argument or configure it globally with "testTimeout".
   ✓ Contact Component > has a submit button  1275ms
   ✓ Contact Component > displays social media links  593ms
   ✓ Contact Component > displays location information  1001ms
   ✓ Contact Component > has proper input types  576ms
   × Contact Component > has no accessibility violations 8230ms
     → Test timed out in 5000ms.
If this is a long-running test, pass a timeout value as the last argument or configure it globally with "testTimeout".
   ✓ Contact Component > displays copyright information 7ms
 ❯ src/sections/About.test.jsx (10 tests | 1 failed) 16191ms
   ✓ About Component > renders the section heading  2885ms
   ✓ About Component > displays the philosophy text 49ms
   ✓ About Component > renders all three pillars  650ms
   ✓ About Component > displays pillar descriptions  799ms
   ✓ About Component > has numbered pillars (01, 02, 03)  1542ms
   ✓ About Component > has the 3D philosophy image  907ms
   ✓ About Component > applies light mode filter to image 171ms
   ✓ About Component > has proper grid layout 113ms
   × About Component > has no accessibility violations 8300ms
     → Test timed out in 5000ms.
If this is a long-running test, pass a timeout value as the last argument or configure it globally with "testTimeout".
   ✓ About Component > applies hover effects to pillar cards  622ms
 ❯ src/sections/Process.test.jsx (9 tests | 1 failed) 21411ms
   ✓ Process Component > renders the section heading  2623ms
   ✓ Process Component > renders all four process steps  1272ms
   ✓ Process Component > displays step descriptions  667ms
   ✓ Process Component > has numbered steps (01-04)  334ms
   ✓ Process Component > has proper z-index for background numbers  521ms
   ✓ Process Component > applies backdrop blur to prevent overlaps  930ms
   ✓ Process Component > has alternating layout for visual interest  793ms
   × Process Component > has no accessibility violations 14193ms
     → Test timed out in 5000ms.
If this is a long-running test, pass a timeout value as the last argument or configure it globally with "testTimeout".
   ✓ Process Component > applies hover effects 66ms
 ✓ src/App.test.jsx (3 tests) 1842ms
   ✓ Ohtli Landing Page > renders the App without crashing  1594ms
 ✓ src/sections/Testimonials.test.jsx (9 tests) 4526ms
   ✓ Testimonials Component > renders the section heading  850ms
   ✓ Testimonials Component > has no accessibility violations  2813ms

 Test Files  5 failed | 2 passed (7)
      Tests  6 failed | 50 passed (56)
   Start at  12:36:11
   Duration  18.57s

 PASS  Waiting for file changes...
       press h to show help, press q to quit
c[3J RERUN  src/sections/Contact.jsx 

 ❯ src/sections/Services.test.jsx (8 tests | 1 failed) 19440ms
   ✓ Services Component > renders the section heading  3004ms
   ✓ Services Component > renders all services from data  1268ms
   ✓ Services Component > displays service IDs correctly  578ms
   ✓ Services Component > renders tech stack tags for each service  1500ms
   ✓ Services Component > has the 3D services image  1638ms
   ✓ Services Component > applies correct hover states  840ms
   × Services Component > has no accessibility violations 10552ms
     → Test timed out in 5000ms.
If this is a long-running test, pass a timeout value as the last argument or configure it globally with "testTimeout".
   ✓ Services Component > uses horizontal scroll animation 17ms
 ❯ src/sections/Projects.test.jsx (7 tests | 1 failed) 20829ms
   ✓ Projects Component > renders the section heading  2279ms
   ✓ Projects Component > renders all projects from data  1328ms
   ✓ Projects Component > displays project images correctly  1343ms
   ✓ Projects Component > applies correct grid layout classes based on project size  433ms
   ✓ Projects Component > has hover effects on project cards 195ms
   × Projects Component > has no accessibility violations 14653ms
     → Test timed out in 5000ms.
If this is a long-running test, pass a timeout value as the last argument or configure it globally with "testTimeout".
   ✓ Projects Component > renders visual decoration (primary line)  414ms
 ❯ src/sections/About.test.jsx (10 tests | 1 failed) 16191ms
   ✓ About Component > renders the section heading  2885ms
   ✓ About Component > displays the philosophy text 49ms
   ✓ About Component > renders all three pillars  650ms
   ✓ About Component > displays pillar descriptions  799ms
   ✓ About Component > has numbered pillars (01, 02, 03)  1542ms
   ✓ About Component > has the 3D philosophy image  907ms
   ✓ About Component > applies light mode filter to image 171ms
   ✓ About Component > has proper grid layout 113ms
   × About Component > has no accessibility violations 8300ms
     → Test timed out in 5000ms.
If this is a long-running test, pass a timeout value as the last argument or configure it globally with "testTimeout".
   ✓ About Component > applies hover effects to pillar cards  622ms
 ❯ src/sections/Process.test.jsx (9 tests | 1 failed) 21411ms
   ✓ Process Component > renders the section heading  2623ms
   ✓ Process Component > renders all four process steps  1272ms
   ✓ Process Component > displays step descriptions  667ms
   ✓ Process Component > has numbered steps (01-04)  334ms
   ✓ Process Component > has proper z-index for background numbers  521ms
   ✓ Process Component > applies backdrop blur to prevent overlaps  930ms
   ✓ Process Component > has alternating layout for visual interest  793ms
   × Process Component > has no accessibility violations 14193ms
     → Test timed out in 5000ms.
If this is a long-running test, pass a timeout value as the last argument or configure it globally with "testTimeout".
   ✓ Process Component > applies hover effects 66ms
 ✓ src/App.test.jsx (3 tests) 1855ms
   ✓ Ohtli Landing Page > renders the App without crashing  1609ms
 ✓ src/sections/Contact.test.jsx (10 tests) 8073ms
   ✓ Contact Component > renders the heading  1309ms
   ✓ Contact Component > allows typing in form fields  3977ms
   ✓ Contact Component > has no accessibility violations  1850ms

 Test Files  4 failed | 2 passed (6)
      Tests  4 failed | 43 passed (47)
   Start at  12:36:26
   Duration  26.48s

 PASS  Waiting for file changes...
       press h to show help, press q to quit
c[3J RERUN  src/components/Navbar.test.jsx x4 

 ❯ src/sections/Services.test.jsx (8 tests | 1 failed) 19440ms
   ✓ Services Component > renders the section heading  3004ms
   ✓ Services Component > renders all services from data  1268ms
   ✓ Services Component > displays service IDs correctly  578ms
   ✓ Services Component > renders tech stack tags for each service  1500ms
   ✓ Services Component > has the 3D services image  1638ms
   ✓ Services Component > applies correct hover states  840ms
   × Services Component > has no accessibility violations 10552ms
     → Test timed out in 5000ms.
If this is a long-running test, pass a timeout value as the last argument or configure it globally with "testTimeout".
   ✓ Services Component > uses horizontal scroll animation 17ms
 ❯ src/sections/Projects.test.jsx (7 tests | 1 failed) 20829ms
   ✓ Projects Component > renders the section heading  2279ms
   ✓ Projects Component > renders all projects from data  1328ms
   ✓ Projects Component > displays project images correctly  1343ms
   ✓ Projects Component > applies correct grid layout classes based on project size  433ms
   ✓ Projects Component > has hover effects on project cards 195ms
   × Projects Component > has no accessibility violations 14653ms
     → Test timed out in 5000ms.
If this is a long-running test, pass a timeout value as the last argument or configure it globally with "testTimeout".
   ✓ Projects Component > renders visual decoration (primary line)  414ms
 ❯ src/sections/About.test.jsx (10 tests | 1 failed) 16191ms
   ✓ About Component > renders the section heading  2885ms
   ✓ About Component > displays the philosophy text 49ms
   ✓ About Component > renders all three pillars  650ms
   ✓ About Component > displays pillar descriptions  799ms
   ✓ About Component > has numbered pillars (01, 02, 03)  1542ms
   ✓ About Component > has the 3D philosophy image  907ms
   ✓ About Component > applies light mode filter to image 171ms
   ✓ About Component > has proper grid layout 113ms
   × About Component > has no accessibility violations 8300ms
     → Test timed out in 5000ms.
If this is a long-running test, pass a timeout value as the last argument or configure it globally with "testTimeout".
   ✓ About Component > applies hover effects to pillar cards  622ms
 ❯ src/sections/Process.test.jsx (9 tests | 1 failed) 21411ms
   ✓ Process Component > renders the section heading  2623ms
   ✓ Process Component > renders all four process steps  1272ms
   ✓ Process Component > displays step descriptions  667ms
   ✓ Process Component > has numbered steps (01-04)  334ms
   ✓ Process Component > has proper z-index for background numbers  521ms
   ✓ Process Component > applies backdrop blur to prevent overlaps  930ms
   ✓ Process Component > has alternating layout for visual interest  793ms
   × Process Component > has no accessibility violations 14193ms
     → Test timed out in 5000ms.
If this is a long-running test, pass a timeout value as the last argument or configure it globally with "testTimeout".
   ✓ Process Component > applies hover effects 66ms
stderr | src/components/Navbar.test.jsx > Navbar Component > applies correct classes when scrolled
An update to Navbar inside a test was not wrapped in act(...).

When testing, code that causes React state updates should be wrapped into act(...):

act(() => {
  /* fire events that update state */
});
/* assert on the output */

This ensures that you're testing the behavior the user would see in the browser. Learn more at https://react.dev/link/wrap-tests-with-act

 ✓ src/components/Navbar.test.jsx (7 tests) 1707ms
   ✓ Navbar Component > toggles theme when theme button is clicked  542ms
   ✓ Navbar Component > has no accessibility violations  697ms

 Test Files  4 failed | 1 passed (5)
      Tests  4 failed | 37 passed (41)
   Start at  12:37:24
   Duration  3.08s

 PASS  Waiting for file changes...
       press h to show help, press q to quit
c[3J RERUN  src/setupTests.js 

 ❯ src/sections/Process.test.jsx (9 tests | 1 failed) 17446ms
   ✓ Process Component > renders the section heading  1918ms
   ✓ Process Component > renders all four process steps  1015ms
   ✓ Process Component > displays step descriptions  805ms
   ✓ Process Component > has numbered steps (01-04)  310ms
   ✓ Process Component > has proper z-index for background numbers 197ms
   ✓ Process Component > applies backdrop blur to prevent overlaps  1643ms
   ✓ Process Component > has alternating layout for visual interest  372ms
   × Process Component > has no accessibility violations 11100ms
     → Test timed out in 5000ms.
If this is a long-running test, pass a timeout value as the last argument or configure it globally with "testTimeout".
   ✓ Process Component > applies hover effects 43ms
 ❯ src/sections/Projects.test.jsx (7 tests | 1 failed) 20438ms
   ✓ Projects Component > renders the section heading  4279ms
   ✓ Projects Component > renders all projects from data  701ms
   ✓ Projects Component > displays project images correctly  787ms
   ✓ Projects Component > applies correct grid layout classes based on project size  1353ms
   ✓ Projects Component > has hover effects on project cards  1488ms
   × Projects Component > has no accessibility violations 11748ms
     → Test timed out in 5000ms.
If this is a long-running test, pass a timeout value as the last argument or configure it globally with "testTimeout".
   ✓ Projects Component > renders visual decoration (primary line) 55ms
 ❯ src/sections/About.test.jsx (10 tests | 1 failed) 13166ms
   ✓ About Component > renders the section heading  4335ms
   ✓ About Component > displays the philosophy text 39ms
   ✓ About Component > renders all three pillars  607ms
   ✓ About Component > displays pillar descriptions 253ms
   ✓ About Component > has numbered pillars (01, 02, 03)  559ms
   ✓ About Component > has the 3D philosophy image  753ms
   ✓ About Component > applies light mode filter to image  635ms
   ✓ About Component > has proper grid layout 47ms
   × About Component > has no accessibility violations 5826ms
     → Test timed out in 5000ms.
If this is a long-running test, pass a timeout value as the last argument or configure it globally with "testTimeout".
   ✓ About Component > applies hover effects to pillar cards 53ms
 ❯ src/sections/Services.test.jsx (8 tests | 1 failed) 21078ms
   ✓ Services Component > renders the section heading  4389ms
   ✓ Services Component > renders all services from data  994ms
   ✓ Services Component > displays service IDs correctly  941ms
   ✓ Services Component > renders tech stack tags for each service  1568ms
   ✓ Services Component > has the 3D services image  1718ms
   ✓ Services Component > applies correct hover states  1629ms
   × Services Component > has no accessibility violations 9207ms
     → Test timed out in 5000ms.
If this is a long-running test, pass a timeout value as the last argument or configure it globally with "testTimeout".
   ✓ Services Component > uses horizontal scroll animation  419ms
 ❯ src/components/Footer.test.jsx (8 tests | 1 failed) 9275ms
   ✓ Footer Component > renders the Ohtli logo  1102ms
   ✓ Footer Component > displays all navigation links  433ms
   ✓ Footer Component > has correct href attributes for navigation  1060ms
   ✓ Footer Component > displays copyright information 205ms
   ✓ Footer Component > has proper semantic structure 4ms
   ✓ Footer Component > applies correct styling with black background 262ms
   ✓ Footer Component > has uppercase tracking for links 203ms
   × Footer Component > has no accessibility violations 5839ms
     → Test timed out in 5000ms.
If this is a long-running test, pass a timeout value as the last argument or configure it globally with "testTimeout".
 ✓ src/sections/Hero.test.jsx (8 tests) 11527ms
   ✓ Hero Component > renders the main heading correctly  2021ms
   ✓ Hero Component > displays the tagline  582ms
   ✓ Hero Component > applies light mode filter to image  1234ms
   ✓ Hero Component > has proper heading hierarchy  2775ms
   ✓ Hero Component > has no accessibility violations  4829ms
 ❯ src/sections/Contact.test.jsx (10 tests | 1 failed) 15292ms
   ✓ Contact Component > renders the heading  1819ms
   ✓ Contact Component > displays the email link 188ms
   ✓ Contact Component > renders all form fields with proper labels 31ms
   × Contact Component > allows typing in form fields 6426ms
     → Test timed out in 5000ms.
If this is a long-running test, pass a timeout value as the last argument or configure it globally with "testTimeout".
   ✓ Contact Component > has a submit button  1445ms
   ✓ Contact Component > displays social media links 253ms
   ✓ Contact Component > displays location information 63ms
   ✓ Contact Component > has proper input types  779ms
   ✓ Contact Component > has no accessibility violations  4022ms
   ✓ Contact Component > displays copyright information 265ms
 ✓ src/sections/Testimonials.test.jsx (9 tests) 8515ms
   ✓ Testimonials Component > renders the section heading  881ms
   ✓ Testimonials Component > renders all testimonials from data  437ms
   ✓ Testimonials Component > displays client logos section  322ms
   ✓ Testimonials Component > renders all client logos  841ms
   ✓ Testimonials Component > applies proper grid layout  924ms
   ✓ Testimonials Component > has border decoration on testimonial cards  605ms
   ✓ Testimonials Component > has no accessibility violations  4379ms
 ✓ src/App.test.jsx (3 tests) 1404ms
   ✓ Ohtli Landing Page > renders the App without crashing  1120ms
stderr | src/components/Navbar.test.jsx > Navbar Component > applies correct classes when scrolled
An update to Navbar inside a test was not wrapped in act(...).

When testing, code that causes React state updates should be wrapped into act(...):

act(() => {
  /* fire events that update state */
});
/* assert on the output */

This ensures that you're testing the behavior the user would see in the browser. Learn more at https://react.dev/link/wrap-tests-with-act

 ✓ src/components/Navbar.test.jsx (7 tests) 3348ms
   ✓ Navbar Component > renders without crashing  398ms
   ✓ Navbar Component > toggles theme when theme button is clicked  1282ms
   ✓ Navbar Component > has no accessibility violations  954ms

⎯⎯⎯⎯⎯⎯⎯ Failed Tests 6 ⎯⎯⎯⎯⎯⎯⎯

 FAIL  src/sections/Services.test.jsx > Services Component > has no accessibility violations
Error: Test timed out in 5000ms.
If this is a long-running test, pass a timeout value as the last argument or configure it globally with "testTimeout".
 ❯ src/sections/Services.test.jsx:58:3
     56|   });
     57| 
     58|   it('has no accessibility violations', async () => {
       |   ^
     59|     const { container } = render(<Services />);
     60|     const results = await axe(container);

⎯⎯⎯⎯⎯⎯⎯⎯⎯⎯⎯⎯⎯⎯⎯⎯⎯⎯⎯⎯⎯⎯⎯⎯[1/6]⎯

 FAIL  src/sections/Projects.test.jsx > Projects Component > has no accessibility violations
Error: Test timed out in 5000ms.
If this is a long-running test, pass a timeout value as the last argument or configure it globally with "testTimeout".
 ❯ src/sections/Projects.test.jsx:62:3
     60|   });
     61| 
     62|   it('has no accessibility violations', async () => {
       |   ^
     63|     const { container } = render(<Projects />);
     64|     const results = await axe(container);

⎯⎯⎯⎯⎯⎯⎯⎯⎯⎯⎯⎯⎯⎯⎯⎯⎯⎯⎯⎯⎯⎯⎯⎯[2/6]⎯

 FAIL  src/sections/Contact.test.jsx > Contact Component > allows typing in form fields
Error: Test timed out in 5000ms.
If this is a long-running test, pass a timeout value as the last argument or configure it globally with "testTimeout".
 ❯ src/sections/Contact.test.jsx:29:3
     27|   });
     28| 
     29|   it('allows typing in form fields', async () => {
       |   ^
     30|     const user = userEvent.setup();
     31|     render(<Contact />);

⎯⎯⎯⎯⎯⎯⎯⎯⎯⎯⎯⎯⎯⎯⎯⎯⎯⎯⎯⎯⎯⎯⎯⎯[3/6]⎯

 FAIL  src/sections/About.test.jsx > About Component > has no accessibility violations
Error: Test timed out in 5000ms.
If this is a long-running test, pass a timeout value as the last argument or configure it globally with "testTimeout".
 ❯ src/sections/About.test.jsx:60:3
     58|   });
     59| 
     60|   it('has no accessibility violations', async () => {
       |   ^
     61|     const { container } = render(<About />);
     62|     const results = await axe(container);

⎯⎯⎯⎯⎯⎯⎯⎯⎯⎯⎯⎯⎯⎯⎯⎯⎯⎯⎯⎯⎯⎯⎯⎯[4/6]⎯

 FAIL  src/sections/Process.test.jsx > Process Component > has no accessibility violations
Error: Test timed out in 5000ms.
If this is a long-running test, pass a timeout value as the last argument or configure it globally with "testTimeout".
 ❯ src/sections/Process.test.jsx:64:3
     62|   });
     63| 
     64|   it('has no accessibility violations', async () => {
       |   ^
     65|     const { container } = render(<Process />);
     66|     const results = await axe(container);

⎯⎯⎯⎯⎯⎯⎯⎯⎯⎯⎯⎯⎯⎯⎯⎯⎯⎯⎯⎯⎯⎯⎯⎯[5/6]⎯

 FAIL  src/components/Footer.test.jsx > Footer Component > has no accessibility violations
Error: Test timed out in 5000ms.
If this is a long-running test, pass a timeout value as the last argument or configure it globally with "testTimeout".
 ❯ src/components/Footer.test.jsx:75:3
     73|   });
     74| 
     75|   it('has no accessibility violations', async () => {
       |   ^
     76|     const { container } = render(<Footer />);
     77|     const results = await axe(container);

⎯⎯⎯⎯⎯⎯⎯⎯⎯⎯⎯⎯⎯⎯⎯⎯⎯⎯⎯⎯⎯⎯⎯⎯[6/6]⎯


 Test Files  6 failed | 4 passed (10)
      Tests  6 failed | 73 passed (79)
   Start at  12:37:29
   Duration  290.16s

 FAIL  Tests failed. Watching for file changes...
       press h to show help, press q to quit
c[3J RERUN  src/context/ThemeContext.jsx 

 ❯ src/sections/Services.test.jsx (8 tests | 1 failed) 21078ms
   ✓ Services Component > renders the section heading  4389ms
   ✓ Services Component > renders all services from data  994ms
   ✓ Services Component > displays service IDs correctly  941ms
   ✓ Services Component > renders tech stack tags for each service  1568ms
   ✓ Services Component > has the 3D services image  1718ms
   ✓ Services Component > applies correct hover states  1629ms
   × Services Component > has no accessibility violations 9207ms
     → Test timed out in 5000ms.
If this is a long-running test, pass a timeout value as the last argument or configure it globally with "testTimeout".
   ✓ Services Component > uses horizontal scroll animation  419ms
 ❯ src/sections/Projects.test.jsx (7 tests | 1 failed) 20438ms
   ✓ Projects Component > renders the section heading  4279ms
   ✓ Projects Component > renders all projects from data  701ms
   ✓ Projects Component > displays project images correctly  787ms
   ✓ Projects Component > applies correct grid layout classes based on project size  1353ms
   ✓ Projects Component > has hover effects on project cards  1488ms
   × Projects Component > has no accessibility violations 11748ms
     → Test timed out in 5000ms.
If this is a long-running test, pass a timeout value as the last argument or configure it globally with "testTimeout".
   ✓ Projects Component > renders visual decoration (primary line) 55ms
 ❯ src/sections/Contact.test.jsx (10 tests | 1 failed) 15292ms
   ✓ Contact Component > renders the heading  1819ms
   ✓ Contact Component > displays the email link 188ms
   ✓ Contact Component > renders all form fields with proper labels 31ms
   × Contact Component > allows typing in form fields 6426ms
     → Test timed out in 5000ms.
If this is a long-running test, pass a timeout value as the last argument or configure it globally with "testTimeout".
   ✓ Contact Component > has a submit button  1445ms
   ✓ Contact Component > displays social media links 253ms
   ✓ Contact Component > displays location information 63ms
   ✓ Contact Component > has proper input types  779ms
   ✓ Contact Component > has no accessibility violations  4022ms
   ✓ Contact Component > displays copyright information 265ms
 ❯ src/sections/About.test.jsx (10 tests | 1 failed) 13166ms
   ✓ About Component > renders the section heading  4335ms
   ✓ About Component > displays the philosophy text 39ms
   ✓ About Component > renders all three pillars  607ms
   ✓ About Component > displays pillar descriptions 253ms
   ✓ About Component > has numbered pillars (01, 02, 03)  559ms
   ✓ About Component > has the 3D philosophy image  753ms
   ✓ About Component > applies light mode filter to image  635ms
   ✓ About Component > has proper grid layout 47ms
   × About Component > has no accessibility violations 5826ms
     → Test timed out in 5000ms.
If this is a long-running test, pass a timeout value as the last argument or configure it globally with "testTimeout".
   ✓ About Component > applies hover effects to pillar cards 53ms
 ❯ src/sections/Process.test.jsx (9 tests | 1 failed) 17446ms
   ✓ Process Component > renders the section heading  1918ms
   ✓ Process Component > renders all four process steps  1015ms
   ✓ Process Component > displays step descriptions  805ms
   ✓ Process Component > has numbered steps (01-04)  310ms
   ✓ Process Component > has proper z-index for background numbers 197ms
   ✓ Process Component > applies backdrop blur to prevent overlaps  1643ms
   ✓ Process Component > has alternating layout for visual interest  372ms
   × Process Component > has no accessibility violations 11100ms
     → Test timed out in 5000ms.
If this is a long-running test, pass a timeout value as the last argument or configure it globally with "testTimeout".
   ✓ Process Component > applies hover effects 43ms
 ❯ src/components/Footer.test.jsx (8 tests | 1 failed) 9275ms
   ✓ Footer Component > renders the Ohtli logo  1102ms
   ✓ Footer Component > displays all navigation links  433ms
   ✓ Footer Component > has correct href attributes for navigation  1060ms
   ✓ Footer Component > displays copyright information 205ms
   ✓ Footer Component > has proper semantic structure 4ms
   ✓ Footer Component > applies correct styling with black background 262ms
   ✓ Footer Component > has uppercase tracking for links 203ms
   × Footer Component > has no accessibility violations 5839ms
     → Test timed out in 5000ms.
If this is a long-running test, pass a timeout value as the last argument or configure it globally with "testTimeout".
 ✓ src/App.test.jsx (3 tests) 601ms
   ✓ Ohtli Landing Page > renders the App without crashing  350ms
stderr | src/components/Navbar.test.jsx > Navbar Component > applies correct classes when scrolled
An update to Navbar inside a test was not wrapped in act(...).

When testing, code that causes React state updates should be wrapped into act(...):

act(() => {
  /* fire events that update state */
});
/* assert on the output */

This ensures that you're testing the behavior the user would see in the browser. Learn more at https://react.dev/link/wrap-tests-with-act

 ✓ src/components/Navbar.test.jsx (7 tests) 2236ms
   ✓ Navbar Component > toggles theme when theme button is clicked  653ms
   ✓ Navbar Component > opens mobile menu when menu button is clicked  436ms
   ✓ Navbar Component > has no accessibility violations  793ms

 Test Files  6 failed | 2 passed (8)
      Tests  6 failed | 56 passed (62)
   Start at  12:44:50
   Duration  8.48s

 PASS  Waiting for file changes...
       press h to show help, press q to quit
c[3J RERUN  src/sections/Hero.jsx 

 ❯ src/sections/Services.test.jsx (8 tests | 1 failed) 21078ms
   ✓ Services Component > renders the section heading  4389ms
   ✓ Services Component > renders all services from data  994ms
   ✓ Services Component > displays service IDs correctly  941ms
   ✓ Services Component > renders tech stack tags for each service  1568ms
   ✓ Services Component > has the 3D services image  1718ms
   ✓ Services Component > applies correct hover states  1629ms
   × Services Component > has no accessibility violations 9207ms
     → Test timed out in 5000ms.
If this is a long-running test, pass a timeout value as the last argument or configure it globally with "testTimeout".
   ✓ Services Component > uses horizontal scroll animation  419ms
 ❯ src/sections/Projects.test.jsx (7 tests | 1 failed) 20438ms
   ✓ Projects Component > renders the section heading  4279ms
   ✓ Projects Component > renders all projects from data  701ms
   ✓ Projects Component > displays project images correctly  787ms
   ✓ Projects Component > applies correct grid layout classes based on project size  1353ms
   ✓ Projects Component > has hover effects on project cards  1488ms
   × Projects Component > has no accessibility violations 11748ms
     → Test timed out in 5000ms.
If this is a long-running test, pass a timeout value as the last argument or configure it globally with "testTimeout".
   ✓ Projects Component > renders visual decoration (primary line) 55ms
 ❯ src/sections/Contact.test.jsx (10 tests | 1 failed) 15292ms
   ✓ Contact Component > renders the heading  1819ms
   ✓ Contact Component > displays the email link 188ms
   ✓ Contact Component > renders all form fields with proper labels 31ms
   × Contact Component > allows typing in form fields 6426ms
     → Test timed out in 5000ms.
If this is a long-running test, pass a timeout value as the last argument or configure it globally with "testTimeout".
   ✓ Contact Component > has a submit button  1445ms
   ✓ Contact Component > displays social media links 253ms
   ✓ Contact Component > displays location information 63ms
   ✓ Contact Component > has proper input types  779ms
   ✓ Contact Component > has no accessibility violations  4022ms
   ✓ Contact Component > displays copyright information 265ms
 ❯ src/sections/About.test.jsx (10 tests | 1 failed) 13166ms
   ✓ About Component > renders the section heading  4335ms
   ✓ About Component > displays the philosophy text 39ms
   ✓ About Component > renders all three pillars  607ms
   ✓ About Component > displays pillar descriptions 253ms
   ✓ About Component > has numbered pillars (01, 02, 03)  559ms
   ✓ About Component > has the 3D philosophy image  753ms
   ✓ About Component > applies light mode filter to image  635ms
   ✓ About Component > has proper grid layout 47ms
   × About Component > has no accessibility violations 5826ms
     → Test timed out in 5000ms.
If this is a long-running test, pass a timeout value as the last argument or configure it globally with "testTimeout".
   ✓ About Component > applies hover effects to pillar cards 53ms
 ❯ src/sections/Process.test.jsx (9 tests | 1 failed) 17446ms
   ✓ Process Component > renders the section heading  1918ms
   ✓ Process Component > renders all four process steps  1015ms
   ✓ Process Component > displays step descriptions  805ms
   ✓ Process Component > has numbered steps (01-04)  310ms
   ✓ Process Component > has proper z-index for background numbers 197ms
   ✓ Process Component > applies backdrop blur to prevent overlaps  1643ms
   ✓ Process Component > has alternating layout for visual interest  372ms
   × Process Component > has no accessibility violations 11100ms
     → Test timed out in 5000ms.
If this is a long-running test, pass a timeout value as the last argument or configure it globally with "testTimeout".
   ✓ Process Component > applies hover effects 43ms
 ❯ src/components/Footer.test.jsx (8 tests | 1 failed) 9275ms
   ✓ Footer Component > renders the Ohtli logo  1102ms
   ✓ Footer Component > displays all navigation links  433ms
   ✓ Footer Component > has correct href attributes for navigation  1060ms
   ✓ Footer Component > displays copyright information 205ms
   ✓ Footer Component > has proper semantic structure 4ms
   ✓ Footer Component > applies correct styling with black background 262ms
   ✓ Footer Component > has uppercase tracking for links 203ms
   × Footer Component > has no accessibility violations 5839ms
     → Test timed out in 5000ms.
If this is a long-running test, pass a timeout value as the last argument or configure it globally with "testTimeout".
 ✓ src/App.test.jsx (3 tests) 4246ms
   ✓ Ohtli Landing Page > renders the App without crashing  2152ms
   ✓ Ohtli Landing Page > renders the Navbar with correct links  1108ms
   ✓ Ohtli Landing Page > renders the Hero section with main slogan  953ms
 ✓ src/sections/Hero.test.jsx (8 tests) 14765ms
   ✓ Hero Component > renders the main heading correctly  2482ms
   ✓ Hero Component > displays the tagline  928ms
   ✓ Hero Component > renders the CTA button  603ms
   ✓ Hero Component > has the 3D hero image  335ms
   ✓ Hero Component > applies light mode filter to image  392ms
   ✓ Hero Component > has proper heading hierarchy  4427ms
   ✓ Hero Component > has no accessibility violations  4448ms
   ✓ Hero Component > renders scroll indicator  1045ms

 Test Files  6 failed | 2 passed (8)
      Tests  6 failed | 57 passed (63)
   Start at  13:06:23
   Duration  45.92s

 PASS  Waiting for file changes...
       press h to show help, press q to quit
c[3J RERUN  src/sections/Hero.jsx 

 ❯ src/sections/Services.test.jsx (8 tests | 1 failed) 21078ms
   ✓ Services Component > renders the section heading  4389ms
   ✓ Services Component > renders all services from data  994ms
   ✓ Services Component > displays service IDs correctly  941ms
   ✓ Services Component > renders tech stack tags for each service  1568ms
   ✓ Services Component > has the 3D services image  1718ms
   ✓ Services Component > applies correct hover states  1629ms
   × Services Component > has no accessibility violations 9207ms
     → Test timed out in 5000ms.
If this is a long-running test, pass a timeout value as the last argument or configure it globally with "testTimeout".
   ✓ Services Component > uses horizontal scroll animation  419ms
 ❯ src/sections/Projects.test.jsx (7 tests | 1 failed) 20438ms
   ✓ Projects Component > renders the section heading  4279ms
   ✓ Projects Component > renders all projects from data  701ms
   ✓ Projects Component > displays project images correctly  787ms
   ✓ Projects Component > applies correct grid layout classes based on project size  1353ms
   ✓ Projects Component > has hover effects on project cards  1488ms
   × Projects Component > has no accessibility violations 11748ms
     → Test timed out in 5000ms.
If this is a long-running test, pass a timeout value as the last argument or configure it globally with "testTimeout".
   ✓ Projects Component > renders visual decoration (primary line) 55ms
 ❯ src/sections/Contact.test.jsx (10 tests | 1 failed) 15292ms
   ✓ Contact Component > renders the heading  1819ms
   ✓ Contact Component > displays the email link 188ms
   ✓ Contact Component > renders all form fields with proper labels 31ms
   × Contact Component > allows typing in form fields 6426ms
     → Test timed out in 5000ms.
If this is a long-running test, pass a timeout value as the last argument or configure it globally with "testTimeout".
   ✓ Contact Component > has a submit button  1445ms
   ✓ Contact Component > displays social media links 253ms
   ✓ Contact Component > displays location information 63ms
   ✓ Contact Component > has proper input types  779ms
   ✓ Contact Component > has no accessibility violations  4022ms
   ✓ Contact Component > displays copyright information 265ms
 ❯ src/sections/About.test.jsx (10 tests | 1 failed) 13166ms
   ✓ About Component > renders the section heading  4335ms
   ✓ About Component > displays the philosophy text 39ms
   ✓ About Component > renders all three pillars  607ms
   ✓ About Component > displays pillar descriptions 253ms
   ✓ About Component > has numbered pillars (01, 02, 03)  559ms
   ✓ About Component > has the 3D philosophy image  753ms
   ✓ About Component > applies light mode filter to image  635ms
   ✓ About Component > has proper grid layout 47ms
   × About Component > has no accessibility violations 5826ms
     → Test timed out in 5000ms.
If this is a long-running test, pass a timeout value as the last argument or configure it globally with "testTimeout".
   ✓ About Component > applies hover effects to pillar cards 53ms
 ❯ src/sections/Process.test.jsx (9 tests | 1 failed) 17446ms
   ✓ Process Component > renders the section heading  1918ms
   ✓ Process Component > renders all four process steps  1015ms
   ✓ Process Component > displays step descriptions  805ms
   ✓ Process Component > has numbered steps (01-04)  310ms
   ✓ Process Component > has proper z-index for background numbers 197ms
   ✓ Process Component > applies backdrop blur to prevent overlaps  1643ms
   ✓ Process Component > has alternating layout for visual interest  372ms
   × Process Component > has no accessibility violations 11100ms
     → Test timed out in 5000ms.
If this is a long-running test, pass a timeout value as the last argument or configure it globally with "testTimeout".
   ✓ Process Component > applies hover effects 43ms
 ❯ src/components/Footer.test.jsx (8 tests | 1 failed) 9275ms
   ✓ Footer Component > renders the Ohtli logo  1102ms
   ✓ Footer Component > displays all navigation links  433ms
   ✓ Footer Component > has correct href attributes for navigation  1060ms
   ✓ Footer Component > displays copyright information 205ms
   ✓ Footer Component > has proper semantic structure 4ms
   ✓ Footer Component > applies correct styling with black background 262ms
   ✓ Footer Component > has uppercase tracking for links 203ms
   × Footer Component > has no accessibility violations 5839ms
     → Test timed out in 5000ms.
If this is a long-running test, pass a timeout value as the last argument or configure it globally with "testTimeout".
 ✓ src/App.test.jsx (3 tests) 2650ms
   ✓ Ohtli Landing Page > renders the App without crashing  2101ms
   ✓ Ohtli Landing Page > renders the Hero section with main slogan  336ms
 ✓ src/sections/Hero.test.jsx (8 tests) 7101ms
   ✓ Hero Component > renders the main heading correctly  1151ms
   ✓ Hero Component > displays the tagline  785ms
   ✓ Hero Component > renders the CTA button  654ms
   ✓ Hero Component > has proper heading hierarchy  1721ms
   ✓ Hero Component > has no accessibility violations  2431ms

 Test Files  6 failed | 2 passed (8)
      Tests  6 failed | 57 passed (63)
   Start at  13:07:03
   Duration  41.29s

 PASS  Waiting for file changes...
       press h to show help, press q to quit
c[3J RERUN  src/sections/Services.jsx 

 ❯ src/sections/Projects.test.jsx (7 tests | 1 failed) 20438ms
   ✓ Projects Component > renders the section heading  4279ms
   ✓ Projects Component > renders all projects from data  701ms
   ✓ Projects Component > displays project images correctly  787ms
   ✓ Projects Component > applies correct grid layout classes based on project size  1353ms
   ✓ Projects Component > has hover effects on project cards  1488ms
   × Projects Component > has no accessibility violations 11748ms
     → Test timed out in 5000ms.
If this is a long-running test, pass a timeout value as the last argument or configure it globally with "testTimeout".
   ✓ Projects Component > renders visual decoration (primary line) 55ms
 ❯ src/sections/Contact.test.jsx (10 tests | 1 failed) 15292ms
   ✓ Contact Component > renders the heading  1819ms
   ✓ Contact Component > displays the email link 188ms
   ✓ Contact Component > renders all form fields with proper labels 31ms
   × Contact Component > allows typing in form fields 6426ms
     → Test timed out in 5000ms.
If this is a long-running test, pass a timeout value as the last argument or configure it globally with "testTimeout".
   ✓ Contact Component > has a submit button  1445ms
   ✓ Contact Component > displays social media links 253ms
   ✓ Contact Component > displays location information 63ms
   ✓ Contact Component > has proper input types  779ms
   ✓ Contact Component > has no accessibility violations  4022ms
   ✓ Contact Component > displays copyright information 265ms
 ❯ src/sections/About.test.jsx (10 tests | 1 failed) 13166ms
   ✓ About Component > renders the section heading  4335ms
   ✓ About Component > displays the philosophy text 39ms
   ✓ About Component > renders all three pillars  607ms
   ✓ About Component > displays pillar descriptions 253ms
   ✓ About Component > has numbered pillars (01, 02, 03)  559ms
   ✓ About Component > has the 3D philosophy image  753ms
   ✓ About Component > applies light mode filter to image  635ms
   ✓ About Component > has proper grid layout 47ms
   × About Component > has no accessibility violations 5826ms
     → Test timed out in 5000ms.
If this is a long-running test, pass a timeout value as the last argument or configure it globally with "testTimeout".
   ✓ About Component > applies hover effects to pillar cards 53ms
 ❯ src/sections/Process.test.jsx (9 tests | 1 failed) 17446ms
   ✓ Process Component > renders the section heading  1918ms
   ✓ Process Component > renders all four process steps  1015ms
   ✓ Process Component > displays step descriptions  805ms
   ✓ Process Component > has numbered steps (01-04)  310ms
   ✓ Process Component > has proper z-index for background numbers 197ms
   ✓ Process Component > applies backdrop blur to prevent overlaps  1643ms
   ✓ Process Component > has alternating layout for visual interest  372ms
   × Process Component > has no accessibility violations 11100ms
     → Test timed out in 5000ms.
If this is a long-running test, pass a timeout value as the last argument or configure it globally with "testTimeout".
   ✓ Process Component > applies hover effects 43ms
 ❯ src/components/Footer.test.jsx (8 tests | 1 failed) 9275ms
   ✓ Footer Component > renders the Ohtli logo  1102ms
   ✓ Footer Component > displays all navigation links  433ms
   ✓ Footer Component > has correct href attributes for navigation  1060ms
   ✓ Footer Component > displays copyright information 205ms
   ✓ Footer Component > has proper semantic structure 4ms
   ✓ Footer Component > applies correct styling with black background 262ms
   ✓ Footer Component > has uppercase tracking for links 203ms
   × Footer Component > has no accessibility violations 5839ms
     → Test timed out in 5000ms.
If this is a long-running test, pass a timeout value as the last argument or configure it globally with "testTimeout".
 ✓ src/App.test.jsx (3 tests) 2104ms
   ✓ Ohtli Landing Page > renders the App without crashing  1617ms
   ✓ Ohtli Landing Page > renders the Navbar with correct links  314ms

⎯⎯⎯⎯⎯⎯ Failed Suites 1 ⎯⎯⎯⎯⎯⎯⎯

 FAIL  src/sections/Services.test.jsx [ src/sections/Services.test.jsx ]
Error: Failed to resolve import "three" from "src/components/ui/DottedSurface.jsx". Does the file exist?
  Plugin: vite:import-analysis
  File: /Users/Hassan/.gemini/antigravity/scratch/teotl-landing/src/components/ui/DottedSurface.jsx:2:23
  1  |  import { jsxDEV } from "react/jsx-dev-runtime";
  2  |  import React, { useEffect, useRef } from "react";
  3  |  import * as THREE from "three";
     |                          ^
  4  |  import { useTheme } from "../context/ThemeContext";
  5  |  import { cn } from "../../lib/utils";
 ❯ TransformPluginContext._formatLog node_modules/vite/dist/node/chunks/config.js:29618:43
 ❯ TransformPluginContext.error node_modules/vite/dist/node/chunks/config.js:29615:14
 ❯ normalizeUrl node_modules/vite/dist/node/chunks/config.js:27738:18
 ❯ node_modules/vite/dist/node/chunks/config.js:27796:32
 ❯ TransformPluginContext.transform node_modules/vite/dist/node/chunks/config.js:27764:4
 ❯ EnvironmentPluginContainer.transform node_modules/vite/dist/node/chunks/config.js:29416:14
 ❯ loadAndTransform node_modules/vite/dist/node/chunks/config.js:23287:26

⎯⎯⎯⎯⎯⎯⎯⎯⎯⎯⎯⎯⎯⎯⎯⎯⎯⎯⎯⎯⎯⎯⎯⎯[1/1]⎯


 Test Files  6 failed | 1 passed (7)
      Tests  5 failed | 42 passed (47)
   Start at  13:08:18
   Duration  8.84s

 FAIL  Tests failed. Watching for file changes...
       press h to show help, press q to quit
c[3J RERUN  src/sections/Services.jsx 

 ❯ src/sections/Projects.test.jsx (7 tests | 1 failed) 20438ms
   ✓ Projects Component > renders the section heading  4279ms
   ✓ Projects Component > renders all projects from data  701ms
   ✓ Projects Component > displays project images correctly  787ms
   ✓ Projects Component > applies correct grid layout classes based on project size  1353ms
   ✓ Projects Component > has hover effects on project cards  1488ms
   × Projects Component > has no accessibility violations 11748ms
     → Test timed out in 5000ms.
If this is a long-running test, pass a timeout value as the last argument or configure it globally with "testTimeout".
   ✓ Projects Component > renders visual decoration (primary line) 55ms
 ❯ src/sections/Contact.test.jsx (10 tests | 1 failed) 15292ms
   ✓ Contact Component > renders the heading  1819ms
   ✓ Contact Component > displays the email link 188ms
   ✓ Contact Component > renders all form fields with proper labels 31ms
   × Contact Component > allows typing in form fields 6426ms
     → Test timed out in 5000ms.
If this is a long-running test, pass a timeout value as the last argument or configure it globally with "testTimeout".
   ✓ Contact Component > has a submit button  1445ms
   ✓ Contact Component > displays social media links 253ms
   ✓ Contact Component > displays location information 63ms
   ✓ Contact Component > has proper input types  779ms
   ✓ Contact Component > has no accessibility violations  4022ms
   ✓ Contact Component > displays copyright information 265ms
 ❯ src/sections/About.test.jsx (10 tests | 1 failed) 13166ms
   ✓ About Component > renders the section heading  4335ms
   ✓ About Component > displays the philosophy text 39ms
   ✓ About Component > renders all three pillars  607ms
   ✓ About Component > displays pillar descriptions 253ms
   ✓ About Component > has numbered pillars (01, 02, 03)  559ms
   ✓ About Component > has the 3D philosophy image  753ms
   ✓ About Component > applies light mode filter to image  635ms
   ✓ About Component > has proper grid layout 47ms
   × About Component > has no accessibility violations 5826ms
     → Test timed out in 5000ms.
If this is a long-running test, pass a timeout value as the last argument or configure it globally with "testTimeout".
   ✓ About Component > applies hover effects to pillar cards 53ms
 ❯ src/sections/Process.test.jsx (9 tests | 1 failed) 17446ms
   ✓ Process Component > renders the section heading  1918ms
   ✓ Process Component > renders all four process steps  1015ms
   ✓ Process Component > displays step descriptions  805ms
   ✓ Process Component > has numbered steps (01-04)  310ms
   ✓ Process Component > has proper z-index for background numbers 197ms
   ✓ Process Component > applies backdrop blur to prevent overlaps  1643ms
   ✓ Process Component > has alternating layout for visual interest  372ms
   × Process Component > has no accessibility violations 11100ms
     → Test timed out in 5000ms.
If this is a long-running test, pass a timeout value as the last argument or configure it globally with "testTimeout".
   ✓ Process Component > applies hover effects 43ms
 ❯ src/components/Footer.test.jsx (8 tests | 1 failed) 9275ms
   ✓ Footer Component > renders the Ohtli logo  1102ms
   ✓ Footer Component > displays all navigation links  433ms
   ✓ Footer Component > has correct href attributes for navigation  1060ms
   ✓ Footer Component > displays copyright information 205ms
   ✓ Footer Component > has proper semantic structure 4ms
   ✓ Footer Component > applies correct styling with black background 262ms
   ✓ Footer Component > has uppercase tracking for links 203ms
   × Footer Component > has no accessibility violations 5839ms
     → Test timed out in 5000ms.
If this is a long-running test, pass a timeout value as the last argument or configure it globally with "testTimeout".
 ✓ src/App.test.jsx (3 tests) 1569ms
   ✓ Ohtli Landing Page > renders the App without crashing  1165ms

⎯⎯⎯⎯⎯⎯ Failed Suites 1 ⎯⎯⎯⎯⎯⎯⎯

 FAIL  src/sections/Services.test.jsx [ src/sections/Services.test.jsx ]
Error: Failed to resolve import "three" from "src/components/ui/DottedSurface.jsx". Does the file exist?
  Plugin: vite:import-analysis
  File: /Users/Hassan/.gemini/antigravity/scratch/teotl-landing/src/components/ui/DottedSurface.jsx:2:23
  1  |  import { jsxDEV } from "react/jsx-dev-runtime";
  2  |  import React, { useEffect, useRef } from "react";
  3  |  import * as THREE from "three";
     |                          ^
  4  |  import { useTheme } from "../context/ThemeContext";
  5  |  import { cn } from "../../lib/utils";
 ❯ TransformPluginContext._formatLog node_modules/vite/dist/node/chunks/config.js:29618:43
 ❯ TransformPluginContext.error node_modules/vite/dist/node/chunks/config.js:29615:14
 ❯ normalizeUrl node_modules/vite/dist/node/chunks/config.js:27738:18
 ❯ node_modules/vite/dist/node/chunks/config.js:27796:32
 ❯ TransformPluginContext.transform node_modules/vite/dist/node/chunks/config.js:27764:4
 ❯ EnvironmentPluginContainer.transform node_modules/vite/dist/node/chunks/config.js:29416:14
 ❯ loadAndTransform node_modules/vite/dist/node/chunks/config.js:23287:26

⎯⎯⎯⎯⎯⎯⎯⎯⎯⎯⎯⎯⎯⎯⎯⎯⎯⎯⎯⎯⎯⎯⎯⎯[1/1]⎯


 Test Files  6 failed | 1 passed (7)
      Tests  5 failed | 42 passed (47)
   Start at  13:08:38
   Duration  14.36s

 FAIL  Tests failed. Watching for file changes...
       press h to show help, press q to quit
c[3J RERUN  src/components/ui/DottedSurface.jsx 

 ❯ src/sections/Projects.test.jsx (7 tests | 1 failed) 20438ms
   ✓ Projects Component > renders the section heading  4279ms
   ✓ Projects Component > renders all projects from data  701ms
   ✓ Projects Component > displays project images correctly  787ms
   ✓ Projects Component > applies correct grid layout classes based on project size  1353ms
   ✓ Projects Component > has hover effects on project cards  1488ms
   × Projects Component > has no accessibility violations 11748ms
     → Test timed out in 5000ms.
If this is a long-running test, pass a timeout value as the last argument or configure it globally with "testTimeout".
   ✓ Projects Component > renders visual decoration (primary line) 55ms
 ❯ src/sections/Contact.test.jsx (10 tests | 1 failed) 15292ms
   ✓ Contact Component > renders the heading  1819ms
   ✓ Contact Component > displays the email link 188ms
   ✓ Contact Component > renders all form fields with proper labels 31ms
   × Contact Component > allows typing in form fields 6426ms
     → Test timed out in 5000ms.
If this is a long-running test, pass a timeout value as the last argument or configure it globally with "testTimeout".
   ✓ Contact Component > has a submit button  1445ms
   ✓ Contact Component > displays social media links 253ms
   ✓ Contact Component > displays location information 63ms
   ✓ Contact Component > has proper input types  779ms
   ✓ Contact Component > has no accessibility violations  4022ms
   ✓ Contact Component > displays copyright information 265ms
 ❯ src/sections/About.test.jsx (10 tests | 1 failed) 13166ms
   ✓ About Component > renders the section heading  4335ms
   ✓ About Component > displays the philosophy text 39ms
   ✓ About Component > renders all three pillars  607ms
   ✓ About Component > displays pillar descriptions 253ms
   ✓ About Component > has numbered pillars (01, 02, 03)  559ms
   ✓ About Component > has the 3D philosophy image  753ms
   ✓ About Component > applies light mode filter to image  635ms
   ✓ About Component > has proper grid layout 47ms
   × About Component > has no accessibility violations 5826ms
     → Test timed out in 5000ms.
If this is a long-running test, pass a timeout value as the last argument or configure it globally with "testTimeout".
   ✓ About Component > applies hover effects to pillar cards 53ms
 ❯ src/sections/Process.test.jsx (9 tests | 1 failed) 17446ms
   ✓ Process Component > renders the section heading  1918ms
   ✓ Process Component > renders all four process steps  1015ms
   ✓ Process Component > displays step descriptions  805ms
   ✓ Process Component > has numbered steps (01-04)  310ms
   ✓ Process Component > has proper z-index for background numbers 197ms
   ✓ Process Component > applies backdrop blur to prevent overlaps  1643ms
   ✓ Process Component > has alternating layout for visual interest  372ms
   × Process Component > has no accessibility violations 11100ms
     → Test timed out in 5000ms.
If this is a long-running test, pass a timeout value as the last argument or configure it globally with "testTimeout".
   ✓ Process Component > applies hover effects 43ms
 ❯ src/components/Footer.test.jsx (8 tests | 1 failed) 9275ms
   ✓ Footer Component > renders the Ohtli logo  1102ms
   ✓ Footer Component > displays all navigation links  433ms
   ✓ Footer Component > has correct href attributes for navigation  1060ms
   ✓ Footer Component > displays copyright information 205ms
   ✓ Footer Component > has proper semantic structure 4ms
   ✓ Footer Component > applies correct styling with black background 262ms
   ✓ Footer Component > has uppercase tracking for links 203ms
   × Footer Component > has no accessibility violations 5839ms
     → Test timed out in 5000ms.
If this is a long-running test, pass a timeout value as the last argument or configure it globally with "testTimeout".
 ✓ src/App.test.jsx (3 tests) 3121ms
   ✓ Ohtli Landing Page > renders the App without crashing  2917ms
 ❯ src/sections/Services.test.jsx (8 tests | 8 failed) 259ms
   × Services Component > renders the section heading 200ms
     → Cannot destructure property 'theme' of '(0 , useTheme)(...)' as it is undefined.
   × Services Component > renders all services from data 6ms
     → Cannot destructure property 'theme' of '(0 , useTheme)(...)' as it is undefined.
   × Services Component > displays service IDs correctly 4ms
     → Cannot destructure property 'theme' of '(0 , useTheme)(...)' as it is undefined.
   × Services Component > renders tech stack tags for each service 2ms
     → Cannot destructure property 'theme' of '(0 , useTheme)(...)' as it is undefined.
   × Services Component > has the 3D services image 5ms
     → Cannot destructure property 'theme' of '(0 , useTheme)(...)' as it is undefined.
   × Services Component > applies correct hover states 29ms
     → Cannot destructure property 'theme' of '(0 , useTheme)(...)' as it is undefined.
   × Services Component > has no accessibility violations 7ms
     → Cannot destructure property 'theme' of '(0 , useTheme)(...)' as it is undefined.
   × Services Component > uses horizontal scroll animation 4ms
     → Cannot destructure property 'theme' of '(0 , useTheme)(...)' as it is undefined.

⎯⎯⎯⎯⎯⎯⎯ Failed Tests 8 ⎯⎯⎯⎯⎯⎯⎯

 FAIL  src/sections/Services.test.jsx > Services Component > renders the section heading
 FAIL  src/sections/Services.test.jsx > Services Component > renders all services from data
 FAIL  src/sections/Services.test.jsx > Services Component > displays service IDs correctly
 FAIL  src/sections/Services.test.jsx > Services Component > renders tech stack tags for each service
 FAIL  src/sections/Services.test.jsx > Services Component > has the 3D services image
 FAIL  src/sections/Services.test.jsx > Services Component > applies correct hover states
 FAIL  src/sections/Services.test.jsx > Services Component > has no accessibility violations
 FAIL  src/sections/Services.test.jsx > Services Component > uses horizontal scroll animation
TypeError: Cannot destructure property 'theme' of '(0 , useTheme)(...)' as it is undefined.
 ❯ DottedSurface src/components/ui/DottedSurface.jsx:7:11
      5| 
      6| export function DottedSurface({ className, ...props }) {
      7|   const { theme } = useTheme();
       |           ^
      8|   const containerRef = useRef(null);
      9|   const sceneRef = useRef(null);
 ❯ Object.react_stack_bottom_frame node_modules/react-dom/cjs/react-dom-client.development.js:25904:20
 ❯ renderWithHooks node_modules/react-dom/cjs/react-dom-client.development.js:7662:22
 ❯ updateFunctionComponent node_modules/react-dom/cjs/react-dom-client.development.js:10166:19
 ❯ beginWork node_modules/react-dom/cjs/react-dom-client.development.js:11778:18
 ❯ runWithFiberInDEV node_modules/react-dom/cjs/react-dom-client.development.js:874:13
 ❯ performUnitOfWork node_modules/react-dom/cjs/react-dom-client.development.js:17641:22
 ❯ workLoopSync node_modules/react-dom/cjs/react-dom-client.development.js:17469:41
 ❯ renderRootSync node_modules/react-dom/cjs/react-dom-client.development.js:17450:11
 ❯ performWorkOnRoot node_modules/react-dom/cjs/react-dom-client.development.js:16583:35

⎯⎯⎯⎯⎯⎯⎯⎯⎯⎯⎯⎯⎯⎯⎯⎯⎯⎯⎯⎯⎯⎯⎯⎯[1/8]⎯


 Test Files  6 failed | 1 passed (7)
      Tests  13 failed | 42 passed (55)
   Start at  13:09:51
   Duration  23.58s

 FAIL  Tests failed. Watching for file changes...
       press h to show help, press q to quit
c[3J RERUN  src/sections/Services.test.jsx x8 

 ❯ src/sections/Projects.test.jsx (7 tests | 1 failed) 20438ms
   ✓ Projects Component > renders the section heading  4279ms
   ✓ Projects Component > renders all projects from data  701ms
   ✓ Projects Component > displays project images correctly  787ms
   ✓ Projects Component > applies correct grid layout classes based on project size  1353ms
   ✓ Projects Component > has hover effects on project cards  1488ms
   × Projects Component > has no accessibility violations 11748ms
     → Test timed out in 5000ms.
If this is a long-running test, pass a timeout value as the last argument or configure it globally with "testTimeout".
   ✓ Projects Component > renders visual decoration (primary line) 55ms
 ❯ src/sections/Contact.test.jsx (10 tests | 1 failed) 15292ms
   ✓ Contact Component > renders the heading  1819ms
   ✓ Contact Component > displays the email link 188ms
   ✓ Contact Component > renders all form fields with proper labels 31ms
   × Contact Component > allows typing in form fields 6426ms
     → Test timed out in 5000ms.
If this is a long-running test, pass a timeout value as the last argument or configure it globally with "testTimeout".
   ✓ Contact Component > has a submit button  1445ms
   ✓ Contact Component > displays social media links 253ms
   ✓ Contact Component > displays location information 63ms
   ✓ Contact Component > has proper input types  779ms
   ✓ Contact Component > has no accessibility violations  4022ms
   ✓ Contact Component > displays copyright information 265ms
 ❯ src/sections/About.test.jsx (10 tests | 1 failed) 13166ms
   ✓ About Component > renders the section heading  4335ms
   ✓ About Component > displays the philosophy text 39ms
   ✓ About Component > renders all three pillars  607ms
   ✓ About Component > displays pillar descriptions 253ms
   ✓ About Component > has numbered pillars (01, 02, 03)  559ms
   ✓ About Component > has the 3D philosophy image  753ms
   ✓ About Component > applies light mode filter to image  635ms
   ✓ About Component > has proper grid layout 47ms
   × About Component > has no accessibility violations 5826ms
     → Test timed out in 5000ms.
If this is a long-running test, pass a timeout value as the last argument or configure it globally with "testTimeout".
   ✓ About Component > applies hover effects to pillar cards 53ms
 ❯ src/sections/Process.test.jsx (9 tests | 1 failed) 17446ms
   ✓ Process Component > renders the section heading  1918ms
   ✓ Process Component > renders all four process steps  1015ms
   ✓ Process Component > displays step descriptions  805ms
   ✓ Process Component > has numbered steps (01-04)  310ms
   ✓ Process Component > has proper z-index for background numbers 197ms
   ✓ Process Component > applies backdrop blur to prevent overlaps  1643ms
   ✓ Process Component > has alternating layout for visual interest  372ms
   × Process Component > has no accessibility violations 11100ms
     → Test timed out in 5000ms.
If this is a long-running test, pass a timeout value as the last argument or configure it globally with "testTimeout".
   ✓ Process Component > applies hover effects 43ms
 ❯ src/components/Footer.test.jsx (8 tests | 1 failed) 9275ms
   ✓ Footer Component > renders the Ohtli logo  1102ms
   ✓ Footer Component > displays all navigation links  433ms
   ✓ Footer Component > has correct href attributes for navigation  1060ms
   ✓ Footer Component > displays copyright information 205ms
   ✓ Footer Component > has proper semantic structure 4ms
   ✓ Footer Component > applies correct styling with black background 262ms
   ✓ Footer Component > has uppercase tracking for links 203ms
   × Footer Component > has no accessibility violations 5839ms
     → Test timed out in 5000ms.
If this is a long-running test, pass a timeout value as the last argument or configure it globally with "testTimeout".
stderr | src/sections/Services.test.jsx > Services Component > renders the section heading
Not implemented: HTMLCanvasElement's getContext() method: without installing the canvas npm package
Not implemented: HTMLCanvasElement's getContext() method: without installing the canvas npm package
THREE.WebGLRenderer: Error creating WebGL context.

stderr | src/sections/Services.test.jsx > Services Component > renders all services from data
Not implemented: HTMLCanvasElement's getContext() method: without installing the canvas npm package
Not implemented: HTMLCanvasElement's getContext() method: without installing the canvas npm package
THREE.WebGLRenderer: Error creating WebGL context.

stderr | src/sections/Services.test.jsx > Services Component > displays service IDs correctly
Not implemented: HTMLCanvasElement's getContext() method: without installing the canvas npm package
Not implemented: HTMLCanvasElement's getContext() method: without installing the canvas npm package
THREE.WebGLRenderer: Error creating WebGL context.

stderr | src/sections/Services.test.jsx > Services Component > renders tech stack tags for each service
Not implemented: HTMLCanvasElement's getContext() method: without installing the canvas npm package
Not implemented: HTMLCanvasElement's getContext() method: without installing the canvas npm package
THREE.WebGLRenderer: Error creating WebGL context.

stderr | src/sections/Services.test.jsx > Services Component > has the 3D services image
Not implemented: HTMLCanvasElement's getContext() method: without installing the canvas npm package
Not implemented: HTMLCanvasElement's getContext() method: without installing the canvas npm package
THREE.WebGLRenderer: Error creating WebGL context.

stderr | src/sections/Services.test.jsx > Services Component > applies correct hover states
Not implemented: HTMLCanvasElement's getContext() method: without installing the canvas npm package
Not implemented: HTMLCanvasElement's getContext() method: without installing the canvas npm package
THREE.WebGLRenderer: Error creating WebGL context.

stderr | src/sections/Services.test.jsx > Services Component > has no accessibility violations
Not implemented: HTMLCanvasElement's getContext() method: without installing the canvas npm package
Not implemented: HTMLCanvasElement's getContext() method: without installing the canvas npm package
THREE.WebGLRenderer: Error creating WebGL context.

stderr | src/sections/Services.test.jsx > Services Component > uses horizontal scroll animation
Not implemented: HTMLCanvasElement's getContext() method: without installing the canvas npm package
Not implemented: HTMLCanvasElement's getContext() method: without installing the canvas npm package
THREE.WebGLRenderer: Error creating WebGL context.

 ❯ src/sections/Services.test.jsx (8 tests | 8 failed) 1214ms
   × Services Component > renders the section heading 277ms
     → Error creating WebGL context.
   × Services Component > renders all services from data 245ms
     → Error creating WebGL context.
   × Services Component > displays service IDs correctly 51ms
     → Error creating WebGL context.
   × Services Component > renders tech stack tags for each service 44ms
     → Error creating WebGL context.
   × Services Component > has the 3D services image 160ms
     → Error creating WebGL context.
   × Services Component > applies correct hover states 114ms
     → Error creating WebGL context.
   × Services Component > has no accessibility violations 270ms
     → Error creating WebGL context.
   × Services Component > uses horizontal scroll animation 46ms
     → Error creating WebGL context.

⎯⎯⎯⎯⎯⎯⎯ Failed Tests 8 ⎯⎯⎯⎯⎯⎯⎯

 FAIL  src/sections/Services.test.jsx > Services Component > renders the section heading
 FAIL  src/sections/Services.test.jsx > Services Component > renders all services from data
 FAIL  src/sections/Services.test.jsx > Services Component > displays service IDs correctly
 FAIL  src/sections/Services.test.jsx > Services Component > renders tech stack tags for each service
 FAIL  src/sections/Services.test.jsx > Services Component > has the 3D services image
 FAIL  src/sections/Services.test.jsx > Services Component > applies correct hover states
 FAIL  src/sections/Services.test.jsx > Services Component > has no accessibility violations
 FAIL  src/sections/Services.test.jsx > Services Component > uses horizontal scroll animation
Error: Error creating WebGL context.
 ❯ new WebGLRenderer node_modules/three/build/three.module.js:29123:13
    29121|      } else {
    29122| 
    29123|       throw new Error( 'Error creating WebGL context.' );
       |             ^
    29124| 
    29125|      }
 ❯ src/components/ui/DottedSurface.jsx:30:22
 ❯ Object.react_stack_bottom_frame node_modules/react-dom/cjs/react-dom-client.development.js:25989:20
 ❯ runWithFiberInDEV node_modules/react-dom/cjs/react-dom-client.development.js:874:13
 ❯ commitHookEffectListMount node_modules/react-dom/cjs/react-dom-client.development.js:13249:29
 ❯ commitHookPassiveMountEffects node_modules/react-dom/cjs/react-dom-client.development.js:13336:11
 ❯ commitPassiveMountOnFiber node_modules/react-dom/cjs/react-dom-client.development.js:15484:13
 ❯ recursivelyTraversePassiveMountEffects node_modules/react-dom/cjs/react-dom-client.development.js:15439:11
 ❯ commitPassiveMountOnFiber node_modules/react-dom/cjs/react-dom-client.development.js:15718:11
 ❯ recursivelyTraversePassiveMountEffects node_modules/react-dom/cjs/react-dom-client.development.js:15439:11

⎯⎯⎯⎯⎯⎯⎯⎯⎯⎯⎯⎯⎯⎯⎯⎯⎯⎯⎯⎯⎯⎯⎯⎯[1/8]⎯


 Test Files  6 failed (6)
      Tests  13 failed | 39 passed (52)
   Start at  13:10:47
   Duration  2.98s

 FAIL  Tests failed. Watching for file changes...
       press h to show help, press q to quit
c[3J RERUN  src/sections/Services.test.jsx x9 

 ❯ src/sections/Projects.test.jsx (7 tests | 1 failed) 20438ms
   ✓ Projects Component > renders the section heading  4279ms
   ✓ Projects Component > renders all projects from data  701ms
   ✓ Projects Component > displays project images correctly  787ms
   ✓ Projects Component > applies correct grid layout classes based on project size  1353ms
   ✓ Projects Component > has hover effects on project cards  1488ms
   × Projects Component > has no accessibility violations 11748ms
     → Test timed out in 5000ms.
If this is a long-running test, pass a timeout value as the last argument or configure it globally with "testTimeout".
   ✓ Projects Component > renders visual decoration (primary line) 55ms
 ❯ src/sections/Contact.test.jsx (10 tests | 1 failed) 15292ms
   ✓ Contact Component > renders the heading  1819ms
   ✓ Contact Component > displays the email link 188ms
   ✓ Contact Component > renders all form fields with proper labels 31ms
   × Contact Component > allows typing in form fields 6426ms
     → Test timed out in 5000ms.
If this is a long-running test, pass a timeout value as the last argument or configure it globally with "testTimeout".
   ✓ Contact Component > has a submit button  1445ms
   ✓ Contact Component > displays social media links 253ms
   ✓ Contact Component > displays location information 63ms
   ✓ Contact Component > has proper input types  779ms
   ✓ Contact Component > has no accessibility violations  4022ms
   ✓ Contact Component > displays copyright information 265ms
 ❯ src/sections/About.test.jsx (10 tests | 1 failed) 13166ms
   ✓ About Component > renders the section heading  4335ms
   ✓ About Component > displays the philosophy text 39ms
   ✓ About Component > renders all three pillars  607ms
   ✓ About Component > displays pillar descriptions 253ms
   ✓ About Component > has numbered pillars (01, 02, 03)  559ms
   ✓ About Component > has the 3D philosophy image  753ms
   ✓ About Component > applies light mode filter to image  635ms
   ✓ About Component > has proper grid layout 47ms
   × About Component > has no accessibility violations 5826ms
     → Test timed out in 5000ms.
If this is a long-running test, pass a timeout value as the last argument or configure it globally with "testTimeout".
   ✓ About Component > applies hover effects to pillar cards 53ms
 ❯ src/sections/Process.test.jsx (9 tests | 1 failed) 17446ms
   ✓ Process Component > renders the section heading  1918ms
   ✓ Process Component > renders all four process steps  1015ms
   ✓ Process Component > displays step descriptions  805ms
   ✓ Process Component > has numbered steps (01-04)  310ms
   ✓ Process Component > has proper z-index for background numbers 197ms
   ✓ Process Component > applies backdrop blur to prevent overlaps  1643ms
   ✓ Process Component > has alternating layout for visual interest  372ms
   × Process Component > has no accessibility violations 11100ms
     → Test timed out in 5000ms.
If this is a long-running test, pass a timeout value as the last argument or configure it globally with "testTimeout".
   ✓ Process Component > applies hover effects 43ms
 ❯ src/components/Footer.test.jsx (8 tests | 1 failed) 9275ms
   ✓ Footer Component > renders the Ohtli logo  1102ms
   ✓ Footer Component > displays all navigation links  433ms
   ✓ Footer Component > has correct href attributes for navigation  1060ms
   ✓ Footer Component > displays copyright information 205ms
   ✓ Footer Component > has proper semantic structure 4ms
   ✓ Footer Component > applies correct styling with black background 262ms
   ✓ Footer Component > has uppercase tracking for links 203ms
   × Footer Component > has no accessibility violations 5839ms
     → Test timed out in 5000ms.
If this is a long-running test, pass a timeout value as the last argument or configure it globally with "testTimeout".
stderr | src/sections/Services.test.jsx > Services Component > renders the section heading
Not implemented: HTMLCanvasElement's getContext() method: without installing the canvas npm package
Not implemented: HTMLCanvasElement's getContext() method: without installing the canvas npm package
THREE.WebGLRenderer: Error creating WebGL context.

stderr | src/sections/Services.test.jsx > Services Component > renders all services from data
Not implemented: HTMLCanvasElement's getContext() method: without installing the canvas npm package
Not implemented: HTMLCanvasElement's getContext() method: without installing the canvas npm package
THREE.WebGLRenderer: Error creating WebGL context.

stderr | src/sections/Services.test.jsx > Services Component > displays service IDs correctly
Not implemented: HTMLCanvasElement's getContext() method: without installing the canvas npm package
Not implemented: HTMLCanvasElement's getContext() method: without installing the canvas npm package
THREE.WebGLRenderer: Error creating WebGL context.

stderr | src/sections/Services.test.jsx > Services Component > renders tech stack tags for each service
Not implemented: HTMLCanvasElement's getContext() method: without installing the canvas npm package
Not implemented: HTMLCanvasElement's getContext() method: without installing the canvas npm package
THREE.WebGLRenderer: Error creating WebGL context.

stderr | src/sections/Services.test.jsx > Services Component > has the 3D services image
Not implemented: HTMLCanvasElement's getContext() method: without installing the canvas npm package
Not implemented: HTMLCanvasElement's getContext() method: without installing the canvas npm package
THREE.WebGLRenderer: Error creating WebGL context.

stderr | src/sections/Services.test.jsx > Services Component > applies correct hover states
Not implemented: HTMLCanvasElement's getContext() method: without installing the canvas npm package
Not implemented: HTMLCanvasElement's getContext() method: without installing the canvas npm package
THREE.WebGLRenderer: Error creating WebGL context.

stderr | src/sections/Services.test.jsx > Services Component > has no accessibility violations
Not implemented: HTMLCanvasElement's getContext() method: without installing the canvas npm package
Not implemented: HTMLCanvasElement's getContext() method: without installing the canvas npm package
THREE.WebGLRenderer: Error creating WebGL context.

stderr | src/sections/Services.test.jsx > Services Component > uses horizontal scroll animation
Not implemented: HTMLCanvasElement's getContext() method: without installing the canvas npm package
Not implemented: HTMLCanvasElement's getContext() method: without installing the canvas npm package
THREE.WebGLRenderer: Error creating WebGL context.

 ❯ src/sections/Services.test.jsx (8 tests | 8 failed) 1692ms
   × Services Component > renders the section heading 908ms
     → Error creating WebGL context.
   × Services Component > renders all services from data 130ms
     → Error creating WebGL context.
   × Services Component > displays service IDs correctly 134ms
     → Error creating WebGL context.
   × Services Component > renders tech stack tags for each service 5ms
     → Error creating WebGL context.
   × Services Component > has the 3D services image 188ms
     → Error creating WebGL context.
   × Services Component > applies correct hover states 102ms
     → Error creating WebGL context.
   × Services Component > has no accessibility violations 131ms
     → Error creating WebGL context.
   × Services Component > uses horizontal scroll animation 92ms
     → Error creating WebGL context.

⎯⎯⎯⎯⎯⎯⎯ Failed Tests 8 ⎯⎯⎯⎯⎯⎯⎯

 FAIL  src/sections/Services.test.jsx > Services Component > renders the section heading
 FAIL  src/sections/Services.test.jsx > Services Component > renders all services from data
 FAIL  src/sections/Services.test.jsx > Services Component > displays service IDs correctly
 FAIL  src/sections/Services.test.jsx > Services Component > renders tech stack tags for each service
 FAIL  src/sections/Services.test.jsx > Services Component > has the 3D services image
 FAIL  src/sections/Services.test.jsx > Services Component > applies correct hover states
 FAIL  src/sections/Services.test.jsx > Services Component > has no accessibility violations
 FAIL  src/sections/Services.test.jsx > Services Component > uses horizontal scroll animation
Error: Error creating WebGL context.
 ❯ new WebGLRenderer node_modules/three/build/three.module.js:29123:13
    29121|      } else {
    29122| 
    29123|       throw new Error( 'Error creating WebGL context.' );
       |             ^
    29124| 
    29125|      }
 ❯ src/components/ui/DottedSurface.jsx:30:22
 ❯ Object.react_stack_bottom_frame node_modules/react-dom/cjs/react-dom-client.development.js:25989:20
 ❯ runWithFiberInDEV node_modules/react-dom/cjs/react-dom-client.development.js:874:13
 ❯ commitHookEffectListMount node_modules/react-dom/cjs/react-dom-client.development.js:13249:29
 ❯ commitHookPassiveMountEffects node_modules/react-dom/cjs/react-dom-client.development.js:13336:11
 ❯ commitPassiveMountOnFiber node_modules/react-dom/cjs/react-dom-client.development.js:15484:13
 ❯ recursivelyTraversePassiveMountEffects node_modules/react-dom/cjs/react-dom-client.development.js:15439:11
 ❯ commitPassiveMountOnFiber node_modules/react-dom/cjs/react-dom-client.development.js:15718:11
 ❯ recursivelyTraversePassiveMountEffects node_modules/react-dom/cjs/react-dom-client.development.js:15439:11

⎯⎯⎯⎯⎯⎯⎯⎯⎯⎯⎯⎯⎯⎯⎯⎯⎯⎯⎯⎯⎯⎯⎯⎯[1/8]⎯


 Test Files  6 failed (6)
      Tests  13 failed | 39 passed (52)
   Start at  13:10:53
   Duration  4.73s

 FAIL  Tests failed. Watching for file changes...
       press h to show help, press q to quit
c[3J RERUN  src/components/ui/DottedSurface.jsx 

 ❯ src/sections/Projects.test.jsx (7 tests | 1 failed) 20438ms
   ✓ Projects Component > renders the section heading  4279ms
   ✓ Projects Component > renders all projects from data  701ms
   ✓ Projects Component > displays project images correctly  787ms
   ✓ Projects Component > applies correct grid layout classes based on project size  1353ms
   ✓ Projects Component > has hover effects on project cards  1488ms
   × Projects Component > has no accessibility violations 11748ms
     → Test timed out in 5000ms.
If this is a long-running test, pass a timeout value as the last argument or configure it globally with "testTimeout".
   ✓ Projects Component > renders visual decoration (primary line) 55ms
 ❯ src/sections/Contact.test.jsx (10 tests | 1 failed) 15292ms
   ✓ Contact Component > renders the heading  1819ms
   ✓ Contact Component > displays the email link 188ms
   ✓ Contact Component > renders all form fields with proper labels 31ms
   × Contact Component > allows typing in form fields 6426ms
     → Test timed out in 5000ms.
If this is a long-running test, pass a timeout value as the last argument or configure it globally with "testTimeout".
   ✓ Contact Component > has a submit button  1445ms
   ✓ Contact Component > displays social media links 253ms
   ✓ Contact Component > displays location information 63ms
   ✓ Contact Component > has proper input types  779ms
   ✓ Contact Component > has no accessibility violations  4022ms
   ✓ Contact Component > displays copyright information 265ms
 ❯ src/sections/About.test.jsx (10 tests | 1 failed) 13166ms
   ✓ About Component > renders the section heading  4335ms
   ✓ About Component > displays the philosophy text 39ms
   ✓ About Component > renders all three pillars  607ms
   ✓ About Component > displays pillar descriptions 253ms
   ✓ About Component > has numbered pillars (01, 02, 03)  559ms
   ✓ About Component > has the 3D philosophy image  753ms
   ✓ About Component > applies light mode filter to image  635ms
   ✓ About Component > has proper grid layout 47ms
   × About Component > has no accessibility violations 5826ms
     → Test timed out in 5000ms.
If this is a long-running test, pass a timeout value as the last argument or configure it globally with "testTimeout".
   ✓ About Component > applies hover effects to pillar cards 53ms
 ❯ src/sections/Process.test.jsx (9 tests | 1 failed) 17446ms
   ✓ Process Component > renders the section heading  1918ms
   ✓ Process Component > renders all four process steps  1015ms
   ✓ Process Component > displays step descriptions  805ms
   ✓ Process Component > has numbered steps (01-04)  310ms
   ✓ Process Component > has proper z-index for background numbers 197ms
   ✓ Process Component > applies backdrop blur to prevent overlaps  1643ms
   ✓ Process Component > has alternating layout for visual interest  372ms
   × Process Component > has no accessibility violations 11100ms
     → Test timed out in 5000ms.
If this is a long-running test, pass a timeout value as the last argument or configure it globally with "testTimeout".
   ✓ Process Component > applies hover effects 43ms
 ❯ src/components/Footer.test.jsx (8 tests | 1 failed) 9275ms
   ✓ Footer Component > renders the Ohtli logo  1102ms
   ✓ Footer Component > displays all navigation links  433ms
   ✓ Footer Component > has correct href attributes for navigation  1060ms
   ✓ Footer Component > displays copyright information 205ms
   ✓ Footer Component > has proper semantic structure 4ms
   ✓ Footer Component > applies correct styling with black background 262ms
   ✓ Footer Component > has uppercase tracking for links 203ms
   × Footer Component > has no accessibility violations 5839ms
     → Test timed out in 5000ms.
If this is a long-running test, pass a timeout value as the last argument or configure it globally with "testTimeout".
stderr | src/sections/Services.test.jsx > Services Component > renders the section heading
Not implemented: HTMLCanvasElement's getContext() method: without installing the canvas npm package
Not implemented: HTMLCanvasElement's getContext() method: without installing the canvas npm package

 ✓ src/App.test.jsx (3 tests) 5847ms
   ✓ Ohtli Landing Page > renders the App without crashing  4398ms
   ✓ Ohtli Landing Page > renders the Navbar with correct links  459ms
   ✓ Ohtli Landing Page > renders the Hero section with main slogan  616ms
stderr | src/sections/Services.test.jsx > Services Component > renders all services from data
Not implemented: HTMLCanvasElement's getContext() method: without installing the canvas npm package
Not implemented: HTMLCanvasElement's getContext() method: without installing the canvas npm package

stderr | src/sections/Services.test.jsx > Services Component > displays service IDs correctly
Not implemented: HTMLCanvasElement's getContext() method: without installing the canvas npm package
Not implemented: HTMLCanvasElement's getContext() method: without installing the canvas npm package

stderr | src/sections/Services.test.jsx > Services Component > renders tech stack tags for each service
Not implemented: HTMLCanvasElement's getContext() method: without installing the canvas npm package
Not implemented: HTMLCanvasElement's getContext() method: without installing the canvas npm package

stderr | src/sections/Services.test.jsx > Services Component > has the 3D services image
Not implemented: HTMLCanvasElement's getContext() method: without installing the canvas npm package
Not implemented: HTMLCanvasElement's getContext() method: without installing the canvas npm package

stderr | src/sections/Services.test.jsx > Services Component > applies correct hover states
Not implemented: HTMLCanvasElement's getContext() method: without installing the canvas npm package
Not implemented: HTMLCanvasElement's getContext() method: without installing the canvas npm package

stderr | src/sections/Services.test.jsx > Services Component > has no accessibility violations
Not implemented: HTMLCanvasElement's getContext() method: without installing the canvas npm package
Not implemented: HTMLCanvasElement's getContext() method: without installing the canvas npm package

stderr | src/sections/Services.test.jsx > Services Component > uses horizontal scroll animation
Not implemented: HTMLCanvasElement's getContext() method: without installing the canvas npm package
Not implemented: HTMLCanvasElement's getContext() method: without installing the canvas npm package

 ❯ src/sections/Services.test.jsx (8 tests | 1 failed) 14572ms
   ✓ Services Component > renders the section heading  3269ms
   ✓ Services Component > renders all services from data  806ms
   ✓ Services Component > displays service IDs correctly  550ms
   ✓ Services Component > renders tech stack tags for each service  578ms
   ✓ Services Component > has the 3D services image  553ms
   ✓ Services Component > applies correct hover states 223ms
   × Services Component > has no accessibility violations 7795ms
     → Test timed out in 5000ms.
If this is a long-running test, pass a timeout value as the last argument or configure it globally with "testTimeout".
   ✓ Services Component > uses horizontal scroll animation  595ms

⎯⎯⎯⎯⎯⎯⎯ Failed Tests 1 ⎯⎯⎯⎯⎯⎯⎯

 FAIL  src/sections/Services.test.jsx > Services Component > has no accessibility violations
Error: Test timed out in 5000ms.
If this is a long-running test, pass a timeout value as the last argument or configure it globally with "testTimeout".
 ❯ src/sections/Services.test.jsx:67:3
     65|   });
     66| 
     67|   it('has no accessibility violations', async () => {
       |   ^
     68|     const { container } = renderServices();
     69|     const results = await axe(container);

⎯⎯⎯⎯⎯⎯⎯⎯⎯⎯⎯⎯⎯⎯⎯⎯⎯⎯⎯⎯⎯⎯⎯⎯[1/1]⎯


 Test Files  6 failed | 1 passed (7)
      Tests  6 failed | 49 passed (55)
   Start at  13:11:24
   Duration  51.19s

 FAIL  Tests failed. Watching for file changes...
       press h to show help, press q to quit
c[3J RERUN  src/components/ui/DottedSurface.jsx 

 ❯ src/sections/Projects.test.jsx (7 tests | 1 failed) 20438ms
   ✓ Projects Component > renders the section heading  4279ms
   ✓ Projects Component > renders all projects from data  701ms
   ✓ Projects Component > displays project images correctly  787ms
   ✓ Projects Component > applies correct grid layout classes based on project size  1353ms
   ✓ Projects Component > has hover effects on project cards  1488ms
   × Projects Component > has no accessibility violations 11748ms
     → Test timed out in 5000ms.
If this is a long-running test, pass a timeout value as the last argument or configure it globally with "testTimeout".
   ✓ Projects Component > renders visual decoration (primary line) 55ms
 ❯ src/sections/Contact.test.jsx (10 tests | 1 failed) 15292ms
   ✓ Contact Component > renders the heading  1819ms
   ✓ Contact Component > displays the email link 188ms
   ✓ Contact Component > renders all form fields with proper labels 31ms
   × Contact Component > allows typing in form fields 6426ms
     → Test timed out in 5000ms.
If this is a long-running test, pass a timeout value as the last argument or configure it globally with "testTimeout".
   ✓ Contact Component > has a submit button  1445ms
   ✓ Contact Component > displays social media links 253ms
   ✓ Contact Component > displays location information 63ms
   ✓ Contact Component > has proper input types  779ms
   ✓ Contact Component > has no accessibility violations  4022ms
   ✓ Contact Component > displays copyright information 265ms
 ❯ src/sections/About.test.jsx (10 tests | 1 failed) 13166ms
   ✓ About Component > renders the section heading  4335ms
   ✓ About Component > displays the philosophy text 39ms
   ✓ About Component > renders all three pillars  607ms
   ✓ About Component > displays pillar descriptions 253ms
   ✓ About Component > has numbered pillars (01, 02, 03)  559ms
   ✓ About Component > has the 3D philosophy image  753ms
   ✓ About Component > applies light mode filter to image  635ms
   ✓ About Component > has proper grid layout 47ms
   × About Component > has no accessibility violations 5826ms
     → Test timed out in 5000ms.
If this is a long-running test, pass a timeout value as the last argument or configure it globally with "testTimeout".
   ✓ About Component > applies hover effects to pillar cards 53ms
 ❯ src/sections/Process.test.jsx (9 tests | 1 failed) 17446ms
   ✓ Process Component > renders the section heading  1918ms
   ✓ Process Component > renders all four process steps  1015ms
   ✓ Process Component > displays step descriptions  805ms
   ✓ Process Component > has numbered steps (01-04)  310ms
   ✓ Process Component > has proper z-index for background numbers 197ms
   ✓ Process Component > applies backdrop blur to prevent overlaps  1643ms
   ✓ Process Component > has alternating layout for visual interest  372ms
   × Process Component > has no accessibility violations 11100ms
     → Test timed out in 5000ms.
If this is a long-running test, pass a timeout value as the last argument or configure it globally with "testTimeout".
   ✓ Process Component > applies hover effects 43ms
 ❯ src/components/Footer.test.jsx (8 tests | 1 failed) 9275ms
   ✓ Footer Component > renders the Ohtli logo  1102ms
   ✓ Footer Component > displays all navigation links  433ms
   ✓ Footer Component > has correct href attributes for navigation  1060ms
   ✓ Footer Component > displays copyright information 205ms
   ✓ Footer Component > has proper semantic structure 4ms
   ✓ Footer Component > applies correct styling with black background 262ms
   ✓ Footer Component > has uppercase tracking for links 203ms
   × Footer Component > has no accessibility violations 5839ms
     → Test timed out in 5000ms.
If this is a long-running test, pass a timeout value as the last argument or configure it globally with "testTimeout".
stderr | src/sections/Services.test.jsx > Services Component > renders the section heading
Not implemented: HTMLCanvasElement's getContext() method: without installing the canvas npm package
Not implemented: HTMLCanvasElement's getContext() method: without installing the canvas npm package

stderr | src/sections/Services.test.jsx > Services Component > renders all services from data
Not implemented: HTMLCanvasElement's getContext() method: without installing the canvas npm package
Not implemented: HTMLCanvasElement's getContext() method: without installing the canvas npm package

stderr | src/sections/Services.test.jsx > Services Component > displays service IDs correctly
Not implemented: HTMLCanvasElement's getContext() method: without installing the canvas npm package
Not implemented: HTMLCanvasElement's getContext() method: without installing the canvas npm package

stderr | src/sections/Services.test.jsx > Services Component > renders tech stack tags for each service
Not implemented: HTMLCanvasElement's getContext() method: without installing the canvas npm package
Not implemented: HTMLCanvasElement's getContext() method: without installing the canvas npm package

 ✓ src/App.test.jsx (3 tests) 5064ms
   ✓ Ohtli Landing Page > renders the App without crashing  3848ms
   ✓ Ohtli Landing Page > renders the Navbar with correct links  447ms
   ✓ Ohtli Landing Page > renders the Hero section with main slogan  695ms
stderr | src/sections/Services.test.jsx > Services Component > has the 3D services image
Not implemented: HTMLCanvasElement's getContext() method: without installing the canvas npm package
Not implemented: HTMLCanvasElement's getContext() method: without installing the canvas npm package

stderr | src/sections/Services.test.jsx > Services Component > applies correct hover states
Not implemented: HTMLCanvasElement's getContext() method: without installing the canvas npm package
Not implemented: HTMLCanvasElement's getContext() method: without installing the canvas npm package

stderr | src/sections/Services.test.jsx > Services Component > has no accessibility violations
Not implemented: HTMLCanvasElement's getContext() method: without installing the canvas npm package
Not implemented: HTMLCanvasElement's getContext() method: without installing the canvas npm package

stderr | src/sections/Services.test.jsx > Services Component > uses horizontal scroll animation
Not implemented: HTMLCanvasElement's getContext() method: without installing the canvas npm package
Not implemented: HTMLCanvasElement's getContext() method: without installing the canvas npm package

 ❯ src/sections/Services.test.jsx (8 tests | 1 failed) 13687ms
   ✓ Services Component > renders the section heading  1688ms
   ✓ Services Component > renders all services from data  1262ms
   ✓ Services Component > displays service IDs correctly 209ms
   ✓ Services Component > renders tech stack tags for each service  1195ms
   ✓ Services Component > has the 3D services image  785ms
   ✓ Services Component > applies correct hover states  445ms
   × Services Component > has no accessibility violations 7776ms
     → Test timed out in 5000ms.
If this is a long-running test, pass a timeout value as the last argument or configure it globally with "testTimeout".
   ✓ Services Component > uses horizontal scroll animation  323ms

⎯⎯⎯⎯⎯⎯⎯ Failed Tests 1 ⎯⎯⎯⎯⎯⎯⎯

 FAIL  src/sections/Services.test.jsx > Services Component > has no accessibility violations
Error: Test timed out in 5000ms.
If this is a long-running test, pass a timeout value as the last argument or configure it globally with "testTimeout".
 ❯ src/sections/Services.test.jsx:67:3
     65|   });
     66| 
     67|   it('has no accessibility violations', async () => {
       |   ^
     68|     const { container } = renderServices();
     69|     const results = await axe(container);

⎯⎯⎯⎯⎯⎯⎯⎯⎯⎯⎯⎯⎯⎯⎯⎯⎯⎯⎯⎯⎯⎯⎯⎯[1/1]⎯


 Test Files  6 failed | 1 passed (7)
      Tests  6 failed | 49 passed (55)
   Start at  13:12:36
   Duration  48.59s

 FAIL  Tests failed. Watching for file changes...
       press h to show help, press q to quit
c[3J RERUN  src/components/ui/DottedSurface.jsx 

 ❯ src/sections/Projects.test.jsx (7 tests | 1 failed) 20438ms
   ✓ Projects Component > renders the section heading  4279ms
   ✓ Projects Component > renders all projects from data  701ms
   ✓ Projects Component > displays project images correctly  787ms
   ✓ Projects Component > applies correct grid layout classes based on project size  1353ms
   ✓ Projects Component > has hover effects on project cards  1488ms
   × Projects Component > has no accessibility violations 11748ms
     → Test timed out in 5000ms.
If this is a long-running test, pass a timeout value as the last argument or configure it globally with "testTimeout".
   ✓ Projects Component > renders visual decoration (primary line) 55ms
 ❯ src/sections/Contact.test.jsx (10 tests | 1 failed) 15292ms
   ✓ Contact Component > renders the heading  1819ms
   ✓ Contact Component > displays the email link 188ms
   ✓ Contact Component > renders all form fields with proper labels 31ms
   × Contact Component > allows typing in form fields 6426ms
     → Test timed out in 5000ms.
If this is a long-running test, pass a timeout value as the last argument or configure it globally with "testTimeout".
   ✓ Contact Component > has a submit button  1445ms
   ✓ Contact Component > displays social media links 253ms
   ✓ Contact Component > displays location information 63ms
   ✓ Contact Component > has proper input types  779ms
   ✓ Contact Component > has no accessibility violations  4022ms
   ✓ Contact Component > displays copyright information 265ms
 ❯ src/sections/About.test.jsx (10 tests | 1 failed) 13166ms
   ✓ About Component > renders the section heading  4335ms
   ✓ About Component > displays the philosophy text 39ms
   ✓ About Component > renders all three pillars  607ms
   ✓ About Component > displays pillar descriptions 253ms
   ✓ About Component > has numbered pillars (01, 02, 03)  559ms
   ✓ About Component > has the 3D philosophy image  753ms
   ✓ About Component > applies light mode filter to image  635ms
   ✓ About Component > has proper grid layout 47ms
   × About Component > has no accessibility violations 5826ms
     → Test timed out in 5000ms.
If this is a long-running test, pass a timeout value as the last argument or configure it globally with "testTimeout".
   ✓ About Component > applies hover effects to pillar cards 53ms
 ❯ src/sections/Process.test.jsx (9 tests | 1 failed) 17446ms
   ✓ Process Component > renders the section heading  1918ms
   ✓ Process Component > renders all four process steps  1015ms
   ✓ Process Component > displays step descriptions  805ms
   ✓ Process Component > has numbered steps (01-04)  310ms
   ✓ Process Component > has proper z-index for background numbers 197ms
   ✓ Process Component > applies backdrop blur to prevent overlaps  1643ms
   ✓ Process Component > has alternating layout for visual interest  372ms
   × Process Component > has no accessibility violations 11100ms
     → Test timed out in 5000ms.
If this is a long-running test, pass a timeout value as the last argument or configure it globally with "testTimeout".
   ✓ Process Component > applies hover effects 43ms
 ❯ src/components/Footer.test.jsx (8 tests | 1 failed) 9275ms
   ✓ Footer Component > renders the Ohtli logo  1102ms
   ✓ Footer Component > displays all navigation links  433ms
   ✓ Footer Component > has correct href attributes for navigation  1060ms
   ✓ Footer Component > displays copyright information 205ms
   ✓ Footer Component > has proper semantic structure 4ms
   ✓ Footer Component > applies correct styling with black background 262ms
   ✓ Footer Component > has uppercase tracking for links 203ms
   × Footer Component > has no accessibility violations 5839ms
     → Test timed out in 5000ms.
If this is a long-running test, pass a timeout value as the last argument or configure it globally with "testTimeout".
stderr | src/sections/Services.test.jsx > Services Component > renders the section heading
Not implemented: HTMLCanvasElement's getContext() method: without installing the canvas npm package
Not implemented: HTMLCanvasElement's getContext() method: without installing the canvas npm package

 ✓ src/App.test.jsx (3 tests) 6322ms
   ✓ Ohtli Landing Page > renders the App without crashing  5044ms
   ✓ Ohtli Landing Page > renders the Navbar with correct links  470ms
   ✓ Ohtli Landing Page > renders the Hero section with main slogan  776ms
stderr | src/sections/Services.test.jsx > Services Component > renders all services from data
Not implemented: HTMLCanvasElement's getContext() method: without installing the canvas npm package
Not implemented: HTMLCanvasElement's getContext() method: without installing the canvas npm package

stderr | src/sections/Services.test.jsx > Services Component > displays service IDs correctly
Not implemented: HTMLCanvasElement's getContext() method: without installing the canvas npm package
Not implemented: HTMLCanvasElement's getContext() method: without installing the canvas npm package

stderr | src/sections/Services.test.jsx > Services Component > renders tech stack tags for each service
Not implemented: HTMLCanvasElement's getContext() method: without installing the canvas npm package
Not implemented: HTMLCanvasElement's getContext() method: without installing the canvas npm package

stderr | src/sections/Services.test.jsx > Services Component > has the 3D services image
Not implemented: HTMLCanvasElement's getContext() method: without installing the canvas npm package
Not implemented: HTMLCanvasElement's getContext() method: without installing the canvas npm package

stderr | src/sections/Services.test.jsx > Services Component > applies correct hover states
Not implemented: HTMLCanvasElement's getContext() method: without installing the canvas npm package
Not implemented: HTMLCanvasElement's getContext() method: without installing the canvas npm package

stderr | src/sections/Services.test.jsx > Services Component > has no accessibility violations
Not implemented: HTMLCanvasElement's getContext() method: without installing the canvas npm package
Not implemented: HTMLCanvasElement's getContext() method: without installing the canvas npm package

stderr | src/sections/Services.test.jsx > Services Component > uses horizontal scroll animation
Not implemented: HTMLCanvasElement's getContext() method: without installing the canvas npm package
Not implemented: HTMLCanvasElement's getContext() method: without installing the canvas npm package

 ❯ src/sections/Services.test.jsx (8 tests | 1 failed) 12103ms
   ✓ Services Component > renders the section heading  3356ms
   ✓ Services Component > renders all services from data  958ms
   ✓ Services Component > displays service IDs correctly  663ms
   ✓ Services Component > renders tech stack tags for each service  1010ms
   ✓ Services Component > has the 3D services image  732ms
   ✓ Services Component > applies correct hover states 130ms
   × Services Component > has no accessibility violations 5161ms
     → Test timed out in 5000ms.
If this is a long-running test, pass a timeout value as the last argument or configure it globally with "testTimeout".
   ✓ Services Component > uses horizontal scroll animation 42ms

⎯⎯⎯⎯⎯⎯⎯ Failed Tests 1 ⎯⎯⎯⎯⎯⎯⎯

 FAIL  src/sections/Services.test.jsx > Services Component > has no accessibility violations
Error: Test timed out in 5000ms.
If this is a long-running test, pass a timeout value as the last argument or configure it globally with "testTimeout".
 ❯ src/sections/Services.test.jsx:67:3
     65|   });
     66| 
     67|   it('has no accessibility violations', async () => {
       |   ^
     68|     const { container } = renderServices();
     69|     const results = await axe(container);

⎯⎯⎯⎯⎯⎯⎯⎯⎯⎯⎯⎯⎯⎯⎯⎯⎯⎯⎯⎯⎯⎯⎯⎯[1/1]⎯


 Test Files  6 failed | 1 passed (7)
      Tests  6 failed | 49 passed (55)
   Start at  13:13:21
   Duration  57.47s

 FAIL  Tests failed. Watching for file changes...
       press h to show help, press q to quit
